WARNING: A terminally deprecated method in sun.misc.Unsafe has been called
WARNING: sun.misc.Unsafe::objectFieldOffset has been called by com.oracle.truffle.runtime.hotspot.HotSpotTruffleRuntime (file:/Users/ekmett/thc/work/source-notes-v2/lib/truffle-runtime-25.3.4.1.jar)
WARNING: Please consider reporting this to the maintainers of class com.oracle.truffle.runtime.hotspot.HotSpotTruffleRuntime
WARNING: sun.misc.Unsafe::objectFieldOffset will be removed in a future release
[To redirect Truffle log output to a file use one of the following options:
* '--log.file=<path>' if the option is passed using a guest language launcher.
* '-Dpolyglot.log.file=<path>' if the option is passed using the host Java launcher.
* Configure logging using the polyglot embedding API.]
[engine] opt done   engine=1  id=21    lambda sc, x, ds1                                  |Tier 2|Time   450( 269+181 )ms|AST    2|Inlined   8Y  41N|IR   6365/ 13266|CodeSize   65804|Addr 0x00011b034740|CompId 2835   |UTC 2026-09-23T05:41:06.898|Src /Users/ekmett/thc/vendor/containers-0.8/src/Data/Map/Strict/Internal.hs:497 0x4966423c
[engine] opt inval. engine=1  id=21    lambda sc, x, ds1                                                                                                                                                                 |UTC 2026-09-23T05:41:06.938|Src /Users/ekmett/thc/vendor/containers-0.8/src/Data/Map/Strict/Internal.hs:497 0x4966423c|Reason validRootAssumption local tags updated
[engine] opt deopt  engine=1  id=21    lambda sc, x, ds1                                  |Invalidated  true|                                                                                                            |UTC 2026-09-23T05:41:06.939|Src /Users/ekmett/thc/vendor/containers-0.8/src/Data/Map/Strict/Internal.hs:497 0x4966423c|Reason uncommon trap
[engine] opt deopt  engine=1  id=21    lambda sc, x, ds1                                  |Invalidated  true|                                                                                                            |UTC 2026-09-23T05:41:06.940|Src /Users/ekmett/thc/vendor/containers-0.8/src/Data/Map/Strict/Internal.hs:497 0x4966423c|Reason uncommon trap
[engine] opt deopt  engine=1  id=21    lambda sc, x, ds1                                  |Invalidated  true|                                                                                                            |UTC 2026-09-23T05:41:06.940|Src /Users/ekmett/thc/vendor/containers-0.8/src/Data/Map/Strict/Internal.hs:497 0x4966423c|Reason uncommon trap
[engine] opt deopt  engine=1  id=21    lambda sc, x, ds1                                  |Invalidated  true|                                                                                                            |UTC 2026-09-23T05:41:06.940|Src /Users/ekmett/thc/vendor/containers-0.8/src/Data/Map/Strict/Internal.hs:497 0x4966423c|Reason uncommon trap
[engine] opt deopt  engine=1  id=21    lambda sc, x, ds1                                  |Invalidated  true|                                                                                                            |UTC 2026-09-23T05:41:06.940|Src /Users/ekmett/thc/vendor/containers-0.8/src/Data/Map/Strict/Internal.hs:497 0x4966423c|Reason uncommon trap
[engine] opt deopt  engine=1  id=21    lambda sc, x, ds1                                  |Invalidated  true|                                                                                                            |UTC 2026-09-23T05:41:06.940|Src /Users/ekmett/thc/vendor/containers-0.8/src/Data/Map/Strict/Internal.hs:497 0x4966423c|Reason uncommon trap
[engine] opt done   engine=1  id=21    lambda sc, x, ds1                                  |Tier 2|Time   446( 257+190 )ms|AST    2|Inlined   7Y  35N|IR   6493/ 13649|CodeSize   68476|Addr 0x00011b05fd80|CompId 2970   |UTC 2026-09-23T05:41:07.388|Src /Users/ekmett/thc/vendor/containers-0.8/src/Data/Map/Strict/Internal.hs:497 0x4966423c
[engine] opt done   engine=1  id=22    lambda ww, ds2                                     |Tier 2|Time   261( 106+156 )ms|AST    2|Inlined  14Y  16N|IR   5371/ 11667|CodeSize   52440|Addr 0x00011b083480|CompId 3046   |UTC 2026-09-23T05:41:07.681|Src /Users/ekmett/thc/vendor/containers-0.8/src/Data/Map/Strict/Internal.hs:649 0x4966423c
[engine] opt done   engine=1  id=17    lambda def, ww, ds1                                |Tier 2|Time    14(   6+8   )ms|AST    2|Inlined   1Y   0N|IR    462/   906|CodeSize    4012|Addr 0x00011b090d00|CompId 3099   |UTC 2026-09-23T05:41:07.721|Src /Users/ekmett/thc/vendor/containers-0.8/src/Data/Map/Internal.hs:649 0xfda568ac
[engine] opt done   engine=1  id=26    argument thunk                                     |Tier 2|Time   409( 220+189 )ms|AST    2|Inlined   8Y  35N|IR   6548/ 13741|CodeSize   68964|Addr 0x00011b0a0380|CompId 3113   |UTC 2026-09-23T05:41:08.137|Src /Users/ekmett/thc/vendor/containers-0.8/src/Data/Map/Strict/Internal.hs:494 0x4966423c
[engine] opt done   engine=1  id=18    lambda ww, ds                                      |Tier 2|Time   508( 150+358 )ms|AST    2|Inlined  19Y  18N|IR   6249/ 13609|CodeSize   61772|Addr 0x00011b0cc0c0|CompId 3135   |UTC 2026-09-23T05:41:08.711|Src /Users/ekmett/thc/vendor/containers-0.8/src/Data/Map/Internal.hs:3426 0xfda568ac
[engine] opt done   engine=1  id=27    lambda ww                                          |Tier 2|Time  1113( 263+851 )ms|AST    2|Inlined  24Y  53N|IR  11529/ 29644|CodeSize  146500|Addr 0x00011b0e52c0|CompId 3153   |UTC 2026-09-23T05:41:09.854|Src n/a
[engine] opt done   engine=1  id=10    lambda k, x, l, r                                  |Tier 2|Time    16(   9+7   )ms|AST    2|Inlined   0Y   0N|IR    850/  1020|CodeSize    3964|Addr 0x00011b10a680|CompId 3164   |UTC 2026-09-23T05:41:09.889|Src /Users/ekmett/thc/vendor/containers-0.8/src/Data/Map/Internal.hs:4272 0xfda568ac
[engine] opt done   engine=1  id=15    lambda k, x, l, r                                  |Tier 2|Time   517( 238+279 )ms|AST    2|Inlined   8Y  29N|IR   7281/ 15958|CodeSize   74548|Addr 0x00011b10bc80|CompId 3170   |UTC 2026-09-23T05:41:10.430|Src /Users/ekmett/thc/vendor/containers-0.8/src/Data/Map/Internal.hs:4302 0xfda568ac
[engine] opt done   engine=1  id=30    lambda n                                           |Tier 2|Time   364( 361+3   )ms|AST    2|Inlined   1Y   1N|IR    133/   313|CodeSize    1140|Addr 0x00011b1202c0|CompId 3212   |UTC 2026-09-23T05:41:11.681|Src examples/THC/MapWorkload.hs:30 0xd633756a
PHASE WARM BEGIN
[engine] opt done   engine=1  id=96    org.graalvm.polyglot.Value<EntryValue>.execute     |Tier 2|Time   372( 363+9   )ms|AST   10|Inlined   3Y   1N|IR    416/   979|CodeSize    4892|Addr 0x00011b129400|CompId 3297   |UTC 2026-09-23T05:41:35.259|Src n/a
PHASE WARM END calls=12032 elapsedNs=28981263375 checksum=678375231696
PHASE MEASURE 1 BEGIN
PHASE MEASURE 1 END
PHASE MEASURE 2 BEGIN
PHASE MEASURE 2 END
PHASE MEASURE 3 BEGIN
PHASE MEASURE 3 END
PHASE MEASURE 4 BEGIN
PHASE MEASURE 4 END
PHASE MEASURE 5 BEGIN
PHASE MEASURE 5 END
PHASE VERIFY BEGIN
PHASE VERIFY END guestLastTierInstalled=true
diagnostics={"backend":"bytecode","bytecodeRootCount":62,"sourceNotesEnabled":true,"sourceSpanCount":8656,"sourceRootCount":19,"localJoinCount":10,"localJoinTransfers":0,"instrumented":false,"thunkEvaluationsByLabel":{},"compiledEntries":0,"thunkEvaluations":0,"thunkHits":0,"blackholes":0,"directCacheMisses":0,"indirectCalls":0,"tailBounces":0,"selfTailReentries":0,"trampolineIterations":0,"papAllocations":0,"unsupportedPolicy":"diagnostic-traps","deferredUnsupported":["Unsupported constructor representation unboxed-tuple: ghc-internal:GHC.Internal.Types.(#,#)","Unresolved external binding ghc-internal:GHC.Internal.Stack.withFrozenCallStack1","Unresolved external binding ghc-internal:GHC.Internal.Exception.Backtrace.collectExceptionAnnotationMechanismRef","Unsupported primitive readMutVar#"],"unsupportedTraps":0,"frames":"Bytecode DSL primitive locals; selective StaticShape captures","stackPolicy":"tail-safe; non-tail calls and nested thunk forcing use host stack","threadPolicy":"single guest thread"}
