WARNING: A terminally deprecated method in sun.misc.Unsafe has been called
WARNING: sun.misc.Unsafe::objectFieldOffset has been called by com.oracle.truffle.runtime.hotspot.HotSpotTruffleRuntime (file:/Users/ekmett/thc/work/boxed-value-cache-v7/lib/truffle-runtime-25.3.4.1.jar)
WARNING: Please consider reporting this to the maintainers of class com.oracle.truffle.runtime.hotspot.HotSpotTruffleRuntime
WARNING: sun.misc.Unsafe::objectFieldOffset will be removed in a future release
VERIFIED_MAP	before-requested-compilation	-3	0
VERIFIED_MAP	before-requested-compilation	0	0
VERIFIED_MAP	before-requested-compilation	1	59
VERIFIED_MAP	before-requested-compilation	2	3811
VERIFIED_MAP	before-requested-compilation	3	7160
VERIFIED_MAP	before-requested-compilation	4	10512
VERIFIED_MAP	before-requested-compilation	7	16932
VERIFIED_MAP	before-requested-compilation	15	65471
VERIFIED_MAP	before-requested-compilation	16	71366
VERIFIED_MAP	before-requested-compilation	31	143361
VERIFIED_MAP	before-requested-compilation	100	573630
[To redirect Truffle log output to a file use one of the following options:
* '--log.file=<path>' if the option is passed using a guest language launcher.
* '-Dpolyglot.log.file=<path>' if the option is passed using the host Java launcher.
* Configure logging using the polyglot embedding API.]
[engine] opt done   engine=1  id=21    lambda sc, x, ds1                                  |Tier 2|Time   461( 285+176 )ms|AST    2|Inlined  12Y  44N|IR   4484/ 10876|CodeSize   48892|Addr 0x00011983fd80|CompId 2882   |UTC 2026-09-23T08:06:30.737|Src /Users/ekmett/thc/vendor/containers-0.8/src/Data/Map/Strict/Internal.hs:497 0x4966423c
[engine] opt done   engine=1  id=17    lambda def, ww, ds1                                |Tier 2|Time    32(  27+5   )ms|AST    2|Inlined   1Y   0N|IR    294/   482|CodeSize    2440|Addr 0x000119851400|CompId 2994   |UTC 2026-09-23T08:06:30.842|Src /Users/ekmett/thc/vendor/containers-0.8/src/Data/Map/Internal.hs:649 0xfda568ac
VERIFIED_MAP	before-requested-compilation	1024	5779685
[engine] opt done   engine=1  id=22    lambda ww, ds2                                     |Tier 2|Time   160( 104+56  )ms|AST    2|Inlined  14Y  16N|IR   2232/  5173|CodeSize   27276|Addr 0x000119866c00|CompId 3005   |UTC 2026-09-23T08:06:31.020|Src /Users/ekmett/thc/vendor/containers-0.8/src/Data/Map/Strict/Internal.hs:649 0x4966423c
[engine] opt done   engine=1  id=18    lambda ww, ds                                      |Tier 2|Time    50(  27+23  )ms|AST    2|Inlined   5Y   1N|IR    723/  1104|CodeSize    4788|Addr 0x000119870bc0|CompId 3021   |UTC 2026-09-23T08:06:31.073|Src /Users/ekmett/thc/vendor/containers-0.8/src/Data/Map/Internal.hs:3426 0xfda568ac
VERIFIED_MAP	before-requested-compilation	4095	23067517
[engine] opt done   engine=1  id=23    lambda ww                                          |Tier 2|Time   779( 364+416 )ms|AST    2|Inlined  33Y  67N|IR   7850/ 22245|CodeSize  110144|Addr 0x000119879c80|CompId 3037   |UTC 2026-09-23T08:06:31.855|Src n/a
VERIFIED_MAP	before-requested-compilation	4096	23069687
[engine] opt inval. engine=1  id=23    lambda ww                                                                                                                                                                         |UTC 2026-09-23T08:06:31.862|Src n/a|Reason validRootAssumption local tags updated
[engine] opt inval. engine=1  id=21    lambda sc, x, ds1                                                                                                                                                                 |UTC 2026-09-23T08:06:31.863|Src /Users/ekmett/thc/vendor/containers-0.8/src/Data/Map/Strict/Internal.hs:497 0x4966423c|Reason validRootAssumption local tags updated
[engine] opt deopt  engine=1  id=21    lambda sc, x, ds1                                  |Invalidated  true|                                                                                                            |UTC 2026-09-23T08:06:31.864|Src /Users/ekmett/thc/vendor/containers-0.8/src/Data/Map/Strict/Internal.hs:497 0x4966423c|Reason uncommon trap
[engine] opt deopt  engine=1  id=21    lambda sc, x, ds1                                  |Invalidated  true|                                                                                                            |UTC 2026-09-23T08:06:31.864|Src /Users/ekmett/thc/vendor/containers-0.8/src/Data/Map/Strict/Internal.hs:497 0x4966423c|Reason uncommon trap
[engine] opt deopt  engine=1  id=21    lambda sc, x, ds1                                  |Invalidated  true|                                                                                                            |UTC 2026-09-23T08:06:31.864|Src /Users/ekmett/thc/vendor/containers-0.8/src/Data/Map/Strict/Internal.hs:497 0x4966423c|Reason uncommon trap
[engine] opt deopt  engine=1  id=21    lambda sc, x, ds1                                  |Invalidated  true|                                                                                                            |UTC 2026-09-23T08:06:31.864|Src /Users/ekmett/thc/vendor/containers-0.8/src/Data/Map/Strict/Internal.hs:497 0x4966423c|Reason uncommon trap
[engine] opt deopt  engine=1  id=21    lambda sc, x, ds1                                  |Invalidated  true|                                                                                                            |UTC 2026-09-23T08:06:31.865|Src /Users/ekmett/thc/vendor/containers-0.8/src/Data/Map/Strict/Internal.hs:497 0x4966423c|Reason uncommon trap
[engine] opt deopt  engine=1  id=21    lambda sc, x, ds1                                  |Invalidated  true|                                                                                                            |UTC 2026-09-23T08:06:31.865|Src /Users/ekmett/thc/vendor/containers-0.8/src/Data/Map/Strict/Internal.hs:497 0x4966423c|Reason uncommon trap
[engine] opt deopt  engine=1  id=23    lambda ww                                          |Invalidated  true|                                                                                                            |UTC 2026-09-23T08:06:31.867|Src n/a|Reason JVMCI invalidate
VERIFIED_MAP	before-requested-compilation	4097	23069746
[engine] opt done   engine=1  id=23    lambda ww                                          |Tier 2|Time   807( 366+440 )ms|AST    2|Inlined  32Y  68N|IR   8097/ 24848|CodeSize  129244|Addr 0x00011989b140|CompId 3109   |UTC 2026-09-23T08:06:32.674|Src n/a
[engine] opt done   engine=1  id=21    lambda sc, x, ds1                                  |Tier 2|Time   425( 270+155 )ms|AST    2|Inlined  12Y  44N|IR   4731/ 12615|CodeSize   61616|Addr 0x0001198bd9c0|CompId 3134   |UTC 2026-09-23T08:06:33.111|Src /Users/ekmett/thc/vendor/containers-0.8/src/Data/Map/Strict/Internal.hs:497 0x4966423c
[engine] opt done   engine=1  id=10    lambda k, x, l, r                                  |Tier 2|Time    13(   8+4   )ms|AST    2|Inlined   0Y   0N|IR    650/   608|CodeSize    2344|Addr 0x0001198ce700|CompId 3151   |UTC 2026-09-23T08:06:33.152|Src /Users/ekmett/thc/vendor/containers-0.8/src/Data/Map/Internal.hs:4272 0xfda568ac
VERIFIED_MAP	before-requested-compilation	10000	56348923
VERIFIED_MAP	before-requested-compilation	65536	370634752
VERIFIED_MAP	before-requested-compilation	100000	566683714
[engine] opt done   engine=1  id=26    lambda n                                           |Tier 2|Time   409( 404+5   )ms|AST    2|Inlined   1Y   2N|IR    272/   623|CodeSize    2972|Addr 0x0001198de580|CompId 3175   |UTC 2026-09-23T08:06:33.640|Src examples/THC/MapWorkload.hs:30 0xd633756a
VERIFIED_MAP	after-requested-compilation	-3	0
VERIFIED_MAP	after-requested-compilation	0	0
VERIFIED_MAP	after-requested-compilation	1	59
VERIFIED_MAP	after-requested-compilation	2	3811
VERIFIED_MAP	after-requested-compilation	3	7160
VERIFIED_MAP	after-requested-compilation	4	10512
VERIFIED_MAP	after-requested-compilation	7	16932
VERIFIED_MAP	after-requested-compilation	15	65471
VERIFIED_MAP	after-requested-compilation	16	71366
VERIFIED_MAP	after-requested-compilation	31	143361
VERIFIED_MAP	after-requested-compilation	100	573630
VERIFIED_MAP	after-requested-compilation	1024	5779685
VERIFIED_MAP	after-requested-compilation	4095	23067517
VERIFIED_MAP	after-requested-compilation	4096	23069687
VERIFIED_MAP	after-requested-compilation	4097	23069746
VERIFIED_MAP	after-requested-compilation	10000	56348923
VERIFIED_MAP	after-requested-compilation	65536	370634752
[engine] opt done   engine=1  id=15    lambda k, x, l, r                                  |Tier 2|Time   503( 271+232 )ms|AST    2|Inlined  14Y  38N|IR   4626/ 11527|CodeSize   56692|Addr 0x0001198e6900|CompId 3199   |UTC 2026-09-23T08:06:34.174|Src /Users/ekmett/thc/vendor/containers-0.8/src/Data/Map/Internal.hs:4302 0xfda568ac
VERIFIED_MAP	after-requested-compilation	100000	566683714
MAP_DIAGNOSTICS {"backend":"bytecode","bytecodeRootCount":58,"sourceNotesEnabled":true,"sourceSpanCount":8656,"sourceRootCount":15,"localJoinCount":10,"localJoinTransfers":874750,"instrumented":true,"thunkEvaluationsByLabel":{"lvl":3,"argument thunk":16408},"compiledEntries":5947487,"thunkEvaluations":16411,"thunkHits":588723,"blackholes":0,"directCacheMisses":25,"indirectCalls":0,"tailBounces":0,"selfTailReentries":0,"trampolineIterations":0,"papAllocations":0,"unsupportedPolicy":"diagnostic-traps","deferredUnsupported":["Unsupported constructor representation unboxed-tuple: ghc-internal:GHC.Internal.Types.(#,#)","Unresolved external binding ghc-internal:GHC.Internal.Stack.withFrozenCallStack1","Unresolved external binding ghc-internal:GHC.Internal.Exception.Backtrace.collectExceptionAnnotationMechanismRef","Unsupported primitive readMutVar#"],"unsupportedTraps":0,"frames":"Bytecode DSL primitive locals; selective StaticShape captures","stackPolicy":"tail-safe; non-tail calls and nested thunk forcing use host stack","threadPolicy":"single guest thread"}
