WARNING: A terminally deprecated method in sun.misc.Unsafe has been called
WARNING: sun.misc.Unsafe::objectFieldOffset has been called by com.oracle.truffle.runtime.hotspot.HotSpotTruffleRuntime (file:/Users/ekmett/thc/work/owned-storage-v5/lib/truffle-runtime-25.3.4.1.jar)
WARNING: Please consider reporting this to the maintainers of class com.oracle.truffle.runtime.hotspot.HotSpotTruffleRuntime
WARNING: sun.misc.Unsafe::objectFieldOffset will be removed in a future release
[To redirect Truffle log output to a file use one of the following options:
* '--log.file=<path>' if the option is passed using a guest language launcher.
* '-Dpolyglot.log.file=<path>' if the option is passed using the host Java launcher.
* Configure logging using the polyglot embedding API.]
[engine] opt done   engine=1  id=21    lambda sc, x, ds1                                  |Tier 2|Time   656( 389+267 )ms|AST  853|Inlined  31Y  45N|IR   5126/ 14774|CodeSize   74416|Addr 0x000119035a00|CompId 2570   |UTC 2026-09-23T06:16:38.483|Src /Users/ekmett/thc/vendor/containers-0.8/src/Data/Map/Strict/Internal.hs:497 0x4966423c
[engine] opt done   engine=1  id=21    lambda sc, x, ds1                                  |Tier 2|Time   623( 360+263 )ms|AST  853|Inlined  31Y  45N|IR   5126/ 14774|CodeSize   73572|Addr 0x000119054200|CompId 2682   |UTC 2026-09-23T06:16:39.118|Src /Users/ekmett/thc/vendor/containers-0.8/src/Data/Map/Strict/Internal.hs:497 0x4966423c
[engine] opt done   engine=1  id=21    lambda sc, x, ds1                                  |Tier 2|Time   611( 350+261 )ms|AST  853|Inlined  31Y  45N|IR   5126/ 14774|CodeSize   73816|Addr 0x0001190675c0|CompId 2706   |UTC 2026-09-23T06:16:39.732|Src /Users/ekmett/thc/vendor/containers-0.8/src/Data/Map/Strict/Internal.hs:497 0x4966423c
[engine] opt done   engine=1  id=21    lambda sc, x, ds1                                  |Tier 2|Time   592( 346+246 )ms|AST  853|Inlined  30Y  46N|IR   5458/ 17050|CodeSize   91084|Addr 0x00011907aa40|CompId 2715   |UTC 2026-09-23T06:16:40.327|Src /Users/ekmett/thc/vendor/containers-0.8/src/Data/Map/Strict/Internal.hs:497 0x4966423c
[engine] opt done   engine=1  id=22    lambda ww, ds2                                     |Tier 2|Time    44(  29+15  )ms|AST  362|Inlined   6Y   8N|IR   1085/  2442|CodeSize   11156|Addr 0x00011909b700|CompId 2767   |UTC 2026-09-23T06:16:40.389|Src /Users/ekmett/thc/vendor/containers-0.8/src/Data/Map/Strict/Internal.hs:649 0x4966423c
[engine] opt done   engine=1  id=17    lambda def, ww, ds1                                |Tier 2|Time     9(   6+3   )ms|AST  186|Inlined   1Y   0N|IR    228/   333|CodeSize    2204|Addr 0x0001190a3440|CompId 2828   |UTC 2026-09-23T06:16:40.418|Src /Users/ekmett/thc/vendor/containers-0.8/src/Data/Map/Internal.hs:649 0xfda568ac
[engine] opt done   engine=1  id=18    lambda ww, ds                                      |Tier 2|Time    25(  15+10  )ms|AST  204|Inlined   2Y   1N|IR    465/   682|CodeSize    3556|Addr 0x0001190aa180|CompId 2845   |UTC 2026-09-23T06:16:40.468|Src /Users/ekmett/thc/vendor/containers-0.8/src/Data/Map/Internal.hs:3426 0xfda568ac
[engine] opt done   engine=1  id=23    lambda ww                                          |Tier 2|Time   984( 451+533 )ms|AST 1506|Inlined  42Y  58N|IR   7988/ 23943|CodeSize  122180|Addr 0x0001190b7880|CompId 2848   |UTC 2026-09-23T06:16:41.458|Src n/a
[engine] opt done   engine=1  id=15    lambda k, x, l, r                                  |Tier 2|Time   617( 344+273 )ms|AST 2592|Inlined  31Y  47N|IR   4297/ 13163|CodeSize   69120|Addr 0x0001190dd800|CompId 2869   |UTC 2026-09-23T06:16:42.120|Src /Users/ekmett/thc/vendor/containers-0.8/src/Data/Map/Internal.hs:4302 0xfda568ac
[engine] opt done   engine=1  id=26    lambda n                                           |Tier 2|Time   364( 363+2   )ms|AST   48|Inlined   1Y   1N|IR    104/   232|CodeSize     832|Addr 0x0001190f2c40|CompId 2904   |UTC 2026-09-23T06:16:42.936|Src examples/THC/MapWorkload.hs:30 0xd633756a
PHASE WARM BEGIN
[engine] opt done   engine=1  id=10    lambda k, x, l, r                                  |Tier 2|Time     9(   7+3   )ms|AST 2590|Inlined   0Y   0N|IR    304/   446|CodeSize    1792|Addr 0x0001190f3f40|CompId 2913   |UTC 2026-09-23T06:16:42.949|Src /Users/ekmett/thc/vendor/containers-0.8/src/Data/Map/Internal.hs:4272 0xfda568ac
[engine] opt done   engine=1  id=91    org.graalvm.polyglot.Value<EntryValue>.execute     |Tier 2|Time   620( 611+9   )ms|AST   10|Inlined   3Y   1N|IR    415/   949|CodeSize    4756|Addr 0x0001190fc780|CompId 2992   |UTC 2026-09-23T06:17:04.380|Src n/a
PHASE WARM END calls=12032 elapsedNs=26118908542 checksum=678375231696
PHASE MEASURE 1 BEGIN
PHASE MEASURE 1 END
PHASE MEASURE 2 BEGIN
PHASE MEASURE 2 END
PHASE MEASURE 3 BEGIN
PHASE MEASURE 3 END
PHASE MEASURE 4 BEGIN
PHASE MEASURE 4 END
PHASE MEASURE 5 BEGIN
PHASE MEASURE 5 END
PHASE VERIFY BEGIN
PHASE VERIFY END guestLastTierInstalled=true
diagnostics={"backend":"ast","sourceNotesEnabled":true,"sourceSpanCount":8656,"sourceRootCount":15,"instrumented":false,"thunkEvaluationsByLabel":{},"compiledEntries":0,"thunkEvaluations":0,"thunkHits":0,"blackholes":0,"directCacheMisses":0,"indirectCalls":0,"tailBounces":0,"papAllocations":0,"localJoinTransfers":0,"selfTailReentries":0,"trampolineIterations":0,"unsupportedPolicy":"diagnostic-traps","deferredUnsupported":["Unsupported constructor representation unboxed-tuple: ghc-internal:GHC.Internal.Types.(#,#)","Unresolved external binding ghc-internal:GHC.Internal.Stack.withFrozenCallStack1","Unresolved external binding ghc-internal:GHC.Internal.Exception.Backtrace.collectExceptionAnnotationMechanismRef","Unsupported primitive readMutVar#"],"unsupportedTraps":0,"frames":"indexed primitive slots; selective StaticShape captures","stackPolicy":"tail-safe; non-tail calls and nested thunk forcing use host stack","threadPolicy":"single guest thread"}
