WARNING: A terminally deprecated method in sun.misc.Unsafe has been called
WARNING: sun.misc.Unsafe::objectFieldOffset has been called by com.oracle.truffle.runtime.hotspot.HotSpotTruffleRuntime (file:/Users/ekmett/thc/work/owned-storage-v5/lib/truffle-runtime-25.3.4.1.jar)
WARNING: Please consider reporting this to the maintainers of class com.oracle.truffle.runtime.hotspot.HotSpotTruffleRuntime
WARNING: sun.misc.Unsafe::objectFieldOffset will be removed in a future release
[To redirect Truffle log output to a file use one of the following options:
* '--log.file=<path>' if the option is passed using a guest language launcher.
* '-Dpolyglot.log.file=<path>' if the option is passed using the host Java launcher.
* Configure logging using the polyglot embedding API.]
[engine] opt done   engine=1  id=21    lambda sc, x, ds1                                  |Tier 2|Time   651( 385+266 )ms|AST  853|Inlined  31Y  45N|IR   5126/ 14774|CodeSize   74416|Addr 0x00011b828d00|CompId 2569   |UTC 2026-09-23T06:17:34.616|Src /Users/ekmett/thc/vendor/containers-0.8/src/Data/Map/Strict/Internal.hs:497 0x4966423c
[engine] opt done   engine=1  id=21    lambda sc, x, ds1                                  |Tier 2|Time   625( 359+265 )ms|AST  853|Inlined  31Y  45N|IR   5126/ 14774|CodeSize   73572|Addr 0x00011b8462c0|CompId 2676   |UTC 2026-09-23T06:17:35.251|Src /Users/ekmett/thc/vendor/containers-0.8/src/Data/Map/Strict/Internal.hs:497 0x4966423c
[engine] opt done   engine=1  id=21    lambda sc, x, ds1                                  |Tier 2|Time   617( 353+264 )ms|AST  853|Inlined  31Y  45N|IR   5126/ 14774|CodeSize   73816|Addr 0x00011b859680|CompId 2701   |UTC 2026-09-23T06:17:35.871|Src /Users/ekmett/thc/vendor/containers-0.8/src/Data/Map/Strict/Internal.hs:497 0x4966423c
[engine] opt done   engine=1  id=21    lambda sc, x, ds1                                  |Tier 2|Time   587( 345+242 )ms|AST  853|Inlined  30Y  46N|IR   5458/ 17050|CodeSize   91084|Addr 0x00011b86cb00|CompId 2710   |UTC 2026-09-23T06:17:36.461|Src /Users/ekmett/thc/vendor/containers-0.8/src/Data/Map/Strict/Internal.hs:497 0x4966423c
[engine] opt done   engine=1  id=22    lambda ww, ds2                                     |Tier 2|Time    45(  30+15  )ms|AST  362|Inlined   6Y   8N|IR   1085/  2442|CodeSize   11156|Addr 0x00011b88c240|CompId 2758   |UTC 2026-09-23T06:17:36.523|Src /Users/ekmett/thc/vendor/containers-0.8/src/Data/Map/Strict/Internal.hs:649 0x4966423c
[engine] opt done   engine=1  id=17    lambda def, ww, ds1                                |Tier 2|Time    10(   6+4   )ms|AST  186|Inlined   1Y   0N|IR    228/   333|CodeSize    2204|Addr 0x00011b894480|CompId 2817   |UTC 2026-09-23T06:17:36.554|Src /Users/ekmett/thc/vendor/containers-0.8/src/Data/Map/Internal.hs:649 0xfda568ac
[engine] opt done   engine=1  id=18    lambda ww, ds                                      |Tier 2|Time    26(  16+10  )ms|AST  204|Inlined   2Y   1N|IR    465/   682|CodeSize    3556|Addr 0x00011b89c080|CompId 2840   |UTC 2026-09-23T06:17:36.602|Src /Users/ekmett/thc/vendor/containers-0.8/src/Data/Map/Internal.hs:3426 0xfda568ac
[engine] opt done   engine=1  id=23    lambda ww                                          |Tier 2|Time   977( 439+538 )ms|AST 1506|Inlined  42Y  58N|IR   7988/ 23943|CodeSize  122180|Addr 0x00011b8a5b40|CompId 2844   |UTC 2026-09-23T06:17:37.586|Src n/a
[engine] opt done   engine=1  id=15    lambda k, x, l, r                                  |Tier 2|Time   611( 341+271 )ms|AST 2592|Inlined  31Y  47N|IR   4297/ 13163|CodeSize   69120|Addr 0x00011b8cc040|CompId 2866   |UTC 2026-09-23T06:17:38.242|Src /Users/ekmett/thc/vendor/containers-0.8/src/Data/Map/Internal.hs:4302 0xfda568ac
[engine] opt done   engine=1  id=26    lambda n                                           |Tier 2|Time   365( 364+2   )ms|AST   48|Inlined   1Y   1N|IR    104/   232|CodeSize     832|Addr 0x00011b8e1480|CompId 2900   |UTC 2026-09-23T06:17:39.077|Src examples/THC/MapWorkload.hs:30 0xd633756a
PHASE WARM BEGIN
[engine] opt done   engine=1  id=10    lambda k, x, l, r                                  |Tier 2|Time     9(   7+3   )ms|AST 2590|Inlined   0Y   0N|IR    304/   446|CodeSize    1792|Addr 0x00011b8e2780|CompId 2909   |UTC 2026-09-23T06:17:39.090|Src /Users/ekmett/thc/vendor/containers-0.8/src/Data/Map/Internal.hs:4272 0xfda568ac
[engine] opt done   engine=1  id=91    org.graalvm.polyglot.Value<EntryValue>.execute     |Tier 2|Time   613( 603+10  )ms|AST   10|Inlined   3Y   1N|IR    415/   949|CodeSize    4756|Addr 0x00011b8eac40|CompId 2989   |UTC 2026-09-23T06:18:00.240|Src n/a
PHASE WARM END calls=12032 elapsedNs=25849989625 checksum=678375231696
PHASE MEASURE 1 BEGIN
PHASE MEASURE 1 END
PHASE MEASURE 2 BEGIN
PHASE MEASURE 2 END
PHASE MEASURE 3 BEGIN
PHASE MEASURE 3 END
PHASE MEASURE 4 BEGIN
PHASE MEASURE 4 END
PHASE MEASURE 5 BEGIN
PHASE MEASURE 5 END
PHASE VERIFY BEGIN
PHASE VERIFY END guestLastTierInstalled=true
diagnostics={"backend":"ast","sourceNotesEnabled":true,"sourceSpanCount":8656,"sourceRootCount":15,"instrumented":false,"thunkEvaluationsByLabel":{},"compiledEntries":0,"thunkEvaluations":0,"thunkHits":0,"blackholes":0,"directCacheMisses":0,"indirectCalls":0,"tailBounces":0,"papAllocations":0,"localJoinTransfers":0,"selfTailReentries":0,"trampolineIterations":0,"unsupportedPolicy":"diagnostic-traps","deferredUnsupported":["Unsupported constructor representation unboxed-tuple: ghc-internal:GHC.Internal.Types.(#,#)","Unresolved external binding ghc-internal:GHC.Internal.Stack.withFrozenCallStack1","Unresolved external binding ghc-internal:GHC.Internal.Exception.Backtrace.collectExceptionAnnotationMechanismRef","Unsupported primitive readMutVar#"],"unsupportedTraps":0,"frames":"indexed primitive slots; selective StaticShape captures","stackPolicy":"tail-safe; non-tail calls and nested thunk forcing use host stack","threadPolicy":"single guest thread"}
