WARNING: A terminally deprecated method in sun.misc.Unsafe has been called
WARNING: sun.misc.Unsafe::objectFieldOffset has been called by com.oracle.truffle.runtime.hotspot.HotSpotTruffleRuntime (file:/Users/ekmett/thc/work/class-owned-layout-prototype/frozen/lib/truffle-runtime-25.3.4.1.jar)
WARNING: Please consider reporting this to the maintainers of class com.oracle.truffle.runtime.hotspot.HotSpotTruffleRuntime
WARNING: sun.misc.Unsafe::objectFieldOffset will be removed in a future release
VERIFIED_MAP	before-requested-compilation	-3	0
VERIFIED_MAP	before-requested-compilation	0	0
VERIFIED_MAP	before-requested-compilation	1	59
VERIFIED_MAP	before-requested-compilation	2	3811
VERIFIED_MAP	before-requested-compilation	3	7160
VERIFIED_MAP	before-requested-compilation	4	10512
VERIFIED_MAP	before-requested-compilation	7	16932
VERIFIED_MAP	before-requested-compilation	15	65471
VERIFIED_MAP	before-requested-compilation	16	71366
VERIFIED_MAP	before-requested-compilation	31	143361
VERIFIED_MAP	before-requested-compilation	100	573630
[To redirect Truffle log output to a file use one of the following options:
* '--log.file=<path>' if the option is passed using a guest language launcher.
* '-Dpolyglot.log.file=<path>' if the option is passed using the host Java launcher.
* Configure logging using the polyglot embedding API.]
[engine] opt done   engine=1  id=21    lambda sc, x, ds1                                  |Tier 2|Time   498( 312+186 )ms|AST    2|Inlined  12Y  44N|IR   4735/ 11811|CodeSize   51124|Addr 0x00011b034400|CompId 2885   |UTC 2026-09-23T08:19:48.313|Src /Users/ekmett/thc/vendor/containers-0.8/src/Data/Map/Strict/Internal.hs:497 0x4966423c
[engine] opt done   engine=1  id=17    lambda def, ww, ds1                                |Tier 2|Time    37(  26+11  )ms|AST    2|Inlined   1Y   0N|IR    320/   497|CodeSize    2536|Addr 0x00011b047680|CompId 3000   |UTC 2026-09-23T08:19:48.431|Src /Users/ekmett/thc/vendor/containers-0.8/src/Data/Map/Internal.hs:649 0xfda568ac
VERIFIED_MAP	before-requested-compilation	1024	5779685
[engine] opt done   engine=1  id=22    lambda ww, ds2                                     |Tier 2|Time   155(  98+57  )ms|AST    2|Inlined  14Y  16N|IR   2202/  5398|CodeSize   26300|Addr 0x00011b05f900|CompId 3013   |UTC 2026-09-23T08:19:48.600|Src /Users/ekmett/thc/vendor/containers-0.8/src/Data/Map/Strict/Internal.hs:649 0x4966423c
[engine] opt done   engine=1  id=18    lambda ww, ds                                      |Tier 2|Time    50(  23+28  )ms|AST    2|Inlined   5Y   1N|IR    877/  1207|CodeSize    6144|Addr 0x00011b0694c0|CompId 3028   |UTC 2026-09-23T08:19:48.652|Src /Users/ekmett/thc/vendor/containers-0.8/src/Data/Map/Internal.hs:3426 0xfda568ac
VERIFIED_MAP	before-requested-compilation	4095	23067517
[engine] opt done   engine=1  id=23    lambda ww                                          |Tier 2|Time   715( 345+369 )ms|AST    2|Inlined  30Y  66N|IR   7671/ 20883|CodeSize  101120|Addr 0x00011b072500|CompId 3045   |UTC 2026-09-23T08:19:49.369|Src n/a
VERIFIED_MAP	before-requested-compilation	4096	23069687
[engine] opt inval. engine=1  id=23    lambda ww                                                                                                                                                                         |UTC 2026-09-23T08:19:49.386|Src n/a|Reason validRootAssumption local tags updated
[engine] opt inval. engine=1  id=21    lambda sc, x, ds1                                                                                                                                                                 |UTC 2026-09-23T08:19:49.387|Src /Users/ekmett/thc/vendor/containers-0.8/src/Data/Map/Strict/Internal.hs:497 0x4966423c|Reason validRootAssumption local tags updated
[engine] opt deopt  engine=1  id=21    lambda sc, x, ds1                                  |Invalidated  true|                                                                                                            |UTC 2026-09-23T08:19:49.388|Src /Users/ekmett/thc/vendor/containers-0.8/src/Data/Map/Strict/Internal.hs:497 0x4966423c|Reason uncommon trap
[engine] opt deopt  engine=1  id=21    lambda sc, x, ds1                                  |Invalidated  true|                                                                                                            |UTC 2026-09-23T08:19:49.388|Src /Users/ekmett/thc/vendor/containers-0.8/src/Data/Map/Strict/Internal.hs:497 0x4966423c|Reason uncommon trap
[engine] opt deopt  engine=1  id=21    lambda sc, x, ds1                                  |Invalidated  true|                                                                                                            |UTC 2026-09-23T08:19:49.388|Src /Users/ekmett/thc/vendor/containers-0.8/src/Data/Map/Strict/Internal.hs:497 0x4966423c|Reason uncommon trap
[engine] opt deopt  engine=1  id=21    lambda sc, x, ds1                                  |Invalidated  true|                                                                                                            |UTC 2026-09-23T08:19:49.389|Src /Users/ekmett/thc/vendor/containers-0.8/src/Data/Map/Strict/Internal.hs:497 0x4966423c|Reason uncommon trap
[engine] opt deopt  engine=1  id=21    lambda sc, x, ds1                                  |Invalidated  true|                                                                                                            |UTC 2026-09-23T08:19:49.389|Src /Users/ekmett/thc/vendor/containers-0.8/src/Data/Map/Strict/Internal.hs:497 0x4966423c|Reason uncommon trap
[engine] opt deopt  engine=1  id=21    lambda sc, x, ds1                                  |Invalidated  true|                                                                                                            |UTC 2026-09-23T08:19:49.389|Src /Users/ekmett/thc/vendor/containers-0.8/src/Data/Map/Strict/Internal.hs:497 0x4966423c|Reason uncommon trap
[engine] opt deopt  engine=1  id=23    lambda ww                                          |Invalidated  true|                                                                                                            |UTC 2026-09-23T08:19:49.391|Src n/a|Reason JVMCI invalidate
VERIFIED_MAP	before-requested-compilation	4097	23069746
[engine] opt done   engine=1  id=23    lambda ww                                          |Tier 2|Time   758( 335+423 )ms|AST    2|Inlined  29Y  67N|IR   7916/ 24668|CodeSize  124760|Addr 0x00011b090500|CompId 3113   |UTC 2026-09-23T08:19:50.149|Src n/a
[engine] opt done   engine=1  id=21    lambda sc, x, ds1                                  |Tier 2|Time   397( 265+132 )ms|AST    2|Inlined  11Y  39N|IR   4503/ 12073|CodeSize   55380|Addr 0x00011b0b0ac0|CompId 3134   |UTC 2026-09-23T08:19:50.559|Src /Users/ekmett/thc/vendor/containers-0.8/src/Data/Map/Strict/Internal.hs:497 0x4966423c
[engine] opt done   engine=1  id=10    lambda k, x, l, r                                  |Tier 2|Time    13(   9+5   )ms|AST    2|Inlined   0Y   0N|IR    644/   651|CodeSize    2488|Addr 0x00011b0bff40|CompId 3159   |UTC 2026-09-23T08:19:50.600|Src /Users/ekmett/thc/vendor/containers-0.8/src/Data/Map/Internal.hs:4272 0xfda568ac
VERIFIED_MAP	before-requested-compilation	10000	56348923
VERIFIED_MAP	before-requested-compilation	65536	370634752
VERIFIED_MAP	before-requested-compilation	100000	566683714
[engine] opt done   engine=1  id=26    lambda n                                           |Tier 2|Time   396( 391+5   )ms|AST    2|Inlined   1Y   2N|IR    272/   623|CodeSize    2968|Addr 0x00011b0d0c80|CompId 3181   |UTC 2026-09-23T08:19:51.063|Src examples/THC/MapWorkload.hs:30 0xd633756a
VERIFIED_MAP	after-requested-compilation	-3	0
VERIFIED_MAP	after-requested-compilation	0	0
VERIFIED_MAP	after-requested-compilation	1	59
VERIFIED_MAP	after-requested-compilation	2	3811
VERIFIED_MAP	after-requested-compilation	3	7160
VERIFIED_MAP	after-requested-compilation	4	10512
VERIFIED_MAP	after-requested-compilation	7	16932
VERIFIED_MAP	after-requested-compilation	15	65471
VERIFIED_MAP	after-requested-compilation	16	71366
VERIFIED_MAP	after-requested-compilation	31	143361
VERIFIED_MAP	after-requested-compilation	100	573630
VERIFIED_MAP	after-requested-compilation	1024	5779685
VERIFIED_MAP	after-requested-compilation	4095	23067517
VERIFIED_MAP	after-requested-compilation	4096	23069687
VERIFIED_MAP	after-requested-compilation	4097	23069746
VERIFIED_MAP	after-requested-compilation	10000	56348923
VERIFIED_MAP	after-requested-compilation	65536	370634752
[engine] opt done   engine=1  id=15    lambda k, x, l, r                                  |Tier 2|Time   505( 274+231 )ms|AST    2|Inlined  14Y  38N|IR   4861/ 12659|CodeSize   58896|Addr 0x00011b0d6a00|CompId 3207   |UTC 2026-09-23T08:19:51.595|Src /Users/ekmett/thc/vendor/containers-0.8/src/Data/Map/Internal.hs:4302 0xfda568ac
VERIFIED_MAP	after-requested-compilation	100000	566683714
MAP_DIAGNOSTICS {"backend":"bytecode","bytecodeRootCount":58,"sourceNotesEnabled":true,"sourceSpanCount":8656,"sourceRootCount":15,"localJoinCount":10,"localJoinTransfers":874750,"instrumented":true,"thunkEvaluationsByLabel":{"lvl":3,"argument thunk":16408},"compiledEntries":5947487,"thunkEvaluations":16411,"thunkHits":588723,"blackholes":0,"directCacheMisses":25,"indirectCalls":0,"tailBounces":0,"selfTailReentries":0,"trampolineIterations":0,"papAllocations":0,"unsupportedPolicy":"diagnostic-traps","deferredUnsupported":["Unsupported constructor representation unboxed-tuple: ghc-internal:GHC.Internal.Types.(#,#)","Unresolved external binding ghc-internal:GHC.Internal.Stack.withFrozenCallStack1","Unresolved external binding ghc-internal:GHC.Internal.Exception.Backtrace.collectExceptionAnnotationMechanismRef","Unsupported primitive readMutVar#"],"unsupportedTraps":0,"frames":"Bytecode DSL primitive locals; selective StaticShape captures","stackPolicy":"tail-safe; non-tail calls and nested thunk forcing use host stack","threadPolicy":"single guest thread"}
