WARNING: A terminally deprecated method in sun.misc.Unsafe has been called
WARNING: sun.misc.Unsafe::objectFieldOffset has been called by com.oracle.truffle.runtime.hotspot.HotSpotTruffleRuntime (file:/Users/ekmett/thc/work/class-owned-layout-prototype/frozen/lib/truffle-runtime-25.3.4.1.jar)
WARNING: Please consider reporting this to the maintainers of class com.oracle.truffle.runtime.hotspot.HotSpotTruffleRuntime
WARNING: sun.misc.Unsafe::objectFieldOffset will be removed in a future release
VERIFIED_MAP	before-requested-compilation	-3	0
VERIFIED_MAP	before-requested-compilation	0	0
VERIFIED_MAP	before-requested-compilation	1	59
VERIFIED_MAP	before-requested-compilation	2	3811
VERIFIED_MAP	before-requested-compilation	3	7160
VERIFIED_MAP	before-requested-compilation	4	10512
VERIFIED_MAP	before-requested-compilation	7	16932
VERIFIED_MAP	before-requested-compilation	15	65471
VERIFIED_MAP	before-requested-compilation	16	71366
VERIFIED_MAP	before-requested-compilation	31	143361
VERIFIED_MAP	before-requested-compilation	100	573630
[To redirect Truffle log output to a file use one of the following options:
* '--log.file=<path>' if the option is passed using a guest language launcher.
* '-Dpolyglot.log.file=<path>' if the option is passed using the host Java launcher.
* Configure logging using the polyglot embedding API.]
[engine] opt done   engine=1  id=21    lambda sc, x, ds1                                  |Tier 2|Time   549( 374+175 )ms|AST    2|Inlined  16Y  52N|IR   4797/ 12082|CodeSize   59564|Addr 0x00011905c500|CompId 2910   |UTC 2026-09-23T08:19:59.567|Src /Users/ekmett/thc/vendor/containers-0.8/src/Data/Map/Strict/Internal.hs:497 0x4966423c
[engine] opt done   engine=1  id=17    lambda def, ww, ds1                                |Tier 2|Time    30(  26+5   )ms|AST    2|Inlined   1Y   0N|IR    279/   421|CodeSize    2272|Addr 0x00011907ab40|CompId 3018   |UTC 2026-09-23T08:19:59.670|Src /Users/ekmett/thc/vendor/containers-0.8/src/Data/Map/Internal.hs:649 0xfda568ac
VERIFIED_MAP	before-requested-compilation	1024	5779685
[engine] opt done   engine=1  id=22    lambda ww, ds2                                     |Tier 2|Time   146(  94+52  )ms|AST    2|Inlined  14Y  16N|IR   2003/  4595|CodeSize   24616|Addr 0x000119089a80|CompId 3033   |UTC 2026-09-23T08:19:59.846|Src /Users/ekmett/thc/vendor/containers-0.8/src/Data/Map/Strict/Internal.hs:649 0x4966423c
[engine] opt done   engine=1  id=18    lambda ww, ds                                      |Tier 2|Time    46(  26+20  )ms|AST    2|Inlined   5Y   1N|IR    618/   888|CodeSize    4040|Addr 0x000119090680|CompId 3039   |UTC 2026-09-23T08:19:59.894|Src /Users/ekmett/thc/vendor/containers-0.8/src/Data/Map/Internal.hs:3426 0xfda568ac
VERIFIED_MAP	before-requested-compilation	4095	23067517
[engine] opt done   engine=1  id=23    lambda ww                                          |Tier 2|Time   797( 406+391 )ms|AST    2|Inlined  36Y  74N|IR   7658/ 22505|CodeSize  114428|Addr 0x000119091dc0|CompId 3044   |UTC 2026-09-23T08:20:00.693|Src n/a
VERIFIED_MAP	before-requested-compilation	4096	23069687
[engine] opt inval. engine=1  id=23    lambda ww                                                                                                                                                                         |UTC 2026-09-23T08:20:00.698|Src n/a|Reason validRootAssumption local tags updated
[engine] opt inval. engine=1  id=21    lambda sc, x, ds1                                                                                                                                                                 |UTC 2026-09-23T08:20:00.699|Src /Users/ekmett/thc/vendor/containers-0.8/src/Data/Map/Strict/Internal.hs:497 0x4966423c|Reason validRootAssumption local tags updated
[engine] opt deopt  engine=1  id=21    lambda sc, x, ds1                                  |Invalidated  true|                                                                                                            |UTC 2026-09-23T08:20:00.700|Src /Users/ekmett/thc/vendor/containers-0.8/src/Data/Map/Strict/Internal.hs:497 0x4966423c|Reason uncommon trap
[engine] opt deopt  engine=1  id=21    lambda sc, x, ds1                                  |Invalidated  true|                                                                                                            |UTC 2026-09-23T08:20:00.700|Src /Users/ekmett/thc/vendor/containers-0.8/src/Data/Map/Strict/Internal.hs:497 0x4966423c|Reason uncommon trap
[engine] opt deopt  engine=1  id=21    lambda sc, x, ds1                                  |Invalidated  true|                                                                                                            |UTC 2026-09-23T08:20:00.701|Src /Users/ekmett/thc/vendor/containers-0.8/src/Data/Map/Strict/Internal.hs:497 0x4966423c|Reason uncommon trap
[engine] opt deopt  engine=1  id=21    lambda sc, x, ds1                                  |Invalidated  true|                                                                                                            |UTC 2026-09-23T08:20:00.701|Src /Users/ekmett/thc/vendor/containers-0.8/src/Data/Map/Strict/Internal.hs:497 0x4966423c|Reason uncommon trap
[engine] opt deopt  engine=1  id=21    lambda sc, x, ds1                                  |Invalidated  true|                                                                                                            |UTC 2026-09-23T08:20:00.701|Src /Users/ekmett/thc/vendor/containers-0.8/src/Data/Map/Strict/Internal.hs:497 0x4966423c|Reason uncommon trap
[engine] opt deopt  engine=1  id=21    lambda sc, x, ds1                                  |Invalidated  true|                                                                                                            |UTC 2026-09-23T08:20:00.701|Src /Users/ekmett/thc/vendor/containers-0.8/src/Data/Map/Strict/Internal.hs:497 0x4966423c|Reason uncommon trap
[engine] opt deopt  engine=1  id=23    lambda ww                                          |Invalidated  true|                                                                                                            |UTC 2026-09-23T08:20:00.703|Src n/a|Reason JVMCI invalidate
VERIFIED_MAP	before-requested-compilation	4097	23069746
[engine] opt done   engine=1  id=23    lambda ww                                          |Tier 2|Time   813( 395+418 )ms|AST    2|Inlined  34Y  66N|IR   7324/ 23967|CodeSize  125132|Addr 0x0001190b1680|CompId 3093   |UTC 2026-09-23T08:20:01.516|Src n/a
[engine] opt done   engine=1  id=21    lambda sc, x, ds1                                  |Tier 2|Time   431( 289+142 )ms|AST    2|Inlined  14Y  42N|IR   4247/ 11777|CodeSize   60936|Addr 0x0001190d1b40|CompId 3118   |UTC 2026-09-23T08:20:01.949|Src /Users/ekmett/thc/vendor/containers-0.8/src/Data/Map/Strict/Internal.hs:497 0x4966423c
VERIFIED_MAP	before-requested-compilation	10000	56348923
[engine] opt done   engine=1  id=10    lambda k, x, l, r                                  |Tier 2|Time    12(   9+3   )ms|AST    2|Inlined   0Y   0N|IR    527/   368|CodeSize    1524|Addr 0x0001190e2380|CompId 3132   |UTC 2026-09-23T08:20:02.009|Src /Users/ekmett/thc/vendor/containers-0.8/src/Data/Map/Internal.hs:4272 0xfda568ac
VERIFIED_MAP	before-requested-compilation	65536	370634752
VERIFIED_MAP	before-requested-compilation	100000	566683714
[engine] opt done   engine=1  id=26    lambda n                                           |Tier 2|Time   506( 501+5   )ms|AST    2|Inlined   1Y   2N|IR    270/   606|CodeSize    2952|Addr 0x0001190f1240|CompId 3150   |UTC 2026-09-23T08:20:02.565|Src examples/THC/MapWorkload.hs:30 0xd633756a
VERIFIED_MAP	after-requested-compilation	-3	0
VERIFIED_MAP	after-requested-compilation	0	0
VERIFIED_MAP	after-requested-compilation	1	59
VERIFIED_MAP	after-requested-compilation	2	3811
VERIFIED_MAP	after-requested-compilation	3	7160
VERIFIED_MAP	after-requested-compilation	4	10512
VERIFIED_MAP	after-requested-compilation	7	16932
VERIFIED_MAP	after-requested-compilation	15	65471
VERIFIED_MAP	after-requested-compilation	16	71366
VERIFIED_MAP	after-requested-compilation	31	143361
VERIFIED_MAP	after-requested-compilation	100	573630
VERIFIED_MAP	after-requested-compilation	1024	5779685
VERIFIED_MAP	after-requested-compilation	4095	23067517
VERIFIED_MAP	after-requested-compilation	4096	23069687
VERIFIED_MAP	after-requested-compilation	4097	23069746
VERIFIED_MAP	after-requested-compilation	10000	56348923
VERIFIED_MAP	after-requested-compilation	65536	370634752
[engine] opt done   engine=1  id=15    lambda k, x, l, r                                  |Tier 2|Time   593( 338+255 )ms|AST    2|Inlined  14Y  44N|IR   4235/ 11481|CodeSize   59456|Addr 0x0001190f5540|CompId 3169   |UTC 2026-09-23T08:20:03.180|Src /Users/ekmett/thc/vendor/containers-0.8/src/Data/Map/Internal.hs:4302 0xfda568ac
VERIFIED_MAP	after-requested-compilation	100000	566683714
MAP_DIAGNOSTICS {"backend":"bytecode","bytecodeRootCount":58,"sourceNotesEnabled":true,"sourceSpanCount":8656,"sourceRootCount":15,"localJoinCount":10,"localJoinTransfers":874750,"instrumented":true,"thunkEvaluationsByLabel":{"lvl":3,"argument thunk":16408},"compiledEntries":5947477,"thunkEvaluations":16411,"thunkHits":588723,"blackholes":0,"directCacheMisses":25,"indirectCalls":0,"tailBounces":0,"selfTailReentries":0,"trampolineIterations":0,"papAllocations":0,"unsupportedPolicy":"diagnostic-traps","deferredUnsupported":["Unsupported constructor representation unboxed-tuple: ghc-internal:GHC.Internal.Types.(#,#)","Unresolved external binding ghc-internal:GHC.Internal.Stack.withFrozenCallStack1","Unresolved external binding ghc-internal:GHC.Internal.Exception.Backtrace.collectExceptionAnnotationMechanismRef","Unsupported primitive readMutVar#"],"unsupportedTraps":0,"frames":"Bytecode DSL primitive locals; selective StaticShape captures","stackPolicy":"tail-safe; non-tail calls and nested thunk forcing use host stack","threadPolicy":"single guest thread"}
