WARNING: A terminally deprecated method in sun.misc.Unsafe has been called
WARNING: sun.misc.Unsafe::objectFieldOffset has been called by com.oracle.truffle.runtime.hotspot.HotSpotTruffleRuntime (file:/Users/ekmett/thc/work/baselines/map-60148ed/runtime/lib/truffle-runtime-25.3.4.1.jar)
WARNING: Please consider reporting this to the maintainers of class com.oracle.truffle.runtime.hotspot.HotSpotTruffleRuntime
WARNING: sun.misc.Unsafe::objectFieldOffset will be removed in a future release
[To redirect Truffle log output to a file use one of the following options:
* '--log.file=<path>' if the option is passed using a guest language launcher.
* '-Dpolyglot.log.file=<path>' if the option is passed using the host Java launcher.
* Configure logging using the polyglot embedding API.]
[engine] opt done   engine=1  id=21    lambda sc, x, ds1                                  |Tier 2|Time   455( 265+191 )ms|AST  772|Inlined   9Y  21N|IR   5760/ 11438|CodeSize   51476|Addr 0x00011d7d3a00|CompId 2258   |UTC 2026-09-22T18:07:40.227|Src n/a
[engine] opt deopt  engine=1  id=21    lambda sc, x, ds1                                  |Invalidated  true|                                                                                                            |UTC 2026-09-22T18:07:40.240|Src n/a|Reason uncommon trap
[engine] opt deopt  engine=1  id=21    lambda sc, x, ds1                                  |Invalidated  true|                                                                                                            |UTC 2026-09-22T18:07:40.241|Src n/a|Reason uncommon trap
[engine] opt done   engine=1  id=21    lambda sc, x, ds1                                  |Tier 2|Time   424( 190+234 )ms|AST  772|Inlined   9Y  21N|IR   6279/ 13394|CodeSize   59232|Addr 0x00011d7f2c40|CompId 2396   |UTC 2026-09-22T18:07:40.666|Src n/a
[engine] opt done   engine=1  id=22    lambda ww, ds2                                     |Tier 2|Time   129(  45+84  )ms|AST  327|Inlined   6Y   8N|IR   2722/  7094|CodeSize   29336|Addr 0x00011d814880|CompId 2474   |UTC 2026-09-22T18:07:40.822|Src n/a
[engine] opt done   engine=1  id=17    lambda def, ww, ds1                                |Tier 2|Time    33(   8+25  )ms|AST  167|Inlined   2Y   0N|IR    806/  1532|CodeSize    7180|Addr 0x00011d822340|CompId 2515   |UTC 2026-09-22T18:07:40.881|Src n/a
[engine] opt done   engine=1  id=35    argument thunk                                     |Tier 2|Time   320( 194+126 )ms|AST  104|Inlined   8Y  14N|IR   4857/  9949|CodeSize   40896|Addr 0x00011d82cd00|CompId 2521   |UTC 2026-09-22T18:07:41.210|Src n/a
[engine] opt done   engine=1  id=18    lambda ww, ds                                      |Tier 2|Time   404( 104+300 )ms|AST  181|Inlined  14Y  16N|IR   5670/ 12707|CodeSize   58572|Addr 0x00011d83cf80|CompId 2542   |UTC 2026-09-22T18:07:41.631|Src n/a
[engine] opt done   engine=1  id=36    lambda x, v                                        |Tier 2|Time   351( 214+138 )ms|AST  139|Inlined  10Y  14N|IR   4038/ 10196|CodeSize   46252|Addr 0x00011d84c040|CompId 2547   |UTC 2026-09-22T18:07:41.991|Src n/a
[engine] opt done   engine=1  id=26    lambda x, ww                                       |Tier 2|Time   153(  51+102 )ms|AST  266|Inlined  18Y   0N|IR   4086/  7349|CodeSize   32992|Addr 0x00011d859f80|CompId 2562   |UTC 2026-09-22T18:07:42.157|Src n/a
[engine] opt done   engine=1  id=10    lambda k, x, l, r                                  |Tier 2|Time    21(   8+13  )ms|AST 2557|Inlined   0Y   0N|IR    788/  1552|CodeSize    6304|Addr 0x00011d862c80|CompId 2567   |UTC 2026-09-22T18:07:42.190|Src n/a
[engine] opt done   engine=1  id=30    argument thunk                                     |Tier 2|Time   149(  34+116 )ms|AST  103|Inlined   7Y   8N|IR   2855/  7433|CodeSize   30052|Addr 0x00011d864b00|CompId 2568   |UTC 2026-09-22T18:07:42.341|Src n/a
[engine] opt done   engine=1  id=31    lambda x, v                                        |Tier 2|Time   676( 186+490 )ms|AST  141|Inlined  25Y  31N|IR   9324/ 22956|CodeSize  103216|Addr 0x00011d86c880|CompId 2578   |UTC 2026-09-22T18:07:43.023|Src n/a
[engine] opt done   engine=1  id=15    lambda k, x, l, r                                  |Tier 2|Time   355( 158+197 )ms|AST 2559|Inlined   7Y  16N|IR   5678/ 12333|CodeSize   49332|Addr 0x00011d887080|CompId 2589   |UTC 2026-09-22T18:07:43.435|Src n/a
[engine] opt done   engine=1  id=40    lambda n                                           |Tier 2|Time   224( 220+4   )ms|AST   42|Inlined   2Y   1N|IR    178/   763|CodeSize    3136|Addr 0x00011d894e00|CompId 2626   |UTC 2026-09-22T18:07:44.267|Src n/a
PHASE WARM BEGIN
PHASE WARM END calls=5120 elapsedNs=15560119250 checksum=288670311360
PHASE MEASURE 1 BEGIN
PHASE MEASURE 1 END
PHASE MEASURE 2 BEGIN
PHASE MEASURE 2 END
PHASE MEASURE 3 BEGIN
PHASE MEASURE 3 END
PHASE MEASURE 4 BEGIN
PHASE MEASURE 4 END
PHASE MEASURE 5 BEGIN
PHASE MEASURE 5 END
PHASE VERIFY BEGIN
PHASE VERIFY END guestLastTierInstalled=true
diagnostics={"instrumented":false,"thunkEvaluationsByLabel":{},"compiledEntries":0,"thunkEvaluations":0,"thunkHits":0,"blackholes":0,"directCacheMisses":0,"indirectCalls":0,"tailBounces":0,"papAllocations":0,"unsupportedPolicy":"diagnostic-traps","deferredUnsupported":["Unsupported constructor representation unboxed-tuple: ghc-internal:GHC.Internal.Types.(#,#)","Unresolved external binding ghc-internal:GHC.Internal.Stack.withFrozenCallStack1","Unresolved external binding ghc-internal:GHC.Internal.Exception.Backtrace.collectExceptionAnnotationMechanismRef"],"unsupportedTraps":0,"frames":"indexed primitive slots; selective StaticShape captures","stackPolicy":"tail-safe; non-tail calls and nested thunk forcing use host stack","threadPolicy":"single guest thread"}
