WARNING: A terminally deprecated method in sun.misc.Unsafe has been called
WARNING: sun.misc.Unsafe::objectFieldOffset has been called by com.oracle.truffle.runtime.hotspot.HotSpotTruffleRuntime (file:/Users/ekmett/thc/work/candidates/map-thunk-packets/runtime/lib/truffle-runtime-25.3.4.1.jar)
WARNING: Please consider reporting this to the maintainers of class com.oracle.truffle.runtime.hotspot.HotSpotTruffleRuntime
WARNING: sun.misc.Unsafe::objectFieldOffset will be removed in a future release
[To redirect Truffle log output to a file use one of the following options:
* '--log.file=<path>' if the option is passed using a guest language launcher.
* '-Dpolyglot.log.file=<path>' if the option is passed using the host Java launcher.
* Configure logging using the polyglot embedding API.]
[engine] opt done   engine=1  id=21    lambda sc, x, ds1                                  |Tier 2|Time   380( 209+171 )ms|AST  772|Inlined   9Y  21N|IR   5612/ 10799|CodeSize   48516|Addr 0x00012fbb32c0|CompId 2263   |UTC 2026-09-22T18:08:12.572|Src n/a
[engine] opt deopt  engine=1  id=21    lambda sc, x, ds1                                  |Invalidated  true|                                                                                                            |UTC 2026-09-22T18:08:12.590|Src n/a|Reason uncommon trap
[engine] opt deopt  engine=1  id=21    lambda sc, x, ds1                                  |Invalidated  true|                                                                                                            |UTC 2026-09-22T18:08:12.591|Src n/a|Reason uncommon trap
[engine] opt done   engine=1  id=21    lambda sc, x, ds1                                  |Tier 2|Time   427( 194+233 )ms|AST  772|Inlined   9Y  21N|IR   6131/ 12755|CodeSize   56636|Addr 0x00012fbcf140|CompId 2389   |UTC 2026-09-22T18:08:13.019|Src n/a
[engine] opt done   engine=1  id=22    lambda ww, ds2                                     |Tier 2|Time   131(  46+85  )ms|AST  327|Inlined   6Y   8N|IR   2722/  7094|CodeSize   29388|Addr 0x00012fbeef40|CompId 2462   |UTC 2026-09-22T18:08:13.171|Src n/a
[engine] opt done   engine=1  id=17    lambda def, ww, ds1                                |Tier 2|Time    20(   8+12  )ms|AST  167|Inlined   2Y   0N|IR    754/  1274|CodeSize    5992|Addr 0x00012fbfbe80|CompId 2497   |UTC 2026-09-22T18:08:13.217|Src n/a
[engine] opt done   engine=1  id=35    argument thunk                                     |Tier 2|Time   313( 193+121 )ms|AST  104|Inlined   8Y  14N|IR   4781/  9644|CodeSize   39864|Addr 0x00012fc04c40|CompId 2506   |UTC 2026-09-22T18:08:13.540|Src n/a
[engine] opt done   engine=1  id=18    lambda ww, ds                                      |Tier 2|Time   434( 105+329 )ms|AST  181|Inlined  15Y  17N|IR   5977/ 13351|CodeSize   59584|Addr 0x00012fc12280|CompId 2525   |UTC 2026-09-22T18:08:13.988|Src n/a
[engine] opt done   engine=1  id=36    lambda x, v                                        |Tier 2|Time   340( 217+123 )ms|AST  139|Inlined  10Y  14N|IR   3891/  9562|CodeSize   43232|Addr 0x00012fc21b00|CompId 2531   |UTC 2026-09-22T18:08:14.336|Src n/a
[engine] opt done   engine=1  id=26    lambda x, ww                                       |Tier 2|Time   137(  53+84  )ms|AST  266|Inlined  18Y   0N|IR   3878/  6166|CodeSize   29092|Addr 0x00012fc2d9c0|CompId 2548   |UTC 2026-09-22T18:08:14.483|Src n/a
[engine] opt done   engine=1  id=10    lambda k, x, l, r                                  |Tier 2|Time    21(   7+13  )ms|AST 2557|Inlined   0Y   0N|IR    788/  1552|CodeSize    6316|Addr 0x00012fc35380|CompId 2552   |UTC 2026-09-22T18:08:14.513|Src n/a
[engine] opt done   engine=1  id=30    argument thunk                                     |Tier 2|Time   144(  45+99  )ms|AST  103|Inlined   7Y   8N|IR   2855/  7433|CodeSize   30108|Addr 0x00012fc37200|CompId 2553   |UTC 2026-09-22T18:08:14.658|Src n/a
[engine] opt done   engine=1  id=31    lambda x, v                                        |Tier 2|Time   630( 204+426 )ms|AST  141|Inlined  24Y  30N|IR   8754/ 21335|CodeSize   94932|Addr 0x00012fc3efc0|CompId 2569   |UTC 2026-09-22T18:08:15.294|Src n/a
[engine] opt done   engine=1  id=15    lambda k, x, l, r                                  |Tier 2|Time   520( 170+350 )ms|AST 2559|Inlined  11Y  21N|IR   7602/ 15952|CodeSize   66496|Addr 0x00012fc57740|CompId 2573   |UTC 2026-09-22T18:08:15.860|Src n/a
[engine] opt done   engine=1  id=40    lambda n                                           |Tier 2|Time   225( 221+4   )ms|AST   42|Inlined   2Y   1N|IR    178/   763|CodeSize    3112|Addr 0x00012fc69a00|CompId 2613   |UTC 2026-09-22T18:08:16.694|Src n/a
PHASE WARM BEGIN
PHASE WARM END calls=5120 elapsedNs=15059604958 checksum=288670311360
PHASE MEASURE 1 BEGIN
PHASE MEASURE 1 END
PHASE MEASURE 2 BEGIN
PHASE MEASURE 2 END
PHASE MEASURE 3 BEGIN
PHASE MEASURE 3 END
PHASE MEASURE 4 BEGIN
PHASE MEASURE 4 END
PHASE MEASURE 5 BEGIN
PHASE MEASURE 5 END
PHASE VERIFY BEGIN
PHASE VERIFY END guestLastTierInstalled=true
diagnostics={"instrumented":false,"thunkEvaluationsByLabel":{},"compiledEntries":0,"thunkEvaluations":0,"thunkHits":0,"blackholes":0,"directCacheMisses":0,"indirectCalls":0,"tailBounces":0,"papAllocations":0,"unsupportedPolicy":"diagnostic-traps","deferredUnsupported":["Unsupported constructor representation unboxed-tuple: ghc-internal:GHC.Internal.Types.(#,#)","Unresolved external binding ghc-internal:GHC.Internal.Stack.withFrozenCallStack1","Unresolved external binding ghc-internal:GHC.Internal.Exception.Backtrace.collectExceptionAnnotationMechanismRef"],"unsupportedTraps":0,"frames":"indexed primitive slots; selective StaticShape captures","stackPolicy":"tail-safe; non-tail calls and nested thunk forcing use host stack","threadPolicy":"single guest thread"}
