WARNING: A terminally deprecated method in sun.misc.Unsafe has been called
WARNING: sun.misc.Unsafe::objectFieldOffset has been called by com.oracle.truffle.runtime.hotspot.HotSpotTruffleRuntime (file:/Users/ekmett/thc/build/install/thc/lib/truffle-runtime-25.3.4.1.jar)
WARNING: Please consider reporting this to the maintainers of class com.oracle.truffle.runtime.hotspot.HotSpotTruffleRuntime
WARNING: sun.misc.Unsafe::objectFieldOffset will be removed in a future release
[To redirect Truffle log output to a file use one of the following options:
* '--log.file=<path>' if the option is passed using a guest language launcher.
* '-Dpolyglot.log.file=<path>' if the option is passed using the host Java launcher.
* Configure logging using the polyglot embedding API.]
Dumping IGV graphs in /Users/ekmett/thc/work/graphs/cadenza-data-caseList
[engine] opt done   engine=1  id=4     lambda n                                           |Tier 2|Time    86(  40+46  )ms|AST   58|Inlined   0Y   0N|IR    167/   279|CodeSize    1396|Addr 0x0001197a1280|CompId 2038   |UTC 2026-09-22T14:57:32.298|Src n/a
Dumping IGV graphs in /Users/ekmett/thc/work/graphs/cadenza-data-caseList
[engine] opt done   engine=1  id=2     lambda n, xs, acc                                  |Tier 2|Time   725(  73+652 )ms|AST  154|Inlined   8Y   0N|IR   1873/  2488|CodeSize   12252|Addr 0x0001197ad040|CompId 2139   |UTC 2026-09-22T14:57:33.026|Src n/a
Dumping IGV graphs in /Users/ekmett/thc/work/graphs/cadenza-data-caseList
[engine] opt done   engine=1  id=6     lambda n                                           |Tier 2|Time   802(  75+727 )ms|AST   53|Inlined   9Y   0N|IR   1911/  2802|CodeSize   12704|Addr 0x0001197b8300|CompId 2251   |UTC 2026-09-22T14:57:33.833|Src n/a
PHASE WARM BEGIN
[engine] opt done   engine=1  id=39    org.graalvm.polyglot.Value<EntryValue>.execute     |Tier 2|Time  1333(  81+1251)ms|AST   10|Inlined  11Y   0N|IR   2202/  3712|CodeSize   14996|Addr 0x0001197c78c0|CompId 2408   |UTC 2026-09-22T14:57:35.196|Src n/a
PHASE WARM END calls=8911360 elapsedNs=10000149125 checksum=52064620800
PHASE MEASURE 1 BEGIN
PHASE MEASURE 1 END
PHASE VERIFY BEGIN
PHASE VERIFY END guestLastTierInstalled=true
diagnostics={"instrumented":false,"thunkEvaluationsByLabel":{},"compiledEntries":0,"thunkEvaluations":0,"thunkHits":0,"blackholes":0,"directCacheMisses":0,"indirectCalls":0,"tailBounces":0,"papAllocations":0,"frames":"indexed primitive slots; selective StaticShape captures","stackPolicy":"tail-safe; non-tail calls and nested thunk forcing use host stack","threadPolicy":"single guest thread"}
