WARNING: A terminally deprecated method in sun.misc.Unsafe has been called
WARNING: sun.misc.Unsafe::objectFieldOffset has been called by com.oracle.truffle.runtime.hotspot.HotSpotTruffleRuntime (file:/Users/ekmett/thc/build/install/thc/lib/truffle-runtime-25.3.4.1.jar)
WARNING: Please consider reporting this to the maintainers of class com.oracle.truffle.runtime.hotspot.HotSpotTruffleRuntime
WARNING: sun.misc.Unsafe::objectFieldOffset will be removed in a future release
[To redirect Truffle log output to a file use one of the following options:
* '--log.file=<path>' if the option is passed using a guest language launcher.
* '-Dpolyglot.log.file=<path>' if the option is passed using the host Java launcher.
* Configure logging using the polyglot embedding API.]
Dumping IGV graphs in /Users/ekmett/thc/work/graphs/cadenza-data-capturedChangingEnv
[engine] opt done   engine=1  id=4     lambda ds                                          |Tier 2|Time   532(  95+437 )ms|AST  130|Inlined   6Y   0N|IR   1578/  2019|CodeSize    9256|Addr 0x000137b7ba80|CompId 2018   |UTC 2026-09-22T14:57:19.055|Src n/a
Dumping IGV graphs in /Users/ekmett/thc/work/graphs/cadenza-data-capturedChangingEnv
[engine] opt done   engine=1  id=7     lambda n                                           |Tier 2|Time  1025(  80+946 )ms|AST   68|Inlined  10Y   0N|IR   1936/  3234|CodeSize   13028|Addr 0x000137b8d040|CompId 2190   |UTC 2026-09-22T14:57:20.088|Src n/a
PHASE WARM BEGIN
Dumping IGV graphs in /Users/ekmett/thc/work/graphs/cadenza-data-capturedChangingEnv
[engine] opt done   engine=1  id=40    org.graalvm.polyglot.Value<EntryValue>.execute     |Tier 2|Time  1628( 102+1526)ms|AST   10|Inlined  12Y   0N|IR   2233/  4510|CodeSize   17404|Addr 0x000137b97a00|CompId 2327   |UTC 2026-09-22T14:57:21.742|Src n/a
PHASE WARM END calls=10305536 elapsedNs=10000272042 checksum=1283039232
PHASE MEASURE 1 BEGIN
PHASE MEASURE 1 END
PHASE VERIFY BEGIN
PHASE VERIFY END guestLastTierInstalled=true
diagnostics={"instrumented":false,"thunkEvaluationsByLabel":{},"compiledEntries":0,"thunkEvaluations":0,"thunkHits":0,"blackholes":0,"directCacheMisses":0,"indirectCalls":0,"tailBounces":0,"papAllocations":0,"frames":"indexed primitive slots; selective StaticShape captures","stackPolicy":"tail-safe; non-tail calls and nested thunk forcing use host stack","threadPolicy":"single guest thread"}
