WARNING: A terminally deprecated method in sun.misc.Unsafe has been called
WARNING: sun.misc.Unsafe::objectFieldOffset has been called by com.oracle.truffle.runtime.hotspot.HotSpotTruffleRuntime (file:/Users/ekmett/thc/work/source-notes-v1/lib/truffle-runtime-25.3.4.1.jar)
WARNING: Please consider reporting this to the maintainers of class com.oracle.truffle.runtime.hotspot.HotSpotTruffleRuntime
WARNING: sun.misc.Unsafe::objectFieldOffset will be removed in a future release
[To redirect Truffle log output to a file use one of the following options:
* '--log.file=<path>' if the option is passed using a guest language launcher.
* '-Dpolyglot.log.file=<path>' if the option is passed using the host Java launcher.
* Configure logging using the polyglot embedding API.]
[engine] opt done   engine=1  id=21    lambda sc, x, ds1                                  |Tier 2|Time   522( 424+98  )ms|AST  807|Inlined   4Y  31N|IR   6138/ 10627|CodeSize   52612|Addr 0x000137be4080|CompId 2543   |UTC 2026-09-23T03:23:14.544|Src n/a
[engine] opt deopt  engine=1  id=21    lambda sc, x, ds1                                  |Invalidated  true|                                                                                                            |UTC 2026-09-23T03:23:14.564|Src n/a|Reason uncommon trap
[engine] opt done   engine=1  id=21    lambda sc, x, ds1                                  |Tier 2|Time   501( 390+111 )ms|AST  807|Inlined   4Y  31N|IR   6504/ 12073|CodeSize   59336|Addr 0x000137c03640|CompId 2677   |UTC 2026-09-23T03:23:15.067|Src n/a
[engine] opt done   engine=1  id=22    lambda ww, ds2                                     |Tier 2|Time   271( 255+16  )ms|AST  340|Inlined   0Y  10N|IR   1250/  2366|CodeSize   11024|Addr 0x000137c1e040|CompId 2742   |UTC 2026-09-23T03:23:15.356|Src n/a
[engine] opt done   engine=1  id=17    lambda def, ww, ds1                                |Tier 2|Time    59(  16+43  )ms|AST  178|Inlined   2Y   0N|IR   1869/  3368|CodeSize   15628|Addr 0x000137c2b940|CompId 2818   |UTC 2026-09-23T03:23:15.444|Src n/a
[engine] opt done   engine=1  id=23    argument thunk                                     |Tier 2|Time   300( 295+5   )ms|AST  106|Inlined   0Y   5N|IR    277/  1059|CodeSize    4464|Addr 0x000137c36cc0|CompId 2826   |UTC 2026-09-23T03:23:15.752|Src n/a
[engine] opt done   engine=1  id=18    lambda ww, ds                                      |Tier 2|Time   210( 178+32  )ms|AST  192|Inlined   0Y  10N|IR   1791/  3613|CodeSize   18108|Addr 0x000137c400c0|CompId 2845   |UTC 2026-09-23T03:23:15.978|Src n/a
[engine] opt done   engine=1  id=27    lambda ww                                          |Tier 2|Time  2009( 466+1543)ms|AST  959|Inlined   5Y  35N|IR  16492/ 29403|CodeSize  163656|Addr 0x000137c45500|CompId 2857   |UTC 2026-09-23T03:23:17.995|Src n/a
[engine] opt done   engine=1  id=25    argument thunk                                     |Tier 2|Time   247( 242+5   )ms|AST  105|Inlined   0Y   5N|IR    301/  1099|CodeSize    4732|Addr 0x000137c73600|CompId 2867   |UTC 2026-09-23T03:23:18.276|Src n/a
[engine] opt done   engine=1  id=15    lambda k, x, l, r                                  |Tier 2|Time   350( 311+39  )ms|AST 2592|Inlined   0Y   5N|IR   2399/  4308|CodeSize   24704|Addr 0x000137c74fc0|CompId 2873   |UTC 2026-09-23T03:23:18.654|Src n/a
[engine] opt done   engine=1  id=20    argument thunk                                     |Tier 2|Time   275( 269+6   )ms|AST   46|Inlined   0Y   5N|IR    373/  1231|CodeSize    5268|Addr 0x000137c7c0c0|CompId 2877   |UTC 2026-09-23T03:23:18.940|Src n/a
[engine] opt done   engine=1  id=10    lambda k, x, l, r                                  |Tier 2|Time    49(  31+18  )ms|AST 2590|Inlined   0Y   0N|IR   1928/  1708|CodeSize    6592|Addr 0x000137c7dcc0|CompId 2890   |UTC 2026-09-23T03:23:19.544|Src n/a
[engine] opt done   engine=1  id=30    lambda n                                           |Tier 2|Time   359( 356+2   )ms|AST   44|Inlined   0Y   5N|IR    168/   315|CodeSize    1444|Addr 0x000137c839c0|CompId 2915   |UTC 2026-09-23T03:23:20.366|Src n/a
PHASE WARM BEGIN
[engine] opt done   engine=1  id=95    org.graalvm.polyglot.Value<EntryValue>.execute     |Tier 2|Time   489( 480+9   )ms|AST   10|Inlined   1Y   1N|IR    334/   811|CodeSize    4444|Addr 0x000137c8e0c0|CompId 3000   |UTC 2026-09-23T03:23:57.009|Src n/a
[engine] opt done   engine=1  id=29    lambda ww                                          |Tier 2|Time   504( 501+4   )ms|AST   92|Inlined   0Y   5N|IR    178/   325|CodeSize    1420|Addr 0x000137c8f840|CompId 3006   |UTC 2026-09-23T03:23:57.518|Src n/a
[engine] opt done   engine=1  id=24    argument thunk                                     |Tier 2|Time   372( 366+6   )ms|AST  106|Inlined   0Y   5N|IR    277/  1059|CodeSize    4460|Addr 0x000137c900c0|CompId 3012   |UTC 2026-09-23T03:23:57.898|Src n/a
[engine] opt done   engine=1  id=26    argument thunk                                     |Tier 2|Time   311( 305+5   )ms|AST  105|Inlined   0Y   5N|IR    301/  1099|CodeSize    4736|Addr 0x000137c91a40|CompId 3016   |UTC 2026-09-23T03:23:58.212|Src n/a
PHASE WARM END calls=12032 elapsedNs=48908949167 checksum=678375231696
PHASE MEASURE 1 BEGIN
PHASE MEASURE 1 END
PHASE MEASURE 2 BEGIN
PHASE MEASURE 2 END
PHASE MEASURE 3 BEGIN
PHASE MEASURE 3 END
PHASE MEASURE 4 BEGIN
PHASE MEASURE 4 END
PHASE MEASURE 5 BEGIN
PHASE MEASURE 5 END
PHASE VERIFY BEGIN
PHASE VERIFY END guestLastTierInstalled=true
diagnostics={"backend":"ast","sourceNotesEnabled":false,"sourceSpanCount":0,"sourceRootCount":0,"instrumented":false,"thunkEvaluationsByLabel":{},"compiledEntries":0,"thunkEvaluations":0,"thunkHits":0,"blackholes":0,"directCacheMisses":0,"indirectCalls":0,"tailBounces":0,"papAllocations":0,"localJoinTransfers":0,"selfTailReentries":0,"trampolineIterations":0,"unsupportedPolicy":"diagnostic-traps","deferredUnsupported":["Unsupported constructor representation unboxed-tuple: ghc-internal:GHC.Internal.Types.(#,#)","Unresolved external binding ghc-internal:GHC.Internal.Stack.withFrozenCallStack1","Unresolved external binding ghc-internal:GHC.Internal.Exception.Backtrace.collectExceptionAnnotationMechanismRef","Unsupported primitive readMutVar#"],"unsupportedTraps":0,"frames":"indexed primitive slots; selective StaticShape captures","stackPolicy":"tail-safe; non-tail calls and nested thunk forcing use host stack","threadPolicy":"single guest thread"}
