WARNING: A terminally deprecated method in sun.misc.Unsafe has been called
WARNING: sun.misc.Unsafe::objectFieldOffset has been called by com.oracle.truffle.runtime.hotspot.HotSpotTruffleRuntime (file:/Users/ekmett/thc/work/source-notes-v1/lib/truffle-runtime-25.3.4.1.jar)
WARNING: Please consider reporting this to the maintainers of class com.oracle.truffle.runtime.hotspot.HotSpotTruffleRuntime
WARNING: sun.misc.Unsafe::objectFieldOffset will be removed in a future release
[To redirect Truffle log output to a file use one of the following options:
* '--log.file=<path>' if the option is passed using a guest language launcher.
* '-Dpolyglot.log.file=<path>' if the option is passed using the host Java launcher.
* Configure logging using the polyglot embedding API.]
[engine] opt done   engine=1  id=21    lambda sc, x, ds1                                  |Tier 2|Time   536( 436+100 )ms|AST  807|Inlined   4Y  31N|IR   6138/ 10627|CodeSize   52544|Addr 0x00011d817e40|CompId 2462   |UTC 2026-09-23T03:27:06.288|Src n/a
[engine] opt deopt  engine=1  id=21    lambda sc, x, ds1                                  |Invalidated  true|                                                                                                            |UTC 2026-09-23T03:27:06.308|Src n/a|Reason uncommon trap
[engine] opt done   engine=1  id=21    lambda sc, x, ds1                                  |Tier 2|Time   508( 398+111 )ms|AST  807|Inlined   4Y  31N|IR   6504/ 12073|CodeSize   59224|Addr 0x00011d835740|CompId 2593   |UTC 2026-09-23T03:27:06.818|Src n/a
[engine] opt done   engine=1  id=22    lambda ww, ds2                                     |Tier 2|Time   269( 252+16  )ms|AST  340|Inlined   0Y  10N|IR   1250/  2366|CodeSize   11016|Addr 0x00011d852f00|CompId 2658   |UTC 2026-09-23T03:27:07.105|Src n/a
[engine] opt done   engine=1  id=17    lambda def, ww, ds1                                |Tier 2|Time    60(  16+43  )ms|AST  178|Inlined   2Y   0N|IR   1869/  3368|CodeSize   15624|Addr 0x00011d860900|CompId 2736   |UTC 2026-09-23T03:27:07.199|Src n/a
[engine] opt done   engine=1  id=23    argument thunk                                     |Tier 2|Time   307( 302+5   )ms|AST  106|Inlined   0Y   5N|IR    277/  1059|CodeSize    4464|Addr 0x00011d86da80|CompId 2747   |UTC 2026-09-23T03:27:07.515|Src n/a
[engine] opt done   engine=1  id=18    lambda ww, ds                                      |Tier 2|Time   209( 176+33  )ms|AST  192|Inlined   0Y  10N|IR   1791/  3613|CodeSize   18052|Addr 0x00011d873d80|CompId 2762   |UTC 2026-09-23T03:27:07.738|Src n/a
[engine] opt done   engine=1  id=27    lambda ww                                          |Tier 2|Time  1992( 469+1523)ms|AST  959|Inlined   5Y  35N|IR  16492/ 29403|CodeSize  163112|Addr 0x00011d879800|CompId 2774   |UTC 2026-09-23T03:27:09.737|Src n/a
[engine] opt done   engine=1  id=25    argument thunk                                     |Tier 2|Time   247( 241+6   )ms|AST  105|Inlined   0Y   5N|IR    301/  1099|CodeSize    4732|Addr 0x00011d8a5580|CompId 2781   |UTC 2026-09-23T03:27:10.016|Src n/a
[engine] opt done   engine=1  id=15    lambda k, x, l, r                                  |Tier 2|Time   361( 320+41  )ms|AST 2592|Inlined   0Y   5N|IR   2399/  4308|CodeSize   24688|Addr 0x00011d8a6f40|CompId 2787   |UTC 2026-09-23T03:27:10.403|Src n/a
[engine] opt done   engine=1  id=20    argument thunk                                     |Tier 2|Time   270( 265+6   )ms|AST   46|Inlined   0Y   5N|IR    373/  1231|CodeSize    5268|Addr 0x00011d8ad6c0|CompId 2790   |UTC 2026-09-23T03:27:10.685|Src n/a
[engine] opt done   engine=1  id=10    lambda k, x, l, r                                  |Tier 2|Time    46(  29+17  )ms|AST 2590|Inlined   0Y   0N|IR   1928/  1708|CodeSize    6584|Addr 0x00011d8af7c0|CompId 2804   |UTC 2026-09-23T03:27:11.236|Src n/a
[engine] opt done   engine=1  id=30    lambda n                                           |Tier 2|Time   390( 388+2   )ms|AST   44|Inlined   0Y   5N|IR    168/   315|CodeSize    1444|Addr 0x00011d8b5fc0|CompId 2829   |UTC 2026-09-23T03:27:11.979|Src n/a
PHASE WARM BEGIN
[engine] opt done   engine=1  id=95    org.graalvm.polyglot.Value<EntryValue>.execute     |Tier 2|Time   422( 413+8   )ms|AST   10|Inlined   1Y   1N|IR    334/   811|CodeSize    4428|Addr 0x00011d8c00c0|CompId 2909   |UTC 2026-09-23T03:27:52.147|Src n/a
[engine] opt done   engine=1  id=29    lambda ww                                          |Tier 2|Time   441( 438+3   )ms|AST   92|Inlined   0Y   5N|IR    178/   325|CodeSize    1420|Addr 0x00011d8c1840|CompId 2914   |UTC 2026-09-23T03:27:52.593|Src n/a
[engine] opt done   engine=1  id=24    argument thunk                                     |Tier 2|Time   330( 324+6   )ms|AST  106|Inlined   0Y   5N|IR    277/  1059|CodeSize    4460|Addr 0x00011d8c20c0|CompId 2920   |UTC 2026-09-23T03:27:52.928|Src n/a
[engine] opt done   engine=1  id=26    argument thunk                                     |Tier 2|Time   288( 283+5   )ms|AST  105|Inlined   0Y   5N|IR    301/  1099|CodeSize    4736|Addr 0x00011d8c3840|CompId 2923   |UTC 2026-09-23T03:27:53.219|Src n/a
PHASE WARM END calls=12032 elapsedNs=49241479250 checksum=678375231696
PHASE MEASURE 1 BEGIN
PHASE MEASURE 1 END
PHASE MEASURE 2 BEGIN
PHASE MEASURE 2 END
PHASE MEASURE 3 BEGIN
PHASE MEASURE 3 END
PHASE MEASURE 4 BEGIN
PHASE MEASURE 4 END
PHASE MEASURE 5 BEGIN
PHASE MEASURE 5 END
PHASE VERIFY BEGIN
PHASE VERIFY END guestLastTierInstalled=true
diagnostics={"backend":"ast","sourceNotesEnabled":false,"sourceSpanCount":0,"sourceRootCount":0,"instrumented":false,"thunkEvaluationsByLabel":{},"compiledEntries":0,"thunkEvaluations":0,"thunkHits":0,"blackholes":0,"directCacheMisses":0,"indirectCalls":0,"tailBounces":0,"papAllocations":0,"localJoinTransfers":0,"selfTailReentries":0,"trampolineIterations":0,"unsupportedPolicy":"diagnostic-traps","deferredUnsupported":["Unsupported constructor representation unboxed-tuple: ghc-internal:GHC.Internal.Types.(#,#)","Unresolved external binding ghc-internal:GHC.Internal.Stack.withFrozenCallStack1","Unresolved external binding ghc-internal:GHC.Internal.Exception.Backtrace.collectExceptionAnnotationMechanismRef","Unsupported primitive readMutVar#"],"unsupportedTraps":0,"frames":"indexed primitive slots; selective StaticShape captures","stackPolicy":"tail-safe; non-tail calls and nested thunk forcing use host stack","threadPolicy":"single guest thread"}
