WARNING: A terminally deprecated method in sun.misc.Unsafe has been called
WARNING: sun.misc.Unsafe::objectFieldOffset has been called by com.oracle.truffle.runtime.hotspot.HotSpotTruffleRuntime (file:/Users/ekmett/thc/work/source-notes-v1/lib/truffle-runtime-25.3.4.1.jar)
WARNING: Please consider reporting this to the maintainers of class com.oracle.truffle.runtime.hotspot.HotSpotTruffleRuntime
WARNING: sun.misc.Unsafe::objectFieldOffset will be removed in a future release
[To redirect Truffle log output to a file use one of the following options:
* '--log.file=<path>' if the option is passed using a guest language launcher.
* '-Dpolyglot.log.file=<path>' if the option is passed using the host Java launcher.
* Configure logging using the polyglot embedding API.]
[engine] opt done   engine=1  id=21    lambda sc, x, ds1                                  |Tier 2|Time   529( 431+98  )ms|AST  807|Inlined   4Y  31N|IR   6138/ 10627|CodeSize   52524|Addr 0x00012fbeca40|CompId 2529   |UTC 2026-09-23T03:24:25.726|Src /Users/ekmett/thc/vendor/containers-0.8/src/Data/Map/Strict/Internal.hs:497 0x4966423c
[engine] opt deopt  engine=1  id=21    lambda sc, x, ds1                                  |Invalidated  true|                                                                                                            |UTC 2026-09-23T03:24:25.748|Src /Users/ekmett/thc/vendor/containers-0.8/src/Data/Map/Strict/Internal.hs:497 0x4966423c|Reason uncommon trap
[engine] opt done   engine=1  id=21    lambda sc, x, ds1                                  |Tier 2|Time   534( 423+112 )ms|AST  807|Inlined   4Y  31N|IR   6504/ 12073|CodeSize   59296|Addr 0x00012fc0b240|CompId 2654   |UTC 2026-09-23T03:24:26.284|Src /Users/ekmett/thc/vendor/containers-0.8/src/Data/Map/Strict/Internal.hs:497 0x4966423c
[engine] opt done   engine=1  id=22    lambda ww, ds2                                     |Tier 2|Time   270( 254+16  )ms|AST  340|Inlined   0Y  10N|IR   1250/  2366|CodeSize   11024|Addr 0x00012fc2bdc0|CompId 2725   |UTC 2026-09-23T03:24:26.575|Src /Users/ekmett/thc/vendor/containers-0.8/src/Data/Map/Strict/Internal.hs:649 0x4966423c
[engine] opt done   engine=1  id=17    lambda def, ww, ds1                                |Tier 2|Time    61(  17+43  )ms|AST  178|Inlined   2Y   0N|IR   1869/  3368|CodeSize   15624|Addr 0x00012fc3e280|CompId 2802   |UTC 2026-09-23T03:24:26.666|Src /Users/ekmett/thc/vendor/containers-0.8/src/Data/Map/Internal.hs:649 0xfda568ac
[engine] opt done   engine=1  id=23    argument thunk                                     |Tier 2|Time   313( 308+5   )ms|AST  106|Inlined   0Y   5N|IR    277/  1059|CodeSize    4460|Addr 0x00012fc486c0|CompId 2819   |UTC 2026-09-23T03:24:26.988|Src /Users/ekmett/thc/vendor/containers-0.8/src/Data/Map/Strict/Internal.hs:494 0x4966423c
[engine] opt done   engine=1  id=18    lambda ww, ds                                      |Tier 2|Time   212( 179+33  )ms|AST  192|Inlined   0Y  10N|IR   1791/  3613|CodeSize   18052|Addr 0x00012fc53000|CompId 2840   |UTC 2026-09-23T03:24:27.216|Src /Users/ekmett/thc/vendor/containers-0.8/src/Data/Map/Internal.hs:3426 0xfda568ac
[engine] opt done   engine=1  id=27    lambda ww                                          |Tier 2|Time  2097( 502+1595)ms|AST  959|Inlined   5Y  35N|IR  16492/ 29403|CodeSize  163112|Addr 0x00012fc57c40|CompId 2850   |UTC 2026-09-23T03:24:29.320|Src n/a
[engine] opt done   engine=1  id=25    argument thunk                                     |Tier 2|Time   270( 265+5   )ms|AST  105|Inlined   0Y   5N|IR    301/  1099|CodeSize    4744|Addr 0x00012fc84e00|CompId 2859   |UTC 2026-09-23T03:24:29.626|Src /Users/ekmett/thc/vendor/containers-0.8/src/Data/Map/Strict/Internal.hs:646 0x4966423c
[engine] opt done   engine=1  id=15    lambda k, x, l, r                                  |Tier 2|Time   352( 313+39  )ms|AST 2592|Inlined   0Y   5N|IR   2399/  4308|CodeSize   24688|Addr 0x00012fc865c0|CompId 2865   |UTC 2026-09-23T03:24:30.003|Src /Users/ekmett/thc/vendor/containers-0.8/src/Data/Map/Internal.hs:4302 0xfda568ac
[engine] opt done   engine=1  id=20    argument thunk                                     |Tier 2|Time   284( 274+10  )ms|AST   46|Inlined   0Y   5N|IR    373/  1231|CodeSize    5268|Addr 0x00012fc8d680|CompId 2870   |UTC 2026-09-23T03:24:30.299|Src /Users/ekmett/thc/vendor/containers-0.8/src/Data/Map/Strict/Internal.hs:501 0x4966423c
[engine] opt done   engine=1  id=10    lambda k, x, l, r                                  |Tier 2|Time    47(  30+17  )ms|AST 2590|Inlined   0Y   0N|IR   1928/  1708|CodeSize    6584|Addr 0x00012fc8f640|CompId 2889   |UTC 2026-09-23T03:24:30.752|Src /Users/ekmett/thc/vendor/containers-0.8/src/Data/Map/Internal.hs:4272 0xfda568ac
[engine] opt done   engine=1  id=30    lambda n                                           |Tier 2|Time   372( 370+2   )ms|AST   44|Inlined   0Y   5N|IR    168/   315|CodeSize    1440|Addr 0x00012fc92f40|CompId 2907   |UTC 2026-09-23T03:24:31.437|Src examples/THC/MapWorkload.hs:30 0xd633756a
PHASE WARM BEGIN
[engine] opt done   engine=1  id=95    org.graalvm.polyglot.Value<EntryValue>.execute     |Tier 2|Time   513( 505+9   )ms|AST   10|Inlined   1Y   1N|IR    334/   811|CodeSize    4428|Addr 0x00012fc9d840|CompId 2988   |UTC 2026-09-23T03:25:12.097|Src n/a
[engine] opt done   engine=1  id=29    lambda ww                                          |Tier 2|Time   515( 511+4   )ms|AST   92|Inlined   0Y   5N|IR    178/   325|CodeSize    1424|Addr 0x00012fc9f3c0|CompId 2998   |UTC 2026-09-23T03:25:12.616|Src examples/THC/MapWorkload.hs:14 0xd633756a
[engine] opt done   engine=1  id=24    argument thunk                                     |Tier 2|Time   386( 379+7   )ms|AST  106|Inlined   0Y   5N|IR    277/  1059|CodeSize    4456|Addr 0x00012fc9fc40|CompId 3005   |UTC 2026-09-23T03:25:13.009|Src examples/THC/MapWorkload.hs:16 0xd633756a
[engine] opt done   engine=1  id=26    argument thunk                                     |Tier 2|Time   326( 321+5   )ms|AST  105|Inlined   0Y   5N|IR    301/  1099|CodeSize    4744|Addr 0x00012fca13c0|CompId 3010   |UTC 2026-09-23T03:25:13.338|Src /Users/ekmett/thc/vendor/containers-0.8/src/Data/Map/Strict/Internal.hs:646 0x4966423c
PHASE WARM END calls=12032 elapsedNs=50402076459 checksum=678375231696
PHASE MEASURE 1 BEGIN
PHASE MEASURE 1 END
PHASE MEASURE 2 BEGIN
PHASE MEASURE 2 END
PHASE MEASURE 3 BEGIN
PHASE MEASURE 3 END
PHASE MEASURE 4 BEGIN
PHASE MEASURE 4 END
PHASE MEASURE 5 BEGIN
PHASE MEASURE 5 END
PHASE VERIFY BEGIN
PHASE VERIFY END guestLastTierInstalled=true
diagnostics={"backend":"ast","sourceNotesEnabled":true,"sourceSpanCount":8656,"sourceRootCount":19,"instrumented":false,"thunkEvaluationsByLabel":{},"compiledEntries":0,"thunkEvaluations":0,"thunkHits":0,"blackholes":0,"directCacheMisses":0,"indirectCalls":0,"tailBounces":0,"papAllocations":0,"localJoinTransfers":0,"selfTailReentries":0,"trampolineIterations":0,"unsupportedPolicy":"diagnostic-traps","deferredUnsupported":["Unsupported constructor representation unboxed-tuple: ghc-internal:GHC.Internal.Types.(#,#)","Unresolved external binding ghc-internal:GHC.Internal.Stack.withFrozenCallStack1","Unresolved external binding ghc-internal:GHC.Internal.Exception.Backtrace.collectExceptionAnnotationMechanismRef","Unsupported primitive readMutVar#"],"unsupportedTraps":0,"frames":"indexed primitive slots; selective StaticShape captures","stackPolicy":"tail-safe; non-tail calls and nested thunk forcing use host stack","threadPolicy":"single guest thread"}
