WARNING: A terminally deprecated method in sun.misc.Unsafe has been called
WARNING: sun.misc.Unsafe::objectFieldOffset has been called by com.oracle.truffle.runtime.hotspot.HotSpotTruffleRuntime (file:/home/ekmett/thc-benchmarks/2026-09-23-083914/sources/combined-v1/lib/truffle-runtime-25.3.4.1.jar)
WARNING: Please consider reporting this to the maintainers of class com.oracle.truffle.runtime.hotspot.HotSpotTruffleRuntime
WARNING: sun.misc.Unsafe::objectFieldOffset will be removed in a future release
[To redirect Truffle log output to a file use one of the following options:
* '--log.file=<path>' if the option is passed using a guest language launcher.
* '-Dpolyglot.log.file=<path>' if the option is passed using the host Java launcher.
* Configure logging using the polyglot embedding API.]
[engine] opt done   engine=1  id=21    lambda sc, x, ds1                                  |Tier 2|Time   992( 664+328 )ms|AST    2|Inlined  31Y  66N|IR   5838/ 14330|CodeSize   80121|Addr 0x71baaa37ce00|CompId 3096   |UTC 2026-09-23T08:49:44.601|Src /Users/ekmett/thc/vendor/containers-0.8/src/Data/Map/Strict/Internal.hs:497 0x4966423c
[engine] opt done   engine=1  id=17    lambda def, ww, ds1                                |Tier 2|Time    40(  34+6   )ms|AST    2|Inlined   1Y   0N|IR    280/   461|CodeSize    2222|Addr 0x71baaa39f700|CompId 3219   |UTC 2026-09-23T08:49:44.703|Src /Users/ekmett/thc/vendor/containers-0.8/src/Data/Map/Internal.hs:649 0xfda568ac
[engine] opt done   engine=1  id=22    lambda ww, ds2                                     |Tier 2|Time   189( 116+73  )ms|AST    2|Inlined  14Y  16N|IR   1973/  4972|CodeSize   28684|Addr 0x71baaa3b1800|CompId 3234   |UTC 2026-09-23T08:49:44.932|Src /Users/ekmett/thc/vendor/containers-0.8/src/Data/Map/Strict/Internal.hs:649 0x4966423c
[engine] opt done   engine=1  id=18    lambda ww, ds                                      |Tier 2|Time   103(  65+38  )ms|AST    2|Inlined   5Y   1N|IR    882/  1244|CodeSize    5471|Addr 0x71baaa3b9100|CompId 3255   |UTC 2026-09-23T08:49:45.039|Src /Users/ekmett/thc/vendor/containers-0.8/src/Data/Map/Internal.hs:3426 0xfda568ac
[engine] opt done   engine=1  id=23    lambda ww                                          |Tier 2|Time  1363( 726+637 )ms|AST    2|Inlined  48Y  82N|IR   8423/ 26421|CodeSize  165284|Addr 0x71baaa3bb500|CompId 3258   |UTC 2026-09-23T08:49:46.410|Src n/a
[engine] opt inval. engine=1  id=23    lambda ww                                                                                                                                                                         |UTC 2026-09-23T08:49:46.429|Src n/a|Reason validRootAssumption local tags updated
[engine] opt inval. engine=1  id=21    lambda sc, x, ds1                                                                                                                                                                 |UTC 2026-09-23T08:49:46.430|Src /Users/ekmett/thc/vendor/containers-0.8/src/Data/Map/Strict/Internal.hs:497 0x4966423c|Reason validRootAssumption local tags updated
[engine] opt deopt  engine=1  id=21    lambda sc, x, ds1                                  |Invalidated  true|                                                                                                            |UTC 2026-09-23T08:49:46.430|Src /Users/ekmett/thc/vendor/containers-0.8/src/Data/Map/Strict/Internal.hs:497 0x4966423c|Reason uncommon trap
[engine] opt deopt  engine=1  id=21    lambda sc, x, ds1                                  |Invalidated  true|                                                                                                            |UTC 2026-09-23T08:49:46.431|Src /Users/ekmett/thc/vendor/containers-0.8/src/Data/Map/Strict/Internal.hs:497 0x4966423c|Reason uncommon trap
[engine] opt deopt  engine=1  id=21    lambda sc, x, ds1                                  |Invalidated  true|                                                                                                            |UTC 2026-09-23T08:49:46.431|Src /Users/ekmett/thc/vendor/containers-0.8/src/Data/Map/Strict/Internal.hs:497 0x4966423c|Reason uncommon trap
[engine] opt deopt  engine=1  id=21    lambda sc, x, ds1                                  |Invalidated  true|                                                                                                            |UTC 2026-09-23T08:49:46.431|Src /Users/ekmett/thc/vendor/containers-0.8/src/Data/Map/Strict/Internal.hs:497 0x4966423c|Reason uncommon trap
[engine] opt deopt  engine=1  id=21    lambda sc, x, ds1                                  |Invalidated  true|                                                                                                            |UTC 2026-09-23T08:49:46.431|Src /Users/ekmett/thc/vendor/containers-0.8/src/Data/Map/Strict/Internal.hs:497 0x4966423c|Reason uncommon trap
[engine] opt deopt  engine=1  id=21    lambda sc, x, ds1                                  |Invalidated  true|                                                                                                            |UTC 2026-09-23T08:49:46.432|Src /Users/ekmett/thc/vendor/containers-0.8/src/Data/Map/Strict/Internal.hs:497 0x4966423c|Reason uncommon trap
[engine] opt deopt  engine=1  id=23    lambda ww                                          |Invalidated  true|                                                                                                            |UTC 2026-09-23T08:49:46.433|Src n/a|Reason JVMCI invalidate
[engine] opt done   engine=1  id=23    lambda ww                                          |Tier 2|Time  1374( 717+657 )ms|AST    2|Inlined  47Y  80N|IR   8572/ 28435|CodeSize  177930|Addr 0x71baaa3e7780|CompId 3298   |UTC 2026-09-23T08:49:47.808|Src n/a
[engine] opt done   engine=1  id=21    lambda sc, x, ds1                                  |Tier 2|Time   810( 527+283 )ms|AST    2|Inlined  29Y  68N|IR   6025/ 16375|CodeSize   92926|Addr 0x71baaa414580|CompId 3319   |UTC 2026-09-23T08:49:48.620|Src /Users/ekmett/thc/vendor/containers-0.8/src/Data/Map/Strict/Internal.hs:497 0x4966423c
[engine] opt done   engine=1  id=10    lambda k, x, l, r                                  |Tier 2|Time    16(  12+3   )ms|AST    2|Inlined   0Y   0N|IR    219/   354|CodeSize    1581|Addr 0x71baaa42b700|CompId 3335   |UTC 2026-09-23T08:49:48.675|Src /Users/ekmett/thc/vendor/containers-0.8/src/Data/Map/Internal.hs:4272 0xfda568ac
[engine] opt done   engine=1  id=26    lambda n                                           |Tier 2|Time   788( 781+6   )ms|AST    2|Inlined   1Y   2N|IR    266/   609|CodeSize    2923|Addr 0x71baaa443600|CompId 3364   |UTC 2026-09-23T08:49:49.504|Src examples/THC/MapWorkload.hs:30 0xd633756a
