WARNING: A terminally deprecated method in sun.misc.Unsafe has been called
WARNING: sun.misc.Unsafe::objectFieldOffset has been called by com.oracle.truffle.runtime.hotspot.HotSpotTruffleRuntime (file:/Users/ekmett/thc/work/boxed-value-cache-v7/lib/truffle-runtime-25.3.4.1.jar)
WARNING: Please consider reporting this to the maintainers of class com.oracle.truffle.runtime.hotspot.HotSpotTruffleRuntime
WARNING: sun.misc.Unsafe::objectFieldOffset will be removed in a future release
[To redirect Truffle log output to a file use one of the following options:
* '--log.file=<path>' if the option is passed using a guest language launcher.
* '-Dpolyglot.log.file=<path>' if the option is passed using the host Java launcher.
* Configure logging using the polyglot embedding API.]
[engine] opt done   engine=1  id=21    lambda sc, x, ds1                                  |Tier 2|Time   516( 335+182 )ms|AST    2|Inlined  12Y  44N|IR   4325/ 10560|CodeSize   46928|Addr 0x000119834040|CompId 2821   |UTC 2026-09-23T08:14:42.004|Src /Users/ekmett/thc/vendor/containers-0.8/src/Data/Map/Strict/Internal.hs:497 0x4966423c
[engine] opt done   engine=1  id=21    lambda sc, x, ds1                                  |Tier 2|Time   474( 300+174 )ms|AST    2|Inlined  12Y  44N|IR   4325/ 10560|CodeSize   47280|Addr 0x000119855380|CompId 2939   |UTC 2026-09-23T08:14:42.502|Src /Users/ekmett/thc/vendor/containers-0.8/src/Data/Map/Strict/Internal.hs:497 0x4966423c
[engine] opt done   engine=1  id=21    lambda sc, x, ds1                                  |Tier 2|Time   437( 266+171 )ms|AST    2|Inlined  12Y  44N|IR   4325/ 10560|CodeSize   47280|Addr 0x000119861b00|CompId 2969   |UTC 2026-09-23T08:14:42.941|Src /Users/ekmett/thc/vendor/containers-0.8/src/Data/Map/Strict/Internal.hs:497 0x4966423c
[engine] opt inval. engine=1  id=21    lambda sc, x, ds1                                                                                                                                                                 |UTC 2026-09-23T08:14:42.943|Src /Users/ekmett/thc/vendor/containers-0.8/src/Data/Map/Strict/Internal.hs:497 0x4966423c|Reason validRootAssumption local tags updated
[engine] opt inval. engine=1  id=21    lambda sc, x, ds1                                                                                                                                                                 |UTC 2026-09-23T08:14:42.944|Src /Users/ekmett/thc/vendor/containers-0.8/src/Data/Map/Strict/Internal.hs:497 0x4966423c|Reason validRootAssumption local tags updated
[engine] opt inval. engine=1  id=21    lambda sc, x, ds1                                                                                                                                                                 |UTC 2026-09-23T08:14:42.944|Src /Users/ekmett/thc/vendor/containers-0.8/src/Data/Map/Strict/Internal.hs:497 0x4966423c|Reason validRootAssumption local tags updated
[engine] opt deopt  engine=1  id=21    lambda sc, x, ds1                                  |Invalidated  true|                                                                                                            |UTC 2026-09-23T08:14:42.945|Src /Users/ekmett/thc/vendor/containers-0.8/src/Data/Map/Strict/Internal.hs:497 0x4966423c|Reason uncommon trap
[engine] opt deopt  engine=1  id=21    lambda sc, x, ds1                                  |Invalidated  true|                                                                                                            |UTC 2026-09-23T08:14:42.945|Src /Users/ekmett/thc/vendor/containers-0.8/src/Data/Map/Strict/Internal.hs:497 0x4966423c|Reason uncommon trap
[engine] opt deopt  engine=1  id=21    lambda sc, x, ds1                                  |Invalidated  true|                                                                                                            |UTC 2026-09-23T08:14:42.946|Src /Users/ekmett/thc/vendor/containers-0.8/src/Data/Map/Strict/Internal.hs:497 0x4966423c|Reason uncommon trap
[engine] opt deopt  engine=1  id=21    lambda sc, x, ds1                                  |Invalidated  true|                                                                                                            |UTC 2026-09-23T08:14:42.946|Src /Users/ekmett/thc/vendor/containers-0.8/src/Data/Map/Strict/Internal.hs:497 0x4966423c|Reason uncommon trap
[engine] opt deopt  engine=1  id=21    lambda sc, x, ds1                                  |Invalidated  true|                                                                                                            |UTC 2026-09-23T08:14:42.946|Src /Users/ekmett/thc/vendor/containers-0.8/src/Data/Map/Strict/Internal.hs:497 0x4966423c|Reason uncommon trap
[engine] opt deopt  engine=1  id=21    lambda sc, x, ds1                                  |Invalidated  true|                                                                                                            |UTC 2026-09-23T08:14:42.946|Src /Users/ekmett/thc/vendor/containers-0.8/src/Data/Map/Strict/Internal.hs:497 0x4966423c|Reason uncommon trap
[engine] opt done   engine=1  id=21    lambda sc, x, ds1                                  |Tier 2|Time   421( 287+134 )ms|AST    2|Inlined  12Y  44N|IR   4572/ 12299|CodeSize   58932|Addr 0x000119870b00|CompId 3008   |UTC 2026-09-23T08:14:43.368|Src /Users/ekmett/thc/vendor/containers-0.8/src/Data/Map/Strict/Internal.hs:497 0x4966423c
[engine] opt done   engine=1  id=22    lambda ww, ds2                                     |Tier 2|Time   116(  79+37  )ms|AST    2|Inlined  14Y  16N|IR   2089/  4991|CodeSize   25220|Addr 0x000119899ec0|CompId 3066   |UTC 2026-09-23T08:14:43.561|Src /Users/ekmett/thc/vendor/containers-0.8/src/Data/Map/Strict/Internal.hs:649 0x4966423c
[engine] opt done   engine=1  id=17    lambda def, ww, ds1                                |Tier 2|Time     9(   5+4   )ms|AST    2|Inlined   1Y   0N|IR    219/   395|CodeSize    2020|Addr 0x0001198acd40|CompId 3115   |UTC 2026-09-23T08:14:43.668|Src /Users/ekmett/thc/vendor/containers-0.8/src/Data/Map/Internal.hs:649 0xfda568ac
[engine] opt done   engine=1  id=18    lambda ww, ds                                      |Tier 2|Time    50(  23+27  )ms|AST    2|Inlined   5Y   1N|IR    658/  1085|CodeSize    4708|Addr 0x0001198b7c80|CompId 3144   |UTC 2026-09-23T08:14:43.774|Src /Users/ekmett/thc/vendor/containers-0.8/src/Data/Map/Internal.hs:3426 0xfda568ac
[engine] opt done   engine=1  id=23    lambda ww                                          |Tier 2|Time   851( 445+407 )ms|AST    2|Inlined  38Y  74N|IR   8054/ 26342|CodeSize  140740|Addr 0x0001198cf980|CompId 3153   |UTC 2026-09-23T08:14:44.630|Src n/a
[engine] opt deopt  engine=1  id=17    lambda def, ww, ds1                                |Invalidated false|                                                                                                            |UTC 2026-09-23T08:14:44.635|Src /Users/ekmett/thc/vendor/containers-0.8/src/Data/Map/Internal.hs:649 0xfda568ac|Reason Unknown
[engine] opt deopt  engine=1  id=23    lambda ww                                          |Invalidated  true|                                                                                                            |UTC 2026-09-23T08:14:44.637|Src n/a|Reason uncommon trap
[engine] opt done   engine=1  id=23    lambda ww                                          |Tier 2|Time   734( 394+340 )ms|AST    2|Inlined  37Y  77N|IR   8211/ 26892|CodeSize  144632|Addr 0x0001198f72c0|CompId 3170   |UTC 2026-09-23T08:14:45.372|Src n/a
[engine] opt done   engine=1  id=10    lambda k, x, l, r                                  |Tier 2|Time    12(   8+4   )ms|AST    2|Inlined   0Y   0N|IR    639/   588|CodeSize    2284|Addr 0x00011991bf40|CompId 3189   |UTC 2026-09-23T08:14:45.400|Src /Users/ekmett/thc/vendor/containers-0.8/src/Data/Map/Internal.hs:4272 0xfda568ac
[engine] opt done   engine=1  id=15    lambda k, x, l, r                                  |Tier 2|Time   483( 303+180 )ms|AST    2|Inlined  14Y  38N|IR   4425/ 11236|CodeSize   55148|Addr 0x00011991df80|CompId 3197   |UTC 2026-09-23T08:14:45.916|Src /Users/ekmett/thc/vendor/containers-0.8/src/Data/Map/Internal.hs:4302 0xfda568ac
[engine] opt done   engine=1  id=26    lambda n                                           |Tier 2|Time   443( 441+2   )ms|AST    2|Inlined   1Y   1N|IR    128/   261|CodeSize     876|Addr 0x00011992f5c0|CompId 3245   |UTC 2026-09-23T08:14:46.886|Src examples/THC/MapWorkload.hs:30 0xd633756a
PHASE WARM BEGIN
[engine] opt done   engine=1  id=92    org.graalvm.polyglot.Value<EntryValue>.execute     |Tier 2|Time   583( 574+9   )ms|AST   10|Inlined   3Y   1N|IR    413/   910|CodeSize    4592|Addr 0x000119938e00|CompId 3335   |UTC 2026-09-23T08:15:03.325|Src n/a
PHASE WARM END calls=12032 elapsedNs=20140085375 checksum=678375231696
PHASE MEASURE 1 BEGIN
PHASE MEASURE 1 END
PHASE MEASURE 2 BEGIN
PHASE MEASURE 2 END
PHASE MEASURE 3 BEGIN
PHASE MEASURE 3 END
PHASE MEASURE 4 BEGIN
PHASE MEASURE 4 END
PHASE MEASURE 5 BEGIN
PHASE MEASURE 5 END
PHASE VERIFY BEGIN
PHASE VERIFY END guestLastTierInstalled=true
diagnostics={"backend":"bytecode","bytecodeRootCount":58,"sourceNotesEnabled":true,"sourceSpanCount":8656,"sourceRootCount":15,"localJoinCount":10,"localJoinTransfers":0,"instrumented":false,"thunkEvaluationsByLabel":{},"compiledEntries":0,"thunkEvaluations":0,"thunkHits":0,"blackholes":0,"directCacheMisses":0,"indirectCalls":0,"tailBounces":0,"selfTailReentries":0,"trampolineIterations":0,"papAllocations":0,"unsupportedPolicy":"diagnostic-traps","deferredUnsupported":["Unsupported constructor representation unboxed-tuple: ghc-internal:GHC.Internal.Types.(#,#)","Unresolved external binding ghc-internal:GHC.Internal.Stack.withFrozenCallStack1","Unresolved external binding ghc-internal:GHC.Internal.Exception.Backtrace.collectExceptionAnnotationMechanismRef","Unsupported primitive readMutVar#"],"unsupportedTraps":0,"frames":"Bytecode DSL primitive locals; selective StaticShape captures","stackPolicy":"tail-safe; non-tail calls and nested thunk forcing use host stack","threadPolicy":"single guest thread"}
