WARNING: A terminally deprecated method in sun.misc.Unsafe has been called
WARNING: sun.misc.Unsafe::objectFieldOffset has been called by com.oracle.truffle.runtime.hotspot.HotSpotTruffleRuntime (file:/home/ekmett/thc-benchmarks/2026-09-23-083914/diagnostics/one-step-force-agnostic/input-candidate/lib/truffle-runtime-25.3.4.1.jar)
WARNING: Please consider reporting this to the maintainers of class com.oracle.truffle.runtime.hotspot.HotSpotTruffleRuntime
WARNING: sun.misc.Unsafe::objectFieldOffset will be removed in a future release
[To redirect Truffle log output to a file use one of the following options:
* '--log.file=<path>' if the option is passed using a guest language launcher.
* '-Dpolyglot.log.file=<path>' if the option is passed using the host Java launcher.
* Configure logging using the polyglot embedding API.]
Dumping IGV graphs in /home/ekmett/thc-benchmarks/2026-09-23-083914/diagnostics/one-step-force-agnostic/graph-candidate
[engine] opt done   engine=1  id=21    lambda sc, x, ds1                                  |Tier 2|Time  2616(1557+1060)ms|AST    2|Inlined  15Y  47N|IR   4138/ 11491|CodeSize   60231|Addr 0x7ed5c6385980|CompId 3032   |UTC 2026-09-23T10:54:34.545|Src /Users/ekmett/thc/vendor/containers-0.8/src/Data/Map/Strict/Internal.hs:497 0x4966423c
Dumping IGV graphs in /home/ekmett/thc-benchmarks/2026-09-23-083914/diagnostics/one-step-force-agnostic/graph-candidate
[engine] opt done   engine=1  id=21    lambda sc, x, ds1                                  |Tier 2|Time  3009(1551+1459)ms|AST    2|Inlined  16Y  52N|IR   4480/ 12478|CodeSize   64468|Addr 0x7ed5c63aab80|CompId 3274   |UTC 2026-09-23T10:54:37.579|Src /Users/ekmett/thc/vendor/containers-0.8/src/Data/Map/Strict/Internal.hs:497 0x4966423c
[engine] opt inval. engine=1  id=21    lambda sc, x, ds1                                                                                                                                                                 |UTC 2026-09-23T10:54:37.594|Src /Users/ekmett/thc/vendor/containers-0.8/src/Data/Map/Strict/Internal.hs:497 0x4966423c|Reason validRootAssumption local tags updated
[engine] opt inval. engine=1  id=21    lambda sc, x, ds1                                                                                                                                                                 |UTC 2026-09-23T10:54:37.595|Src /Users/ekmett/thc/vendor/containers-0.8/src/Data/Map/Strict/Internal.hs:497 0x4966423c|Reason validRootAssumption local tags updated
[engine] opt deopt  engine=1  id=21    lambda sc, x, ds1                                  |Invalidated  true|                                                                                                            |UTC 2026-09-23T10:54:37.596|Src /Users/ekmett/thc/vendor/containers-0.8/src/Data/Map/Strict/Internal.hs:497 0x4966423c|Reason uncommon trap
[engine] opt deopt  engine=1  id=21    lambda sc, x, ds1                                  |Invalidated  true|                                                                                                            |UTC 2026-09-23T10:54:37.596|Src /Users/ekmett/thc/vendor/containers-0.8/src/Data/Map/Strict/Internal.hs:497 0x4966423c|Reason uncommon trap
[engine] opt deopt  engine=1  id=21    lambda sc, x, ds1                                  |Invalidated  true|                                                                                                            |UTC 2026-09-23T10:54:37.596|Src /Users/ekmett/thc/vendor/containers-0.8/src/Data/Map/Strict/Internal.hs:497 0x4966423c|Reason uncommon trap
[engine] opt deopt  engine=1  id=21    lambda sc, x, ds1                                  |Invalidated  true|                                                                                                            |UTC 2026-09-23T10:54:37.596|Src /Users/ekmett/thc/vendor/containers-0.8/src/Data/Map/Strict/Internal.hs:497 0x4966423c|Reason uncommon trap
[engine] opt deopt  engine=1  id=21    lambda sc, x, ds1                                  |Invalidated  true|                                                                                                            |UTC 2026-09-23T10:54:37.597|Src /Users/ekmett/thc/vendor/containers-0.8/src/Data/Map/Strict/Internal.hs:497 0x4966423c|Reason uncommon trap
[engine] opt deopt  engine=1  id=21    lambda sc, x, ds1                                  |Invalidated  true|                                                                                                            |UTC 2026-09-23T10:54:37.597|Src /Users/ekmett/thc/vendor/containers-0.8/src/Data/Map/Strict/Internal.hs:497 0x4966423c|Reason uncommon trap
Dumping IGV graphs in /home/ekmett/thc-benchmarks/2026-09-23-083914/diagnostics/one-step-force-agnostic/graph-candidate
[engine] opt done   engine=1  id=21    lambda sc, x, ds1                                  |Tier 2|Time  2714(1413+1301)ms|AST    2|Inlined  14Y  48N|IR   4212/ 12929|CodeSize   67234|Addr 0x7ed5c63bd780|CompId 3344   |UTC 2026-09-23T10:54:40.312|Src /Users/ekmett/thc/vendor/containers-0.8/src/Data/Map/Strict/Internal.hs:497 0x4966423c
Dumping IGV graphs in /home/ekmett/thc-benchmarks/2026-09-23-083914/diagnostics/one-step-force-agnostic/graph-candidate
[engine] opt done   engine=1  id=22    lambda ww, ds2                                     |Tier 2|Time   739( 456+283 )ms|AST    2|Inlined  14Y  16N|IR   1860/  4855|CodeSize   25538|Addr 0x7ed5c63f1a00|CompId 3414   |UTC 2026-09-23T10:54:41.119|Src /Users/ekmett/thc/vendor/containers-0.8/src/Data/Map/Strict/Internal.hs:649 0x4966423c
Dumping IGV graphs in /home/ekmett/thc-benchmarks/2026-09-23-083914/diagnostics/one-step-force-agnostic/graph-candidate
[engine] opt done   engine=1  id=17    lambda def, ww, ds1                                |Tier 2|Time    62(  50+12  )ms|AST    2|Inlined   1Y   0N|IR    198/   333|CodeSize    1663|Addr 0x7ed5c63f9b80|CompId 3452   |UTC 2026-09-23T10:54:41.250|Src /Users/ekmett/thc/vendor/containers-0.8/src/Data/Map/Internal.hs:649 0xfda568ac
Dumping IGV graphs in /home/ekmett/thc-benchmarks/2026-09-23-083914/diagnostics/one-step-force-agnostic/graph-candidate
[engine] opt done   engine=1  id=18    lambda ww, ds                                      |Tier 2|Time   207( 163+44  )ms|AST    2|Inlined   5Y   1N|IR    553/   982|CodeSize    4678|Addr 0x7ed5c6413400|CompId 3477   |UTC 2026-09-23T10:54:41.518|Src /Users/ekmett/thc/vendor/containers-0.8/src/Data/Map/Internal.hs:3426 0xfda568ac
[engine] opt done   engine=1  id=23    lambda ww                                          |Tier 2|Time  6474(2071+4403)ms|AST    2|Inlined  42Y  76N|IR   7508/ 28050|CodeSize  180477|Addr 0x7ed5c6429b80|CompId 3487   |UTC 2026-09-23T10:54:48.019|Src n/a
Dumping IGV graphs in /home/ekmett/thc-benchmarks/2026-09-23-083914/diagnostics/one-step-force-agnostic/graph-candidate
[engine] opt done   engine=1  id=10    lambda k, x, l, r                                  |Tier 2|Time    74(  62+12  )ms|AST    2|Inlined   0Y   0N|IR    516/   424|CodeSize    1847|Addr 0x7ed5c6458680|CompId 3505   |UTC 2026-09-23T10:54:48.125|Src /Users/ekmett/thc/vendor/containers-0.8/src/Data/Map/Internal.hs:4272 0xfda568ac
[engine] opt done   engine=1  id=15    lambda k, x, l, r                                  |Tier 2|Time  3369(1690+1679)ms|AST    2|Inlined  14Y  44N|IR   3924/ 11532|CodeSize   62213|Addr 0x7ed5c645d780|CompId 3525   |UTC 2026-09-23T10:54:51.518|Src /Users/ekmett/thc/vendor/containers-0.8/src/Data/Map/Internal.hs:4302 0xfda568ac
Dumping IGV graphs in /home/ekmett/thc-benchmarks/2026-09-23-083914/diagnostics/one-step-force-agnostic/graph-candidate
[engine] opt done   engine=1  id=26    lambda n                                           |Tier 2|Time  1543(1523+20  )ms|AST    2|Inlined   1Y   1N|IR    128/   263|CodeSize     856|Addr 0x7ed5c646f900|CompId 3578   |UTC 2026-09-23T10:54:53.357|Src examples/THC/MapWorkload.hs:30 0xd633756a
PHASE WARM BEGIN
Dumping IGV graphs in /home/ekmett/thc-benchmarks/2026-09-23-083914/diagnostics/one-step-force-agnostic/graph-candidate
[engine] opt done   engine=1  id=92    org.graalvm.polyglot.Value<EntryValue>.execute     |Tier 2|Time  1562(1523+39  )ms|AST   10|Inlined   3Y   1N|IR    413/   912|CodeSize    4723|Addr 0x7ed5c647a200|CompId 3678   |UTC 2026-09-23T10:55:10.494|Src n/a
PHASE WARM END calls=30208 elapsedNs=49287240314 checksum=1703154837024
PHASE MEASURE 1 BEGIN
PHASE MEASURE 1 END
PHASE VERIFY BEGIN
PHASE VERIFY END guestLastTierInstalled=true
diagnostics={"backend":"bytecode","bytecodeRootCount":58,"sourceNotesEnabled":true,"sourceSpanCount":8656,"sourceRootCount":15,"localJoinCount":10,"localJoinTransfers":0,"instrumented":false,"thunkEvaluationsByLabel":{},"compiledEntries":0,"leadingCaseReturns":0,"thunkEvaluations":0,"thunkHits":0,"blackholes":0,"directCacheMisses":0,"indirectCalls":0,"tailBounces":0,"selfTailReentries":0,"trampolineIterations":0,"papAllocations":0,"unsupportedPolicy":"diagnostic-traps","deferredUnsupported":["Unsupported constructor representation unboxed-tuple: ghc-internal:GHC.Internal.Types.(#,#)","Unresolved external binding ghc-internal:GHC.Internal.Stack.withFrozenCallStack1","Unresolved external binding ghc-internal:GHC.Internal.Exception.Backtrace.collectExceptionAnnotationMechanismRef","Unsupported primitive readMutVar#"],"unsupportedTraps":0,"frames":"Bytecode DSL primitive locals; selective StaticShape captures","stackPolicy":"tail-safe; non-tail calls and nested thunk forcing use host stack","threadPolicy":"single guest thread"}
