WARNING: Using incubator modules: jdk.incubator.vector
WARNING: A terminally deprecated method in sun.misc.Unsafe has been called
WARNING: sun.misc.Unsafe::objectFieldOffset has been called by com.oracle.truffle.runtime.hotspot.HotSpotTruffleRuntime (file:/home/ekmett/ai/agents/worktrees/thc/performance-regressions-01a0cdeb/build/performance-regressions/candidate/lib/truffle-runtime-25.3.4.1.jar)
WARNING: Please consider reporting this to the maintainers of class com.oracle.truffle.runtime.hotspot.HotSpotTruffleRuntime
WARNING: sun.misc.Unsafe::objectFieldOffset will be removed in a future release
[To redirect Truffle log output to a file use one of the following options:
* '--log.file=<path>' if the option is passed using a guest language launcher.
* '-Dpolyglot.log.file=<path>' if the option is passed using the host Java launcher.
* Configure logging using the polyglot embedding API.]
[engine] opt queued engine=1  id=22    lambda sc, x, ds1                                  |Tier 2|Count/Thres      10006/    10000|Queue: Size    0 Change +1  Load  1.00 Time     0us                                   |UTC 2026-09-26T15:51:17.528|Src /home/ekmett/ai/agents/worktrees/thc/performance-regressions-01a0cdeb/vendor/containers-0.8/src/Data/Map/Strict/Internal.hs:497 0xec54d003
[engine] opt start  engine=1  id=22    lambda sc, x, ds1                                  |Tier 2|Priority   1319019|Rate 130.8228|Queue: Size    0 Change +0  Load  1.00 Time     0us                                   |UTC 2026-09-26T15:51:17.535|Src /home/ekmett/ai/agents/worktrees/thc/performance-regressions-01a0cdeb/vendor/containers-0.8/src/Data/Map/Strict/Internal.hs:497 0xec54d003|Bonuses 
[engine] opt done   engine=1  id=22    lambda sc, x, ds1                                  |Tier 2|Time  1158(1005+153 )ms|AST    2|Inlined   5Y  19N|IR   5509/  9482|CodeSize   54286|Addr 0x79b5ba38e600|CompId 3833   |UTC 2026-09-26T15:51:18.695|Src /home/ekmett/ai/agents/worktrees/thc/performance-regressions-01a0cdeb/vendor/containers-0.8/src/Data/Map/Strict/Internal.hs:497 0xec54d003
[engine] opt inval. engine=1  id=22    lambda sc, x, ds1                                                                                                                                                                 |UTC 2026-09-26T15:51:18.722|Src /home/ekmett/ai/agents/worktrees/thc/performance-regressions-01a0cdeb/vendor/containers-0.8/src/Data/Map/Strict/Internal.hs:497 0xec54d003|Reason validRootAssumption local tags updated
[engine] opt deopt  engine=1  id=22    lambda sc, x, ds1                                  |Invalidated  true|                                                                                                            |UTC 2026-09-26T15:51:18.724|Src /home/ekmett/ai/agents/worktrees/thc/performance-regressions-01a0cdeb/vendor/containers-0.8/src/Data/Map/Strict/Internal.hs:497 0xec54d003|Reason uncommon trap
[engine] opt deopt  engine=1  id=22    lambda sc, x, ds1                                  |Invalidated  true|                                                                                                            |UTC 2026-09-26T15:51:18.724|Src /home/ekmett/ai/agents/worktrees/thc/performance-regressions-01a0cdeb/vendor/containers-0.8/src/Data/Map/Strict/Internal.hs:497 0xec54d003|Reason uncommon trap
[engine] opt deopt  engine=1  id=22    lambda sc, x, ds1                                  |Invalidated  true|                                                                                                            |UTC 2026-09-26T15:51:18.725|Src /home/ekmett/ai/agents/worktrees/thc/performance-regressions-01a0cdeb/vendor/containers-0.8/src/Data/Map/Strict/Internal.hs:497 0xec54d003|Reason uncommon trap
[engine] opt deopt  engine=1  id=22    lambda sc, x, ds1                                  |Invalidated  true|                                                                                                            |UTC 2026-09-26T15:51:18.725|Src /home/ekmett/ai/agents/worktrees/thc/performance-regressions-01a0cdeb/vendor/containers-0.8/src/Data/Map/Strict/Internal.hs:497 0xec54d003|Reason uncommon trap
[engine] opt deopt  engine=1  id=22    lambda sc, x, ds1                                  |Invalidated  true|                                                                                                            |UTC 2026-09-26T15:51:18.725|Src /home/ekmett/ai/agents/worktrees/thc/performance-regressions-01a0cdeb/vendor/containers-0.8/src/Data/Map/Strict/Internal.hs:497 0xec54d003|Reason uncommon trap
[engine] opt deopt  engine=1  id=22    lambda sc, x, ds1                                  |Invalidated  true|                                                                                                            |UTC 2026-09-26T15:51:18.725|Src /home/ekmett/ai/agents/worktrees/thc/performance-regressions-01a0cdeb/vendor/containers-0.8/src/Data/Map/Strict/Internal.hs:497 0xec54d003|Reason uncommon trap
[engine] opt queued engine=1  id=22    lambda sc, x, ds1                                  |Tier 2|Count/Thres      10008/    10000|Queue: Size    1 Change +1  Load  1.00 Time     0us                                   |UTC 2026-09-26T15:51:18.725|Src /home/ekmett/ai/agents/worktrees/thc/performance-regressions-01a0cdeb/vendor/containers-0.8/src/Data/Map/Strict/Internal.hs:497 0xec54d003
[engine] opt start  engine=1  id=22    lambda sc, x, ds1                                  |Tier 2|Priority     88259|Rate 7.818895|Queue: Size    0 Change +0  Load  1.00 Time     0us                                   |UTC 2026-09-26T15:51:18.725|Src /home/ekmett/ai/agents/worktrees/thc/performance-regressions-01a0cdeb/vendor/containers-0.8/src/Data/Map/Strict/Internal.hs:497 0xec54d003|Bonuses 
[engine] opt done   engine=1  id=22    lambda sc, x, ds1                                  |Tier 2|Time  1215( 975+240 )ms|AST    2|Inlined   5Y  19N|IR   5681/ 10408|CodeSize   60703|Addr 0x79b5ba3a7300|CompId 3899   |UTC 2026-09-26T15:51:19.941|Src /home/ekmett/ai/agents/worktrees/thc/performance-regressions-01a0cdeb/vendor/containers-0.8/src/Data/Map/Strict/Internal.hs:497 0xec54d003
[engine] opt queued engine=1  id=11    lambda k, x, l, r                                  |Tier 2|Count/Thres      10001/    10000|Queue: Size    0 Change +1  Load  1.00 Time     0us                                   |UTC 2026-09-26T15:51:19.955|Src /home/ekmett/ai/agents/worktrees/thc/performance-regressions-01a0cdeb/vendor/containers-0.8/src/Data/Map/Internal.hs:4272 0x116dbcc5
[engine] opt start  engine=1  id=11    lambda k, x, l, r                                  |Tier 2|Priority     49922|Rate 3.991734|Queue: Size    0 Change +0  Load  1.00 Time     0us                                   |UTC 2026-09-26T15:51:19.955|Src /home/ekmett/ai/agents/worktrees/thc/performance-regressions-01a0cdeb/vendor/containers-0.8/src/Data/Map/Internal.hs:4272 0x116dbcc5|Bonuses 
[engine] opt done   engine=1  id=11    lambda k, x, l, r                                  |Tier 2|Time    60(  31+29  )ms|AST    2|Inlined   0Y   0N|IR    850/   784|CodeSize    4359|Addr 0x79b5ba3c9800|CompId 3941   |UTC 2026-09-26T15:51:20.029|Src /home/ekmett/ai/agents/worktrees/thc/performance-regressions-01a0cdeb/vendor/containers-0.8/src/Data/Map/Internal.hs:4272 0x116dbcc5
[engine] opt queued engine=1  id=23    lambda ww, ds2                                     |Tier 2|Count/Thres      10012/    10000|Queue: Size    1 Change +1  Load  1.00 Time     0us                                   |UTC 2026-09-26T15:51:20.075|Src /home/ekmett/ai/agents/worktrees/thc/performance-regressions-01a0cdeb/vendor/containers-0.8/src/Data/Map/Strict/Internal.hs:649 0xec54d003
[engine] opt start  engine=1  id=23    lambda ww, ds2                                     |Tier 2|Priority   2436392|Rate 242.3472|Queue: Size    0 Change +0  Load  1.00 Time     0us                                   |UTC 2026-09-26T15:51:20.075|Src /home/ekmett/ai/agents/worktrees/thc/performance-regressions-01a0cdeb/vendor/containers-0.8/src/Data/Map/Strict/Internal.hs:649 0xec54d003|Bonuses 
[engine] opt done   engine=1  id=23    lambda ww, ds2                                     |Tier 2|Time   649( 356+294 )ms|AST    2|Inlined  13Y  15N|IR   6939/ 11789|CodeSize   73820|Addr 0x79b5ba3fe780|CompId 3995   |UTC 2026-09-26T15:51:20.724|Src /home/ekmett/ai/agents/worktrees/thc/performance-regressions-01a0cdeb/vendor/containers-0.8/src/Data/Map/Strict/Internal.hs:649 0xec54d003
[engine] opt queued engine=1  id=19    lambda ww, ds                                      |Tier 2|Count/Thres      10007/    10000|Queue: Size    1 Change +1  Load  1.00 Time     0us                                   |UTC 2026-09-26T15:51:20.751|Src /home/ekmett/ai/agents/worktrees/thc/performance-regressions-01a0cdeb/vendor/containers-0.8/src/Data/Map/Internal.hs:3426 0x116dbcc5
[engine] opt start  engine=1  id=19    lambda ww, ds                                      |Tier 2|Priority   4270813|Rate 425.7825|Queue: Size    0 Change +0  Load  1.00 Time     0us                                   |UTC 2026-09-26T15:51:20.751|Src /home/ekmett/ai/agents/worktrees/thc/performance-regressions-01a0cdeb/vendor/containers-0.8/src/Data/Map/Internal.hs:3426 0x116dbcc5|Bonuses 
[engine] opt done   engine=1  id=19    lambda ww, ds                                      |Tier 2|Time   256( 105+150 )ms|AST    2|Inlined   5Y   1N|IR   2861/  4105|CodeSize   22673|Addr 0x79b5ba425280|CompId 4026   |UTC 2026-09-26T15:51:21.007|Src /home/ekmett/ai/agents/worktrees/thc/performance-regressions-01a0cdeb/vendor/containers-0.8/src/Data/Map/Internal.hs:3426 0x116dbcc5
[engine] opt queued engine=1  id=18    lambda def, ww, ds1                                |Tier 2|Count/Thres      10012/    10000|Queue: Size    0 Change +1  Load  1.00 Time     0us                                   |UTC 2026-09-26T15:51:21.032|Src /home/ekmett/ai/agents/worktrees/thc/performance-regressions-01a0cdeb/vendor/containers-0.8/src/Data/Map/Internal.hs:649 0x116dbcc5
[engine] opt start  engine=1  id=18    lambda def, ww, ds1                                |Tier 2|Priority   4619161|Rate 460.3624|Queue: Size    0 Change +0  Load  1.00 Time     0us                                   |UTC 2026-09-26T15:51:21.032|Src /home/ekmett/ai/agents/worktrees/thc/performance-regressions-01a0cdeb/vendor/containers-0.8/src/Data/Map/Internal.hs:649 0x116dbcc5|Bonuses 
[engine] opt done   engine=1  id=18    lambda def, ww, ds1                                |Tier 2|Time    61(  27+34  )ms|AST    2|Inlined   1Y   0N|IR   1537/  2964|CodeSize   14804|Addr 0x79b5ba42b740|CompId 4044   |UTC 2026-09-26T15:51:21.093|Src /home/ekmett/ai/agents/worktrees/thc/performance-regressions-01a0cdeb/vendor/containers-0.8/src/Data/Map/Internal.hs:649 0x116dbcc5
[engine] opt queued engine=1  id=16    lambda k, x, l, r                                  |Tier 2|Count/Thres      10001/    10000|Queue: Size    0 Change +1  Load  1.00 Time     0us                                   |UTC 2026-09-26T15:51:21.146|Src /home/ekmett/ai/agents/worktrees/thc/performance-regressions-01a0cdeb/vendor/containers-0.8/src/Data/Map/Internal.hs:4302 0x116dbcc5
[engine] opt start  engine=1  id=16    lambda k, x, l, r                                  |Tier 2|Priority     37046|Rate 2.704304|Queue: Size    0 Change +0  Load  1.00 Time     0us                                   |UTC 2026-09-26T15:51:21.146|Src /home/ekmett/ai/agents/worktrees/thc/performance-regressions-01a0cdeb/vendor/containers-0.8/src/Data/Map/Internal.hs:4302 0x116dbcc5|Bonuses 
[engine] opt done   engine=1  id=16    lambda k, x, l, r                                  |Tier 2|Time   954( 666+288 )ms|AST    2|Inlined   5Y  15N|IR   5778/ 10941|CodeSize   63272|Addr 0x79b5ba454360|CompId 4095   |UTC 2026-09-26T15:51:22.100|Src /home/ekmett/ai/agents/worktrees/thc/performance-regressions-01a0cdeb/vendor/containers-0.8/src/Data/Map/Internal.hs:4302 0x116dbcc5
[engine] opt start  engine=1  id=139   lambda ww<OSR@180388651218>                        |Tier 2|Priority 1837892636275|Rate 18275122|Queue: Size    0 Change +0  Load  1.00 Time     0us                                   |UTC 2026-09-26T15:51:22.138|Src n/a|Bonuses 
[engine] opt queued engine=1  id=139   lambda ww<OSR@180388651218>                        |Tier 2|Count/Thres     100568/    10000|Queue: Size    0 Change +1  Load  1.00 Time     0us                                   |UTC 2026-09-26T15:51:22.138|Src n/a
[engine] opt done   engine=1  id=139   lambda ww<OSR@180388651218>                        |Tier 2|Time    88(  71+17  )ms|AST    2|Inlined   0Y   2N|IR    778/  1908|CodeSize    9675|Addr 0x79b5ba475a00|CompId 4142   |UTC 2026-09-26T15:51:22.226|Src n/a
[engine] opt deopt  engine=1  id=139   lambda ww<OSR@180388651218>                        |Invalidated false|                                                                                                            |UTC 2026-09-26T15:51:22.227|Src n/a|Reason Unknown
[engine] opt queued engine=1  id=24    lambda ww                                          |Tier 2|Count/Thres     100569/    10000|Queue: Size    1 Change +1  Load  1.00 Time     0us                                   |UTC 2026-09-26T15:51:22.227|Src n/a
[engine] opt start  engine=1  id=24    lambda ww                                          |Tier 2|Priority   2214395|Rate 21.01866|Queue: Size    0 Change +0  Load  1.00 Time     0us                                   |UTC 2026-09-26T15:51:22.228|Src n/a|Bonuses 
[engine] opt done   engine=1  id=24    lambda ww                                          |Tier 2|Time  1112( 673+440 )ms|AST    2|Inlined   9Y  23N|IR   9008/ 21589|CodeSize  126905|Addr 0x79b5ba4797c0|CompId 4161   |UTC 2026-09-26T15:51:23.340|Src n/a
[engine] opt start  engine=1  id=27    lambda n                                           |Tier 2|Priority       423|Rate 0.058261|Queue: Size    0 Change +0  Load  1.00 Time     0us                                   |UTC 2026-09-26T15:51:24.306|Src examples/THC/MapWorkload.hs:33 0x4102bea6|Bonuses 
[engine] opt queued engine=1  id=27    lambda n                                           |Tier 2|Count/Thres        400/    10000|Queue: Size    0 Change +1  Load  1.00 Time     0us                                   |UTC 2026-09-26T15:51:24.306|Src examples/THC/MapWorkload.hs:33 0x4102bea6
[engine] opt done   engine=1  id=27    lambda n                                           |Tier 2|Time   800( 792+9   )ms|AST    2|Inlined   1Y   1N|IR    522/   829|CodeSize    3598|Addr 0x79b5ba3a5580|CompId 4258   |UTC 2026-09-26T15:51:25.107|Src examples/THC/MapWorkload.hs:33 0x4102bea6
[engine] opt queued engine=1  id=60    EntryRoot@35fb22a9                                 |Tier 2|Count/Thres        200/    10000|Queue: Size    1 Change +1  Load  1.00 Time     0us                                   |UTC 2026-09-26T15:51:25.108|Src n/a
[engine] opt start  engine=1  id=60    EntryRoot@35fb22a9                                 |Tier 2|Priority       205|Rate 0.026079|Queue: Size    0 Change +0  Load  1.00 Time     0us                                   |UTC 2026-09-26T15:51:25.108|Src n/a|Bonuses 
[engine] opt done   engine=1  id=60    EntryRoot@35fb22a9                                 |Tier 2|Time   813( 802+11  )ms|AST   21|Inlined   2Y   1N|IR    547/   881|CodeSize    3758|Addr 0x79b5ba26ca00|CompId 4265   |UTC 2026-09-26T15:51:25.921|Src n/a
PHASE WARM BEGIN
[engine] opt queued engine=1  id=91    org.graalvm.polyglot.Value<EntryValue>.execute     |Tier 2|Count/Thres      10000/    10000|Queue: Size    0 Change +1  Load  1.00 Time     0us                                   |UTC 2026-09-26T15:52:11.279|Src n/a
[engine] opt start  engine=1  id=91    org.graalvm.polyglot.Value<EntryValue>.execute     |Tier 2|Priority     11856|Rate 0.185698|Queue: Size    0 Change +0  Load  1.00 Time     0us                                   |UTC 2026-09-26T15:52:11.280|Src n/a|Bonuses 
[engine] opt done   engine=1  id=91    org.graalvm.polyglot.Value<EntryValue>.execute     |Tier 2|Time    58(  25+33  )ms|AST    9|Inlined   0Y   0N|IR    834/  3923|CodeSize   16154|Addr 0x79b5ba268640|CompId 4482   |UTC 2026-09-26T15:52:11.339|Src n/a
PHASE WARM END calls=12032 elapsedNs=55693474718 checksum=678375231696
[engine] opt queued engine=1  id=27    lambda n                                           |Tier 2|Count/Thres        400/    10000|Queue: Size    0 Change +1  Load  1.00 Time     0us                                   |UTC 2026-09-26T15:52:21.626|Src examples/THC/MapWorkload.hs:33 0x4102bea6
[engine] opt start  engine=1  id=27    lambda n                                           |Tier 2|Priority       402|Rate 0.006232|Queue: Size    0 Change +0  Load  1.00 Time     0us                                   |UTC 2026-09-26T15:52:21.628|Src examples/THC/MapWorkload.hs:33 0x4102bea6|Bonuses 
[engine] opt reprof engine=1  id=27    lambda n                                           |                                                                                                                              |UTC 2026-09-26T15:52:21.637|Src examples/THC/MapWorkload.hs:33 0x4102bea6
[engine] opt unque. engine=1  id=27    lambda n                                           |Tier 2|Count/Thres          0/    10000|Queue: Size    0 Change  0  Load  1.00 Time     0us                                   |UTC 2026-09-26T15:52:21.643|Src examples/THC/MapWorkload.hs:33 0x4102bea6|Reason Non permanent bailout: jdk.graal.compiler.core.common.RetryableBailoutException: Compilable not ready for compilation.
Exception in thread "main" org.graalvm.polyglot.PolyglotException: java.lang.IllegalStateException: Guest code was not installed
	at thc.EntryValue.invokeMember(Language.kt:723)
	at thc.EntryValueGen$InteropLibraryExports$Cached.invokeMember(EntryValueGen.java:180)
	at com.oracle.truffle.polyglot.PolyglotValueDispatch$InteropValue$SharedInvokeNode.doDefault(PolyglotValueDispatch.java:4857)
	at com.oracle.truffle.polyglot.PolyglotValueDispatchFactory$InteropValueFactory$SharedInvokeNodeGen$Inlined.executeShared(PolyglotValueDispatchFactory.java:9378)
	at com.oracle.truffle.polyglot.PolyglotValueDispatch$InteropValue$InvokeNoArgsNode.doDefault(PolyglotValueDispatch.java:4922)
	at com.oracle.truffle.polyglot.PolyglotValueDispatchFactory$InteropValueFactory$InvokeNoArgsNodeGen.executeImpl(PolyglotValueDispatchFactory.java:9648)
	at com.oracle.truffle.polyglot.HostToGuestRootNode.execute(HostToGuestRootNode.java:126)
	at com.oracle.truffle.runtime.OptimizedCallTarget.executeRootNode(OptimizedCallTarget.java:808)
	at com.oracle.truffle.runtime.OptimizedCallTarget.profiledPERoot(OptimizedCallTarget.java:722)
	at com.oracle.truffle.runtime.OptimizedCallTarget.callBoundary(OptimizedCallTarget.java:641)
	at com.oracle.truffle.runtime.OptimizedCallTarget.doInvoke(OptimizedCallTarget.java:625)
	at com.oracle.truffle.runtime.OptimizedRuntimeSupport.callProfiled(OptimizedRuntimeSupport.java:310)
	at com.oracle.truffle.polyglot.PolyglotValueDispatch$InteropValue.invoke(PolyglotValueDispatch.java:2721)
	at org.graalvm.polyglot.Value.invokeMember(Value.java:1206)
	at thc.ProbeKt.main(Probe.kt:47)
	Suppressed: Attached Guest Language Frames (1)
Internal GraalVM error, please report at https://github.com/oracle/graal/issues/.
