WARNING: Using incubator modules: jdk.incubator.vector
WARNING: A terminally deprecated method in sun.misc.Unsafe has been called
WARNING: sun.misc.Unsafe::objectFieldOffset has been called by com.oracle.truffle.runtime.hotspot.HotSpotTruffleRuntime (file:/home/ekmett/ai/agents/worktrees/thc/performance-regressions-01a0cdeb/build/performance-regressions/fast-state/lib/truffle-runtime-25.3.4.1.jar)
WARNING: Please consider reporting this to the maintainers of class com.oracle.truffle.runtime.hotspot.HotSpotTruffleRuntime
WARNING: sun.misc.Unsafe::objectFieldOffset will be removed in a future release
[To redirect Truffle log output to a file use one of the following options:
* '--log.file=<path>' if the option is passed using a guest language launcher.
* '-Dpolyglot.log.file=<path>' if the option is passed using the host Java launcher.
* Configure logging using the polyglot embedding API.]
[engine] opt done   engine=1  id=22    lambda sc, x, ds1                                  |Tier 2|Time  1185(1037+148 )ms|AST    2|Inlined   5Y  19N|IR   5487/ 10221|CodeSize   55780|Addr 0x7dec6e386780|CompId 3760   |UTC 2026-09-26T16:20:38.806|Src /home/ekmett/ai/agents/worktrees/thc/performance-regressions-01a0cdeb/vendor/containers-0.8/src/Data/Map/Strict/Internal.hs:497 0xec54d003
[engine] opt inval. engine=1  id=22    lambda sc, x, ds1                                                                                                                                                                 |UTC 2026-09-26T16:20:38.836|Src /home/ekmett/ai/agents/worktrees/thc/performance-regressions-01a0cdeb/vendor/containers-0.8/src/Data/Map/Strict/Internal.hs:497 0xec54d003|Reason validRootAssumption local tags updated
[engine] opt deopt  engine=1  id=22    lambda sc, x, ds1                                  |Invalidated  true|                                                                                                            |UTC 2026-09-26T16:20:38.837|Src /home/ekmett/ai/agents/worktrees/thc/performance-regressions-01a0cdeb/vendor/containers-0.8/src/Data/Map/Strict/Internal.hs:497 0xec54d003|Reason uncommon trap
[engine] opt deopt  engine=1  id=22    lambda sc, x, ds1                                  |Invalidated  true|                                                                                                            |UTC 2026-09-26T16:20:38.838|Src /home/ekmett/ai/agents/worktrees/thc/performance-regressions-01a0cdeb/vendor/containers-0.8/src/Data/Map/Strict/Internal.hs:497 0xec54d003|Reason uncommon trap
[engine] opt deopt  engine=1  id=22    lambda sc, x, ds1                                  |Invalidated  true|                                                                                                            |UTC 2026-09-26T16:20:38.838|Src /home/ekmett/ai/agents/worktrees/thc/performance-regressions-01a0cdeb/vendor/containers-0.8/src/Data/Map/Strict/Internal.hs:497 0xec54d003|Reason uncommon trap
[engine] opt deopt  engine=1  id=22    lambda sc, x, ds1                                  |Invalidated  true|                                                                                                            |UTC 2026-09-26T16:20:38.838|Src /home/ekmett/ai/agents/worktrees/thc/performance-regressions-01a0cdeb/vendor/containers-0.8/src/Data/Map/Strict/Internal.hs:497 0xec54d003|Reason uncommon trap
[engine] opt deopt  engine=1  id=22    lambda sc, x, ds1                                  |Invalidated  true|                                                                                                            |UTC 2026-09-26T16:20:38.838|Src /home/ekmett/ai/agents/worktrees/thc/performance-regressions-01a0cdeb/vendor/containers-0.8/src/Data/Map/Strict/Internal.hs:497 0xec54d003|Reason uncommon trap
[engine] opt deopt  engine=1  id=22    lambda sc, x, ds1                                  |Invalidated  true|                                                                                                            |UTC 2026-09-26T16:20:38.839|Src /home/ekmett/ai/agents/worktrees/thc/performance-regressions-01a0cdeb/vendor/containers-0.8/src/Data/Map/Strict/Internal.hs:497 0xec54d003|Reason uncommon trap
[engine] opt done   engine=1  id=22    lambda sc, x, ds1                                  |Tier 2|Time  1118( 963+156 )ms|AST    2|Inlined   5Y  19N|IR   5659/ 11147|CodeSize   61715|Addr 0x7dec6e3a7800|CompId 3894   |UTC 2026-09-26T16:20:39.957|Src /home/ekmett/ai/agents/worktrees/thc/performance-regressions-01a0cdeb/vendor/containers-0.8/src/Data/Map/Strict/Internal.hs:497 0xec54d003
[engine] opt done   engine=1  id=11    lambda k, x, l, r                                  |Tier 2|Time    62(  52+10  )ms|AST    2|Inlined   0Y   0N|IR    847/   798|CodeSize    4424|Addr 0x7dec6e3c2c80|CompId 3924   |UTC 2026-09-26T16:20:40.047|Src /home/ekmett/ai/agents/worktrees/thc/performance-regressions-01a0cdeb/vendor/containers-0.8/src/Data/Map/Internal.hs:4272 0x116dbcc5
[engine] opt done   engine=1  id=23    lambda ww, ds2                                     |Tier 2|Time   628( 326+303 )ms|AST    2|Inlined  13Y  15N|IR   7018/ 13431|CodeSize   69308|Addr 0x7dec6e3f9b80|CompId 3974   |UTC 2026-09-26T16:20:40.723|Src /home/ekmett/ai/agents/worktrees/thc/performance-regressions-01a0cdeb/vendor/containers-0.8/src/Data/Map/Strict/Internal.hs:649 0xec54d003
[engine] opt done   engine=1  id=19    lambda ww, ds                                      |Tier 2|Time   277( 119+158 )ms|AST    2|Inlined   5Y   1N|IR   2854/  4693|CodeSize   22728|Addr 0x7dec6e41eb00|CompId 3999   |UTC 2026-09-26T16:20:41.028|Src /home/ekmett/ai/agents/worktrees/thc/performance-regressions-01a0cdeb/vendor/containers-0.8/src/Data/Map/Internal.hs:3426 0x116dbcc5
[engine] opt done   engine=1  id=18    lambda def, ww, ds1                                |Tier 2|Time    60(  28+31  )ms|AST    2|Inlined   1Y   0N|IR   1540/  2863|CodeSize   14319|Addr 0x7dec6e426ac0|CompId 4012   |UTC 2026-09-26T16:20:41.113|Src /home/ekmett/ai/agents/worktrees/thc/performance-regressions-01a0cdeb/vendor/containers-0.8/src/Data/Map/Internal.hs:649 0x116dbcc5
[engine] opt done   engine=1  id=16    lambda k, x, l, r                                  |Tier 2|Time   931( 654+276 )ms|AST    2|Inlined   5Y  15N|IR   5753/ 11881|CodeSize   63363|Addr 0x7dec6e44f2e0|CompId 4068   |UTC 2026-09-26T16:20:42.095|Src /home/ekmett/ai/agents/worktrees/thc/performance-regressions-01a0cdeb/vendor/containers-0.8/src/Data/Map/Internal.hs:4302 0x116dbcc5
[engine] opt done   engine=1  id=139   lambda ww<OSR@180388651218>                        |Tier 2|Time    89(  73+17  )ms|AST    2|Inlined   0Y   2N|IR    782/  1798|CodeSize    8584|Addr 0x7dec6e470600|CompId 4106   |UTC 2026-09-26T16:20:42.236|Src n/a
[engine] opt deopt  engine=1  id=139   lambda ww<OSR@180388651218>                        |Invalidated false|                                                                                                            |UTC 2026-09-26T16:20:42.237|Src n/a|Reason Unknown
[engine] opt done   engine=1  id=24    lambda ww                                          |Tier 2|Time  1088( 647+440 )ms|AST    2|Inlined   9Y  23N|IR   9057/ 20659|CodeSize  110996|Addr 0x7dec6e4735c0|CompId 4123   |UTC 2026-09-26T16:20:43.325|Src n/a
[engine] opt done   engine=1  id=27    lambda n                                           |Tier 2|Time   879( 871+8   )ms|AST    2|Inlined   1Y   1N|IR    492/   823|CodeSize    3577|Addr 0x7dec6e260100|CompId 4210   |UTC 2026-09-26T16:20:44.899|Src examples/THC/MapWorkload.hs:33 0x4102bea6
[engine] opt done   engine=1  id=60    EntryRoot@56505578                                 |Tier 2|Time   876( 867+9   )ms|AST   21|Inlined   2Y   1N|IR    514/   874|CodeSize    3507|Addr 0x7dec6e2a0380|CompId 4222   |UTC 2026-09-26T16:20:45.777|Src n/a
[engine] opt done   engine=1  id=91    org.graalvm.polyglot.Value<EntryValue>.execute     |Tier 2|Time    57(  25+32  )ms|AST    9|Inlined   0Y   0N|IR    834/  3923|CodeSize   16154|Addr 0x7dec6e25f140|CompId 4399   |UTC 2026-09-26T16:21:14.260|Src n/a
[engine] opt reprof engine=1  id=27    lambda n                                           |                                                                                                                              |UTC 2026-09-26T16:21:20.651|Src examples/THC/MapWorkload.hs:33 0x4102bea6
Exception in thread "main" org.graalvm.polyglot.PolyglotException: java.lang.IllegalStateException: Guest code was not installed
	at thc.EntryValue.invokeMember(Language.kt:727)
	at thc.EntryValueGen$InteropLibraryExports$Cached.invokeMember(EntryValueGen.java:180)
	at com.oracle.truffle.polyglot.PolyglotValueDispatch$InteropValue$SharedInvokeNode.doDefault(PolyglotValueDispatch.java:4857)
	at com.oracle.truffle.polyglot.PolyglotValueDispatchFactory$InteropValueFactory$SharedInvokeNodeGen$Inlined.executeShared(PolyglotValueDispatchFactory.java:9378)
	at com.oracle.truffle.polyglot.PolyglotValueDispatch$InteropValue$InvokeNoArgsNode.doDefault(PolyglotValueDispatch.java:4922)
	at com.oracle.truffle.polyglot.PolyglotValueDispatchFactory$InteropValueFactory$InvokeNoArgsNodeGen.executeImpl(PolyglotValueDispatchFactory.java:9648)
	at com.oracle.truffle.polyglot.HostToGuestRootNode.execute(HostToGuestRootNode.java:126)
	at com.oracle.truffle.runtime.OptimizedCallTarget.executeRootNode(OptimizedCallTarget.java:808)
	at com.oracle.truffle.runtime.OptimizedCallTarget.profiledPERoot(OptimizedCallTarget.java:722)
	at com.oracle.truffle.runtime.OptimizedCallTarget.callBoundary(OptimizedCallTarget.java:641)
	at com.oracle.truffle.runtime.OptimizedCallTarget.doInvoke(OptimizedCallTarget.java:625)
	at com.oracle.truffle.runtime.OptimizedRuntimeSupport.callProfiled(OptimizedRuntimeSupport.java:310)
	at com.oracle.truffle.polyglot.PolyglotValueDispatch$InteropValue.invoke(PolyglotValueDispatch.java:2721)
	at org.graalvm.polyglot.Value.invokeMember(Value.java:1206)
	at thc.RetentionProbeKt.main(RetentionProbe.kt:92)
	Suppressed: Attached Guest Language Frames (1)
Internal GraalVM error, please report at https://github.com/oracle/graal/issues/.
