WARNING: Using incubator modules: jdk.incubator.vector
WARNING: A terminally deprecated method in sun.misc.Unsafe has been called
WARNING: sun.misc.Unsafe::objectFieldOffset has been called by com.oracle.truffle.runtime.hotspot.HotSpotTruffleRuntime (file:/home/ekmett/ai/agents/worktrees/thc/performance-regressions-01a0cdeb/build/performance-regressions/fast-state/lib/truffle-runtime-25.3.4.1.jar)
WARNING: Please consider reporting this to the maintainers of class com.oracle.truffle.runtime.hotspot.HotSpotTruffleRuntime
WARNING: sun.misc.Unsafe::objectFieldOffset will be removed in a future release
[To redirect Truffle log output to a file use one of the following options:
* '--log.file=<path>' if the option is passed using a guest language launcher.
* '-Dpolyglot.log.file=<path>' if the option is passed using the host Java launcher.
* Configure logging using the polyglot embedding API.]
[engine] opt done   engine=1  id=22    lambda sc, x, ds1                                  |Tier 2|Time  1162(1016+147 )ms|AST    2|Inlined   5Y  19N|IR   5487/ 10267|CodeSize   55972|Addr 0x7794e2387900|CompId 3778   |UTC 2026-09-26T16:17:28.772|Src /home/ekmett/ai/agents/worktrees/thc/performance-regressions-01a0cdeb/vendor/containers-0.8/src/Data/Map/Strict/Internal.hs:497 0xec54d003
[engine] opt inval. engine=1  id=22    lambda sc, x, ds1                                                                                                                                                                 |UTC 2026-09-26T16:17:28.801|Src /home/ekmett/ai/agents/worktrees/thc/performance-regressions-01a0cdeb/vendor/containers-0.8/src/Data/Map/Strict/Internal.hs:497 0xec54d003|Reason validRootAssumption local tags updated
[engine] opt deopt  engine=1  id=22    lambda sc, x, ds1                                  |Invalidated  true|                                                                                                            |UTC 2026-09-26T16:17:28.802|Src /home/ekmett/ai/agents/worktrees/thc/performance-regressions-01a0cdeb/vendor/containers-0.8/src/Data/Map/Strict/Internal.hs:497 0xec54d003|Reason uncommon trap
[engine] opt deopt  engine=1  id=22    lambda sc, x, ds1                                  |Invalidated  true|                                                                                                            |UTC 2026-09-26T16:17:28.802|Src /home/ekmett/ai/agents/worktrees/thc/performance-regressions-01a0cdeb/vendor/containers-0.8/src/Data/Map/Strict/Internal.hs:497 0xec54d003|Reason uncommon trap
[engine] opt deopt  engine=1  id=22    lambda sc, x, ds1                                  |Invalidated  true|                                                                                                            |UTC 2026-09-26T16:17:28.803|Src /home/ekmett/ai/agents/worktrees/thc/performance-regressions-01a0cdeb/vendor/containers-0.8/src/Data/Map/Strict/Internal.hs:497 0xec54d003|Reason uncommon trap
[engine] opt deopt  engine=1  id=22    lambda sc, x, ds1                                  |Invalidated  true|                                                                                                            |UTC 2026-09-26T16:17:28.803|Src /home/ekmett/ai/agents/worktrees/thc/performance-regressions-01a0cdeb/vendor/containers-0.8/src/Data/Map/Strict/Internal.hs:497 0xec54d003|Reason uncommon trap
[engine] opt deopt  engine=1  id=22    lambda sc, x, ds1                                  |Invalidated  true|                                                                                                            |UTC 2026-09-26T16:17:28.803|Src /home/ekmett/ai/agents/worktrees/thc/performance-regressions-01a0cdeb/vendor/containers-0.8/src/Data/Map/Strict/Internal.hs:497 0xec54d003|Reason uncommon trap
[engine] opt deopt  engine=1  id=22    lambda sc, x, ds1                                  |Invalidated  true|                                                                                                            |UTC 2026-09-26T16:17:28.803|Src /home/ekmett/ai/agents/worktrees/thc/performance-regressions-01a0cdeb/vendor/containers-0.8/src/Data/Map/Strict/Internal.hs:497 0xec54d003|Reason uncommon trap
[engine] opt done   engine=1  id=22    lambda sc, x, ds1                                  |Tier 2|Time  1135( 980+155 )ms|AST    2|Inlined   5Y  19N|IR   5659/ 11193|CodeSize   61811|Addr 0x7794e23a9580|CompId 3910   |UTC 2026-09-26T16:17:29.939|Src /home/ekmett/ai/agents/worktrees/thc/performance-regressions-01a0cdeb/vendor/containers-0.8/src/Data/Map/Strict/Internal.hs:497 0xec54d003
[engine] opt done   engine=1  id=11    lambda k, x, l, r                                  |Tier 2|Time    63(  53+10  )ms|AST    2|Inlined   0Y   0N|IR    847/   798|CodeSize    4424|Addr 0x7794e23c4d00|CompId 3940   |UTC 2026-09-26T16:17:30.029|Src /home/ekmett/ai/agents/worktrees/thc/performance-regressions-01a0cdeb/vendor/containers-0.8/src/Data/Map/Internal.hs:4272 0x116dbcc5
[engine] opt done   engine=1  id=23    lambda ww, ds2                                     |Tier 2|Time   618( 324+294 )ms|AST    2|Inlined  13Y  15N|IR   7018/ 13461|CodeSize   69436|Addr 0x7794e23fa600|CompId 3990   |UTC 2026-09-26T16:17:30.685|Src /home/ekmett/ai/agents/worktrees/thc/performance-regressions-01a0cdeb/vendor/containers-0.8/src/Data/Map/Strict/Internal.hs:649 0xec54d003
[engine] opt done   engine=1  id=19    lambda ww, ds                                      |Tier 2|Time   275( 118+157 )ms|AST    2|Inlined   5Y   1N|IR   2854/  4695|CodeSize   22728|Addr 0x7794e241f200|CompId 4015   |UTC 2026-09-26T16:17:30.987|Src /home/ekmett/ai/agents/worktrees/thc/performance-regressions-01a0cdeb/vendor/containers-0.8/src/Data/Map/Internal.hs:3426 0x116dbcc5
[engine] opt done   engine=1  id=18    lambda def, ww, ds1                                |Tier 2|Time    59(  29+31  )ms|AST    2|Inlined   1Y   0N|IR   1540/  2865|CodeSize   14351|Addr 0x7794e2426a40|CompId 4027   |UTC 2026-09-26T16:17:31.069|Src /home/ekmett/ai/agents/worktrees/thc/performance-regressions-01a0cdeb/vendor/containers-0.8/src/Data/Map/Internal.hs:649 0x116dbcc5
[engine] opt done   engine=1  id=16    lambda k, x, l, r                                  |Tier 2|Time   940( 662+277 )ms|AST    2|Inlined   5Y  15N|IR   5753/ 11915|CodeSize   63459|Addr 0x7794e244fe60|CompId 4086   |UTC 2026-09-26T16:17:32.064|Src /home/ekmett/ai/agents/worktrees/thc/performance-regressions-01a0cdeb/vendor/containers-0.8/src/Data/Map/Internal.hs:4302 0x116dbcc5
[engine] opt done   engine=1  id=139   lambda ww<OSR@180388651218>                        |Tier 2|Time    89(  73+16  )ms|AST    2|Inlined   0Y   2N|IR    782/  1804|CodeSize    8592|Addr 0x7794e2471200|CompId 4124   |UTC 2026-09-26T16:17:32.211|Src n/a
[engine] opt deopt  engine=1  id=139   lambda ww<OSR@180388651218>                        |Invalidated false|                                                                                                            |UTC 2026-09-26T16:17:32.212|Src n/a|Reason Unknown
[engine] opt done   engine=1  id=24    lambda ww                                          |Tier 2|Time  1075( 643+432 )ms|AST    2|Inlined   9Y  23N|IR   9057/ 20723|CodeSize  111284|Addr 0x7794e24741c0|CompId 4141   |UTC 2026-09-26T16:17:33.288|Src n/a
[engine] opt done   engine=1  id=27    lambda n                                           |Tier 2|Time   876( 868+8   )ms|AST    2|Inlined   1Y   1N|IR    492/   825|CodeSize    3585|Addr 0x7794e225f500|CompId 4229   |UTC 2026-09-26T16:17:34.864|Src examples/THC/MapWorkload.hs:33 0x4102bea6
[engine] opt done   engine=1  id=60    EntryRoot@4aef5079                                 |Tier 2|Time   879( 869+10  )ms|AST   21|Inlined   2Y   1N|IR    514/   876|CodeSize    3515|Addr 0x7794e224ce00|CompId 4241   |UTC 2026-09-26T16:17:35.744|Src n/a
[engine] opt done   engine=1  id=91    org.graalvm.polyglot.Value<EntryValue>.execute     |Tier 2|Time    60(  27+33  )ms|AST    9|Inlined   0Y   0N|IR    834/  3929|CodeSize   16186|Addr 0x7794e23d0340|CompId 4422   |UTC 2026-09-26T16:18:04.283|Src n/a
[engine] opt reprof engine=1  id=27    lambda n                                           |                                                                                                                              |UTC 2026-09-26T16:18:10.779|Src examples/THC/MapWorkload.hs:33 0x4102bea6
Exception in thread "main" java.lang.reflect.InvocationTargetException
	at java.base/jdk.internal.reflect.DirectMethodHandleAccessor.invoke(DirectMethodHandleAccessor.java:119)
	at java.base/java.lang.reflect.Method.invoke(Method.java:565)
	at thc.RetentionProbeKt.main$lambda$7$targetState(RetentionProbe.kt:53)
	at thc.RetentionProbeKt.main$lambda$7$snapshot(RetentionProbe.kt:63)
	at thc.RetentionProbeKt.main(RetentionProbe.kt:85)
Caused by: java.lang.InternalError: java.lang.IllegalArgumentException: object of type jdk.vm.ci.code.InstalledCode is not an instance of jdk.vm.ci.hotspot.HotSpotNmethod
	at com.oracle.truffle.runtime.hotspot.HotSpotOptimizedCallTarget.getInvalidationReason(HotSpotOptimizedCallTarget.java:241)
	at java.base/jdk.internal.reflect.DirectMethodHandleAccessor.invoke(DirectMethodHandleAccessor.java:104)
	... 4 more
Caused by: java.lang.IllegalArgumentException: object of type jdk.vm.ci.code.InstalledCode is not an instance of jdk.vm.ci.hotspot.HotSpotNmethod
	at java.base/jdk.internal.reflect.DirectMethodHandleAccessor.checkReceiver(DirectMethodHandleAccessor.java:199)
	at java.base/jdk.internal.reflect.DirectMethodHandleAccessor.invoke(DirectMethodHandleAccessor.java:100)
	at java.base/java.lang.reflect.Method.invoke(Method.java:565)
	at com.oracle.truffle.runtime.hotspot.HotSpotOptimizedCallTarget.getInvalidationReason(HotSpotOptimizedCallTarget.java:238)
	... 5 more
