WARNING: Using incubator modules: jdk.incubator.vector
WARNING: A terminally deprecated method in sun.misc.Unsafe has been called
WARNING: sun.misc.Unsafe::objectFieldOffset has been called by com.oracle.truffle.runtime.hotspot.HotSpotTruffleRuntime (file:/home/ekmett/ai/agents/worktrees/thc/performance-regressions-01a0cdeb/build/performance-regressions/candidate/lib/truffle-runtime-25.3.4.1.jar)
WARNING: Please consider reporting this to the maintainers of class com.oracle.truffle.runtime.hotspot.HotSpotTruffleRuntime
WARNING: sun.misc.Unsafe::objectFieldOffset will be removed in a future release
[To redirect Truffle log output to a file use one of the following options:
* '--log.file=<path>' if the option is passed using a guest language launcher.
* '-Dpolyglot.log.file=<path>' if the option is passed using the host Java launcher.
* Configure logging using the polyglot embedding API.]
[engine] opt done   engine=1  id=22    lambda sc, x, ds1                                  |Tier 2|Time  1083( 931+152 )ms|AST    2|Inlined   5Y  19N|IR   5550/  9530|CodeSize   54905|Addr 0x711f82395e80|CompId 3784   |UTC 2026-09-26T15:58:22.719|Src /home/ekmett/ai/agents/worktrees/thc/performance-regressions-01a0cdeb/vendor/containers-0.8/src/Data/Map/Strict/Internal.hs:497 0xec54d003
[engine] opt inval. engine=1  id=22    lambda sc, x, ds1                                                                                                                                                                 |UTC 2026-09-26T15:58:22.747|Src /home/ekmett/ai/agents/worktrees/thc/performance-regressions-01a0cdeb/vendor/containers-0.8/src/Data/Map/Strict/Internal.hs:497 0xec54d003|Reason validRootAssumption local tags updated
[engine] opt deopt  engine=1  id=22    lambda sc, x, ds1                                  |Invalidated  true|                                                                                                            |UTC 2026-09-26T15:58:22.749|Src /home/ekmett/ai/agents/worktrees/thc/performance-regressions-01a0cdeb/vendor/containers-0.8/src/Data/Map/Strict/Internal.hs:497 0xec54d003|Reason uncommon trap
[engine] opt deopt  engine=1  id=22    lambda sc, x, ds1                                  |Invalidated  true|                                                                                                            |UTC 2026-09-26T15:58:22.749|Src /home/ekmett/ai/agents/worktrees/thc/performance-regressions-01a0cdeb/vendor/containers-0.8/src/Data/Map/Strict/Internal.hs:497 0xec54d003|Reason uncommon trap
[engine] opt deopt  engine=1  id=22    lambda sc, x, ds1                                  |Invalidated  true|                                                                                                            |UTC 2026-09-26T15:58:22.749|Src /home/ekmett/ai/agents/worktrees/thc/performance-regressions-01a0cdeb/vendor/containers-0.8/src/Data/Map/Strict/Internal.hs:497 0xec54d003|Reason uncommon trap
[engine] opt deopt  engine=1  id=22    lambda sc, x, ds1                                  |Invalidated  true|                                                                                                            |UTC 2026-09-26T15:58:22.749|Src /home/ekmett/ai/agents/worktrees/thc/performance-regressions-01a0cdeb/vendor/containers-0.8/src/Data/Map/Strict/Internal.hs:497 0xec54d003|Reason uncommon trap
[engine] opt deopt  engine=1  id=22    lambda sc, x, ds1                                  |Invalidated  true|                                                                                                            |UTC 2026-09-26T15:58:22.750|Src /home/ekmett/ai/agents/worktrees/thc/performance-regressions-01a0cdeb/vendor/containers-0.8/src/Data/Map/Strict/Internal.hs:497 0xec54d003|Reason uncommon trap
[engine] opt deopt  engine=1  id=22    lambda sc, x, ds1                                  |Invalidated  true|                                                                                                            |UTC 2026-09-26T15:58:22.750|Src /home/ekmett/ai/agents/worktrees/thc/performance-regressions-01a0cdeb/vendor/containers-0.8/src/Data/Map/Strict/Internal.hs:497 0xec54d003|Reason uncommon trap
[engine] opt done   engine=1  id=22    lambda sc, x, ds1                                  |Tier 2|Time  1185( 956+229 )ms|AST    2|Inlined   5Y  19N|IR   5722/ 10456|CodeSize   61708|Addr 0x711f823abf80|CompId 3928   |UTC 2026-09-26T15:58:23.935|Src /home/ekmett/ai/agents/worktrees/thc/performance-regressions-01a0cdeb/vendor/containers-0.8/src/Data/Map/Strict/Internal.hs:497 0xec54d003
[engine] opt done   engine=1  id=11    lambda k, x, l, r                                  |Tier 2|Time    44(  31+13  )ms|AST    2|Inlined   0Y   0N|IR    859/   787|CodeSize    4358|Addr 0x711f823bf000|CompId 3958   |UTC 2026-09-26T15:58:23.992|Src /home/ekmett/ai/agents/worktrees/thc/performance-regressions-01a0cdeb/vendor/containers-0.8/src/Data/Map/Internal.hs:4272 0x116dbcc5
[engine] opt done   engine=1  id=23    lambda ww, ds2                                     |Tier 2|Time   649( 355+294 )ms|AST    2|Inlined  13Y  15N|IR   7039/ 11835|CodeSize   74234|Addr 0x711f823fe200|CompId 4008   |UTC 2026-09-26T15:58:24.689|Src /home/ekmett/ai/agents/worktrees/thc/performance-regressions-01a0cdeb/vendor/containers-0.8/src/Data/Map/Strict/Internal.hs:649 0xec54d003
[engine] opt done   engine=1  id=19    lambda ww, ds                                      |Tier 2|Time   281( 130+151 )ms|AST    2|Inlined   5Y   1N|IR   2905/  4115|CodeSize   22898|Addr 0x711f82424780|CompId 4034   |UTC 2026-09-26T15:58:24.997|Src /home/ekmett/ai/agents/worktrees/thc/performance-regressions-01a0cdeb/vendor/containers-0.8/src/Data/Map/Internal.hs:3426 0x116dbcc5
[engine] opt done   engine=1  id=18    lambda def, ww, ds1                                |Tier 2|Time    64(  29+35  )ms|AST    2|Inlined   1Y   0N|IR   1599/  3043|CodeSize   15431|Addr 0x711f8242ca40|CompId 4047   |UTC 2026-09-26T15:58:25.084|Src /home/ekmett/ai/agents/worktrees/thc/performance-regressions-01a0cdeb/vendor/containers-0.8/src/Data/Map/Internal.hs:649 0x116dbcc5
[engine] opt done   engine=1  id=16    lambda k, x, l, r                                  |Tier 2|Time   949( 654+295 )ms|AST    2|Inlined   5Y  15N|IR   5867/ 11055|CodeSize   63859|Addr 0x711f82455060|CompId 4110   |UTC 2026-09-26T15:58:26.087|Src /home/ekmett/ai/agents/worktrees/thc/performance-regressions-01a0cdeb/vendor/containers-0.8/src/Data/Map/Internal.hs:4302 0x116dbcc5
[engine] opt done   engine=1  id=139   lambda ww<OSR@180388651218>                        |Tier 2|Time    87(  70+17  )ms|AST    2|Inlined   0Y   2N|IR    841/  1946|CodeSize    9845|Addr 0x711f82476980|CompId 4152   |UTC 2026-09-26T15:58:26.213|Src n/a
[engine] opt deopt  engine=1  id=139   lambda ww<OSR@180388651218>                        |Invalidated false|                                                                                                            |UTC 2026-09-26T15:58:26.214|Src n/a|Reason Unknown
[engine] opt done   engine=1  id=24    lambda ww                                          |Tier 2|Time  1105( 667+439 )ms|AST    2|Inlined   9Y  23N|IR   9312/ 22053|CodeSize  128757|Addr 0x711f82479f40|CompId 4168   |UTC 2026-09-26T15:58:27.320|Src n/a
[engine] opt done   engine=1  id=27    lambda n                                           |Tier 2|Time   800( 792+8   )ms|AST    2|Inlined   1Y   1N|IR    538/   835|CodeSize    3638|Addr 0x711f824a7300|CompId 4253   |UTC 2026-09-26T15:58:29.192|Src examples/THC/MapWorkload.hs:33 0x4102bea6
[engine] opt done   engine=1  id=60    EntryRoot@46e656d                                  |Tier 2|Time   869( 858+11  )ms|AST   21|Inlined   2Y   1N|IR    563/   887|CodeSize    3766|Addr 0x711f824a9080|CompId 4272   |UTC 2026-09-26T15:58:30.062|Src n/a
[engine] opt done   engine=1  id=91    org.graalvm.polyglot.Value<EntryValue>.execute     |Tier 2|Time    52(  21+31  )ms|AST    9|Inlined   0Y   0N|IR    834/  3929|CodeSize   16186|Addr 0x711f824cc8c0|CompId 4411   |UTC 2026-09-26T15:59:17.508|Src n/a
