WARNING: Using incubator modules: jdk.incubator.vector
WARNING: A terminally deprecated method in sun.misc.Unsafe has been called
WARNING: sun.misc.Unsafe::objectFieldOffset has been called by com.oracle.truffle.runtime.hotspot.HotSpotTruffleRuntime (file:/home/ekmett/ai/agents/worktrees/thc/performance-regressions-01a0cdeb/work/performance-reference/build/install/thc/lib/truffle-runtime-25.3.4.1.jar)
WARNING: Please consider reporting this to the maintainers of class com.oracle.truffle.runtime.hotspot.HotSpotTruffleRuntime
WARNING: sun.misc.Unsafe::objectFieldOffset will be removed in a future release
[To redirect Truffle log output to a file use one of the following options:
* '--log.file=<path>' if the option is passed using a guest language launcher.
* '-Dpolyglot.log.file=<path>' if the option is passed using the host Java launcher.
* Configure logging using the polyglot embedding API.]
[engine] opt done   engine=1  id=21    lambda sc, x, ds1                                  |Tier 2|Time   579( 454+125 )ms|AST    2|Inlined  15Y  47N|IR   4138/ 10482|CodeSize   59030|Addr 0x74bffa359080|CompId 3158   |UTC 2026-09-26T15:56:49.863|Src /home/ekmett/ai/agents/worktrees/thc/performance-regressions-01a0cdeb/vendor/containers-0.8/src/Data/Map/Strict/Internal.hs:497 0xec54d003
[engine] opt done   engine=1  id=21    lambda sc, x, ds1                                  |Tier 2|Time   539( 414+124 )ms|AST    2|Inlined  15Y  47N|IR   4138/ 10482|CodeSize   58149|Addr 0x74bffa376900|CompId 3268   |UTC 2026-09-26T15:56:50.424|Src /home/ekmett/ai/agents/worktrees/thc/performance-regressions-01a0cdeb/vendor/containers-0.8/src/Data/Map/Strict/Internal.hs:497 0xec54d003
[engine] opt inval. engine=1  id=21    lambda sc, x, ds1                                                                                                                                                                 |UTC 2026-09-26T15:56:50.426|Src /home/ekmett/ai/agents/worktrees/thc/performance-regressions-01a0cdeb/vendor/containers-0.8/src/Data/Map/Strict/Internal.hs:497 0xec54d003|Reason validRootAssumption local tags updated
[engine] opt inval. engine=1  id=21    lambda sc, x, ds1                                                                                                                                                                 |UTC 2026-09-26T15:56:50.427|Src /home/ekmett/ai/agents/worktrees/thc/performance-regressions-01a0cdeb/vendor/containers-0.8/src/Data/Map/Strict/Internal.hs:497 0xec54d003|Reason validRootAssumption local tags updated
[engine] opt deopt  engine=1  id=21    lambda sc, x, ds1                                  |Invalidated  true|                                                                                                            |UTC 2026-09-26T15:56:50.427|Src /home/ekmett/ai/agents/worktrees/thc/performance-regressions-01a0cdeb/vendor/containers-0.8/src/Data/Map/Strict/Internal.hs:497 0xec54d003|Reason uncommon trap
[engine] opt deopt  engine=1  id=21    lambda sc, x, ds1                                  |Invalidated  true|                                                                                                            |UTC 2026-09-26T15:56:50.428|Src /home/ekmett/ai/agents/worktrees/thc/performance-regressions-01a0cdeb/vendor/containers-0.8/src/Data/Map/Strict/Internal.hs:497 0xec54d003|Reason uncommon trap
[engine] opt deopt  engine=1  id=21    lambda sc, x, ds1                                  |Invalidated  true|                                                                                                            |UTC 2026-09-26T15:56:50.428|Src /home/ekmett/ai/agents/worktrees/thc/performance-regressions-01a0cdeb/vendor/containers-0.8/src/Data/Map/Strict/Internal.hs:497 0xec54d003|Reason uncommon trap
[engine] opt deopt  engine=1  id=21    lambda sc, x, ds1                                  |Invalidated  true|                                                                                                            |UTC 2026-09-26T15:56:50.428|Src /home/ekmett/ai/agents/worktrees/thc/performance-regressions-01a0cdeb/vendor/containers-0.8/src/Data/Map/Strict/Internal.hs:497 0xec54d003|Reason uncommon trap
[engine] opt deopt  engine=1  id=21    lambda sc, x, ds1                                  |Invalidated  true|                                                                                                            |UTC 2026-09-26T15:56:50.428|Src /home/ekmett/ai/agents/worktrees/thc/performance-regressions-01a0cdeb/vendor/containers-0.8/src/Data/Map/Strict/Internal.hs:497 0xec54d003|Reason uncommon trap
[engine] opt deopt  engine=1  id=21    lambda sc, x, ds1                                  |Invalidated  true|                                                                                                            |UTC 2026-09-26T15:56:50.428|Src /home/ekmett/ai/agents/worktrees/thc/performance-regressions-01a0cdeb/vendor/containers-0.8/src/Data/Map/Strict/Internal.hs:497 0xec54d003|Reason uncommon trap
[engine] opt done   engine=1  id=21    lambda sc, x, ds1                                  |Tier 2|Time   562( 426+136 )ms|AST    2|Inlined  14Y  48N|IR   4212/ 12029|CodeSize   65455|Addr 0x74bffa387000|CompId 3324   |UTC 2026-09-26T15:56:50.993|Src /home/ekmett/ai/agents/worktrees/thc/performance-regressions-01a0cdeb/vendor/containers-0.8/src/Data/Map/Strict/Internal.hs:497 0xec54d003
[engine] opt done   engine=1  id=22    lambda ww, ds2                                     |Tier 2|Time   188( 153+35  )ms|AST    2|Inlined  14Y  16N|IR   1860/  4765|CodeSize   25359|Addr 0x74bffa3bc280|CompId 3381   |UTC 2026-09-26T15:56:51.244|Src /home/ekmett/ai/agents/worktrees/thc/performance-regressions-01a0cdeb/vendor/containers-0.8/src/Data/Map/Strict/Internal.hs:649 0xec54d003
[engine] opt done   engine=1  id=17    lambda def, ww, ds1                                |Tier 2|Time    59(  56+4   )ms|AST    2|Inlined   1Y   0N|IR    198/   331|CodeSize    1663|Addr 0x74bffa3ce400|CompId 3423   |UTC 2026-09-26T15:56:51.380|Src /home/ekmett/ai/agents/worktrees/thc/performance-regressions-01a0cdeb/vendor/containers-0.8/src/Data/Map/Internal.hs:649 0x116dbcc5
[engine] opt done   engine=1  id=18    lambda ww, ds                                      |Tier 2|Time   108(  80+29  )ms|AST    2|Inlined   5Y   1N|IR    553/   964|CodeSize    4609|Addr 0x74bffa3f2d00|CompId 3461   |UTC 2026-09-26T15:56:51.544|Src /home/ekmett/ai/agents/worktrees/thc/performance-regressions-01a0cdeb/vendor/containers-0.8/src/Data/Map/Internal.hs:3426 0x116dbcc5
[engine] opt done   engine=1  id=23    lambda ww                                          |Tier 2|Time  1116( 665+451 )ms|AST    2|Inlined  42Y  74N|IR   7483/ 27172|CodeSize  176439|Addr 0x74bffa3f4c00|CompId 3477   |UTC 2026-09-26T15:56:52.666|Src n/a
[engine] opt done   engine=1  id=10    lambda k, x, l, r                                  |Tier 2|Time    61(  57+4   )ms|AST    2|Inlined   0Y   0N|IR    516/   377|CodeSize    1513|Addr 0x74bffa422680|CompId 3489   |UTC 2026-09-26T15:56:52.740|Src /home/ekmett/ai/agents/worktrees/thc/performance-regressions-01a0cdeb/vendor/containers-0.8/src/Data/Map/Internal.hs:4272 0x116dbcc5
[engine] opt done   engine=1  id=15    lambda k, x, l, r                                  |Tier 2|Time   573( 382+191 )ms|AST    2|Inlined  14Y  44N|IR   3940/ 10752|CodeSize   59685|Addr 0x74bffa426c00|CompId 3507   |UTC 2026-09-26T15:56:53.340|Src /home/ekmett/ai/agents/worktrees/thc/performance-regressions-01a0cdeb/vendor/containers-0.8/src/Data/Map/Internal.hs:4302 0x116dbcc5
[engine] opt done   engine=1  id=26    lambda n                                           |Tier 2|Time   618( 616+2   )ms|AST    2|Inlined   1Y   1N|IR    128/   259|CodeSize     852|Addr 0x74bffa43a100|CompId 3537   |UTC 2026-09-26T15:56:54.270|Src examples/THC/MapWorkload.hs:33 0x4102bea6
[engine] opt done   engine=1  id=59    EntryRoot@4b05e4de                                 |Tier 2|Time   621( 618+3   )ms|AST   21|Inlined   2Y   1N|IR    150/   304|CodeSize     936|Addr 0x74bffa43a680|CompId 3543   |UTC 2026-09-26T15:56:54.893|Src n/a
[engine] opt done   engine=1  id=91    org.graalvm.polyglot.Value<EntryValue>.execute     |Tier 2|Time   783( 767+15  )ms|AST   10|Inlined   3Y   1N|IR    544/  1727|CodeSize    7413|Addr 0x74bffa451e00|CompId 3654   |UTC 2026-09-26T15:57:11.216|Src n/a
