WARNING: Using incubator modules: jdk.incubator.vector
WARNING: A terminally deprecated method in sun.misc.Unsafe has been called
WARNING: sun.misc.Unsafe::objectFieldOffset has been called by com.oracle.truffle.runtime.hotspot.HotSpotTruffleRuntime (file:/home/ekmett/ai/agents/worktrees/thc/performance-regressions-01a0cdeb/build/performance-regressions/candidate/lib/truffle-runtime-25.3.4.1.jar)
WARNING: Please consider reporting this to the maintainers of class com.oracle.truffle.runtime.hotspot.HotSpotTruffleRuntime
WARNING: sun.misc.Unsafe::objectFieldOffset will be removed in a future release
[To redirect Truffle log output to a file use one of the following options:
* '--log.file=<path>' if the option is passed using a guest language launcher.
* '-Dpolyglot.log.file=<path>' if the option is passed using the host Java launcher.
* Configure logging using the polyglot embedding API.]
[engine] opt done   engine=1  id=22    lambda sc, x, ds1                                  |Tier 2|Time  1154( 998+157 )ms|AST    2|Inlined   5Y  19N|IR   5506/  9522|CodeSize   54744|Addr 0x7409fe39b800|CompId 3784   |UTC 2026-09-26T15:57:17.703|Src /home/ekmett/ai/agents/worktrees/thc/performance-regressions-01a0cdeb/vendor/containers-0.8/src/Data/Map/Strict/Internal.hs:497 0xec54d003
[engine] opt inval. engine=1  id=22    lambda sc, x, ds1                                                                                                                                                                 |UTC 2026-09-26T15:57:17.721|Src /home/ekmett/ai/agents/worktrees/thc/performance-regressions-01a0cdeb/vendor/containers-0.8/src/Data/Map/Strict/Internal.hs:497 0xec54d003|Reason validRootAssumption local tags updated
[engine] opt deopt  engine=1  id=22    lambda sc, x, ds1                                  |Invalidated  true|                                                                                                            |UTC 2026-09-26T15:57:17.722|Src /home/ekmett/ai/agents/worktrees/thc/performance-regressions-01a0cdeb/vendor/containers-0.8/src/Data/Map/Strict/Internal.hs:497 0xec54d003|Reason uncommon trap
[engine] opt deopt  engine=1  id=22    lambda sc, x, ds1                                  |Invalidated  true|                                                                                                            |UTC 2026-09-26T15:57:17.723|Src /home/ekmett/ai/agents/worktrees/thc/performance-regressions-01a0cdeb/vendor/containers-0.8/src/Data/Map/Strict/Internal.hs:497 0xec54d003|Reason uncommon trap
[engine] opt deopt  engine=1  id=22    lambda sc, x, ds1                                  |Invalidated  true|                                                                                                            |UTC 2026-09-26T15:57:17.723|Src /home/ekmett/ai/agents/worktrees/thc/performance-regressions-01a0cdeb/vendor/containers-0.8/src/Data/Map/Strict/Internal.hs:497 0xec54d003|Reason uncommon trap
[engine] opt deopt  engine=1  id=22    lambda sc, x, ds1                                  |Invalidated  true|                                                                                                            |UTC 2026-09-26T15:57:17.723|Src /home/ekmett/ai/agents/worktrees/thc/performance-regressions-01a0cdeb/vendor/containers-0.8/src/Data/Map/Strict/Internal.hs:497 0xec54d003|Reason uncommon trap
[engine] opt deopt  engine=1  id=22    lambda sc, x, ds1                                  |Invalidated  true|                                                                                                            |UTC 2026-09-26T15:57:17.723|Src /home/ekmett/ai/agents/worktrees/thc/performance-regressions-01a0cdeb/vendor/containers-0.8/src/Data/Map/Strict/Internal.hs:497 0xec54d003|Reason uncommon trap
[engine] opt deopt  engine=1  id=22    lambda sc, x, ds1                                  |Invalidated  true|                                                                                                            |UTC 2026-09-26T15:57:17.724|Src /home/ekmett/ai/agents/worktrees/thc/performance-regressions-01a0cdeb/vendor/containers-0.8/src/Data/Map/Strict/Internal.hs:497 0xec54d003|Reason uncommon trap
[engine] opt done   engine=1  id=22    lambda sc, x, ds1                                  |Tier 2|Time  1170( 941+229 )ms|AST    2|Inlined   5Y  19N|IR   5678/ 10448|CodeSize   61363|Addr 0x7409fe3ad000|CompId 3922   |UTC 2026-09-26T15:57:18.894|Src /home/ekmett/ai/agents/worktrees/thc/performance-regressions-01a0cdeb/vendor/containers-0.8/src/Data/Map/Strict/Internal.hs:497 0xec54d003
[engine] opt done   engine=1  id=11    lambda k, x, l, r                                  |Tier 2|Time    59(  31+28  )ms|AST    2|Inlined   0Y   0N|IR    850/   784|CodeSize    4359|Addr 0x7409fe3ca000|CompId 3954   |UTC 2026-09-26T15:57:18.966|Src /home/ekmett/ai/agents/worktrees/thc/performance-regressions-01a0cdeb/vendor/containers-0.8/src/Data/Map/Internal.hs:4272 0x116dbcc5
[engine] opt done   engine=1  id=23    lambda ww, ds2                                     |Tier 2|Time   642( 347+295 )ms|AST    2|Inlined  13Y  15N|IR   6939/ 11819|CodeSize   73916|Addr 0x7409fe3ef600|CompId 4005   |UTC 2026-09-26T15:57:19.654|Src /home/ekmett/ai/agents/worktrees/thc/performance-regressions-01a0cdeb/vendor/containers-0.8/src/Data/Map/Strict/Internal.hs:649 0xec54d003
[engine] opt done   engine=1  id=19    lambda ww, ds                                      |Tier 2|Time   270( 111+159 )ms|AST    2|Inlined   5Y   1N|IR   2861/  4107|CodeSize   22705|Addr 0x7409fe40e800|CompId 4030   |UTC 2026-09-26T15:57:19.950|Src /home/ekmett/ai/agents/worktrees/thc/performance-regressions-01a0cdeb/vendor/containers-0.8/src/Data/Map/Internal.hs:3426 0x116dbcc5
[engine] opt done   engine=1  id=18    lambda def, ww, ds1                                |Tier 2|Time    62(  28+34  )ms|AST    2|Inlined   1Y   0N|IR   1537/  2966|CodeSize   14804|Addr 0x7409fe41d8c0|CompId 4041   |UTC 2026-09-26T15:57:20.033|Src /home/ekmett/ai/agents/worktrees/thc/performance-regressions-01a0cdeb/vendor/containers-0.8/src/Data/Map/Internal.hs:649 0x116dbcc5
[engine] opt done   engine=1  id=16    lambda k, x, l, r                                  |Tier 2|Time   942( 656+286 )ms|AST    2|Inlined   5Y  15N|IR   5778/ 10975|CodeSize   63336|Addr 0x7409fe447560|CompId 4099   |UTC 2026-09-26T15:57:21.010|Src /home/ekmett/ai/agents/worktrees/thc/performance-regressions-01a0cdeb/vendor/containers-0.8/src/Data/Map/Internal.hs:4302 0x116dbcc5
[engine] opt done   engine=1  id=139   lambda ww<OSR@180388651218>                        |Tier 2|Time    86(  69+17  )ms|AST    2|Inlined   0Y   2N|IR    778/  1918|CodeSize    9711|Addr 0x7409fe468e00|CompId 4145   |UTC 2026-09-26T15:57:21.138|Src n/a
[engine] opt deopt  engine=1  id=139   lambda ww<OSR@180388651218>                        |Invalidated false|                                                                                                            |UTC 2026-09-26T15:57:21.139|Src n/a|Reason Unknown
[engine] opt done   engine=1  id=24    lambda ww                                          |Tier 2|Time  1099( 658+440 )ms|AST    2|Inlined   9Y  23N|IR   9008/ 21721|CodeSize  127353|Addr 0x7409fe46c340|CompId 4161   |UTC 2026-09-26T15:57:22.238|Src n/a
[engine] opt done   engine=1  id=27    lambda n                                           |Tier 2|Time   788( 780+8   )ms|AST    2|Inlined   1Y   1N|IR    522/   831|CodeSize    3606|Addr 0x7409fe496780|CompId 4252   |UTC 2026-09-26T15:57:24.040|Src examples/THC/MapWorkload.hs:33 0x4102bea6
[engine] opt done   engine=1  id=60    EntryRoot@4cbd60f5                                 |Tier 2|Time   809( 798+10  )ms|AST   21|Inlined   2Y   1N|IR    547/   883|CodeSize    3766|Addr 0x7409fe498500|CompId 4263   |UTC 2026-09-26T15:57:24.851|Src n/a
[engine] opt done   engine=1  id=91    org.graalvm.polyglot.Value<EntryValue>.execute     |Tier 2|Time    52(  21+31  )ms|AST    9|Inlined   0Y   0N|IR    834/  3929|CodeSize   16186|Addr 0x7409fe4c23c0|CompId 4407   |UTC 2026-09-26T15:58:09.696|Src n/a
