WARNING: Using incubator modules: jdk.incubator.vector
WARNING: A terminally deprecated method in sun.misc.Unsafe has been called
WARNING: sun.misc.Unsafe::objectFieldOffset has been called by com.oracle.truffle.runtime.hotspot.HotSpotTruffleRuntime (file:/home/ekmett/ai/agents/worktrees/thc/performance-regressions-01a0cdeb/build/performance-regressions/fast-state/lib/truffle-runtime-25.3.4.1.jar)
WARNING: Please consider reporting this to the maintainers of class com.oracle.truffle.runtime.hotspot.HotSpotTruffleRuntime
WARNING: sun.misc.Unsafe::objectFieldOffset will be removed in a future release
[To redirect Truffle log output to a file use one of the following options:
* '--log.file=<path>' if the option is passed using a guest language launcher.
* '-Dpolyglot.log.file=<path>' if the option is passed using the host Java launcher.
* Configure logging using the polyglot embedding API.]
[engine] opt done   engine=1  id=22    lambda sc, x, ds1                                  |Tier 2|Time  1297(1019+278 )ms|AST    2|Inlined   6Y  24N|IR   6677/ 12879|CodeSize   69194|Addr 0x7bfb7a37a100|CompId 3805   |UTC 2026-09-26T16:12:11.443|Src /home/ekmett/ai/agents/worktrees/thc/performance-regressions-01a0cdeb/vendor/containers-0.8/src/Data/Map/Strict/Internal.hs:497 0xec54d003
[engine] opt done   engine=1  id=18    lambda def, ww, ds1                                |Tier 2|Time   154( 118+36  )ms|AST    2|Inlined   1Y   0N|IR   1604/  3004|CodeSize   15357|Addr 0x7bfb7a39eec0|CompId 3952   |UTC 2026-09-26T16:12:11.659|Src /home/ekmett/ai/agents/worktrees/thc/performance-regressions-01a0cdeb/vendor/containers-0.8/src/Data/Map/Internal.hs:649 0x116dbcc5
[engine] opt done   engine=1  id=11    lambda k, x, l, r                                  |Tier 2|Time    47(  37+10  )ms|AST    2|Inlined   0Y   0N|IR    856/   809|CodeSize    4403|Addr 0x7bfb7a3b8d80|CompId 3963   |UTC 2026-09-26T16:12:11.724|Src /home/ekmett/ai/agents/worktrees/thc/performance-regressions-01a0cdeb/vendor/containers-0.8/src/Data/Map/Internal.hs:4272 0x116dbcc5
[engine] opt done   engine=1  id=23    lambda ww, ds2                                     |Tier 2|Time   612( 343+269 )ms|AST    2|Inlined  12Y  14N|IR   6652/ 13116|CodeSize   66920|Addr 0x7bfb7a3bad00|CompId 3965   |UTC 2026-09-26T16:12:12.338|Src /home/ekmett/ai/agents/worktrees/thc/performance-regressions-01a0cdeb/vendor/containers-0.8/src/Data/Map/Strict/Internal.hs:649 0xec54d003
[engine] opt done   engine=1  id=19    lambda ww, ds                                      |Tier 2|Time   280( 118+162 )ms|AST    2|Inlined   5Y   1N|IR   2913/  4956|CodeSize   24240|Addr 0x7bfb7a3cbf80|CompId 3975   |UTC 2026-09-26T16:12:12.631|Src /home/ekmett/ai/agents/worktrees/thc/performance-regressions-01a0cdeb/vendor/containers-0.8/src/Data/Map/Internal.hs:3426 0x116dbcc5
[engine] opt done   engine=1  id=24    lambda ww                                          |Tier 2|Time  1079( 688+391 )ms|AST    2|Inlined   8Y  24N|IR   9304/ 19112|CodeSize  102030|Addr 0x7bfb7a3d3540|CompId 3983   |UTC 2026-09-26T16:12:13.713|Src n/a
[engine] opt done   engine=1  id=16    lambda k, x, l, r                                  |Tier 2|Time  1034( 655+379 )ms|AST    2|Inlined   6Y  20N|IR   6852/ 14089|CodeSize   72151|Addr 0x7bfb7a3edf60|CompId 3996   |UTC 2026-09-26T16:12:14.764|Src /home/ekmett/ai/agents/worktrees/thc/performance-regressions-01a0cdeb/vendor/containers-0.8/src/Data/Map/Internal.hs:4302 0x116dbcc5
[engine] opt inval. engine=1  id=16    lambda k, x, l, r                                                                                                                                                                 |UTC 2026-09-26T16:12:14.769|Src /home/ekmett/ai/agents/worktrees/thc/performance-regressions-01a0cdeb/vendor/containers-0.8/src/Data/Map/Internal.hs:4302 0x116dbcc5|Reason validRootAssumption local tags updated
[engine] opt inval. engine=1  id=24    lambda ww                                                                                                                                                                         |UTC 2026-09-26T16:12:14.770|Src n/a|Reason validRootAssumption local tags updated
[engine] opt inval. engine=1  id=22    lambda sc, x, ds1                                                                                                                                                                 |UTC 2026-09-26T16:12:14.771|Src /home/ekmett/ai/agents/worktrees/thc/performance-regressions-01a0cdeb/vendor/containers-0.8/src/Data/Map/Strict/Internal.hs:497 0xec54d003|Reason validRootAssumption local tags updated
[engine] opt deopt  engine=1  id=22    lambda sc, x, ds1                                  |Invalidated  true|                                                                                                            |UTC 2026-09-26T16:12:14.771|Src /home/ekmett/ai/agents/worktrees/thc/performance-regressions-01a0cdeb/vendor/containers-0.8/src/Data/Map/Strict/Internal.hs:497 0xec54d003|Reason uncommon trap
[engine] opt deopt  engine=1  id=22    lambda sc, x, ds1                                  |Invalidated  true|                                                                                                            |UTC 2026-09-26T16:12:14.772|Src /home/ekmett/ai/agents/worktrees/thc/performance-regressions-01a0cdeb/vendor/containers-0.8/src/Data/Map/Strict/Internal.hs:497 0xec54d003|Reason uncommon trap
[engine] opt deopt  engine=1  id=22    lambda sc, x, ds1                                  |Invalidated  true|                                                                                                            |UTC 2026-09-26T16:12:14.772|Src /home/ekmett/ai/agents/worktrees/thc/performance-regressions-01a0cdeb/vendor/containers-0.8/src/Data/Map/Strict/Internal.hs:497 0xec54d003|Reason uncommon trap
[engine] opt deopt  engine=1  id=22    lambda sc, x, ds1                                  |Invalidated  true|                                                                                                            |UTC 2026-09-26T16:12:14.772|Src /home/ekmett/ai/agents/worktrees/thc/performance-regressions-01a0cdeb/vendor/containers-0.8/src/Data/Map/Strict/Internal.hs:497 0xec54d003|Reason uncommon trap
[engine] opt deopt  engine=1  id=22    lambda sc, x, ds1                                  |Invalidated  true|                                                                                                            |UTC 2026-09-26T16:12:14.772|Src /home/ekmett/ai/agents/worktrees/thc/performance-regressions-01a0cdeb/vendor/containers-0.8/src/Data/Map/Strict/Internal.hs:497 0xec54d003|Reason uncommon trap
[engine] opt deopt  engine=1  id=22    lambda sc, x, ds1                                  |Invalidated  true|                                                                                                            |UTC 2026-09-26T16:12:14.772|Src /home/ekmett/ai/agents/worktrees/thc/performance-regressions-01a0cdeb/vendor/containers-0.8/src/Data/Map/Strict/Internal.hs:497 0xec54d003|Reason uncommon trap
[engine] opt deopt  engine=1  id=24    lambda ww                                          |Invalidated  true|                                                                                                            |UTC 2026-09-26T16:12:14.775|Src n/a|Reason JVMCI invalidate
[engine] opt done   engine=1  id=24    lambda ww                                          |Tier 2|Time   986( 625+361 )ms|AST    2|Inlined   7Y  23N|IR   8891/ 18628|CodeSize  100654|Addr 0x7bfb7a4022c0|CompId 4042   |UTC 2026-09-26T16:12:15.761|Src n/a
[engine] opt done   engine=1  id=16    lambda k, x, l, r                                  |Tier 2|Time  1144( 670+473 )ms|AST    2|Inlined   6Y  20N|IR   7034/ 15039|CodeSize   78031|Addr 0x7bfb7a41d4e0|CompId 4058   |UTC 2026-09-26T16:12:16.921|Src /home/ekmett/ai/agents/worktrees/thc/performance-regressions-01a0cdeb/vendor/containers-0.8/src/Data/Map/Internal.hs:4302 0x116dbcc5
[engine] opt done   engine=1  id=22    lambda sc, x, ds1                                  |Tier 2|Time   972( 767+205 )ms|AST    2|Inlined   6Y  24N|IR   6892/ 14036|CodeSize   77248|Addr 0x7bfb7a431a80|CompId 4074   |UTC 2026-09-26T16:12:17.894|Src /home/ekmett/ai/agents/worktrees/thc/performance-regressions-01a0cdeb/vendor/containers-0.8/src/Data/Map/Strict/Internal.hs:497 0xec54d003
[engine] opt done   engine=1  id=27    lambda n                                           |Tier 2|Time   679( 634+45  )ms|AST    2|Inlined   2Y   3N|IR   1789/  3582|CodeSize   17910|Addr 0x7bfb7a44c1a0|CompId 4103   |UTC 2026-09-26T16:12:18.664|Src examples/THC/MapWorkload.hs:33 0x4102bea6
[engine] opt done   engine=1  id=60    EntryRoot@7aab035c                                 |Tier 2|Time   685( 631+54  )ms|AST   21|Inlined   3Y   3N|IR   1814/  3683|CodeSize   17756|Addr 0x7bfb7a451c20|CompId 4114   |UTC 2026-09-26T16:12:19.351|Src n/a
