WARNING: Using incubator modules: jdk.incubator.vector
WARNING: A terminally deprecated method in sun.misc.Unsafe has been called
WARNING: sun.misc.Unsafe::objectFieldOffset has been called by com.oracle.truffle.runtime.hotspot.HotSpotTruffleRuntime (file:/home/ekmett/ai/agents/worktrees/thc/performance-regressions-01a0cdeb/build/performance-regressions/fast-state/lib/truffle-runtime-25.3.4.1.jar)
WARNING: Please consider reporting this to the maintainers of class com.oracle.truffle.runtime.hotspot.HotSpotTruffleRuntime
WARNING: sun.misc.Unsafe::objectFieldOffset will be removed in a future release
[To redirect Truffle log output to a file use one of the following options:
* '--log.file=<path>' if the option is passed using a guest language launcher.
* '-Dpolyglot.log.file=<path>' if the option is passed using the host Java launcher.
* Configure logging using the polyglot embedding API.]
[engine] opt done   engine=1  id=22    lambda sc, x, ds1                                  |Tier 2|Time  1300(1022+278 )ms|AST    2|Inlined   6Y  24N|IR   6677/ 12879|CodeSize   69194|Addr 0x7c3daa37ab00|CompId 3779   |UTC 2026-09-26T16:11:50.480|Src /home/ekmett/ai/agents/worktrees/thc/performance-regressions-01a0cdeb/vendor/containers-0.8/src/Data/Map/Strict/Internal.hs:497 0xec54d003
[engine] opt done   engine=1  id=18    lambda def, ww, ds1                                |Tier 2|Time   158( 123+35  )ms|AST    2|Inlined   1Y   0N|IR   1604/  3004|CodeSize   15357|Addr 0x7c3daa3b3cc0|CompId 3928   |UTC 2026-09-26T16:11:50.697|Src /home/ekmett/ai/agents/worktrees/thc/performance-regressions-01a0cdeb/vendor/containers-0.8/src/Data/Map/Internal.hs:649 0x116dbcc5
[engine] opt done   engine=1  id=11    lambda k, x, l, r                                  |Tier 2|Time    46(  36+10  )ms|AST    2|Inlined   0Y   0N|IR    856/   809|CodeSize    4403|Addr 0x7c3daa3b9700|CompId 3938   |UTC 2026-09-26T16:11:50.750|Src /home/ekmett/ai/agents/worktrees/thc/performance-regressions-01a0cdeb/vendor/containers-0.8/src/Data/Map/Internal.hs:4272 0x116dbcc5
[engine] opt done   engine=1  id=23    lambda ww, ds2                                     |Tier 2|Time   611( 341+270 )ms|AST    2|Inlined  12Y  14N|IR   6652/ 13116|CodeSize   66920|Addr 0x7c3daa3bb680|CompId 3941   |UTC 2026-09-26T16:11:51.363|Src /home/ekmett/ai/agents/worktrees/thc/performance-regressions-01a0cdeb/vendor/containers-0.8/src/Data/Map/Strict/Internal.hs:649 0xec54d003
[engine] opt done   engine=1  id=19    lambda ww, ds                                      |Tier 2|Time   286( 124+162 )ms|AST    2|Inlined   5Y   1N|IR   2913/  4956|CodeSize   24240|Addr 0x7c3daa3cc900|CompId 3951   |UTC 2026-09-26T16:11:51.662|Src /home/ekmett/ai/agents/worktrees/thc/performance-regressions-01a0cdeb/vendor/containers-0.8/src/Data/Map/Internal.hs:3426 0x116dbcc5
[engine] opt done   engine=1  id=24    lambda ww                                          |Tier 2|Time  1074( 684+390 )ms|AST    2|Inlined   8Y  24N|IR   9304/ 19112|CodeSize  102030|Addr 0x7c3daa3d3ec0|CompId 3960   |UTC 2026-09-26T16:11:52.739|Src n/a
[engine] opt done   engine=1  id=16    lambda k, x, l, r                                  |Tier 2|Time  1028( 643+386 )ms|AST    2|Inlined   6Y  20N|IR   6852/ 14089|CodeSize   72151|Addr 0x7c3daa3ee8e0|CompId 3972   |UTC 2026-09-26T16:11:53.785|Src /home/ekmett/ai/agents/worktrees/thc/performance-regressions-01a0cdeb/vendor/containers-0.8/src/Data/Map/Internal.hs:4302 0x116dbcc5
[engine] opt inval. engine=1  id=16    lambda k, x, l, r                                                                                                                                                                 |UTC 2026-09-26T16:11:53.790|Src /home/ekmett/ai/agents/worktrees/thc/performance-regressions-01a0cdeb/vendor/containers-0.8/src/Data/Map/Internal.hs:4302 0x116dbcc5|Reason validRootAssumption local tags updated
[engine] opt inval. engine=1  id=24    lambda ww                                                                                                                                                                         |UTC 2026-09-26T16:11:53.791|Src n/a|Reason validRootAssumption local tags updated
[engine] opt inval. engine=1  id=22    lambda sc, x, ds1                                                                                                                                                                 |UTC 2026-09-26T16:11:53.792|Src /home/ekmett/ai/agents/worktrees/thc/performance-regressions-01a0cdeb/vendor/containers-0.8/src/Data/Map/Strict/Internal.hs:497 0xec54d003|Reason validRootAssumption local tags updated
[engine] opt deopt  engine=1  id=22    lambda sc, x, ds1                                  |Invalidated  true|                                                                                                            |UTC 2026-09-26T16:11:53.792|Src /home/ekmett/ai/agents/worktrees/thc/performance-regressions-01a0cdeb/vendor/containers-0.8/src/Data/Map/Strict/Internal.hs:497 0xec54d003|Reason uncommon trap
[engine] opt deopt  engine=1  id=22    lambda sc, x, ds1                                  |Invalidated  true|                                                                                                            |UTC 2026-09-26T16:11:53.793|Src /home/ekmett/ai/agents/worktrees/thc/performance-regressions-01a0cdeb/vendor/containers-0.8/src/Data/Map/Strict/Internal.hs:497 0xec54d003|Reason uncommon trap
[engine] opt deopt  engine=1  id=22    lambda sc, x, ds1                                  |Invalidated  true|                                                                                                            |UTC 2026-09-26T16:11:53.793|Src /home/ekmett/ai/agents/worktrees/thc/performance-regressions-01a0cdeb/vendor/containers-0.8/src/Data/Map/Strict/Internal.hs:497 0xec54d003|Reason uncommon trap
[engine] opt deopt  engine=1  id=22    lambda sc, x, ds1                                  |Invalidated  true|                                                                                                            |UTC 2026-09-26T16:11:53.793|Src /home/ekmett/ai/agents/worktrees/thc/performance-regressions-01a0cdeb/vendor/containers-0.8/src/Data/Map/Strict/Internal.hs:497 0xec54d003|Reason uncommon trap
[engine] opt deopt  engine=1  id=22    lambda sc, x, ds1                                  |Invalidated  true|                                                                                                            |UTC 2026-09-26T16:11:53.793|Src /home/ekmett/ai/agents/worktrees/thc/performance-regressions-01a0cdeb/vendor/containers-0.8/src/Data/Map/Strict/Internal.hs:497 0xec54d003|Reason uncommon trap
[engine] opt deopt  engine=1  id=22    lambda sc, x, ds1                                  |Invalidated  true|                                                                                                            |UTC 2026-09-26T16:11:53.794|Src /home/ekmett/ai/agents/worktrees/thc/performance-regressions-01a0cdeb/vendor/containers-0.8/src/Data/Map/Strict/Internal.hs:497 0xec54d003|Reason uncommon trap
[engine] opt deopt  engine=1  id=24    lambda ww                                          |Invalidated  true|                                                                                                            |UTC 2026-09-26T16:11:53.796|Src n/a|Reason JVMCI invalidate
[engine] opt done   engine=1  id=24    lambda ww                                          |Tier 2|Time   984( 624+360 )ms|AST    2|Inlined   7Y  23N|IR   8891/ 18628|CodeSize  100654|Addr 0x7c3daa403ac0|CompId 4021   |UTC 2026-09-26T16:11:54.781|Src n/a
[engine] opt done   engine=1  id=16    lambda k, x, l, r                                  |Tier 2|Time  1141( 661+479 )ms|AST    2|Inlined   6Y  20N|IR   7034/ 15039|CodeSize   78031|Addr 0x7c3daa41ece0|CompId 4037   |UTC 2026-09-26T16:11:55.938|Src /home/ekmett/ai/agents/worktrees/thc/performance-regressions-01a0cdeb/vendor/containers-0.8/src/Data/Map/Internal.hs:4302 0x116dbcc5
[engine] opt done   engine=1  id=22    lambda sc, x, ds1                                  |Tier 2|Time   970( 765+205 )ms|AST    2|Inlined   6Y  24N|IR   6892/ 14036|CodeSize   77248|Addr 0x7c3daa433280|CompId 4053   |UTC 2026-09-26T16:11:56.909|Src /home/ekmett/ai/agents/worktrees/thc/performance-regressions-01a0cdeb/vendor/containers-0.8/src/Data/Map/Strict/Internal.hs:497 0xec54d003
[engine] opt done   engine=1  id=27    lambda n                                           |Tier 2|Time   664( 620+45  )ms|AST    2|Inlined   2Y   3N|IR   1789/  3582|CodeSize   17910|Addr 0x7c3daa44d720|CompId 4081   |UTC 2026-09-26T16:11:57.664|Src examples/THC/MapWorkload.hs:33 0x4102bea6
[engine] opt done   engine=1  id=60    EntryRoot@375528c6                                 |Tier 2|Time   692( 638+54  )ms|AST   21|Inlined   3Y   3N|IR   1814/  3683|CodeSize   17756|Addr 0x7c3daa4534a0|CompId 4094   |UTC 2026-09-26T16:11:58.357|Src n/a
