WARNING: Using incubator modules: jdk.incubator.vector
WARNING: A terminally deprecated method in sun.misc.Unsafe has been called
WARNING: sun.misc.Unsafe::objectFieldOffset has been called by com.oracle.truffle.runtime.hotspot.HotSpotTruffleRuntime (file:/home/ekmett/ai/agents/worktrees/thc/performance-regressions-01a0cdeb/build/performance-regressions/fast-state/lib/truffle-runtime-25.3.4.1.jar)
WARNING: Please consider reporting this to the maintainers of class com.oracle.truffle.runtime.hotspot.HotSpotTruffleRuntime
WARNING: sun.misc.Unsafe::objectFieldOffset will be removed in a future release
[To redirect Truffle log output to a file use one of the following options:
* '--log.file=<path>' if the option is passed using a guest language launcher.
* '-Dpolyglot.log.file=<path>' if the option is passed using the host Java launcher.
* Configure logging using the polyglot embedding API.]
[engine] opt done   engine=1  id=22    lambda sc, x, ds1                                  |Tier 2|Time   540( 303+237 )ms|AST  853|Inlined   4Y  14N|IR   5064/ 12019|CodeSize   77909|Addr 0x7b9c6232d700|CompId 3261   |UTC 2026-09-26T16:12:31.467|Src /home/ekmett/ai/agents/worktrees/thc/performance-regressions-01a0cdeb/vendor/containers-0.8/src/Data/Map/Strict/Internal.hs:497 0xec54d003
[engine] opt done   engine=1  id=18    lambda def, ww, ds1                                |Tier 2|Time   123(  55+68  )ms|AST  186|Inlined   1Y   0N|IR   2312/  6353|CodeSize   42467|Addr 0x7b9c62358520|CompId 3371   |UTC 2026-09-26T16:12:31.603|Src /home/ekmett/ai/agents/worktrees/thc/performance-regressions-01a0cdeb/vendor/containers-0.8/src/Data/Map/Internal.hs:649 0x116dbcc5
[engine] opt done   engine=1  id=23    lambda ww, ds2                                     |Tier 2|Time   154(  54+100 )ms|AST  362|Inlined   6Y   8N|IR   2115/  5087|CodeSize   31021|Addr 0x7b9c6236f600|CompId 3392   |UTC 2026-09-26T16:12:31.768|Src /home/ekmett/ai/agents/worktrees/thc/performance-regressions-01a0cdeb/vendor/containers-0.8/src/Data/Map/Strict/Internal.hs:649 0xec54d003
[engine] opt done   engine=1  id=19    lambda ww, ds                                      |Tier 2|Time    67(  19+48  )ms|AST  204|Inlined   2Y   1N|IR   1207/  2294|CodeSize   13416|Addr 0x7b9c62377b00|CompId 3400   |UTC 2026-09-26T16:12:31.840|Src /home/ekmett/ai/agents/worktrees/thc/performance-regressions-01a0cdeb/vendor/containers-0.8/src/Data/Map/Internal.hs:3426 0x116dbcc5
[engine] opt done   engine=1  id=24    lambda ww                                          |Tier 2|Time  1381( 276+1105)ms|AST 1499|Inlined  15Y  25N|IR  10132/ 42072|CodeSize  164030|Addr 0x7b9c6237eae0|CompId 3404   |UTC 2026-09-26T16:12:33.225|Src n/a
[engine] opt deopt  engine=1  id=22    lambda sc, x, ds1                                  |Invalidated  true|                                                                                                            |UTC 2026-09-26T16:12:33.232|Src /home/ekmett/ai/agents/worktrees/thc/performance-regressions-01a0cdeb/vendor/containers-0.8/src/Data/Map/Strict/Internal.hs:497 0xec54d003|Reason uncommon trap
[engine] opt done   engine=1  id=22    lambda sc, x, ds1                                  |Tier 2|Time   483( 279+204 )ms|AST  853|Inlined   4Y  14N|IR   5126/ 12526|CodeSize   82757|Addr 0x7b9c623aa100|CompId 3426   |UTC 2026-09-26T16:12:33.717|Src /home/ekmett/ai/agents/worktrees/thc/performance-regressions-01a0cdeb/vendor/containers-0.8/src/Data/Map/Strict/Internal.hs:497 0xec54d003
[engine] opt deopt  engine=1  id=22    lambda sc, x, ds1                                  |Invalidated false|                                                                                                            |UTC 2026-09-26T16:12:33.721|Src /home/ekmett/ai/agents/worktrees/thc/performance-regressions-01a0cdeb/vendor/containers-0.8/src/Data/Map/Strict/Internal.hs:497 0xec54d003|Reason Unknown
[engine] opt deopt  engine=1  id=24    lambda ww                                          |Invalidated  true|                                                                                                            |UTC 2026-09-26T16:12:33.735|Src n/a|Reason uncommon trap
[engine] opt done   engine=1  id=24    lambda ww                                          |Tier 2|Time  1391( 270+1121)ms|AST 1499|Inlined  15Y  25N|IR  10176/ 42431|CodeSize  170292|Addr 0x7b9c623c3260|CompId 3456   |UTC 2026-09-26T16:12:35.127|Src n/a
[engine] opt done   engine=1  id=11    lambda k, x, l, r                                  |Tier 2|Time    44(  15+29  )ms|AST 2590|Inlined   0Y   0N|IR   1280/  2965|CodeSize   18456|Addr 0x7b9c623ed600|CompId 3475   |UTC 2026-09-26T16:12:35.179|Src /home/ekmett/ai/agents/worktrees/thc/performance-regressions-01a0cdeb/vendor/containers-0.8/src/Data/Map/Internal.hs:4272 0x116dbcc5
[engine] opt done   engine=1  id=16    lambda k, x, l, r                                  |Tier 2|Time  1028( 275+753 )ms|AST 2592|Inlined   8Y  12N|IR   7602/ 19479|CodeSize  121295|Addr 0x7b9c623f7d00|CompId 3498   |UTC 2026-09-26T16:12:36.292|Src /home/ekmett/ai/agents/worktrees/thc/performance-regressions-01a0cdeb/vendor/containers-0.8/src/Data/Map/Internal.hs:4302 0x116dbcc5
[engine] opt done   engine=1  id=27    lambda n                                           |Tier 2|Time   371( 331+40  )ms|AST   48|Inlined   2Y   3N|IR   1278/  3315|CodeSize   15042|Addr 0x7b9c624198a0|CompId 3509   |UTC 2026-09-26T16:12:36.679|Src examples/THC/MapWorkload.hs:33 0x4102bea6
[engine] opt done   engine=1  id=59    EntryRoot@1adafde0                                 |Tier 2|Time   302( 252+50  )ms|AST   21|Inlined   3Y   3N|IR   1325/  3492|CodeSize   15048|Addr 0x7b9c6241f980|CompId 3535   |UTC 2026-09-26T16:12:36.983|Src n/a
