WARNING: Using incubator modules: jdk.incubator.vector
WARNING: A terminally deprecated method in sun.misc.Unsafe has been called
WARNING: sun.misc.Unsafe::objectFieldOffset has been called by com.oracle.truffle.runtime.hotspot.HotSpotTruffleRuntime (file:/home/ekmett/ai/agents/worktrees/thc/performance-regressions-01a0cdeb/build/performance-regressions/fast-state/lib/truffle-runtime-25.3.4.1.jar)
WARNING: Please consider reporting this to the maintainers of class com.oracle.truffle.runtime.hotspot.HotSpotTruffleRuntime
WARNING: sun.misc.Unsafe::objectFieldOffset will be removed in a future release
[To redirect Truffle log output to a file use one of the following options:
* '--log.file=<path>' if the option is passed using a guest language launcher.
* '-Dpolyglot.log.file=<path>' if the option is passed using the host Java launcher.
* Configure logging using the polyglot embedding API.]
[engine] opt done   engine=1  id=22    lambda sc, x, ds1                                  |Tier 2|Time  1108( 958+149 )ms|AST    2|Inlined   5Y  19N|IR   5547/ 10559|CodeSize   57624|Addr 0x73f53e382e80|CompId 3780   |UTC 2026-09-26T16:12:01.294|Src /home/ekmett/ai/agents/worktrees/thc/performance-regressions-01a0cdeb/vendor/containers-0.8/src/Data/Map/Strict/Internal.hs:497 0xec54d003
[engine] opt inval. engine=1  id=22    lambda sc, x, ds1                                                                                                                                                                 |UTC 2026-09-26T16:12:01.346|Src /home/ekmett/ai/agents/worktrees/thc/performance-regressions-01a0cdeb/vendor/containers-0.8/src/Data/Map/Strict/Internal.hs:497 0xec54d003|Reason validRootAssumption local tags updated
[engine] opt deopt  engine=1  id=22    lambda sc, x, ds1                                  |Invalidated  true|                                                                                                            |UTC 2026-09-26T16:12:01.347|Src /home/ekmett/ai/agents/worktrees/thc/performance-regressions-01a0cdeb/vendor/containers-0.8/src/Data/Map/Strict/Internal.hs:497 0xec54d003|Reason uncommon trap
[engine] opt deopt  engine=1  id=22    lambda sc, x, ds1                                  |Invalidated  true|                                                                                                            |UTC 2026-09-26T16:12:01.348|Src /home/ekmett/ai/agents/worktrees/thc/performance-regressions-01a0cdeb/vendor/containers-0.8/src/Data/Map/Strict/Internal.hs:497 0xec54d003|Reason uncommon trap
[engine] opt deopt  engine=1  id=22    lambda sc, x, ds1                                  |Invalidated  true|                                                                                                            |UTC 2026-09-26T16:12:01.348|Src /home/ekmett/ai/agents/worktrees/thc/performance-regressions-01a0cdeb/vendor/containers-0.8/src/Data/Map/Strict/Internal.hs:497 0xec54d003|Reason uncommon trap
[engine] opt deopt  engine=1  id=22    lambda sc, x, ds1                                  |Invalidated  true|                                                                                                            |UTC 2026-09-26T16:12:01.348|Src /home/ekmett/ai/agents/worktrees/thc/performance-regressions-01a0cdeb/vendor/containers-0.8/src/Data/Map/Strict/Internal.hs:497 0xec54d003|Reason uncommon trap
[engine] opt deopt  engine=1  id=22    lambda sc, x, ds1                                  |Invalidated  true|                                                                                                            |UTC 2026-09-26T16:12:01.348|Src /home/ekmett/ai/agents/worktrees/thc/performance-regressions-01a0cdeb/vendor/containers-0.8/src/Data/Map/Strict/Internal.hs:497 0xec54d003|Reason uncommon trap
[engine] opt deopt  engine=1  id=22    lambda sc, x, ds1                                  |Invalidated  true|                                                                                                            |UTC 2026-09-26T16:12:01.348|Src /home/ekmett/ai/agents/worktrees/thc/performance-regressions-01a0cdeb/vendor/containers-0.8/src/Data/Map/Strict/Internal.hs:497 0xec54d003|Reason uncommon trap
[engine] opt done   engine=1  id=22    lambda sc, x, ds1                                  |Tier 2|Time  1124( 965+159 )ms|AST    2|Inlined   5Y  19N|IR   5719/ 11485|CodeSize   64166|Addr 0x73f53e3af980|CompId 3940   |UTC 2026-09-26T16:12:02.473|Src /home/ekmett/ai/agents/worktrees/thc/performance-regressions-01a0cdeb/vendor/containers-0.8/src/Data/Map/Strict/Internal.hs:497 0xec54d003
[engine] opt done   engine=1  id=11    lambda k, x, l, r                                  |Tier 2|Time    56(  46+10  )ms|AST    2|Inlined   0Y   0N|IR    856/   809|CodeSize    4457|Addr 0x73f53e3c9900|CompId 3966   |UTC 2026-09-26T16:12:02.554|Src /home/ekmett/ai/agents/worktrees/thc/performance-regressions-01a0cdeb/vendor/containers-0.8/src/Data/Map/Internal.hs:4272 0x116dbcc5
[engine] opt done   engine=1  id=23    lambda ww, ds2                                     |Tier 2|Time   604( 327+278 )ms|AST    2|Inlined  12Y  14N|IR   6652/ 13144|CodeSize   67253|Addr 0x73f53e3ecb00|CompId 4012   |UTC 2026-09-26T16:12:03.207|Src /home/ekmett/ai/agents/worktrees/thc/performance-regressions-01a0cdeb/vendor/containers-0.8/src/Data/Map/Strict/Internal.hs:649 0xec54d003
[engine] opt done   engine=1  id=19    lambda ww, ds                                      |Tier 2|Time   326( 159+167 )ms|AST    2|Inlined   5Y   1N|IR   2913/  4976|CodeSize   23463|Addr 0x73f53e409c80|CompId 4036   |UTC 2026-09-26T16:12:03.557|Src /home/ekmett/ai/agents/worktrees/thc/performance-regressions-01a0cdeb/vendor/containers-0.8/src/Data/Map/Internal.hs:3426 0x116dbcc5
[engine] opt done   engine=1  id=18    lambda def, ww, ds1                                |Tier 2|Time    58(  27+31  )ms|AST    2|Inlined   1Y   0N|IR   1604/  3011|CodeSize   15261|Addr 0x73f53e417ec0|CompId 4046   |UTC 2026-09-26T16:12:03.636|Src /home/ekmett/ai/agents/worktrees/thc/performance-regressions-01a0cdeb/vendor/containers-0.8/src/Data/Map/Internal.hs:649 0x116dbcc5
[engine] opt done   engine=1  id=16    lambda k, x, l, r                                  |Tier 2|Time   954( 661+293 )ms|AST    2|Inlined   5Y  15N|IR   5856/ 12274|CodeSize   64738|Addr 0x73f53e441860|CompId 4078   |UTC 2026-09-26T16:12:04.621|Src /home/ekmett/ai/agents/worktrees/thc/performance-regressions-01a0cdeb/vendor/containers-0.8/src/Data/Map/Internal.hs:4302 0x116dbcc5
[engine] opt done   engine=1  id=139   lambda ww<OSR@184683618994>                        |Tier 2|Time    32(  29+3   )ms|AST    2|Inlined   0Y   0N|IR    412/   484|CodeSize    1663|Addr 0x73f53e463180|CompId 4122   |UTC 2026-09-26T16:12:04.694|Src n/a
[engine] opt deopt  engine=1  id=139   lambda ww<OSR@184683618994>                        |Invalidated  true|                                                                                                            |UTC 2026-09-26T16:12:04.695|Src n/a|Reason uncommon trap
[engine] opt done   engine=1  id=24    lambda ww                                          |Tier 2|Time  1145( 698+447 )ms|AST    2|Inlined   9Y  23N|IR   9389/ 21268|CodeSize  114702|Addr 0x73f53e4641c0|CompId 4139   |UTC 2026-09-26T16:12:05.842|Src n/a
[engine] opt done   engine=1  id=27    lambda n                                           |Tier 2|Time   895( 886+9   )ms|AST    2|Inlined   1Y   1N|IR    511/   889|CodeSize    3761|Addr 0x73f53e247d80|CompId 4220   |UTC 2026-09-26T16:12:07.514|Src examples/THC/MapWorkload.hs:33 0x4102bea6
[engine] opt done   engine=1  id=60    EntryRoot@9c462f                                   |Tier 2|Time   798( 788+10  )ms|AST   21|Inlined   2Y   1N|IR    536/   959|CodeSize    3814|Addr 0x73f53e2a7f00|CompId 4238   |UTC 2026-09-26T16:12:08.313|Src n/a
