WARNING: Using incubator modules: jdk.incubator.vector
WARNING: A terminally deprecated method in sun.misc.Unsafe has been called
WARNING: sun.misc.Unsafe::objectFieldOffset has been called by com.oracle.truffle.runtime.hotspot.HotSpotTruffleRuntime (file:/home/ekmett/ai/agents/worktrees/thc/performance-regressions-01a0cdeb/build/performance-regressions/fast-state/lib/truffle-runtime-25.3.4.1.jar)
WARNING: Please consider reporting this to the maintainers of class com.oracle.truffle.runtime.hotspot.HotSpotTruffleRuntime
WARNING: sun.misc.Unsafe::objectFieldOffset will be removed in a future release
[To redirect Truffle log output to a file use one of the following options:
* '--log.file=<path>' if the option is passed using a guest language launcher.
* '-Dpolyglot.log.file=<path>' if the option is passed using the host Java launcher.
* Configure logging using the polyglot embedding API.]
[engine] opt done   engine=1  id=22    lambda sc, x, ds1                                  |Tier 2|Time  1093( 943+150 )ms|AST    2|Inlined   5Y  19N|IR   5547/ 10513|CodeSize   57336|Addr 0x7390b6380d00|CompId 3786   |UTC 2026-09-26T16:12:22.279|Src /home/ekmett/ai/agents/worktrees/thc/performance-regressions-01a0cdeb/vendor/containers-0.8/src/Data/Map/Strict/Internal.hs:497 0xec54d003
[engine] opt inval. engine=1  id=22    lambda sc, x, ds1                                                                                                                                                                 |UTC 2026-09-26T16:12:22.328|Src /home/ekmett/ai/agents/worktrees/thc/performance-regressions-01a0cdeb/vendor/containers-0.8/src/Data/Map/Strict/Internal.hs:497 0xec54d003|Reason validRootAssumption local tags updated
[engine] opt deopt  engine=1  id=22    lambda sc, x, ds1                                  |Invalidated  true|                                                                                                            |UTC 2026-09-26T16:12:22.329|Src /home/ekmett/ai/agents/worktrees/thc/performance-regressions-01a0cdeb/vendor/containers-0.8/src/Data/Map/Strict/Internal.hs:497 0xec54d003|Reason uncommon trap
[engine] opt deopt  engine=1  id=22    lambda sc, x, ds1                                  |Invalidated  true|                                                                                                            |UTC 2026-09-26T16:12:22.330|Src /home/ekmett/ai/agents/worktrees/thc/performance-regressions-01a0cdeb/vendor/containers-0.8/src/Data/Map/Strict/Internal.hs:497 0xec54d003|Reason uncommon trap
[engine] opt deopt  engine=1  id=22    lambda sc, x, ds1                                  |Invalidated  true|                                                                                                            |UTC 2026-09-26T16:12:22.330|Src /home/ekmett/ai/agents/worktrees/thc/performance-regressions-01a0cdeb/vendor/containers-0.8/src/Data/Map/Strict/Internal.hs:497 0xec54d003|Reason uncommon trap
[engine] opt deopt  engine=1  id=22    lambda sc, x, ds1                                  |Invalidated  true|                                                                                                            |UTC 2026-09-26T16:12:22.330|Src /home/ekmett/ai/agents/worktrees/thc/performance-regressions-01a0cdeb/vendor/containers-0.8/src/Data/Map/Strict/Internal.hs:497 0xec54d003|Reason uncommon trap
[engine] opt deopt  engine=1  id=22    lambda sc, x, ds1                                  |Invalidated  true|                                                                                                            |UTC 2026-09-26T16:12:22.331|Src /home/ekmett/ai/agents/worktrees/thc/performance-regressions-01a0cdeb/vendor/containers-0.8/src/Data/Map/Strict/Internal.hs:497 0xec54d003|Reason uncommon trap
[engine] opt deopt  engine=1  id=22    lambda sc, x, ds1                                  |Invalidated  true|                                                                                                            |UTC 2026-09-26T16:12:22.331|Src /home/ekmett/ai/agents/worktrees/thc/performance-regressions-01a0cdeb/vendor/containers-0.8/src/Data/Map/Strict/Internal.hs:497 0xec54d003|Reason uncommon trap
[engine] opt done   engine=1  id=22    lambda sc, x, ds1                                  |Tier 2|Time  1143( 984+159 )ms|AST    2|Inlined   5Y  19N|IR   5719/ 11439|CodeSize   64038|Addr 0x7390b63ac780|CompId 3949   |UTC 2026-09-26T16:12:23.474|Src /home/ekmett/ai/agents/worktrees/thc/performance-regressions-01a0cdeb/vendor/containers-0.8/src/Data/Map/Strict/Internal.hs:497 0xec54d003
[engine] opt done   engine=1  id=11    lambda k, x, l, r                                  |Tier 2|Time    60(  50+10  )ms|AST    2|Inlined   0Y   0N|IR    856/   809|CodeSize    4457|Addr 0x7390b63c5e00|CompId 3972   |UTC 2026-09-26T16:12:23.560|Src /home/ekmett/ai/agents/worktrees/thc/performance-regressions-01a0cdeb/vendor/containers-0.8/src/Data/Map/Internal.hs:4272 0x116dbcc5
[engine] opt done   engine=1  id=23    lambda ww, ds2                                     |Tier 2|Time   595( 317+278 )ms|AST    2|Inlined  12Y  14N|IR   6652/ 13116|CodeSize   67189|Addr 0x7390b63eaf80|CompId 4023   |UTC 2026-09-26T16:12:24.206|Src /home/ekmett/ai/agents/worktrees/thc/performance-regressions-01a0cdeb/vendor/containers-0.8/src/Data/Map/Strict/Internal.hs:649 0xec54d003
[engine] opt done   engine=1  id=19    lambda ww, ds                                      |Tier 2|Time   312( 146+165 )ms|AST    2|Inlined   5Y   1N|IR   2913/  4974|CodeSize   23463|Addr 0x7390b6407480|CompId 4047   |UTC 2026-09-26T16:12:24.543|Src /home/ekmett/ai/agents/worktrees/thc/performance-regressions-01a0cdeb/vendor/containers-0.8/src/Data/Map/Internal.hs:3426 0x116dbcc5
[engine] opt done   engine=1  id=18    lambda def, ww, ds1                                |Tier 2|Time    61(  30+31  )ms|AST    2|Inlined   1Y   0N|IR   1604/  3009|CodeSize   15229|Addr 0x7390b64156c0|CompId 4055   |UTC 2026-09-26T16:12:24.626|Src /home/ekmett/ai/agents/worktrees/thc/performance-regressions-01a0cdeb/vendor/containers-0.8/src/Data/Map/Internal.hs:649 0x116dbcc5
[engine] opt done   engine=1  id=16    lambda k, x, l, r                                  |Tier 2|Time   963( 671+293 )ms|AST    2|Inlined   5Y  15N|IR   5856/ 12240|CodeSize   64578|Addr 0x7390b643f5e0|CompId 4087   |UTC 2026-09-26T16:12:25.623|Src /home/ekmett/ai/agents/worktrees/thc/performance-regressions-01a0cdeb/vendor/containers-0.8/src/Data/Map/Internal.hs:4302 0x116dbcc5
[engine] opt done   engine=1  id=139   lambda ww<OSR@184683618994>                        |Tier 2|Time    32(  28+3   )ms|AST    2|Inlined   0Y   0N|IR    412/   484|CodeSize    1663|Addr 0x7390b6455e00|CompId 4130   |UTC 2026-09-26T16:12:25.688|Src n/a
[engine] opt deopt  engine=1  id=139   lambda ww<OSR@184683618994>                        |Invalidated  true|                                                                                                            |UTC 2026-09-26T16:12:25.689|Src n/a|Reason uncommon trap
[engine] opt done   engine=1  id=24    lambda ww                                          |Tier 2|Time  1132( 685+447 )ms|AST    2|Inlined   9Y  23N|IR   9389/ 21204|CodeSize  114446|Addr 0x7390b6461d40|CompId 4147   |UTC 2026-09-26T16:12:26.823|Src n/a
[engine] opt done   engine=1  id=27    lambda n                                           |Tier 2|Time   879( 870+9   )ms|AST    2|Inlined   1Y   1N|IR    511/   887|CodeSize    3753|Addr 0x7390b625ec00|CompId 4231   |UTC 2026-09-26T16:12:28.502|Src examples/THC/MapWorkload.hs:33 0x4102bea6
[engine] opt done   engine=1  id=60    EntryRoot@6afdd13f                                 |Tier 2|Time   793( 782+10  )ms|AST   21|Inlined   2Y   1N|IR    536/   957|CodeSize    3810|Addr 0x7390b624cd80|CompId 4249   |UTC 2026-09-26T16:12:29.296|Src n/a
