WARNING: Using incubator modules: jdk.incubator.vector
WARNING: A terminally deprecated method in sun.misc.Unsafe has been called
WARNING: sun.misc.Unsafe::objectFieldOffset has been called by com.oracle.truffle.runtime.hotspot.HotSpotTruffleRuntime (file:/home/ekmett/ai/agents/worktrees/thc/performance-regressions-01a0cdeb/build/performance-regressions/fast-state/lib/truffle-runtime-25.3.4.1.jar)
WARNING: Please consider reporting this to the maintainers of class com.oracle.truffle.runtime.hotspot.HotSpotTruffleRuntime
WARNING: sun.misc.Unsafe::objectFieldOffset will be removed in a future release
[To redirect Truffle log output to a file use one of the following options:
* '--log.file=<path>' if the option is passed using a guest language launcher.
* '-Dpolyglot.log.file=<path>' if the option is passed using the host Java launcher.
* Configure logging using the polyglot embedding API.]
[engine] opt done   engine=1  id=22    lambda sc, x, ds1                                  |Tier 2|Time   574( 308+265 )ms|AST  853|Inlined   5Y  13N|IR   5508/ 13078|CodeSize   83218|Addr 0x7ca0fe327a80|CompId 3256   |UTC 2026-09-26T16:12:39.302|Src /home/ekmett/ai/agents/worktrees/thc/performance-regressions-01a0cdeb/vendor/containers-0.8/src/Data/Map/Strict/Internal.hs:497 0xec54d003
[engine] opt deopt  engine=1  id=22    lambda sc, x, ds1                                  |Invalidated  true|                                                                                                            |UTC 2026-09-26T16:12:39.321|Src /home/ekmett/ai/agents/worktrees/thc/performance-regressions-01a0cdeb/vendor/containers-0.8/src/Data/Map/Strict/Internal.hs:497 0xec54d003|Reason uncommon trap
[engine] opt deopt  engine=1  id=22    lambda sc, x, ds1                                  |Invalidated  true|                                                                                                            |UTC 2026-09-26T16:12:39.322|Src /home/ekmett/ai/agents/worktrees/thc/performance-regressions-01a0cdeb/vendor/containers-0.8/src/Data/Map/Strict/Internal.hs:497 0xec54d003|Reason uncommon trap
[engine] opt done   engine=1  id=22    lambda sc, x, ds1                                  |Tier 2|Time   509( 267+242 )ms|AST  853|Inlined   4Y  14N|IR   5126/ 12492|CodeSize   82018|Addr 0x7ca0fe34ee00|CompId 3364   |UTC 2026-09-26T16:12:39.831|Src /home/ekmett/ai/agents/worktrees/thc/performance-regressions-01a0cdeb/vendor/containers-0.8/src/Data/Map/Strict/Internal.hs:497 0xec54d003
[engine] opt done   engine=1  id=23    lambda ww, ds2                                     |Tier 2|Time   148(  54+94  )ms|AST  362|Inlined   6Y   8N|IR   2115/  5019|CodeSize   29982|Addr 0x7ca0fe37f380|CompId 3433   |UTC 2026-09-26T16:12:39.999|Src /home/ekmett/ai/agents/worktrees/thc/performance-regressions-01a0cdeb/vendor/containers-0.8/src/Data/Map/Strict/Internal.hs:649 0xec54d003
[engine] opt done   engine=1  id=18    lambda def, ww, ds1                                |Tier 2|Time    96(  28+68  )ms|AST  186|Inlined   1Y   0N|IR   2312/  6348|CodeSize   42379|Addr 0x7ca0fe396ca0|CompId 3506   |UTC 2026-09-26T16:12:40.128|Src /home/ekmett/ai/agents/worktrees/thc/performance-regressions-01a0cdeb/vendor/containers-0.8/src/Data/Map/Internal.hs:649 0x116dbcc5
[engine] opt done   engine=1  id=19    lambda ww, ds                                      |Tier 2|Time    69(  21+48  )ms|AST  204|Inlined   2Y   1N|IR   1207/  2292|CodeSize   13285|Addr 0x7ca0fe3a6c80|CompId 3536   |UTC 2026-09-26T16:12:40.225|Src /home/ekmett/ai/agents/worktrees/thc/performance-regressions-01a0cdeb/vendor/containers-0.8/src/Data/Map/Internal.hs:3426 0x116dbcc5
[engine] opt done   engine=1  id=24    lambda ww                                          |Tier 2|Time  1358( 289+1069)ms|AST 1499|Inlined  15Y  29N|IR  10857/ 28908|CodeSize  174020|Addr 0x7ca0fe3ad5e0|CompId 3545   |UTC 2026-09-26T16:12:41.590|Src n/a
[engine] opt done   engine=1  id=11    lambda k, x, l, r                                  |Tier 2|Time    42(  15+27  )ms|AST 2590|Inlined   0Y   0N|IR   1280/  2965|CodeSize   18456|Addr 0x7ca0fe3dd800|CompId 3571   |UTC 2026-09-26T16:12:41.672|Src /home/ekmett/ai/agents/worktrees/thc/performance-regressions-01a0cdeb/vendor/containers-0.8/src/Data/Map/Internal.hs:4272 0x116dbcc5
[engine] opt done   engine=1  id=16    lambda k, x, l, r                                  |Tier 2|Time   988( 261+727 )ms|AST 2592|Inlined   8Y  12N|IR   7601/ 19445|CodeSize  121407|Addr 0x7ca0fe3eda00|CompId 3591   |UTC 2026-09-26T16:12:42.687|Src /home/ekmett/ai/agents/worktrees/thc/performance-regressions-01a0cdeb/vendor/containers-0.8/src/Data/Map/Internal.hs:4302 0x116dbcc5
[engine] opt done   engine=1  id=27    lambda n                                           |Tier 2|Time   397( 395+2   )ms|AST   48|Inlined   1Y   1N|IR    122/   254|CodeSize     892|Addr 0x7ca0fe413c00|CompId 3674   |UTC 2026-09-26T16:12:43.890|Src examples/THC/MapWorkload.hs:33 0x4102bea6
[engine] opt done   engine=1  id=59    EntryRoot@48831488                                 |Tier 2|Time   359( 356+3   )ms|AST   21|Inlined   2Y   1N|IR    171/   320|CodeSize    1085|Addr 0x7ca0fe415080|CompId 3690   |UTC 2026-09-26T16:12:44.252|Src n/a
