WARNING: A terminally deprecated method in sun.misc.Unsafe has been called
WARNING: sun.misc.Unsafe::objectFieldOffset has been called by com.oracle.truffle.runtime.hotspot.HotSpotTruffleRuntime (file:/home/ekmett/thc-benchmarks/2026-09-23-083914/sources/combined-v1/lib/truffle-runtime-25.3.4.1.jar)
WARNING: Please consider reporting this to the maintainers of class com.oracle.truffle.runtime.hotspot.HotSpotTruffleRuntime
WARNING: sun.misc.Unsafe::objectFieldOffset will be removed in a future release
[To redirect Truffle log output to a file use one of the following options:
* '--log.file=<path>' if the option is passed using a guest language launcher.
* '-Dpolyglot.log.file=<path>' if the option is passed using the host Java launcher.
* Configure logging using the polyglot embedding API.]
[engine] opt done   engine=1  id=21    lambda sc, x, ds1                                  |Tier 2|Time   631( 410+222 )ms|AST    2|Inlined  16Y  52N|IR   4797/ 12338|CodeSize   69067|Addr 0x731f9237ce00|CompId 3097   |UTC 2026-09-23T09:05:52.486|Src /Users/ekmett/thc/vendor/containers-0.8/src/Data/Map/Strict/Internal.hs:497 0x4966423c
[engine] opt done   engine=1  id=17    lambda def, ww, ds1                                |Tier 2|Time    39(  33+6   )ms|AST    2|Inlined   1Y   0N|IR    279/   444|CodeSize    2174|Addr 0x731f923a1280|CompId 3205   |UTC 2026-09-23T09:05:52.585|Src /Users/ekmett/thc/vendor/containers-0.8/src/Data/Map/Internal.hs:649 0xfda568ac
[engine] opt done   engine=1  id=22    lambda ww, ds2                                     |Tier 2|Time   195( 121+73  )ms|AST    2|Inlined  14Y  16N|IR   2003/  4972|CodeSize   28684|Addr 0x731f923b8380|CompId 3222   |UTC 2026-09-23T09:05:52.831|Src /Users/ekmett/thc/vendor/containers-0.8/src/Data/Map/Strict/Internal.hs:649 0x4966423c
[engine] opt done   engine=1  id=18    lambda ww, ds                                      |Tier 2|Time    89(  61+28  )ms|AST    2|Inlined   5Y   1N|IR    618/   985|CodeSize    4689|Addr 0x731f923bfc80|CompId 3228   |UTC 2026-09-23T09:05:52.924|Src /Users/ekmett/thc/vendor/containers-0.8/src/Data/Map/Internal.hs:3426 0xfda568ac
[engine] opt done   engine=1  id=23    lambda ww                                          |Tier 2|Time   973( 487+486 )ms|AST    2|Inlined  36Y  74N|IR   7658/ 22616|CodeSize  139527|Addr 0x731f923c1700|CompId 3233   |UTC 2026-09-23T09:05:53.900|Src n/a
[engine] opt inval. engine=1  id=23    lambda ww                                                                                                                                                                         |UTC 2026-09-23T09:05:53.905|Src n/a|Reason validRootAssumption local tags updated
[engine] opt inval. engine=1  id=21    lambda sc, x, ds1                                                                                                                                                                 |UTC 2026-09-23T09:05:53.906|Src /Users/ekmett/thc/vendor/containers-0.8/src/Data/Map/Strict/Internal.hs:497 0x4966423c|Reason validRootAssumption local tags updated
[engine] opt deopt  engine=1  id=21    lambda sc, x, ds1                                  |Invalidated  true|                                                                                                            |UTC 2026-09-23T09:05:53.906|Src /Users/ekmett/thc/vendor/containers-0.8/src/Data/Map/Strict/Internal.hs:497 0x4966423c|Reason uncommon trap
[engine] opt deopt  engine=1  id=21    lambda sc, x, ds1                                  |Invalidated  true|                                                                                                            |UTC 2026-09-23T09:05:53.907|Src /Users/ekmett/thc/vendor/containers-0.8/src/Data/Map/Strict/Internal.hs:497 0x4966423c|Reason uncommon trap
[engine] opt deopt  engine=1  id=21    lambda sc, x, ds1                                  |Invalidated  true|                                                                                                            |UTC 2026-09-23T09:05:53.907|Src /Users/ekmett/thc/vendor/containers-0.8/src/Data/Map/Strict/Internal.hs:497 0x4966423c|Reason uncommon trap
[engine] opt deopt  engine=1  id=21    lambda sc, x, ds1                                  |Invalidated  true|                                                                                                            |UTC 2026-09-23T09:05:53.907|Src /Users/ekmett/thc/vendor/containers-0.8/src/Data/Map/Strict/Internal.hs:497 0x4966423c|Reason uncommon trap
[engine] opt deopt  engine=1  id=21    lambda sc, x, ds1                                  |Invalidated  true|                                                                                                            |UTC 2026-09-23T09:05:53.907|Src /Users/ekmett/thc/vendor/containers-0.8/src/Data/Map/Strict/Internal.hs:497 0x4966423c|Reason uncommon trap
[engine] opt deopt  engine=1  id=21    lambda sc, x, ds1                                  |Invalidated  true|                                                                                                            |UTC 2026-09-23T09:05:53.907|Src /Users/ekmett/thc/vendor/containers-0.8/src/Data/Map/Strict/Internal.hs:497 0x4966423c|Reason uncommon trap
[engine] opt deopt  engine=1  id=23    lambda ww                                          |Invalidated  true|                                                                                                            |UTC 2026-09-23T09:05:53.909|Src n/a|Reason JVMCI invalidate
[engine] opt done   engine=1  id=23    lambda ww                                          |Tier 2|Time  1013( 505+508 )ms|AST    2|Inlined  34Y  66N|IR   7324/ 23854|CodeSize  150529|Addr 0x731f923e7680|CompId 3286   |UTC 2026-09-23T09:05:54.922|Src n/a
[engine] opt done   engine=1  id=21    lambda sc, x, ds1                                  |Tier 2|Time   497( 318+179 )ms|AST    2|Inlined  14Y  42N|IR   4247/ 11944|CodeSize   67513|Addr 0x731f9240ea80|CompId 3310   |UTC 2026-09-23T09:05:55.421|Src /Users/ekmett/thc/vendor/containers-0.8/src/Data/Map/Strict/Internal.hs:497 0x4966423c
[engine] opt done   engine=1  id=10    lambda k, x, l, r                                  |Tier 2|Time    16(  12+4   )ms|AST    2|Inlined   0Y   0N|IR    527/   386|CodeSize    1546|Addr 0x731f92420180|CompId 3328   |UTC 2026-09-23T09:05:55.484|Src /Users/ekmett/thc/vendor/containers-0.8/src/Data/Map/Internal.hs:4272 0xfda568ac
[engine] opt done   engine=1  id=26    lambda n                                           |Tier 2|Time   591( 584+7   )ms|AST    2|Inlined   1Y   2N|IR    270/   618|CodeSize    2939|Addr 0x731f92432700|CompId 3357   |UTC 2026-09-23T09:05:56.122|Src examples/THC/MapWorkload.hs:30 0xd633756a
[engine] opt done   engine=1  id=15    lambda k, x, l, r                                  |Tier 2|Time   700( 365+335 )ms|AST    2|Inlined  14Y  44N|IR   4235/ 11655|CodeSize   65923|Addr 0x731f9243b080|CompId 3389   |UTC 2026-09-23T09:05:56.844|Src /Users/ekmett/thc/vendor/containers-0.8/src/Data/Map/Internal.hs:4302 0xfda568ac
