WARNING: A terminally deprecated method in sun.misc.Unsafe has been called
WARNING: sun.misc.Unsafe::objectFieldOffset has been called by com.oracle.truffle.runtime.hotspot.HotSpotTruffleRuntime (file:/Users/runner/work/thc/thc/work/ci-performance/frozen/current/lib/truffle-runtime-25.3.4.1.jar)
WARNING: Please consider reporting this to the maintainers of class com.oracle.truffle.runtime.hotspot.HotSpotTruffleRuntime
WARNING: sun.misc.Unsafe::objectFieldOffset will be removed in a future release
[To redirect Truffle log output to a file use one of the following options:
* '--log.file=<path>' if the option is passed using a guest language launcher.
* '-Dpolyglot.log.file=<path>' if the option is passed using the host Java launcher.
* Configure logging using the polyglot embedding API.]
[engine] opt done   engine=1  id=21    lambda sc, x, ds1                                  |Tier 2|Time   690( 451+239 )ms|AST    2|Inlined  12Y  44N|IR   4325/ 10523|CodeSize   48040|Addr 0x000119c1fcc0|CompId 2564   |UTC 2026-09-23T07:08:28.872|Src /Users/runner/work/thc/thc/vendor/containers-0.8/src/Data/Map/Strict/Internal.hs:497 0x573a55c2
[engine] opt done   engine=1  id=21    lambda sc, x, ds1                                  |Tier 2|Time   548( 368+181 )ms|AST    2|Inlined  12Y  44N|IR   4325/ 10523|CodeSize   48340|Addr 0x000119c361c0|CompId 2653   |UTC 2026-09-23T07:08:29.447|Src /Users/runner/work/thc/thc/vendor/containers-0.8/src/Data/Map/Strict/Internal.hs:497 0x573a55c2
[engine] opt done   engine=1  id=21    lambda sc, x, ds1                                  |Tier 2|Time   553( 333+219 )ms|AST    2|Inlined  12Y  44N|IR   4325/ 10523|CodeSize   48340|Addr 0x000119c43b00|CompId 2681   |UTC 2026-09-23T07:08:30.002|Src /Users/runner/work/thc/thc/vendor/containers-0.8/src/Data/Map/Strict/Internal.hs:497 0x573a55c2
[engine] opt inval. engine=1  id=21    lambda sc, x, ds1                                                                                                                                                                 |UTC 2026-09-23T07:08:30.021|Src /Users/runner/work/thc/thc/vendor/containers-0.8/src/Data/Map/Strict/Internal.hs:497 0x573a55c2|Reason validRootAssumption local tags updated
[engine] opt inval. engine=1  id=21    lambda sc, x, ds1                                                                                                                                                                 |UTC 2026-09-23T07:08:30.022|Src /Users/runner/work/thc/thc/vendor/containers-0.8/src/Data/Map/Strict/Internal.hs:497 0x573a55c2|Reason validRootAssumption local tags updated
[engine] opt inval. engine=1  id=21    lambda sc, x, ds1                                                                                                                                                                 |UTC 2026-09-23T07:08:30.023|Src /Users/runner/work/thc/thc/vendor/containers-0.8/src/Data/Map/Strict/Internal.hs:497 0x573a55c2|Reason validRootAssumption local tags updated
[engine] opt deopt  engine=1  id=21    lambda sc, x, ds1                                  |Invalidated  true|                                                                                                            |UTC 2026-09-23T07:08:30.024|Src /Users/runner/work/thc/thc/vendor/containers-0.8/src/Data/Map/Strict/Internal.hs:497 0x573a55c2|Reason uncommon trap
[engine] opt deopt  engine=1  id=21    lambda sc, x, ds1                                  |Invalidated  true|                                                                                                            |UTC 2026-09-23T07:08:30.025|Src /Users/runner/work/thc/thc/vendor/containers-0.8/src/Data/Map/Strict/Internal.hs:497 0x573a55c2|Reason uncommon trap
[engine] opt deopt  engine=1  id=21    lambda sc, x, ds1                                  |Invalidated  true|                                                                                                            |UTC 2026-09-23T07:08:30.025|Src /Users/runner/work/thc/thc/vendor/containers-0.8/src/Data/Map/Strict/Internal.hs:497 0x573a55c2|Reason uncommon trap
[engine] opt deopt  engine=1  id=21    lambda sc, x, ds1                                  |Invalidated  true|                                                                                                            |UTC 2026-09-23T07:08:30.025|Src /Users/runner/work/thc/thc/vendor/containers-0.8/src/Data/Map/Strict/Internal.hs:497 0x573a55c2|Reason uncommon trap
[engine] opt deopt  engine=1  id=21    lambda sc, x, ds1                                  |Invalidated  true|                                                                                                            |UTC 2026-09-23T07:08:30.025|Src /Users/runner/work/thc/thc/vendor/containers-0.8/src/Data/Map/Strict/Internal.hs:497 0x573a55c2|Reason uncommon trap
[engine] opt deopt  engine=1  id=21    lambda sc, x, ds1                                  |Invalidated  true|                                                                                                            |UTC 2026-09-23T07:08:30.025|Src /Users/runner/work/thc/thc/vendor/containers-0.8/src/Data/Map/Strict/Internal.hs:497 0x573a55c2|Reason uncommon trap
[engine] opt done   engine=1  id=21    lambda sc, x, ds1                                  |Tier 2|Time   583( 382+202 )ms|AST    2|Inlined  12Y  44N|IR   4572/ 12320|CodeSize   59388|Addr 0x000119c52280|CompId 2714   |UTC 2026-09-23T07:08:30.609|Src /Users/runner/work/thc/thc/vendor/containers-0.8/src/Data/Map/Strict/Internal.hs:497 0x573a55c2
[engine] opt done   engine=1  id=22    lambda ww, ds2                                     |Tier 2|Time   167( 122+45  )ms|AST    2|Inlined  14Y  16N|IR   2089/  4802|CodeSize   24560|Addr 0x000119c795c0|CompId 2762   |UTC 2026-09-23T07:08:30.868|Src /Users/runner/work/thc/thc/vendor/containers-0.8/src/Data/Map/Strict/Internal.hs:649 0x573a55c2
[engine] opt done   engine=1  id=17    lambda def, ww, ds1                                |Tier 2|Time    12(   7+5   )ms|AST    2|Inlined   1Y   0N|IR    219/   377|CodeSize    1996|Addr 0x000119c8be00|CompId 2812   |UTC 2026-09-23T07:08:31.005|Src /Users/runner/work/thc/thc/vendor/containers-0.8/src/Data/Map/Internal.hs:649 0xf2f99fe6
[engine] opt done   engine=1  id=18    lambda ww, ds                                      |Tier 2|Time    63(  32+31  )ms|AST    2|Inlined   5Y   1N|IR    658/  1021|CodeSize    4580|Addr 0x000119c91a00|CompId 2827   |UTC 2026-09-23T07:08:31.138|Src /Users/runner/work/thc/thc/vendor/containers-0.8/src/Data/Map/Internal.hs:3426 0xf2f99fe6
[engine] opt done   engine=1  id=23    lambda ww                                          |Tier 2|Time  1185( 668+517 )ms|AST    2|Inlined  38Y  74N|IR   8054/ 26738|CodeSize  145616|Addr 0x000119c9ee40|CompId 2836   |UTC 2026-09-23T07:08:32.379|Src n/a
[engine] opt deopt  engine=1  id=17    lambda def, ww, ds1                                |Invalidated false|                                                                                                            |UTC 2026-09-23T07:08:32.434|Src /Users/runner/work/thc/thc/vendor/containers-0.8/src/Data/Map/Internal.hs:649 0xf2f99fe6|Reason Unknown
[engine] opt deopt  engine=1  id=23    lambda ww                                          |Invalidated  true|                                                                                                            |UTC 2026-09-23T07:08:32.440|Src n/a|Reason uncommon trap
[engine] opt done   engine=1  id=23    lambda ww                                          |Tier 2|Time  1230( 642+588 )ms|AST    2|Inlined  37Y  77N|IR   8211/ 27307|CodeSize  147740|Addr 0x000119cd6c00|CompId 2870   |UTC 2026-09-23T07:08:33.671|Src n/a
[engine] opt done   engine=1  id=10    lambda k, x, l, r                                  |Tier 2|Time    20(  13+7   )ms|AST    2|Inlined   0Y   0N|IR    639/   589|CodeSize    2336|Addr 0x000119cfcc40|CompId 2888   |UTC 2026-09-23T07:08:33.710|Src /Users/runner/work/thc/thc/vendor/containers-0.8/src/Data/Map/Internal.hs:4272 0xf2f99fe6
[engine] opt done   engine=1  id=15    lambda k, x, l, r                                  |Tier 2|Time   774( 454+320 )ms|AST    2|Inlined  14Y  38N|IR   4425/ 11338|CodeSize   55184|Addr 0x000119cff180|CompId 2898   |UTC 2026-09-23T07:08:34.569|Src /Users/runner/work/thc/thc/vendor/containers-0.8/src/Data/Map/Internal.hs:4302 0xf2f99fe6
[engine] opt done   engine=1  id=26    lambda n                                           |Tier 2|Time   851( 848+3   )ms|AST    2|Inlined   1Y   1N|IR    128/   255|CodeSize     872|Addr 0x000119d0e540|CompId 2940   |UTC 2026-09-23T07:08:36.033|Src examples/THC/MapWorkload.hs:30 0xd633756a
PHASE WARM BEGIN
[engine] opt done   engine=1  id=92    org.graalvm.polyglot.Value<EntryValue>.execute     |Tier 2|Time   796( 781+15  )ms|AST   10|Inlined   3Y   1N|IR    413/   947|CodeSize    4724|Addr 0x000119b90ac0|CompId 3025   |UTC 2026-09-23T07:09:03.123|Src n/a
PHASE WARM END calls=12032 elapsedNs=33171952375 checksum=678375231696
PHASE MEASURE 1 BEGIN
PHASE MEASURE 1 END
PHASE MEASURE 2 BEGIN
PHASE MEASURE 2 END
PHASE MEASURE 3 BEGIN
PHASE MEASURE 3 END
PHASE MEASURE 4 BEGIN
PHASE MEASURE 4 END
PHASE MEASURE 5 BEGIN
PHASE MEASURE 5 END
PHASE VERIFY BEGIN
PHASE VERIFY END guestLastTierInstalled=true
diagnostics={"backend":"bytecode","bytecodeRootCount":58,"sourceNotesEnabled":true,"sourceSpanCount":8656,"sourceRootCount":15,"localJoinCount":10,"localJoinTransfers":0,"instrumented":false,"thunkEvaluationsByLabel":{},"compiledEntries":0,"thunkEvaluations":0,"thunkHits":0,"blackholes":0,"directCacheMisses":0,"indirectCalls":0,"tailBounces":0,"selfTailReentries":0,"trampolineIterations":0,"papAllocations":0,"unsupportedPolicy":"diagnostic-traps","deferredUnsupported":["Unsupported constructor representation unboxed-tuple: ghc-internal:GHC.Internal.Types.(#,#)","Unresolved external binding ghc-internal:GHC.Internal.Stack.withFrozenCallStack1","Unresolved external binding ghc-internal:GHC.Internal.Exception.Backtrace.collectExceptionAnnotationMechanismRef","Unsupported primitive readMutVar#"],"unsupportedTraps":0,"frames":"Bytecode DSL primitive locals; selective StaticShape captures","stackPolicy":"tail-safe; non-tail calls and nested thunk forcing use host stack","threadPolicy":"single guest thread"}
