WARNING: A terminally deprecated method in sun.misc.Unsafe has been called
WARNING: sun.misc.Unsafe::objectFieldOffset has been called by com.oracle.truffle.runtime.hotspot.HotSpotTruffleRuntime (file:/Users/ekmett/thc/work/candidates/map-thunk-packets/runtime/lib/truffle-runtime-25.3.4.1.jar)
WARNING: Please consider reporting this to the maintainers of class com.oracle.truffle.runtime.hotspot.HotSpotTruffleRuntime
WARNING: sun.misc.Unsafe::objectFieldOffset will be removed in a future release
[To redirect Truffle log output to a file use one of the following options:
* '--log.file=<path>' if the option is passed using a guest language launcher.
* '-Dpolyglot.log.file=<path>' if the option is passed using the host Java launcher.
* Configure logging using the polyglot embedding API.]
[engine] opt done   engine=1  id=21    lambda sc, x, ds1                                  |Tier 2|Time   410( 230+180 )ms|AST  772|Inlined   9Y  21N|IR   5612/ 10799|CodeSize   48432|Addr 0x00013fb9a900|CompId 2256   |UTC 2026-09-22T19:01:04.056|Src n/a
[engine] opt deopt  engine=1  id=21    lambda sc, x, ds1                                  |Invalidated  true|                                                                                                            |UTC 2026-09-22T19:01:04.075|Src n/a|Reason uncommon trap
[engine] opt deopt  engine=1  id=21    lambda sc, x, ds1                                  |Invalidated  true|                                                                                                            |UTC 2026-09-22T19:01:04.075|Src n/a|Reason uncommon trap
[engine] opt done   engine=1  id=21    lambda sc, x, ds1                                  |Tier 2|Time   424( 198+226 )ms|AST  772|Inlined   9Y  21N|IR   6131/ 12755|CodeSize   56564|Addr 0x00013fbb8d40|CompId 2394   |UTC 2026-09-22T19:01:04.501|Src n/a
[engine] opt done   engine=1  id=22    lambda ww, ds2                                     |Tier 2|Time   130(  48+82  )ms|AST  327|Inlined   6Y   8N|IR   2722/  7094|CodeSize   29336|Addr 0x00013fbd8000|CompId 2467   |UTC 2026-09-22T19:01:04.650|Src n/a
[engine] opt done   engine=1  id=17    lambda def, ww, ds1                                |Tier 2|Time    20(   8+12  )ms|AST  167|Inlined   2Y   0N|IR    754/  1274|CodeSize    5988|Addr 0x00013fbe4fc0|CompId 2506   |UTC 2026-09-22T19:01:04.695|Src n/a
[engine] opt done   engine=1  id=35    argument thunk                                     |Tier 2|Time   314( 191+124 )ms|AST  104|Inlined   8Y  14N|IR   4781/  9644|CodeSize   39788|Addr 0x00013fbf00c0|CompId 2510   |UTC 2026-09-22T19:01:05.018|Src n/a
[engine] opt done   engine=1  id=18    lambda ww, ds                                      |Tier 2|Time   438( 112+327 )ms|AST  181|Inlined  15Y  17N|IR   5977/ 13351|CodeSize   59516|Addr 0x00013fc02c80|CompId 2535   |UTC 2026-09-22T19:01:05.473|Src n/a
[engine] opt done   engine=1  id=36    lambda x, v                                        |Tier 2|Time   343( 219+124 )ms|AST  139|Inlined  10Y  14N|IR   3891/  9562|CodeSize   43064|Addr 0x00013fc12300|CompId 2540   |UTC 2026-09-22T19:01:05.823|Src n/a
[engine] opt done   engine=1  id=26    lambda x, ww                                       |Tier 2|Time   138(  55+83  )ms|AST  266|Inlined  18Y   0N|IR   3878/  6166|CodeSize   29056|Addr 0x00013fc1fd00|CompId 2558   |UTC 2026-09-22T19:01:05.971|Src n/a
[engine] opt done   engine=1  id=10    lambda k, x, l, r                                  |Tier 2|Time    21(   8+14  )ms|AST 2557|Inlined   0Y   0N|IR    788/  1552|CodeSize    6300|Addr 0x00013fc276c0|CompId 2560   |UTC 2026-09-22T19:01:06.004|Src n/a
[engine] opt done   engine=1  id=30    argument thunk                                     |Tier 2|Time   143(  44+100 )ms|AST  103|Inlined   7Y   8N|IR   2855/  7433|CodeSize   30056|Addr 0x00013fc29540|CompId 2561   |UTC 2026-09-22T19:01:06.149|Src n/a
[engine] opt done   engine=1  id=31    lambda x, v                                        |Tier 2|Time   638( 215+423 )ms|AST  141|Inlined  24Y  30N|IR   8754/ 21335|CodeSize   94740|Addr 0x00013fc312c0|CompId 2574   |UTC 2026-09-22T19:01:06.793|Src n/a
[engine] opt done   engine=1  id=15    lambda k, x, l, r                                  |Tier 2|Time   576( 171+406 )ms|AST 2559|Inlined  11Y  21N|IR   7602/ 15952|CodeSize   66372|Addr 0x00013fc49bc0|CompId 2582   |UTC 2026-09-22T19:01:07.422|Src n/a
[engine] opt done   engine=1  id=40    lambda n                                           |Tier 2|Time   232( 228+4   )ms|AST   42|Inlined   2Y   1N|IR    178/   763|CodeSize    3084|Addr 0x00013fc5b6c0|CompId 2617   |UTC 2026-09-22T19:01:08.235|Src n/a
PHASE WARM BEGIN
PHASE WARM END calls=5376 elapsedNs=15738458833 checksum=303103826928
PHASE MEASURE 1 BEGIN
PHASE MEASURE 1 END
PHASE MEASURE 2 BEGIN
PHASE MEASURE 2 END
PHASE MEASURE 3 BEGIN
PHASE MEASURE 3 END
PHASE MEASURE 4 BEGIN
PHASE MEASURE 4 END
PHASE MEASURE 5 BEGIN
PHASE MEASURE 5 END
PHASE VERIFY BEGIN
PHASE VERIFY END guestLastTierInstalled=true
diagnostics={"instrumented":false,"thunkEvaluationsByLabel":{},"compiledEntries":0,"thunkEvaluations":0,"thunkHits":0,"blackholes":0,"directCacheMisses":0,"indirectCalls":0,"tailBounces":0,"papAllocations":0,"unsupportedPolicy":"diagnostic-traps","deferredUnsupported":["Unsupported constructor representation unboxed-tuple: ghc-internal:GHC.Internal.Types.(#,#)","Unresolved external binding ghc-internal:GHC.Internal.Stack.withFrozenCallStack1","Unresolved external binding ghc-internal:GHC.Internal.Exception.Backtrace.collectExceptionAnnotationMechanismRef"],"unsupportedTraps":0,"frames":"indexed primitive slots; selective StaticShape captures","stackPolicy":"tail-safe; non-tail calls and nested thunk forcing use host stack","threadPolicy":"single guest thread"}
