WARNING: A terminally deprecated method in sun.misc.Unsafe has been called
WARNING: sun.misc.Unsafe::objectFieldOffset has been called by com.oracle.truffle.runtime.hotspot.HotSpotTruffleRuntime (file:/Users/ekmett/thc/work/profiled-self-loop/lib/truffle-runtime-25.3.4.1.jar)
WARNING: Please consider reporting this to the maintainers of class com.oracle.truffle.runtime.hotspot.HotSpotTruffleRuntime
WARNING: sun.misc.Unsafe::objectFieldOffset will be removed in a future release
[To redirect Truffle log output to a file use one of the following options:
* '--log.file=<path>' if the option is passed using a guest language launcher.
* '-Dpolyglot.log.file=<path>' if the option is passed using the host Java launcher.
* Configure logging using the polyglot embedding API.]
[engine] opt done   engine=1  id=21    lambda sc, x, ds1                                  |Tier 2|Time   418( 231+186 )ms|AST  772|Inlined   9Y  21N|IR   5612/ 10799|CodeSize   48432|Addr 0x00011d7ec880|CompId 2269   |UTC 2026-09-22T19:04:21.321|Src n/a
[engine] opt deopt  engine=1  id=21    lambda sc, x, ds1                                  |Invalidated  true|                                                                                                            |UTC 2026-09-22T19:04:21.350|Src n/a|Reason uncommon trap
[engine] opt deopt  engine=1  id=21    lambda sc, x, ds1                                  |Invalidated  true|                                                                                                            |UTC 2026-09-22T19:04:21.352|Src n/a|Reason uncommon trap
[engine] opt done   engine=1  id=21    lambda sc, x, ds1                                  |Tier 2|Time   475( 235+240 )ms|AST  772|Inlined   9Y  21N|IR   6131/ 12755|CodeSize   56564|Addr 0x00011d807d00|CompId 2398   |UTC 2026-09-22T19:04:21.830|Src n/a
[engine] opt done   engine=1  id=22    lambda ww, ds2                                     |Tier 2|Time   132(  45+87  )ms|AST  327|Inlined   6Y   8N|IR   2722/  7094|CodeSize   29336|Addr 0x00011d8265c0|CompId 2461   |UTC 2026-09-22T19:04:21.981|Src n/a
[engine] opt done   engine=1  id=17    lambda def, ww, ds1                                |Tier 2|Time    13(   5+8   )ms|AST  167|Inlined   1Y   0N|IR    473/   775|CodeSize    4084|Addr 0x00011d832180|CompId 2506   |UTC 2026-09-22T19:04:22.019|Src n/a
[engine] opt done   engine=1  id=35    argument thunk                                     |Tier 2|Time   304( 188+116 )ms|AST  104|Inlined   8Y  14N|IR   4781/  9644|CodeSize   39788|Addr 0x00011d83bc40|CompId 2512   |UTC 2026-09-22T19:04:22.332|Src n/a
[engine] opt done   engine=1  id=18    lambda ww, ds                                      |Tier 2|Time   505(  88+416 )ms|AST  181|Inlined  17Y  16N|IR   6080/ 13538|CodeSize   62932|Addr 0x00011d848a80|CompId 2530   |UTC 2026-09-22T19:04:22.850|Src n/a
[engine] opt done   engine=1  id=36    lambda x, v                                        |Tier 2|Time   472( 254+219 )ms|AST  139|Inlined   8Y  18N|IR   4228/ 10299|CodeSize   44452|Addr 0x00011d858cc0|CompId 2535   |UTC 2026-09-22T19:04:23.339|Src n/a
[engine] opt done   engine=1  id=26    lambda x, ww                                       |Tier 2|Time    62(  25+37  )ms|AST  266|Inlined   7Y   0N|IR   1463/  3166|CodeSize   10784|Addr 0x00011d864f40|CompId 2551   |UTC 2026-09-22T19:04:23.413|Src n/a
[engine] opt done   engine=1  id=31    lambda x, v                                        |Tier 2|Time   489( 178+311 )ms|AST  141|Inlined  20Y  20N|IR   7048/ 14535|CodeSize   61520|Addr 0x00011d868280|CompId 2553   |UTC 2026-09-22T19:04:23.912|Src n/a
[engine] opt done   engine=1  id=10    lambda k, x, l, r                                  |Tier 2|Time    21(   7+13  )ms|AST 2557|Inlined   0Y   0N|IR    788/  1552|CodeSize    6300|Addr 0x00011d8784c0|CompId 2565   |UTC 2026-09-22T19:04:23.945|Src n/a
[engine] opt done   engine=1  id=15    lambda k, x, l, r                                  |Tier 2|Time   540( 167+372 )ms|AST 2559|Inlined  11Y  21N|IR   7602/ 15952|CodeSize   66372|Addr 0x00011d87a140|CompId 2573   |UTC 2026-09-22T19:04:24.527|Src n/a
[engine] opt done   engine=1  id=40    lambda n                                           |Tier 2|Time   247( 243+4   )ms|AST   42|Inlined   2Y   1N|IR    178/   763|CodeSize    3084|Addr 0x00011d88cd00|CompId 2606   |UTC 2026-09-22T19:04:25.411|Src n/a
PHASE WARM BEGIN
PHASE WARM END calls=5120 elapsedNs=15326725875 checksum=288670311360
PHASE MEASURE 1 BEGIN
PHASE MEASURE 1 END
PHASE MEASURE 2 BEGIN
PHASE MEASURE 2 END
PHASE MEASURE 3 BEGIN
PHASE MEASURE 3 END
PHASE MEASURE 4 BEGIN
PHASE MEASURE 4 END
PHASE MEASURE 5 BEGIN
PHASE MEASURE 5 END
PHASE VERIFY BEGIN
PHASE VERIFY END guestLastTierInstalled=true
diagnostics={"instrumented":false,"thunkEvaluationsByLabel":{},"compiledEntries":0,"thunkEvaluations":0,"thunkHits":0,"blackholes":0,"directCacheMisses":0,"indirectCalls":0,"tailBounces":0,"papAllocations":0,"unsupportedPolicy":"diagnostic-traps","deferredUnsupported":["Unsupported constructor representation unboxed-tuple: ghc-internal:GHC.Internal.Types.(#,#)","Unresolved external binding ghc-internal:GHC.Internal.Stack.withFrozenCallStack1","Unresolved external binding ghc-internal:GHC.Internal.Exception.Backtrace.collectExceptionAnnotationMechanismRef"],"unsupportedTraps":0,"frames":"indexed primitive slots; selective StaticShape captures","stackPolicy":"tail-safe; non-tail calls and nested thunk forcing use host stack","threadPolicy":"single guest thread"}
