WARNING: A terminally deprecated method in sun.misc.Unsafe has been called
WARNING: sun.misc.Unsafe::objectFieldOffset has been called by com.oracle.truffle.runtime.hotspot.HotSpotTruffleRuntime (file:/home/ekmett/thc-benchmarks/2026-09-23-083914/diagnostics/one-step-force-agnostic/input-control/lib/truffle-runtime-25.3.4.1.jar)
WARNING: Please consider reporting this to the maintainers of class com.oracle.truffle.runtime.hotspot.HotSpotTruffleRuntime
WARNING: sun.misc.Unsafe::objectFieldOffset will be removed in a future release
[To redirect Truffle log output to a file use one of the following options:
* '--log.file=<path>' if the option is passed using a guest language launcher.
* '-Dpolyglot.log.file=<path>' if the option is passed using the host Java launcher.
* Configure logging using the polyglot embedding API.]
Dumping IGV graphs in /home/ekmett/thc-benchmarks/2026-09-23-083914/diagnostics/one-step-force-agnostic/graph-control
[engine] opt done   engine=1  id=21    lambda sc, x, ds1                                  |Tier 2|Time  2856(1561+1296)ms|AST    2|Inlined  15Y  47N|IR   4251/ 11941|CodeSize   61636|Addr 0x74d09638fa00|CompId 3047   |UTC 2026-09-23T10:53:12.314|Src /Users/ekmett/thc/vendor/containers-0.8/src/Data/Map/Strict/Internal.hs:497 0x4966423c
Dumping IGV graphs in /home/ekmett/thc-benchmarks/2026-09-23-083914/diagnostics/one-step-force-agnostic/graph-control
[engine] opt done   engine=1  id=21    lambda sc, x, ds1                                  |Tier 2|Time  2767(1484+1282)ms|AST    2|Inlined  15Y  47N|IR   4251/ 11941|CodeSize   61935|Addr 0x74d0963b4300|CompId 3284   |UTC 2026-09-23T10:53:15.106|Src /Users/ekmett/thc/vendor/containers-0.8/src/Data/Map/Strict/Internal.hs:497 0x4966423c
[engine] opt inval. engine=1  id=21    lambda sc, x, ds1                                                                                                                                                                 |UTC 2026-09-23T10:53:15.108|Src /Users/ekmett/thc/vendor/containers-0.8/src/Data/Map/Strict/Internal.hs:497 0x4966423c|Reason validRootAssumption local tags updated
[engine] opt inval. engine=1  id=21    lambda sc, x, ds1                                                                                                                                                                 |UTC 2026-09-23T10:53:15.109|Src /Users/ekmett/thc/vendor/containers-0.8/src/Data/Map/Strict/Internal.hs:497 0x4966423c|Reason validRootAssumption local tags updated
[engine] opt deopt  engine=1  id=21    lambda sc, x, ds1                                  |Invalidated  true|                                                                                                            |UTC 2026-09-23T10:53:15.109|Src /Users/ekmett/thc/vendor/containers-0.8/src/Data/Map/Strict/Internal.hs:497 0x4966423c|Reason uncommon trap
[engine] opt deopt  engine=1  id=21    lambda sc, x, ds1                                  |Invalidated  true|                                                                                                            |UTC 2026-09-23T10:53:15.110|Src /Users/ekmett/thc/vendor/containers-0.8/src/Data/Map/Strict/Internal.hs:497 0x4966423c|Reason uncommon trap
[engine] opt deopt  engine=1  id=21    lambda sc, x, ds1                                  |Invalidated  true|                                                                                                            |UTC 2026-09-23T10:53:15.110|Src /Users/ekmett/thc/vendor/containers-0.8/src/Data/Map/Strict/Internal.hs:497 0x4966423c|Reason uncommon trap
[engine] opt deopt  engine=1  id=21    lambda sc, x, ds1                                  |Invalidated  true|                                                                                                            |UTC 2026-09-23T10:53:15.110|Src /Users/ekmett/thc/vendor/containers-0.8/src/Data/Map/Strict/Internal.hs:497 0x4966423c|Reason uncommon trap
[engine] opt deopt  engine=1  id=21    lambda sc, x, ds1                                  |Invalidated  true|                                                                                                            |UTC 2026-09-23T10:53:15.110|Src /Users/ekmett/thc/vendor/containers-0.8/src/Data/Map/Strict/Internal.hs:497 0x4966423c|Reason uncommon trap
[engine] opt deopt  engine=1  id=21    lambda sc, x, ds1                                  |Invalidated  true|                                                                                                            |UTC 2026-09-23T10:53:15.110|Src /Users/ekmett/thc/vendor/containers-0.8/src/Data/Map/Strict/Internal.hs:497 0x4966423c|Reason uncommon trap
Dumping IGV graphs in /home/ekmett/thc-benchmarks/2026-09-23-083914/diagnostics/one-step-force-agnostic/graph-control
[engine] opt done   engine=1  id=21    lambda sc, x, ds1                                  |Tier 2|Time  2875(1416+1460)ms|AST    2|Inlined  14Y  48N|IR   4335/ 13418|CodeSize   72921|Addr 0x74d0963c6b00|CompId 3359   |UTC 2026-09-23T10:53:17.987|Src /Users/ekmett/thc/vendor/containers-0.8/src/Data/Map/Strict/Internal.hs:497 0x4966423c
Dumping IGV graphs in /home/ekmett/thc-benchmarks/2026-09-23-083914/diagnostics/one-step-force-agnostic/graph-control
[engine] opt done   engine=1  id=22    lambda ww, ds2                                     |Tier 2|Time   732( 457+275 )ms|AST    2|Inlined  14Y  16N|IR   1860/  4855|CodeSize   25538|Addr 0x74d0963f9900|CompId 3421   |UTC 2026-09-23T10:53:18.774|Src /Users/ekmett/thc/vendor/containers-0.8/src/Data/Map/Strict/Internal.hs:649 0x4966423c
Dumping IGV graphs in /home/ekmett/thc-benchmarks/2026-09-23-083914/diagnostics/one-step-force-agnostic/graph-control
[engine] opt done   engine=1  id=17    lambda def, ww, ds1                                |Tier 2|Time    63(  50+12  )ms|AST    2|Inlined   1Y   0N|IR    203/   345|CodeSize    1844|Addr 0x74d096409a80|CompId 3455   |UTC 2026-09-23T10:53:18.908|Src /Users/ekmett/thc/vendor/containers-0.8/src/Data/Map/Internal.hs:649 0xfda568ac
Dumping IGV graphs in /home/ekmett/thc-benchmarks/2026-09-23-083914/diagnostics/one-step-force-agnostic/graph-control
[engine] opt done   engine=1  id=18    lambda ww, ds                                      |Tier 2|Time   203( 160+43  )ms|AST    2|Inlined   5Y   1N|IR    553/   982|CodeSize    4678|Addr 0x74d09641fe80|CompId 3473   |UTC 2026-09-23T10:53:19.145|Src /Users/ekmett/thc/vendor/containers-0.8/src/Data/Map/Internal.hs:3426 0xfda568ac
[engine] opt done   engine=1  id=23    lambda ww                                          |Tier 2|Time  6376(2065+4312)ms|AST    2|Inlined  41Y  75N|IR   7434/ 30319|CodeSize  201202|Addr 0x74d096421c00|CompId 3481   |UTC 2026-09-23T10:53:25.526|Src n/a
Dumping IGV graphs in /home/ekmett/thc-benchmarks/2026-09-23-083914/diagnostics/one-step-force-agnostic/graph-control
[engine] opt done   engine=1  id=10    lambda k, x, l, r                                  |Tier 2|Time    76(  63+13  )ms|AST    2|Inlined   0Y   0N|IR    516/   424|CodeSize    1847|Addr 0x74d096453780|CompId 3500   |UTC 2026-09-23T10:53:25.667|Src /Users/ekmett/thc/vendor/containers-0.8/src/Data/Map/Internal.hs:4272 0xfda568ac
[engine] opt done   engine=1  id=15    lambda k, x, l, r                                  |Tier 2|Time  3713(1723+1990)ms|AST    2|Inlined  14Y  44N|IR   4035/ 11979|CodeSize   65501|Addr 0x74d096467000|CompId 3525   |UTC 2026-09-23T10:53:29.416|Src /Users/ekmett/thc/vendor/containers-0.8/src/Data/Map/Internal.hs:4302 0xfda568ac
Dumping IGV graphs in /home/ekmett/thc-benchmarks/2026-09-23-083914/diagnostics/one-step-force-agnostic/graph-control
[engine] opt done   engine=1  id=26    lambda n                                           |Tier 2|Time  1540(1518+21  )ms|AST    2|Inlined   1Y   1N|IR    128/   263|CodeSize     856|Addr 0x74d09647a900|CompId 3576   |UTC 2026-09-23T10:53:31.269|Src examples/THC/MapWorkload.hs:30 0xd633756a
PHASE WARM BEGIN
Dumping IGV graphs in /home/ekmett/thc-benchmarks/2026-09-23-083914/diagnostics/one-step-force-agnostic/graph-control
[engine] opt done   engine=1  id=92    org.graalvm.polyglot.Value<EntryValue>.execute     |Tier 2|Time  1548(1509+39  )ms|AST   10|Inlined   3Y   1N|IR    413/   912|CodeSize    4723|Addr 0x74d096486000|CompId 3679   |UTC 2026-09-23T10:53:48.551|Src n/a
PHASE WARM END calls=30208 elapsedNs=49810534898 checksum=1703154837024
PHASE MEASURE 1 BEGIN
PHASE MEASURE 1 END
PHASE VERIFY BEGIN
PHASE VERIFY END guestLastTierInstalled=true
diagnostics={"backend":"bytecode","bytecodeRootCount":58,"sourceNotesEnabled":true,"sourceSpanCount":8656,"sourceRootCount":15,"localJoinCount":10,"localJoinTransfers":0,"instrumented":false,"thunkEvaluationsByLabel":{},"compiledEntries":0,"leadingCaseReturns":0,"thunkEvaluations":0,"thunkHits":0,"blackholes":0,"directCacheMisses":0,"indirectCalls":0,"tailBounces":0,"selfTailReentries":0,"trampolineIterations":0,"papAllocations":0,"unsupportedPolicy":"diagnostic-traps","deferredUnsupported":["Unsupported constructor representation unboxed-tuple: ghc-internal:GHC.Internal.Types.(#,#)","Unresolved external binding ghc-internal:GHC.Internal.Stack.withFrozenCallStack1","Unresolved external binding ghc-internal:GHC.Internal.Exception.Backtrace.collectExceptionAnnotationMechanismRef","Unsupported primitive readMutVar#"],"unsupportedTraps":0,"frames":"Bytecode DSL primitive locals; selective StaticShape captures","stackPolicy":"tail-safe; non-tail calls and nested thunk forcing use host stack","threadPolicy":"single guest thread"}
