WARNING: Using incubator modules: jdk.incubator.vector
WARNING: A terminally deprecated method in sun.misc.Unsafe has been called
WARNING: sun.misc.Unsafe::objectFieldOffset has been called by com.oracle.truffle.runtime.hotspot.HotSpotTruffleRuntime (file:/home/ekmett/ai/agents/worktrees/thc/performance-regressions-01a0cdeb/work/performance-reference/build/install/thc/lib/truffle-runtime-25.3.4.1.jar)
WARNING: Please consider reporting this to the maintainers of class com.oracle.truffle.runtime.hotspot.HotSpotTruffleRuntime
WARNING: sun.misc.Unsafe::objectFieldOffset will be removed in a future release
[To redirect Truffle log output to a file use one of the following options:
* '--log.file=<path>' if the option is passed using a guest language launcher.
* '-Dpolyglot.log.file=<path>' if the option is passed using the host Java launcher.
* Configure logging using the polyglot embedding API.]
[engine] opt done   engine=1  id=21    lambda sc, x, ds1                                  |Tier 2|Time   606( 476+130 )ms|AST    2|Inlined  15Y  47N|IR   4138/ 10482|CodeSize   59030|Addr 0x7be7f234fb80|CompId 3115   |UTC 2026-09-26T15:47:09.297|Src /home/ekmett/ai/agents/worktrees/thc/performance-regressions-01a0cdeb/vendor/containers-0.8/src/Data/Map/Strict/Internal.hs:497 0xec54d003
[engine] opt done   engine=1  id=21    lambda sc, x, ds1                                  |Tier 2|Time   577( 443+134 )ms|AST    2|Inlined  15Y  47N|IR   4138/ 10482|CodeSize   58149|Addr 0x7be7f237ae80|CompId 3227   |UTC 2026-09-26T15:47:09.901|Src /home/ekmett/ai/agents/worktrees/thc/performance-regressions-01a0cdeb/vendor/containers-0.8/src/Data/Map/Strict/Internal.hs:497 0xec54d003
[engine] opt inval. engine=1  id=21    lambda sc, x, ds1                                                                                                                                                                 |UTC 2026-09-26T15:47:09.903|Src /home/ekmett/ai/agents/worktrees/thc/performance-regressions-01a0cdeb/vendor/containers-0.8/src/Data/Map/Strict/Internal.hs:497 0xec54d003|Reason validRootAssumption local tags updated
[engine] opt inval. engine=1  id=21    lambda sc, x, ds1                                                                                                                                                                 |UTC 2026-09-26T15:47:09.904|Src /home/ekmett/ai/agents/worktrees/thc/performance-regressions-01a0cdeb/vendor/containers-0.8/src/Data/Map/Strict/Internal.hs:497 0xec54d003|Reason validRootAssumption local tags updated
[engine] opt deopt  engine=1  id=21    lambda sc, x, ds1                                  |Invalidated  true|                                                                                                            |UTC 2026-09-26T15:47:09.904|Src /home/ekmett/ai/agents/worktrees/thc/performance-regressions-01a0cdeb/vendor/containers-0.8/src/Data/Map/Strict/Internal.hs:497 0xec54d003|Reason uncommon trap
[engine] opt deopt  engine=1  id=21    lambda sc, x, ds1                                  |Invalidated  true|                                                                                                            |UTC 2026-09-26T15:47:09.905|Src /home/ekmett/ai/agents/worktrees/thc/performance-regressions-01a0cdeb/vendor/containers-0.8/src/Data/Map/Strict/Internal.hs:497 0xec54d003|Reason uncommon trap
[engine] opt deopt  engine=1  id=21    lambda sc, x, ds1                                  |Invalidated  true|                                                                                                            |UTC 2026-09-26T15:47:09.905|Src /home/ekmett/ai/agents/worktrees/thc/performance-regressions-01a0cdeb/vendor/containers-0.8/src/Data/Map/Strict/Internal.hs:497 0xec54d003|Reason uncommon trap
[engine] opt deopt  engine=1  id=21    lambda sc, x, ds1                                  |Invalidated  true|                                                                                                            |UTC 2026-09-26T15:47:09.905|Src /home/ekmett/ai/agents/worktrees/thc/performance-regressions-01a0cdeb/vendor/containers-0.8/src/Data/Map/Strict/Internal.hs:497 0xec54d003|Reason uncommon trap
[engine] opt deopt  engine=1  id=21    lambda sc, x, ds1                                  |Invalidated  true|                                                                                                            |UTC 2026-09-26T15:47:09.905|Src /home/ekmett/ai/agents/worktrees/thc/performance-regressions-01a0cdeb/vendor/containers-0.8/src/Data/Map/Strict/Internal.hs:497 0xec54d003|Reason uncommon trap
[engine] opt deopt  engine=1  id=21    lambda sc, x, ds1                                  |Invalidated  true|                                                                                                            |UTC 2026-09-26T15:47:09.905|Src /home/ekmett/ai/agents/worktrees/thc/performance-regressions-01a0cdeb/vendor/containers-0.8/src/Data/Map/Strict/Internal.hs:497 0xec54d003|Reason uncommon trap
[engine] opt done   engine=1  id=21    lambda sc, x, ds1                                  |Tier 2|Time   576( 434+142 )ms|AST    2|Inlined  14Y  48N|IR   4212/ 12029|CodeSize   65455|Addr 0x7be7f238d300|CompId 3299   |UTC 2026-09-26T15:47:10.484|Src /home/ekmett/ai/agents/worktrees/thc/performance-regressions-01a0cdeb/vendor/containers-0.8/src/Data/Map/Strict/Internal.hs:497 0xec54d003
[engine] opt done   engine=1  id=22    lambda ww, ds2                                     |Tier 2|Time   188( 150+38  )ms|AST    2|Inlined  14Y  16N|IR   1860/  4765|CodeSize   25359|Addr 0x7be7f23c4100|CompId 3361   |UTC 2026-09-26T15:47:10.745|Src /home/ekmett/ai/agents/worktrees/thc/performance-regressions-01a0cdeb/vendor/containers-0.8/src/Data/Map/Strict/Internal.hs:649 0xec54d003
[engine] opt done   engine=1  id=17    lambda def, ww, ds1                                |Tier 2|Time    60(  56+4   )ms|AST    2|Inlined   1Y   0N|IR    198/   331|CodeSize    1663|Addr 0x7be7f23e1f80|CompId 3399   |UTC 2026-09-26T15:47:10.886|Src /home/ekmett/ai/agents/worktrees/thc/performance-regressions-01a0cdeb/vendor/containers-0.8/src/Data/Map/Internal.hs:649 0x116dbcc5
[engine] opt done   engine=1  id=18    lambda ww, ds                                      |Tier 2|Time   117(  88+29  )ms|AST    2|Inlined   5Y   1N|IR    553/   964|CodeSize    4609|Addr 0x7be7f23f8200|CompId 3430   |UTC 2026-09-26T15:47:11.053|Src /home/ekmett/ai/agents/worktrees/thc/performance-regressions-01a0cdeb/vendor/containers-0.8/src/Data/Map/Internal.hs:3426 0x116dbcc5
[engine] opt done   engine=1  id=23    lambda ww                                          |Tier 2|Time  1186( 707+479 )ms|AST    2|Inlined  42Y  74N|IR   7483/ 27172|CodeSize  176439|Addr 0x7be7f23fa100|CompId 3442   |UTC 2026-09-26T15:47:12.245|Src n/a
[engine] opt done   engine=1  id=10    lambda k, x, l, r                                  |Tier 2|Time    63(  59+4   )ms|AST    2|Inlined   0Y   0N|IR    516/   377|CodeSize    1513|Addr 0x7be7f2427f00|CompId 3455   |UTC 2026-09-26T15:47:12.321|Src /home/ekmett/ai/agents/worktrees/thc/performance-regressions-01a0cdeb/vendor/containers-0.8/src/Data/Map/Internal.hs:4272 0x116dbcc5
[engine] opt done   engine=1  id=15    lambda k, x, l, r                                  |Tier 2|Time   587( 389+198 )ms|AST    2|Inlined  14Y  44N|IR   3940/ 10752|CodeSize   59685|Addr 0x7be7f242b900|CompId 3471   |UTC 2026-09-26T15:47:12.952|Src /home/ekmett/ai/agents/worktrees/thc/performance-regressions-01a0cdeb/vendor/containers-0.8/src/Data/Map/Internal.hs:4302 0x116dbcc5
[engine] opt done   engine=1  id=26    lambda n                                           |Tier 2|Time   660( 657+3   )ms|AST    2|Inlined   1Y   1N|IR    128/   259|CodeSize     852|Addr 0x7be7f243c580|CompId 3518   |UTC 2026-09-26T15:47:13.966|Src examples/THC/MapWorkload.hs:33 0x4102bea6
[engine] opt done   engine=1  id=59    EntryRoot@18502696                                 |Tier 2|Time   653( 651+3   )ms|AST   21|Inlined   2Y   1N|IR    150/   304|CodeSize     936|Addr 0x7be7f243ce00|CompId 3524   |UTC 2026-09-26T15:47:14.621|Src n/a
PHASE WARM BEGIN
[engine] opt done   engine=1  id=91    org.graalvm.polyglot.Value<EntryValue>.execute     |Tier 2|Time   940( 923+17  )ms|AST   10|Inlined   3Y   1N|IR    544/  1727|CodeSize    7413|Addr 0x7be7f2451c80|CompId 3628   |UTC 2026-09-26T15:47:32.029|Src n/a
PHASE WARM END calls=12032 elapsedNs=21249985606 checksum=678375231696
PHASE MEASURE 1 BEGIN
PHASE MEASURE 1 END
PHASE MEASURE 2 BEGIN
PHASE MEASURE 2 END
PHASE MEASURE 3 BEGIN
PHASE MEASURE 3 END
PHASE MEASURE 4 BEGIN
PHASE MEASURE 4 END
PHASE MEASURE 5 BEGIN
PHASE MEASURE 5 END
PHASE VERIFY BEGIN
PHASE VERIFY END guestLastTierInstalled=true
diagnostics={"backend":"bytecode","bytecodeRootCount":57,"sourceNotesEnabled":true,"sourceSpanCount":8656,"sourceRootCount":15,"localJoinCount":10,"localJoinTransfers":0,"instrumented":false,"thunkEvaluationsByLabel":{},"compiledEntries":0,"leadingCaseReturns":0,"thunkEvaluations":0,"thunkHits":0,"blackholes":0,"directCacheMisses":0,"indirectCalls":0,"tailBounces":0,"selfTailReentries":0,"trampolineIterations":0,"papAllocations":0,"unsupportedPolicy":"diagnostic-traps","deferredUnsupported":["Unresolved external binding ghc-internal:GHC.Internal.Stack.withFrozenCallStack1","Unresolved external binding ghc-internal:GHC.Internal.Exception.$fExceptionErrorCall_$ctoException","Unresolved external binding ghc-internal:GHC.Internal.Exception.Backtrace.collectExceptionAnnotationMechanismRef"],"unsupportedTraps":0,"frames":"Bytecode DSL primitive locals; selective StaticShape captures","stackPolicy":"tail-safe; non-tail calls and nested thunk forcing use host stack","threadPolicy":"single guest thread"}
