WARNING: Using incubator modules: jdk.incubator.vector
WARNING: A terminally deprecated method in sun.misc.Unsafe has been called
WARNING: sun.misc.Unsafe::objectFieldOffset has been called by com.oracle.truffle.runtime.hotspot.HotSpotTruffleRuntime (file:/home/ekmett/ai/agents/worktrees/thc/performance-regressions-01a0cdeb/build/performance-regressions/candidate/lib/truffle-runtime-25.3.4.1.jar)
WARNING: Please consider reporting this to the maintainers of class com.oracle.truffle.runtime.hotspot.HotSpotTruffleRuntime
WARNING: sun.misc.Unsafe::objectFieldOffset will be removed in a future release
[To redirect Truffle log output to a file use one of the following options:
* '--log.file=<path>' if the option is passed using a guest language launcher.
* '-Dpolyglot.log.file=<path>' if the option is passed using the host Java launcher.
* Configure logging using the polyglot embedding API.]
[engine] opt done   engine=1  id=22    lambda sc, x, ds1                                  |Tier 2|Time  1235(1073+161 )ms|AST    2|Inlined   5Y  19N|IR   5512/  9534|CodeSize   54567|Addr 0x7edff238ad80|CompId 3741   |UTC 2026-09-26T15:47:49.684|Src /home/ekmett/ai/agents/worktrees/thc/performance-regressions-01a0cdeb/vendor/containers-0.8/src/Data/Map/Strict/Internal.hs:497 0xec54d003
[engine] opt inval. engine=1  id=22    lambda sc, x, ds1                                                                                                                                                                 |UTC 2026-09-26T15:47:49.703|Src /home/ekmett/ai/agents/worktrees/thc/performance-regressions-01a0cdeb/vendor/containers-0.8/src/Data/Map/Strict/Internal.hs:497 0xec54d003|Reason validRootAssumption local tags updated
[engine] opt deopt  engine=1  id=22    lambda sc, x, ds1                                  |Invalidated  true|                                                                                                            |UTC 2026-09-26T15:47:49.705|Src /home/ekmett/ai/agents/worktrees/thc/performance-regressions-01a0cdeb/vendor/containers-0.8/src/Data/Map/Strict/Internal.hs:497 0xec54d003|Reason uncommon trap
[engine] opt deopt  engine=1  id=22    lambda sc, x, ds1                                  |Invalidated  true|                                                                                                            |UTC 2026-09-26T15:47:49.705|Src /home/ekmett/ai/agents/worktrees/thc/performance-regressions-01a0cdeb/vendor/containers-0.8/src/Data/Map/Strict/Internal.hs:497 0xec54d003|Reason uncommon trap
[engine] opt deopt  engine=1  id=22    lambda sc, x, ds1                                  |Invalidated  true|                                                                                                            |UTC 2026-09-26T15:47:49.706|Src /home/ekmett/ai/agents/worktrees/thc/performance-regressions-01a0cdeb/vendor/containers-0.8/src/Data/Map/Strict/Internal.hs:497 0xec54d003|Reason uncommon trap
[engine] opt deopt  engine=1  id=22    lambda sc, x, ds1                                  |Invalidated  true|                                                                                                            |UTC 2026-09-26T15:47:49.706|Src /home/ekmett/ai/agents/worktrees/thc/performance-regressions-01a0cdeb/vendor/containers-0.8/src/Data/Map/Strict/Internal.hs:497 0xec54d003|Reason uncommon trap
[engine] opt deopt  engine=1  id=22    lambda sc, x, ds1                                  |Invalidated  true|                                                                                                            |UTC 2026-09-26T15:47:49.706|Src /home/ekmett/ai/agents/worktrees/thc/performance-regressions-01a0cdeb/vendor/containers-0.8/src/Data/Map/Strict/Internal.hs:497 0xec54d003|Reason uncommon trap
[engine] opt deopt  engine=1  id=22    lambda sc, x, ds1                                  |Invalidated  true|                                                                                                            |UTC 2026-09-26T15:47:49.706|Src /home/ekmett/ai/agents/worktrees/thc/performance-regressions-01a0cdeb/vendor/containers-0.8/src/Data/Map/Strict/Internal.hs:497 0xec54d003|Reason uncommon trap
[engine] opt done   engine=1  id=22    lambda sc, x, ds1                                  |Tier 2|Time  1262(1018+244 )ms|AST    2|Inlined   5Y  19N|IR   5684/ 10460|CodeSize   60716|Addr 0x7edff23a7600|CompId 3900   |UTC 2026-09-26T15:47:50.969|Src /home/ekmett/ai/agents/worktrees/thc/performance-regressions-01a0cdeb/vendor/containers-0.8/src/Data/Map/Strict/Internal.hs:497 0xec54d003
[engine] opt done   engine=1  id=11    lambda k, x, l, r                                  |Tier 2|Time    63(  33+30  )ms|AST    2|Inlined   0Y   0N|IR    850/   784|CodeSize    4359|Addr 0x7edff23c4d00|CompId 3929   |UTC 2026-09-26T15:47:51.046|Src /home/ekmett/ai/agents/worktrees/thc/performance-regressions-01a0cdeb/vendor/containers-0.8/src/Data/Map/Internal.hs:4272 0x116dbcc5
[engine] opt done   engine=1  id=23    lambda ww, ds2                                     |Tier 2|Time   685( 372+313 )ms|AST    2|Inlined  13Y  15N|IR   6939/ 11819|CodeSize   73916|Addr 0x7edff23fba00|CompId 3979   |UTC 2026-09-26T15:47:51.777|Src /home/ekmett/ai/agents/worktrees/thc/performance-regressions-01a0cdeb/vendor/containers-0.8/src/Data/Map/Strict/Internal.hs:649 0xec54d003
[engine] opt done   engine=1  id=19    lambda ww, ds                                      |Tier 2|Time   266( 110+156 )ms|AST    2|Inlined   5Y   1N|IR   2861/  4107|CodeSize   22705|Addr 0x7edff2421b80|CompId 4007   |UTC 2026-09-26T15:47:52.072|Src /home/ekmett/ai/agents/worktrees/thc/performance-regressions-01a0cdeb/vendor/containers-0.8/src/Data/Map/Internal.hs:3426 0x116dbcc5
[engine] opt done   engine=1  id=18    lambda def, ww, ds1                                |Tier 2|Time    63(  29+34  )ms|AST    2|Inlined   1Y   0N|IR   1537/  2966|CodeSize   14804|Addr 0x7edff2428040|CompId 4017   |UTC 2026-09-26T15:47:52.159|Src /home/ekmett/ai/agents/worktrees/thc/performance-regressions-01a0cdeb/vendor/containers-0.8/src/Data/Map/Internal.hs:649 0x116dbcc5
[engine] opt done   engine=1  id=16    lambda k, x, l, r                                  |Tier 2|Time   988( 690+298 )ms|AST    2|Inlined   5Y  15N|IR   5778/ 10975|CodeSize   63336|Addr 0x7edff244ffe0|CompId 4070   |UTC 2026-09-26T15:47:53.200|Src /home/ekmett/ai/agents/worktrees/thc/performance-regressions-01a0cdeb/vendor/containers-0.8/src/Data/Map/Internal.hs:4302 0x116dbcc5
[engine] opt done   engine=1  id=139   lambda ww<OSR@180388651218>                        |Tier 2|Time    90(  73+18  )ms|AST    2|Inlined   0Y   2N|IR    778/  1918|CodeSize    9711|Addr 0x7edff2471700|CompId 4114   |UTC 2026-09-26T15:47:53.329|Src n/a
[engine] opt deopt  engine=1  id=139   lambda ww<OSR@180388651218>                        |Invalidated false|                                                                                                            |UTC 2026-09-26T15:47:53.330|Src n/a|Reason Unknown
[engine] opt done   engine=1  id=24    lambda ww                                          |Tier 2|Time  1170( 708+462 )ms|AST    2|Inlined   9Y  23N|IR   9008/ 21721|CodeSize  127353|Addr 0x7edff2474c40|CompId 4127   |UTC 2026-09-26T15:47:54.501|Src n/a
[engine] opt done   engine=1  id=27    lambda n                                           |Tier 2|Time   933( 925+8   )ms|AST    2|Inlined   1Y   1N|IR    518/   824|CodeSize    3554|Addr 0x7edff223e100|CompId 4220   |UTC 2026-09-26T15:47:56.439|Src examples/THC/MapWorkload.hs:33 0x4102bea6
[engine] opt done   engine=1  id=60    EntryRoot@5ca8c716                                 |Tier 2|Time   851( 840+11  )ms|AST   21|Inlined   2Y   1N|IR    547/   883|CodeSize    3766|Addr 0x7edff2217b00|CompId 4225   |UTC 2026-09-26T15:47:57.291|Src n/a
PHASE WARM BEGIN
[engine] opt done   engine=1  id=91    org.graalvm.polyglot.Value<EntryValue>.execute     |Tier 2|Time    56(  24+32  )ms|AST    9|Inlined   0Y   0N|IR    834/  3929|CodeSize   16186|Addr 0x7edff2276740|CompId 4400   |UTC 2026-09-26T15:48:42.521|Src n/a
PHASE WARM END calls=12032 elapsedNs=55422433898 checksum=678375231696
[engine] opt reprof engine=1  id=27    lambda n                                           |                                                                                                                              |UTC 2026-09-26T15:48:52.732|Src examples/THC/MapWorkload.hs:33 0x4102bea6
Exception in thread "main" org.graalvm.polyglot.PolyglotException: java.lang.IllegalStateException: Guest code was not installed
	at thc.EntryValue.invokeMember(Language.kt:723)
	at thc.EntryValueGen$InteropLibraryExports$Cached.invokeMember(EntryValueGen.java:180)
	at com.oracle.truffle.polyglot.PolyglotValueDispatch$InteropValue$SharedInvokeNode.doDefault(PolyglotValueDispatch.java:4857)
	at com.oracle.truffle.polyglot.PolyglotValueDispatchFactory$InteropValueFactory$SharedInvokeNodeGen$Inlined.executeShared(PolyglotValueDispatchFactory.java:9378)
	at com.oracle.truffle.polyglot.PolyglotValueDispatch$InteropValue$InvokeNoArgsNode.doDefault(PolyglotValueDispatch.java:4922)
	at com.oracle.truffle.polyglot.PolyglotValueDispatchFactory$InteropValueFactory$InvokeNoArgsNodeGen.executeImpl(PolyglotValueDispatchFactory.java:9648)
	at com.oracle.truffle.polyglot.HostToGuestRootNode.execute(HostToGuestRootNode.java:126)
	at com.oracle.truffle.runtime.OptimizedCallTarget.executeRootNode(OptimizedCallTarget.java:808)
	at com.oracle.truffle.runtime.OptimizedCallTarget.profiledPERoot(OptimizedCallTarget.java:722)
	at com.oracle.truffle.runtime.OptimizedCallTarget.callBoundary(OptimizedCallTarget.java:641)
	at com.oracle.truffle.runtime.OptimizedCallTarget.doInvoke(OptimizedCallTarget.java:625)
	at com.oracle.truffle.runtime.OptimizedRuntimeSupport.callProfiled(OptimizedRuntimeSupport.java:310)
	at com.oracle.truffle.polyglot.PolyglotValueDispatch$InteropValue.invoke(PolyglotValueDispatch.java:2721)
	at org.graalvm.polyglot.Value.invokeMember(Value.java:1206)
	at thc.ProbeKt.main(Probe.kt:47)
	Suppressed: Attached Guest Language Frames (1)
Internal GraalVM error, please report at https://github.com/oracle/graal/issues/.
