WARNING: A terminally deprecated method in sun.misc.Unsafe has been called
WARNING: sun.misc.Unsafe::objectFieldOffset has been called by com.oracle.truffle.runtime.hotspot.HotSpotTruffleRuntime (file:/Users/ekmett/thc/work/bytecode-v3/lib/truffle-runtime-25.3.4.1.jar)
WARNING: Please consider reporting this to the maintainers of class com.oracle.truffle.runtime.hotspot.HotSpotTruffleRuntime
WARNING: sun.misc.Unsafe::objectFieldOffset will be removed in a future release
[To redirect Truffle log output to a file use one of the following options:
* '--log.file=<path>' if the option is passed using a guest language launcher.
* '-Dpolyglot.log.file=<path>' if the option is passed using the host Java launcher.
* Configure logging using the polyglot embedding API.]
[engine] opt done   engine=1  id=21    lambda sc, x, ds1                                  |Tier 2|Time   476( 288+188 )ms|AST    2|Inlined   8Y  41N|IR   6253/ 13548|CodeSize   66156|Addr 0x00011b003ec0|CompId 2584   |UTC 2026-09-22T19:43:37.380|Src n/a
[engine] opt inval. engine=1  id=21    lambda sc, x, ds1                                                                                                                                                                 |UTC 2026-09-22T19:43:37.408|Src n/a|Reason validRootAssumption local tags updated
[engine] opt deopt  engine=1  id=21    lambda sc, x, ds1                                  |Invalidated  true|                                                                                                            |UTC 2026-09-22T19:43:37.409|Src n/a|Reason uncommon trap
[engine] opt deopt  engine=1  id=21    lambda sc, x, ds1                                  |Invalidated  true|                                                                                                            |UTC 2026-09-22T19:43:37.410|Src n/a|Reason uncommon trap
[engine] opt deopt  engine=1  id=21    lambda sc, x, ds1                                  |Invalidated  true|                                                                                                            |UTC 2026-09-22T19:43:37.410|Src n/a|Reason uncommon trap
[engine] opt deopt  engine=1  id=21    lambda sc, x, ds1                                  |Invalidated  true|                                                                                                            |UTC 2026-09-22T19:43:37.410|Src n/a|Reason uncommon trap
[engine] opt deopt  engine=1  id=21    lambda sc, x, ds1                                  |Invalidated  true|                                                                                                            |UTC 2026-09-22T19:43:37.410|Src n/a|Reason uncommon trap
[engine] opt deopt  engine=1  id=21    lambda sc, x, ds1                                  |Invalidated  true|                                                                                                            |UTC 2026-09-22T19:43:37.410|Src n/a|Reason uncommon trap
[engine] opt done   engine=1  id=21    lambda sc, x, ds1                                  |Tier 2|Time   455( 261+194 )ms|AST    2|Inlined   7Y  35N|IR   6285/ 13863|CodeSize   69872|Addr 0x00011b030080|CompId 2707   |UTC 2026-09-22T19:43:37.867|Src n/a
[engine] opt done   engine=1  id=22    lambda ww, ds2                                     |Tier 2|Time   287( 113+174 )ms|AST    2|Inlined  14Y  16N|IR   5607/ 12743|CodeSize   53976|Addr 0x00011b063c80|CompId 2791   |UTC 2026-09-22T19:43:38.223|Src n/a
[engine] opt done   engine=1  id=17    lambda def, ww, ds1                                |Tier 2|Time    12(   6+6   )ms|AST    2|Inlined   1Y   0N|IR    407/   765|CodeSize    3196|Addr 0x00011b08bbc0|CompId 2847   |UTC 2026-09-22T19:43:38.322|Src n/a
[engine] opt done   engine=1  id=35    argument thunk                                     |Tier 2|Time   395( 220+175 )ms|AST    2|Inlined   8Y  28N|IR   5781/ 13354|CodeSize   61148|Addr 0x00011b099b40|CompId 2855   |UTC 2026-09-22T19:43:38.723|Src n/a
[engine] opt done   engine=1  id=18    lambda ww, ds                                      |Tier 2|Time   509( 176+333 )ms|AST    2|Inlined  19Y  18N|IR   6329/ 14316|CodeSize   65992|Addr 0x00011b0b8600|CompId 2871   |UTC 2026-09-22T19:43:39.252|Src n/a
[engine] opt done   engine=1  id=36    lambda x, v                                        |Tier 2|Time   377( 322+55  )ms|AST    2|Inlined   7Y  26N|IR   4152/     5|CodeSize     176|Addr 0x00011b0c9640|CompId 2880   |UTC 2026-09-22T19:43:39.633|Src n/a
[engine] opt done   engine=1  id=26    lambda x, ww                                       |Tier 2|Time    57(  26+31  )ms|AST    2|Inlined   7Y   0N|IR   1234/  3096|CodeSize    9912|Addr 0x00011b0c9880|CompId 2891   |UTC 2026-09-22T19:43:39.726|Src n/a
[engine] opt done   engine=1  id=36    lambda x, v                                        |Tier 2|Time   540( 344+196 )ms|AST    2|Inlined   7Y  26N|IR   4152/ 11386|CodeSize   55264|Addr 0x00011b0d9380|CompId 2898   |UTC 2026-09-22T19:43:40.268|Src n/a
[engine] opt done   engine=1  id=10    lambda k, x, l, r                                  |Tier 2|Time    19(   9+10  )ms|AST    2|Inlined   0Y   0N|IR    868/  1063|CodeSize    4072|Addr 0x00011b0e7640|CompId 2909   |UTC 2026-09-22T19:43:40.304|Src n/a
[engine] opt done   engine=1  id=31    lambda x, v                                        |Tier 2|Time   429( 295+133 )ms|AST    2|Inlined  27Y  28N|IR   8299/     5|CodeSize     176|Addr 0x00011b0e8cc0|CompId 2915   |UTC 2026-09-22T19:43:40.739|Src n/a
[engine] opt done   engine=1  id=30    argument thunk                                     |Tier 2|Time   296(  86+209 )ms|AST    2|Inlined  15Y  16N|IR   5709/ 12972|CodeSize   54808|Addr 0x00011b0e94c0|CompId 2929   |UTC 2026-09-22T19:43:41.036|Src n/a
[engine] opt done   engine=1  id=31    lambda x, v                                        |Tier 2|Time   745( 296+450 )ms|AST    2|Inlined  27Y  28N|IR   8299/ 20279|CodeSize   88436|Addr 0x00011b0f78c0|CompId 2940   |UTC 2026-09-22T19:43:41.787|Src n/a
[engine] opt done   engine=1  id=15    lambda k, x, l, r                                  |Tier 2|Time   494( 234+261 )ms|AST    2|Inlined   9Y  28N|IR   7093/ 16416|CodeSize   71636|Addr 0x00011b10e200|CompId 2947   |UTC 2026-09-22T19:43:42.307|Src n/a
[engine] opt done   engine=1  id=40    lambda n                                           |Tier 2|Time   325( 322+3   )ms|AST    2|Inlined   2Y   1N|IR    196/   778|CodeSize    3140|Addr 0x00011b125100|CompId 2984   |UTC 2026-09-22T19:43:43.144|Src n/a
PHASE WARM BEGIN
[engine] opt done   engine=1  id=106   org.graalvm.polyglot.Value<EntryValue>.execute     |Tier 2|Time   401( 390+11  )ms|AST   10|Inlined   4Y   1N|IR    474/  1432|CodeSize    6840|Addr 0x00011b12fa80|CompId 3070   |UTC 2026-09-22T19:44:06.600|Src n/a
PHASE WARM END calls=12032 elapsedNs=28715199125 checksum=678375231696
PHASE MEASURE 1 BEGIN
PHASE MEASURE 1 END
PHASE MEASURE 2 BEGIN
PHASE MEASURE 2 END
PHASE MEASURE 3 BEGIN
PHASE MEASURE 3 END
PHASE MEASURE 4 BEGIN
PHASE MEASURE 4 END
PHASE MEASURE 5 BEGIN
PHASE MEASURE 5 END
PHASE VERIFY BEGIN
PHASE VERIFY END guestLastTierInstalled=true
diagnostics={"backend":"bytecode","bytecodeRootCount":72,"instrumented":false,"thunkEvaluationsByLabel":{},"compiledEntries":0,"thunkEvaluations":0,"thunkHits":0,"blackholes":0,"directCacheMisses":0,"indirectCalls":0,"tailBounces":0,"papAllocations":0,"unsupportedPolicy":"diagnostic-traps","deferredUnsupported":["Unsupported constructor representation unboxed-tuple: ghc-internal:GHC.Internal.Types.(#,#)","Unresolved external binding ghc-internal:GHC.Internal.Stack.withFrozenCallStack1","Unresolved external binding ghc-internal:GHC.Internal.Exception.Backtrace.collectExceptionAnnotationMechanismRef","Unsupported primitive readMutVar#"],"unsupportedTraps":0,"frames":"Bytecode DSL primitive locals; selective StaticShape captures","stackPolicy":"tail-safe; non-tail calls and nested thunk forcing use host stack","threadPolicy":"single guest thread"}
