WARNING: A terminally deprecated method in sun.misc.Unsafe has been called
WARNING: sun.misc.Unsafe::objectFieldOffset has been called by com.oracle.truffle.runtime.hotspot.HotSpotTruffleRuntime (file:/Users/ekmett/thc/work/bytecode-v3/lib/truffle-runtime-25.3.4.1.jar)
WARNING: Please consider reporting this to the maintainers of class com.oracle.truffle.runtime.hotspot.HotSpotTruffleRuntime
WARNING: sun.misc.Unsafe::objectFieldOffset will be removed in a future release
[To redirect Truffle log output to a file use one of the following options:
* '--log.file=<path>' if the option is passed using a guest language launcher.
* '-Dpolyglot.log.file=<path>' if the option is passed using the host Java launcher.
* Configure logging using the polyglot embedding API.]
[engine] opt done   engine=1  id=21    lambda sc, x, ds1                                  |Tier 2|Time   464( 279+185 )ms|AST    2|Inlined   8Y  41N|IR   6253/ 13548|CodeSize   66044|Addr 0x00011b803280|CompId 2575   |UTC 2026-09-22T19:39:42.250|Src n/a
[engine] opt inval. engine=1  id=21    lambda sc, x, ds1                                                                                                                                                                 |UTC 2026-09-22T19:39:42.278|Src n/a|Reason validRootAssumption local tags updated
[engine] opt deopt  engine=1  id=21    lambda sc, x, ds1                                  |Invalidated  true|                                                                                                            |UTC 2026-09-22T19:39:42.279|Src n/a|Reason uncommon trap
[engine] opt deopt  engine=1  id=21    lambda sc, x, ds1                                  |Invalidated  true|                                                                                                            |UTC 2026-09-22T19:39:42.280|Src n/a|Reason uncommon trap
[engine] opt deopt  engine=1  id=21    lambda sc, x, ds1                                  |Invalidated  true|                                                                                                            |UTC 2026-09-22T19:39:42.280|Src n/a|Reason uncommon trap
[engine] opt deopt  engine=1  id=21    lambda sc, x, ds1                                  |Invalidated  true|                                                                                                            |UTC 2026-09-22T19:39:42.280|Src n/a|Reason uncommon trap
[engine] opt deopt  engine=1  id=21    lambda sc, x, ds1                                  |Invalidated  true|                                                                                                            |UTC 2026-09-22T19:39:42.280|Src n/a|Reason uncommon trap
[engine] opt deopt  engine=1  id=21    lambda sc, x, ds1                                  |Invalidated  true|                                                                                                            |UTC 2026-09-22T19:39:42.280|Src n/a|Reason uncommon trap
[engine] opt done   engine=1  id=21    lambda sc, x, ds1                                  |Tier 2|Time   462( 268+194 )ms|AST    2|Inlined   7Y  35N|IR   6285/ 13863|CodeSize   69696|Addr 0x00011b82b4c0|CompId 2690   |UTC 2026-09-22T19:39:42.744|Src n/a
[engine] opt done   engine=1  id=22    lambda ww, ds2                                     |Tier 2|Time   290( 115+175 )ms|AST    2|Inlined  14Y  16N|IR   5607/ 12743|CodeSize   53892|Addr 0x00011b85af40|CompId 2765   |UTC 2026-09-22T19:39:43.103|Src n/a
[engine] opt done   engine=1  id=17    lambda def, ww, ds1                                |Tier 2|Time    12(   6+7   )ms|AST    2|Inlined   1Y   0N|IR    407/   765|CodeSize    3192|Addr 0x00011b873f40|CompId 2832   |UTC 2026-09-22T19:39:43.207|Src n/a
[engine] opt done   engine=1  id=35    argument thunk                                     |Tier 2|Time   399( 226+173 )ms|AST    2|Inlined   8Y  28N|IR   5781/ 13354|CodeSize   61012|Addr 0x00011b895540|CompId 2845   |UTC 2026-09-22T19:39:43.665|Src n/a
[engine] opt done   engine=1  id=18    lambda ww, ds                                      |Tier 2|Time   514( 180+334 )ms|AST    2|Inlined  19Y  18N|IR   6329/ 14316|CodeSize   65888|Addr 0x00011b8b3e00|CompId 2863   |UTC 2026-09-22T19:39:44.219|Src n/a
[engine] opt done   engine=1  id=36    lambda x, v                                        |Tier 2|Time   380( 324+56  )ms|AST    2|Inlined   7Y  26N|IR   4152/     5|CodeSize     176|Addr 0x00011b8c4e00|CompId 2872   |UTC 2026-09-22T19:39:44.603|Src n/a
[engine] opt done   engine=1  id=26    lambda x, ww                                       |Tier 2|Time    57(  26+31  )ms|AST    2|Inlined   7Y   0N|IR   1234/  3096|CodeSize    9912|Addr 0x00011b8c5040|CompId 2886   |UTC 2026-09-22T19:39:44.695|Src n/a
[engine] opt done   engine=1  id=36    lambda x, v                                        |Tier 2|Time   539( 342+197 )ms|AST    2|Inlined   7Y  26N|IR   4152/ 11386|CodeSize   55100|Addr 0x00011b8d4d80|CompId 2894   |UTC 2026-09-22T19:39:45.235|Src n/a
[engine] opt done   engine=1  id=10    lambda k, x, l, r                                  |Tier 2|Time    19(   9+10  )ms|AST    2|Inlined   0Y   0N|IR    868/  1063|CodeSize    4064|Addr 0x00011b8e3280|CompId 2908   |UTC 2026-09-22T19:39:45.271|Src n/a
[engine] opt done   engine=1  id=31    lambda x, v                                        |Tier 2|Time   432( 296+136 )ms|AST    2|Inlined  27Y  28N|IR   8299/     5|CodeSize     176|Addr 0x00011b8e4900|CompId 2914   |UTC 2026-09-22T19:39:45.710|Src n/a
[engine] opt done   engine=1  id=30    argument thunk                                     |Tier 2|Time   296(  85+210 )ms|AST    2|Inlined  15Y  16N|IR   5709/ 12972|CodeSize   54724|Addr 0x00011b8e5300|CompId 2931   |UTC 2026-09-22T19:39:46.007|Src n/a
[engine] opt done   engine=1  id=31    lambda x, v                                        |Tier 2|Time   768( 305+463 )ms|AST    2|Inlined  27Y  28N|IR   8299/ 20279|CodeSize   88268|Addr 0x00011b8f36c0|CompId 2942   |UTC 2026-09-22T19:39:46.781|Src n/a
[engine] opt done   engine=1  id=15    lambda k, x, l, r                                  |Tier 2|Time   496( 234+262 )ms|AST    2|Inlined   9Y  28N|IR   7093/ 16416|CodeSize   71444|Addr 0x00011b909d80|CompId 2949   |UTC 2026-09-22T19:39:47.304|Src n/a
[engine] opt done   engine=1  id=40    lambda n                                           |Tier 2|Time   325( 322+3   )ms|AST    2|Inlined   2Y   1N|IR    196/   778|CodeSize    3112|Addr 0x00011b91d340|CompId 2980   |UTC 2026-09-22T19:39:48.139|Src n/a
PHASE WARM BEGIN
[engine] opt done   engine=1  id=106   org.graalvm.polyglot.Value<EntryValue>.execute     |Tier 2|Time   410( 399+11  )ms|AST   10|Inlined   4Y   1N|IR    474/  1432|CodeSize    6796|Addr 0x00011b927940|CompId 3066   |UTC 2026-09-22T19:40:12.334|Src n/a
PHASE WARM END calls=12032 elapsedNs=29430397042 checksum=678375231696
PHASE MEASURE 1 BEGIN
PHASE MEASURE 1 END
PHASE MEASURE 2 BEGIN
PHASE MEASURE 2 END
PHASE MEASURE 3 BEGIN
PHASE MEASURE 3 END
PHASE MEASURE 4 BEGIN
PHASE MEASURE 4 END
PHASE MEASURE 5 BEGIN
PHASE MEASURE 5 END
PHASE VERIFY BEGIN
PHASE VERIFY END guestLastTierInstalled=true
diagnostics={"backend":"bytecode","bytecodeRootCount":72,"instrumented":false,"thunkEvaluationsByLabel":{},"compiledEntries":0,"thunkEvaluations":0,"thunkHits":0,"blackholes":0,"directCacheMisses":0,"indirectCalls":0,"tailBounces":0,"papAllocations":0,"unsupportedPolicy":"diagnostic-traps","deferredUnsupported":["Unsupported constructor representation unboxed-tuple: ghc-internal:GHC.Internal.Types.(#,#)","Unresolved external binding ghc-internal:GHC.Internal.Stack.withFrozenCallStack1","Unresolved external binding ghc-internal:GHC.Internal.Exception.Backtrace.collectExceptionAnnotationMechanismRef","Unsupported primitive readMutVar#"],"unsupportedTraps":0,"frames":"Bytecode DSL primitive locals; selective StaticShape captures","stackPolicy":"tail-safe; non-tail calls and nested thunk forcing use host stack","threadPolicy":"single guest thread"}
