WARNING: A terminally deprecated method in sun.misc.Unsafe has been called
WARNING: sun.misc.Unsafe::objectFieldOffset has been called by com.oracle.truffle.runtime.hotspot.HotSpotTruffleRuntime (file:<repository>/work/candidates/map-bloom-headers-pe-constant/runtime/lib/truffle-runtime-25.3.4.1.jar)
WARNING: Please consider reporting this to the maintainers of class com.oracle.truffle.runtime.hotspot.HotSpotTruffleRuntime
WARNING: sun.misc.Unsafe::objectFieldOffset will be removed in a future release
[To redirect Truffle log output to a file use one of the following options:
* '--log.file=<path>' if the option is passed using a guest language launcher.
* '-Dpolyglot.log.file=<path>' if the option is passed using the host Java launcher.
* Configure logging using the polyglot embedding API.]
Dumping IGV graphs in <repository>/work/graphs/map-bloom-headers-pe-constant
[engine] opt done   engine=1  id=21    lambda sc, x, ds1                                  |Tier 2|Time  3512( 455+3057)ms|AST  772|Inlined   9Y  21N|IR   5612/ 11018|CodeSize   52296|Addr 0x00011d7f06c0|CompId 2269   |UTC 2026-09-22T18:30:57.570|Src n/a
[engine] opt deopt  engine=1  id=21    lambda sc, x, ds1                                  |Invalidated  true|                                                                                                            |UTC 2026-09-22T18:30:57.597|Src n/a|Reason uncommon trap
[engine] opt deopt  engine=1  id=21    lambda sc, x, ds1                                  |Invalidated  true|                                                                                                            |UTC 2026-09-22T18:30:57.598|Src n/a|Reason uncommon trap
Dumping IGV graphs in <repository>/work/graphs/map-bloom-headers-pe-constant
[engine] opt done   engine=1  id=21    lambda sc, x, ds1                                  |Tier 2|Time  3282( 419+2863)ms|AST  772|Inlined   9Y  21N|IR   6131/ 13020|CodeSize   60748|Addr 0x00011d8364c0|CompId 2577   |UTC 2026-09-22T18:31:00.882|Src n/a
Dumping IGV graphs in <repository>/work/graphs/map-bloom-headers-pe-constant
[engine] opt done   engine=1  id=22    lambda ww, ds2                                     |Tier 2|Time   382( 107+274 )ms|AST  327|Inlined   6Y   8N|IR   2722/  7244|CodeSize   31164|Addr 0x00011d854c80|CompId 2709   |UTC 2026-09-22T18:31:01.303|Src n/a
[engine] opt done   engine=1  id=17    lambda def, ww, ds1                                |Tier 2|Time    49(  18+31  )ms|AST  167|Inlined   2Y   0N|IR    754/  1293|CodeSize    6332|Addr 0x00011d864f00|CompId 2755   |UTC 2026-09-22T18:31:01.383|Src n/a
[engine] opt done   engine=1  id=35    argument thunk                                     |Tier 2|Time  2411( 376+2035)ms|AST  104|Inlined   8Y  14N|IR   4781/  9847|CodeSize   43236|Addr 0x00011d8778c0|CompId 2762   |UTC 2026-09-22T18:31:03.803|Src n/a
[engine] opt done   engine=1  id=18    lambda ww, ds                                      |Tier 2|Time  1069( 300+769 )ms|AST  181|Inlined  15Y  17N|IR   5977/ 13681|CodeSize   65280|Addr 0x00011d886900|CompId 2779   |UTC 2026-09-22T18:31:04.891|Src n/a
[engine] opt done   engine=1  id=36    lambda x, v                                        |Tier 2|Time   966( 465+502 )ms|AST  139|Inlined  10Y  14N|IR   3891/  9736|CodeSize   45092|Addr 0x00011d897a00|CompId 2792   |UTC 2026-09-22T18:31:05.883|Src n/a
[engine] opt done   engine=1  id=26    lambda x, ww                                       |Tier 2|Time   345( 113+231 )ms|AST  266|Inlined  18Y   0N|IR   3878/  6313|CodeSize   30536|Addr 0x00011d8a3680|CompId 2803   |UTC 2026-09-22T18:31:06.237|Src n/a
[engine] opt done   engine=1  id=10    lambda k, x, l, r                                  |Tier 2|Time   146(  16+130 )ms|AST 2557|Inlined   0Y   0N|IR    788/  1589|CodeSize    6740|Addr 0x00011d8abb40|CompId 2805   |UTC 2026-09-22T18:31:06.397|Src n/a
[engine] opt done   engine=1  id=30    argument thunk                                     |Tier 2|Time   403(  98+304 )ms|AST  103|Inlined   7Y   8N|IR   2855/  7585|CodeSize   31912|Addr 0x00011d8b1100|CompId 2807   |UTC 2026-09-22T18:31:06.801|Src n/a
[engine] opt done   engine=1  id=31    lambda x, v                                        |Tier 2|Time  2128( 448+1680)ms|AST  141|Inlined  24Y  30N|IR   8754/ 21772|CodeSize  100952|Addr 0x00011d8be400|CompId 2819   |UTC 2026-09-22T18:31:08.938|Src n/a
[engine] opt done   engine=1  id=15    lambda k, x, l, r                                  |Tier 2|Time  4609( 451+4157)ms|AST 2559|Inlined  11Y  21N|IR   7602/ 16307|CodeSize   70784|Addr 0x00011d8d8300|CompId 2825   |UTC 2026-09-22T18:31:13.658|Src n/a
[engine] opt done   engine=1  id=40    lambda n                                           |Tier 2|Time   456( 441+15  )ms|AST   42|Inlined   2Y   1N|IR    178/   767|CodeSize    3216|Addr 0x00011d8eb100|CompId 2857   |UTC 2026-09-22T18:31:14.817|Src n/a
PHASE WARM BEGIN
PHASE WARM END calls=3328 elapsedNs=10385009125 checksum=187635702384
PHASE MEASURE 1 BEGIN
PHASE MEASURE 1 END
PHASE VERIFY BEGIN
PHASE VERIFY END guestLastTierInstalled=true
diagnostics={"instrumented":false,"thunkEvaluationsByLabel":{},"compiledEntries":0,"thunkEvaluations":0,"thunkHits":0,"blackholes":0,"directCacheMisses":0,"indirectCalls":0,"tailBounces":0,"papAllocations":0,"unsupportedPolicy":"diagnostic-traps","deferredUnsupported":["Unsupported constructor representation unboxed-tuple: ghc-internal:GHC.Internal.Types.(#,#)","Unresolved external binding ghc-internal:GHC.Internal.Stack.withFrozenCallStack1","Unresolved external binding ghc-internal:GHC.Internal.Exception.Backtrace.collectExceptionAnnotationMechanismRef"],"unsupportedTraps":0,"frames":"indexed primitive slots; selective StaticShape captures","stackPolicy":"tail-safe; non-tail calls and nested thunk forcing use host stack","threadPolicy":"single guest thread"}
