WARNING: A terminally deprecated method in sun.misc.Unsafe has been called
WARNING: sun.misc.Unsafe::objectFieldOffset has been called by com.oracle.truffle.runtime.hotspot.HotSpotTruffleRuntime (file:<repository>/work/candidates/map-bloom-headers/runtime/lib/truffle-runtime-25.3.4.1.jar)
WARNING: Please consider reporting this to the maintainers of class com.oracle.truffle.runtime.hotspot.HotSpotTruffleRuntime
WARNING: sun.misc.Unsafe::objectFieldOffset will be removed in a future release
[To redirect Truffle log output to a file use one of the following options:
* '--log.file=<path>' if the option is passed using a guest language launcher.
* '-Dpolyglot.log.file=<path>' if the option is passed using the host Java launcher.
* Configure logging using the polyglot embedding API.]
Dumping IGV graphs in <repository>/work/graphs/map-bloom-headers
[engine] opt done   engine=1  id=21    lambda sc, x, ds1                                  |Tier 2|Time  3290( 452+2838)ms|AST  772|Inlined   9Y  21N|IR   5649/ 11199|CodeSize   52836|Addr 0x000142a78600|CompId 2294   |UTC 2026-09-22T18:22:08.091|Src n/a
[engine] opt deopt  engine=1  id=21    lambda sc, x, ds1                                  |Invalidated  true|                                                                                                            |UTC 2026-09-22T18:22:08.119|Src n/a|Reason uncommon trap
[engine] opt deopt  engine=1  id=21    lambda sc, x, ds1                                  |Invalidated  true|                                                                                                            |UTC 2026-09-22T18:22:08.120|Src n/a|Reason uncommon trap
Dumping IGV graphs in <repository>/work/graphs/map-bloom-headers
[engine] opt done   engine=1  id=21    lambda sc, x, ds1                                  |Tier 2|Time  3396( 449+2948)ms|AST  772|Inlined   9Y  21N|IR   6168/ 13147|CodeSize   61460|Addr 0x000142abb600|CompId 2613   |UTC 2026-09-22T18:22:11.518|Src n/a
Dumping IGV graphs in <repository>/work/graphs/map-bloom-headers
[engine] opt done   engine=1  id=22    lambda ww, ds2                                     |Tier 2|Time   378( 109+269 )ms|AST  327|Inlined   6Y   8N|IR   2722/  7244|CodeSize   31164|Addr 0x000142addd00|CompId 2735   |UTC 2026-09-22T18:22:11.934|Src n/a
[engine] opt done   engine=1  id=17    lambda def, ww, ds1                                |Tier 2|Time    46(  17+29  )ms|AST  167|Inlined   2Y   0N|IR    754/  1293|CodeSize    6332|Addr 0x000142aece00|CompId 2781   |UTC 2026-09-22T18:22:12.010|Src n/a
[engine] opt done   engine=1  id=35    argument thunk                                     |Tier 2|Time  2338( 369+1969)ms|AST  104|Inlined   8Y  14N|IR   4831/ 10181|CodeSize   43020|Addr 0x000142afd440|CompId 2785   |UTC 2026-09-22T18:22:14.357|Src n/a
[engine] opt done   engine=1  id=18    lambda ww, ds                                      |Tier 2|Time   993( 294+699 )ms|AST  181|Inlined  14Y  16N|IR   5591/ 12749|CodeSize   61676|Addr 0x000142b121c0|CompId 2810   |UTC 2026-09-22T18:22:15.382|Src n/a
[engine] opt done   engine=1  id=36    lambda x, v                                        |Tier 2|Time   979( 450+529 )ms|AST  139|Inlined  10Y  14N|IR   3975/ 10398|CodeSize   49436|Addr 0x000142b22300|CompId 2817   |UTC 2026-09-22T18:22:16.384|Src n/a
[engine] opt done   engine=1  id=26    lambda x, ww                                       |Tier 2|Time   322( 112+210 )ms|AST  266|Inlined  18Y   0N|IR   3966/  6631|CodeSize   31924|Addr 0x000142b2f080|CompId 2834   |UTC 2026-09-22T18:22:16.714|Src n/a
[engine] opt done   engine=1  id=10    lambda k, x, l, r                                  |Tier 2|Time   143(  16+127 )ms|AST 2557|Inlined   0Y   0N|IR    788/  1589|CodeSize    6740|Addr 0x000142b37ac0|CompId 2836   |UTC 2026-09-22T18:22:16.869|Src n/a
[engine] opt done   engine=1  id=30    argument thunk                                     |Tier 2|Time   410(  98+312 )ms|AST  103|Inlined   7Y   8N|IR   2867/  7493|CodeSize   33048|Addr 0x000142b3d180|CompId 2838   |UTC 2026-09-22T18:22:17.288|Src n/a
[engine] opt done   engine=1  id=31    lambda x, v                                        |Tier 2|Time  2116( 442+1674)ms|AST  141|Inlined  24Y  30N|IR   8835/ 22195|CodeSize  106752|Addr 0x000142b4ab00|CompId 2847   |UTC 2026-09-22T18:22:19.411|Src n/a
[engine] opt done   engine=1  id=15    lambda k, x, l, r                                  |Tier 2|Time  2083( 348+1735)ms|AST 2559|Inlined   7Y  16N|IR   5544/ 11438|CodeSize   48740|Addr 0x000142b660c0|CompId 2853   |UTC 2026-09-22T18:22:21.552|Src n/a
[engine] opt done   engine=1  id=40    lambda n                                           |Tier 2|Time   422( 405+17  )ms|AST   42|Inlined   2Y   1N|IR    226/   837|CodeSize    3472|Addr 0x000142b73f00|CompId 2887   |UTC 2026-09-22T18:22:22.570|Src n/a
PHASE WARM BEGIN
PHASE WARM END calls=3584 elapsedNs=10334598334 checksum=202069217952
PHASE MEASURE 1 BEGIN
PHASE MEASURE 1 END
PHASE VERIFY BEGIN
PHASE VERIFY END guestLastTierInstalled=true
diagnostics={"instrumented":false,"thunkEvaluationsByLabel":{},"compiledEntries":0,"thunkEvaluations":0,"thunkHits":0,"blackholes":0,"directCacheMisses":0,"indirectCalls":0,"tailBounces":0,"papAllocations":0,"unsupportedPolicy":"diagnostic-traps","deferredUnsupported":["Unsupported constructor representation unboxed-tuple: ghc-internal:GHC.Internal.Types.(#,#)","Unresolved external binding ghc-internal:GHC.Internal.Stack.withFrozenCallStack1","Unresolved external binding ghc-internal:GHC.Internal.Exception.Backtrace.collectExceptionAnnotationMechanismRef"],"unsupportedTraps":0,"frames":"indexed primitive slots; selective StaticShape captures","stackPolicy":"tail-safe; non-tail calls and nested thunk forcing use host stack","threadPolicy":"single guest thread"}
