WARNING: A terminally deprecated method in sun.misc.Unsafe has been called
WARNING: sun.misc.Unsafe::objectFieldOffset has been called by com.oracle.truffle.runtime.hotspot.HotSpotTruffleRuntime (file:/home/ekmett/thc-benchmarks/2026-09-23-083914/sources/combined-defaults-v1/lib/truffle-runtime-25.3.4.1.jar)
WARNING: Please consider reporting this to the maintainers of class com.oracle.truffle.runtime.hotspot.HotSpotTruffleRuntime
WARNING: sun.misc.Unsafe::objectFieldOffset will be removed in a future release
[To redirect Truffle log output to a file use one of the following options:
* '--log.file=<path>' if the option is passed using a guest language launcher.
* '-Dpolyglot.log.file=<path>' if the option is passed using the host Java launcher.
* Configure logging using the polyglot embedding API.]
[engine] opt done   engine=1  id=20    lambda sc, x, ds1                                  |Tier 2|Time   463( 397+65  )ms|AST    2|Inlined  13Y  15N|IR   3106/  4959|CodeSize   25691|Addr 0x756af2376a00|CompId 3044   |UTC 2026-09-23T09:18:54.719|Src /Users/ekmett/thc/vendor/containers-0.8/src/Data/Map/Strict/Internal.hs:497 0x4966423c
[engine] opt done   engine=1  id=17    lambda def, ww, ds1                                |Tier 2|Time    39(  34+6   )ms|AST    2|Inlined   1Y   0N|IR    279/   444|CodeSize    2174|Addr 0x756af238d180|CompId 3147   |UTC 2026-09-23T09:18:54.819|Src /Users/ekmett/thc/vendor/containers-0.8/src/Data/Map/Internal.hs:649 0xfda568ac
[engine] opt done   engine=1  id=21    lambda ww, ds2                                     |Tier 2|Time   189( 116+73  )ms|AST    2|Inlined  14Y  16N|IR   2003/  4972|CodeSize   28684|Addr 0x756af239a580|CompId 3160   |UTC 2026-09-23T09:18:55.023|Src /Users/ekmett/thc/vendor/containers-0.8/src/Data/Map/Strict/Internal.hs:649 0x4966423c
[engine] opt done   engine=1  id=18    lambda ww, ds                                      |Tier 2|Time    89(  61+28  )ms|AST    2|Inlined   5Y   1N|IR    618/   985|CodeSize    4689|Addr 0x756af23a1b80|CompId 3170   |UTC 2026-09-23T09:18:55.115|Src /Users/ekmett/thc/vendor/containers-0.8/src/Data/Map/Internal.hs:3426 0xfda568ac
[engine] opt done   engine=1  id=22    lambda ww                                          |Tier 2|Time   959( 614+345 )ms|AST    2|Inlined  38Y  46N|IR   6630/ 18037|CodeSize  109432|Addr 0x756af23a4180|CompId 3176   |UTC 2026-09-23T09:18:56.077|Src n/a
[engine] opt inval. engine=1  id=22    lambda ww                                                                                                                                                                         |UTC 2026-09-23T09:18:56.081|Src n/a|Reason validRootAssumption local tags updated
[engine] opt inval. engine=1  id=20    lambda sc, x, ds1                                                                                                                                                                 |UTC 2026-09-23T09:18:56.082|Src /Users/ekmett/thc/vendor/containers-0.8/src/Data/Map/Strict/Internal.hs:497 0x4966423c|Reason validRootAssumption local tags updated
[engine] opt deopt  engine=1  id=20    lambda sc, x, ds1                                  |Invalidated  true|                                                                                                            |UTC 2026-09-23T09:18:56.083|Src /Users/ekmett/thc/vendor/containers-0.8/src/Data/Map/Strict/Internal.hs:497 0x4966423c|Reason uncommon trap
[engine] opt deopt  engine=1  id=20    lambda sc, x, ds1                                  |Invalidated  true|                                                                                                            |UTC 2026-09-23T09:18:56.083|Src /Users/ekmett/thc/vendor/containers-0.8/src/Data/Map/Strict/Internal.hs:497 0x4966423c|Reason uncommon trap
[engine] opt deopt  engine=1  id=20    lambda sc, x, ds1                                  |Invalidated  true|                                                                                                            |UTC 2026-09-23T09:18:56.083|Src /Users/ekmett/thc/vendor/containers-0.8/src/Data/Map/Strict/Internal.hs:497 0x4966423c|Reason uncommon trap
[engine] opt deopt  engine=1  id=20    lambda sc, x, ds1                                  |Invalidated  true|                                                                                                            |UTC 2026-09-23T09:18:56.084|Src /Users/ekmett/thc/vendor/containers-0.8/src/Data/Map/Strict/Internal.hs:497 0x4966423c|Reason uncommon trap
[engine] opt deopt  engine=1  id=20    lambda sc, x, ds1                                  |Invalidated  true|                                                                                                            |UTC 2026-09-23T09:18:56.084|Src /Users/ekmett/thc/vendor/containers-0.8/src/Data/Map/Strict/Internal.hs:497 0x4966423c|Reason uncommon trap
[engine] opt deopt  engine=1  id=20    lambda sc, x, ds1                                  |Invalidated  true|                                                                                                            |UTC 2026-09-23T09:18:56.084|Src /Users/ekmett/thc/vendor/containers-0.8/src/Data/Map/Strict/Internal.hs:497 0x4966423c|Reason uncommon trap
[engine] opt deopt  engine=1  id=22    lambda ww                                          |Invalidated  true|                                                                                                            |UTC 2026-09-23T09:18:56.085|Src n/a|Reason JVMCI invalidate
[engine] opt done   engine=1  id=22    lambda ww                                          |Tier 2|Time   950( 604+345 )ms|AST    2|Inlined  35Y  40N|IR   6074/ 18622|CodeSize  114698|Addr 0x756af23c1400|CompId 3233   |UTC 2026-09-23T09:18:57.035|Src n/a
[engine] opt done   engine=1  id=20    lambda sc, x, ds1                                  |Tier 2|Time   403( 337+66  )ms|AST    2|Inlined  13Y  15N|IR   3176/  5498|CodeSize   28950|Addr 0x756af23e0080|CompId 3260   |UTC 2026-09-23T09:18:57.439|Src /Users/ekmett/thc/vendor/containers-0.8/src/Data/Map/Strict/Internal.hs:497 0x4966423c
[engine] opt done   engine=1  id=25    lambda n                                           |Tier 2|Time   610( 604+7   )ms|AST    2|Inlined   1Y   2N|IR    266/   609|CodeSize    2923|Addr 0x756af23e9d00|CompId 3295   |UTC 2026-09-23T09:18:58.088|Src examples/THC/MapWorkload.hs:30 0xd633756a
