WARNING: A terminally deprecated method in sun.misc.Unsafe has been called
WARNING: sun.misc.Unsafe::objectFieldOffset has been called by com.oracle.truffle.runtime.hotspot.HotSpotTruffleRuntime (file:/Users/ekmett/thc/work/typed-frames-v4/lib/truffle-runtime-25.3.4.1.jar)
WARNING: Please consider reporting this to the maintainers of class com.oracle.truffle.runtime.hotspot.HotSpotTruffleRuntime
WARNING: sun.misc.Unsafe::objectFieldOffset will be removed in a future release
[To redirect Truffle log output to a file use one of the following options:
* '--log.file=<path>' if the option is passed using a guest language launcher.
* '-Dpolyglot.log.file=<path>' if the option is passed using the host Java launcher.
* Configure logging using the polyglot embedding API.]
Dumping IGV graphs in /Users/ekmett/thc/work/perf-sprint-typed-frames/bytecode-default-graphs
[engine] opt done   engine=1  id=21    lambda sc, x, ds1                                  |Tier 2|Time  2741(1477+1264)ms|AST    2|Inlined  13Y  43N|IR   4403/ 10890|CodeSize   50880|Addr 0x00011d062180|CompId 2798   |UTC 2026-09-23T05:53:45.442|Src /Users/ekmett/thc/vendor/containers-0.8/src/Data/Map/Strict/Internal.hs:497 0x4966423c
Dumping IGV graphs in /Users/ekmett/thc/work/perf-sprint-typed-frames/bytecode-default-graphs
[engine] opt done   engine=1  id=21    lambda sc, x, ds1                                  |Tier 2|Time  2715(1433+1283)ms|AST    2|Inlined  13Y  43N|IR   4403/ 10890|CodeSize   50728|Addr 0x00011d083800|CompId 3027   |UTC 2026-09-23T05:53:48.186|Src /Users/ekmett/thc/vendor/containers-0.8/src/Data/Map/Strict/Internal.hs:497 0x4966423c
Dumping IGV graphs in /Users/ekmett/thc/work/perf-sprint-typed-frames/bytecode-default-graphs
[engine] opt done   engine=1  id=21    lambda sc, x, ds1                                  |Tier 2|Time  2668(1418+1249)ms|AST    2|Inlined  13Y  43N|IR   4403/ 10890|CodeSize   50728|Addr 0x00011d090cc0|CompId 3071   |UTC 2026-09-23T05:53:50.868|Src /Users/ekmett/thc/vendor/containers-0.8/src/Data/Map/Strict/Internal.hs:497 0x4966423c
[engine] opt inval. engine=1  id=21    lambda sc, x, ds1                                                                                                                                                                 |UTC 2026-09-23T05:53:50.885|Src /Users/ekmett/thc/vendor/containers-0.8/src/Data/Map/Strict/Internal.hs:497 0x4966423c|Reason validRootAssumption local tags updated
[engine] opt inval. engine=1  id=21    lambda sc, x, ds1                                                                                                                                                                 |UTC 2026-09-23T05:53:50.886|Src /Users/ekmett/thc/vendor/containers-0.8/src/Data/Map/Strict/Internal.hs:497 0x4966423c|Reason validRootAssumption local tags updated
[engine] opt inval. engine=1  id=21    lambda sc, x, ds1                                                                                                                                                                 |UTC 2026-09-23T05:53:50.886|Src /Users/ekmett/thc/vendor/containers-0.8/src/Data/Map/Strict/Internal.hs:497 0x4966423c|Reason validRootAssumption local tags updated
[engine] opt deopt  engine=1  id=21    lambda sc, x, ds1                                  |Invalidated  true|                                                                                                            |UTC 2026-09-23T05:53:50.886|Src /Users/ekmett/thc/vendor/containers-0.8/src/Data/Map/Strict/Internal.hs:497 0x4966423c|Reason uncommon trap
[engine] opt deopt  engine=1  id=21    lambda sc, x, ds1                                  |Invalidated  true|                                                                                                            |UTC 2026-09-23T05:53:50.887|Src /Users/ekmett/thc/vendor/containers-0.8/src/Data/Map/Strict/Internal.hs:497 0x4966423c|Reason uncommon trap
[engine] opt deopt  engine=1  id=21    lambda sc, x, ds1                                  |Invalidated  true|                                                                                                            |UTC 2026-09-23T05:53:50.887|Src /Users/ekmett/thc/vendor/containers-0.8/src/Data/Map/Strict/Internal.hs:497 0x4966423c|Reason uncommon trap
[engine] opt deopt  engine=1  id=21    lambda sc, x, ds1                                  |Invalidated  true|                                                                                                            |UTC 2026-09-23T05:53:50.887|Src /Users/ekmett/thc/vendor/containers-0.8/src/Data/Map/Strict/Internal.hs:497 0x4966423c|Reason uncommon trap
[engine] opt deopt  engine=1  id=21    lambda sc, x, ds1                                  |Invalidated  true|                                                                                                            |UTC 2026-09-23T05:53:50.887|Src /Users/ekmett/thc/vendor/containers-0.8/src/Data/Map/Strict/Internal.hs:497 0x4966423c|Reason uncommon trap
[engine] opt deopt  engine=1  id=21    lambda sc, x, ds1                                  |Invalidated  true|                                                                                                            |UTC 2026-09-23T05:53:50.887|Src /Users/ekmett/thc/vendor/containers-0.8/src/Data/Map/Strict/Internal.hs:497 0x4966423c|Reason uncommon trap
[engine] opt done   engine=1  id=21    lambda sc, x, ds1                                  |Tier 2|Time  2757(1326+1431)ms|AST    2|Inlined  12Y  44N|IR   4536/ 12509|CodeSize   62668|Addr 0x00011d0a0a80|CompId 3111   |UTC 2026-09-23T05:53:53.647|Src /Users/ekmett/thc/vendor/containers-0.8/src/Data/Map/Strict/Internal.hs:497 0x4966423c
[engine] opt done   engine=1  id=22    lambda ww, ds2                                     |Tier 2|Time   827( 495+332 )ms|AST    2|Inlined  14Y  16N|IR   2089/  4905|CodeSize   24644|Addr 0x00011d0d1080|CompId 3169   |UTC 2026-09-23T05:53:54.557|Src /Users/ekmett/thc/vendor/containers-0.8/src/Data/Map/Strict/Internal.hs:649 0x4966423c
[engine] opt done   engine=1  id=17    lambda def, ww, ds1                                |Tier 2|Time    20(  11+8   )ms|AST    2|Inlined   1Y   0N|IR    219/   380|CodeSize    2068|Addr 0x00011d0e0e80|CompId 3219   |UTC 2026-09-23T05:53:54.663|Src /Users/ekmett/thc/vendor/containers-0.8/src/Data/Map/Internal.hs:649 0xfda568ac
[engine] opt done   engine=1  id=18    lambda ww, ds                                      |Tier 2|Time   182( 148+33  )ms|AST    2|Inlined   5Y   1N|IR    658/  1055|CodeSize    4616|Addr 0x00011d0e6e40|CompId 3236   |UTC 2026-09-23T05:53:54.895|Src /Users/ekmett/thc/vendor/containers-0.8/src/Data/Map/Internal.hs:3426 0xfda568ac
[engine] opt done   engine=1  id=23    lambda ww                                          |Tier 2|Time  7526(2321+5205)ms|AST    2|Inlined  39Y  75N|IR   8171/ 27809|CodeSize  145564|Addr 0x00011d0fe480|CompId 3243   |UTC 2026-09-23T05:54:02.451|Src n/a
[engine] opt deopt  engine=1  id=17    lambda def, ww, ds1                                |Invalidated false|                                                                                                            |UTC 2026-09-23T05:54:02.476|Src /Users/ekmett/thc/vendor/containers-0.8/src/Data/Map/Internal.hs:649 0xfda568ac|Reason Unknown
[engine] opt deopt  engine=1  id=23    lambda ww                                          |Invalidated  true|                                                                                                            |UTC 2026-09-23T05:54:02.478|Src n/a|Reason uncommon trap
[engine] opt done   engine=1  id=23    lambda ww                                          |Tier 2|Time  7233(2144+5089)ms|AST    2|Inlined  37Y  77N|IR   8191/ 27706|CodeSize  153856|Addr 0x00011d127a00|CompId 3270   |UTC 2026-09-23T05:54:09.711|Src n/a
Dumping IGV graphs in /Users/ekmett/thc/work/perf-sprint-typed-frames/bytecode-default-graphs
[engine] opt done   engine=1  id=10    lambda k, x, l, r                                  |Tier 2|Time    65(  52+13  )ms|AST    2|Inlined   0Y   0N|IR    629/   606|CodeSize    2644|Addr 0x00011d14ea80|CompId 3286   |UTC 2026-09-23T05:54:09.799|Src /Users/ekmett/thc/vendor/containers-0.8/src/Data/Map/Internal.hs:4272 0xfda568ac
[engine] opt done   engine=1  id=15    lambda k, x, l, r                                  |Tier 2|Time  4188(2004+2185)ms|AST    2|Inlined  14Y  38N|IR   4379/ 11544|CodeSize   56912|Addr 0x00011d151400|CompId 3297   |UTC 2026-09-23T05:54:14.024|Src /Users/ekmett/thc/vendor/containers-0.8/src/Data/Map/Internal.hs:4302 0xfda568ac
[engine] opt done   engine=1  id=26    lambda n                                           |Tier 2|Time  1250(1238+12  )ms|AST    2|Inlined   1Y   1N|IR    128/   257|CodeSize     900|Addr 0x00011d1625c0|CompId 3331   |UTC 2026-09-23T05:54:15.610|Src examples/THC/MapWorkload.hs:30 0xd633756a
PHASE WARM BEGIN
Dumping IGV graphs in /Users/ekmett/thc/work/perf-sprint-typed-frames/bytecode-default-graphs
[engine] opt done   engine=1  id=92    org.graalvm.polyglot.Value<EntryValue>.execute     |Tier 2|Time  1504(1393+111 )ms|AST   10|Inlined   3Y   1N|IR    413/   958|CodeSize    4868|Addr 0x00011d171100|CompId 3428   |UTC 2026-09-23T05:54:32.509|Src n/a
PHASE WARM END calls=12032 elapsedNs=20336877625 checksum=678375231696
PHASE MEASURE 1 BEGIN
PHASE MEASURE 1 END
PHASE VERIFY BEGIN
PHASE VERIFY END guestLastTierInstalled=true
diagnostics={"backend":"bytecode","bytecodeRootCount":58,"sourceNotesEnabled":true,"sourceSpanCount":8656,"sourceRootCount":15,"localJoinCount":10,"localJoinTransfers":0,"instrumented":false,"thunkEvaluationsByLabel":{},"compiledEntries":0,"thunkEvaluations":0,"thunkHits":0,"blackholes":0,"directCacheMisses":0,"indirectCalls":0,"tailBounces":0,"selfTailReentries":0,"trampolineIterations":0,"papAllocations":0,"unsupportedPolicy":"diagnostic-traps","deferredUnsupported":["Unsupported constructor representation unboxed-tuple: ghc-internal:GHC.Internal.Types.(#,#)","Unresolved external binding ghc-internal:GHC.Internal.Stack.withFrozenCallStack1","Unresolved external binding ghc-internal:GHC.Internal.Exception.Backtrace.collectExceptionAnnotationMechanismRef","Unsupported primitive readMutVar#"],"unsupportedTraps":0,"frames":"Bytecode DSL primitive locals; selective StaticShape captures","stackPolicy":"tail-safe; non-tail calls and nested thunk forcing use host stack","threadPolicy":"single guest thread"}
