WARNING: A terminally deprecated method in sun.misc.Unsafe has been called
WARNING: sun.misc.Unsafe::objectFieldOffset has been called by com.oracle.truffle.runtime.hotspot.HotSpotTruffleRuntime (file:/Users/ekmett/thc/work/baselines/map-60148ed/runtime/lib/truffle-runtime-25.3.4.1.jar)
WARNING: Please consider reporting this to the maintainers of class com.oracle.truffle.runtime.hotspot.HotSpotTruffleRuntime
WARNING: sun.misc.Unsafe::objectFieldOffset will be removed in a future release
[To redirect Truffle log output to a file use one of the following options:
* '--log.file=<path>' if the option is passed using a guest language launcher.
* '-Dpolyglot.log.file=<path>' if the option is passed using the host Java launcher.
* Configure logging using the polyglot embedding API.]
[engine] opt done   engine=1  id=21    lambda sc, x, ds1                                  |Tier 2|Time   411( 219+192 )ms|AST  772|Inlined   9Y  21N|IR   5760/ 11438|CodeSize   51560|Addr 0x00011b7d1540|CompId 2300   |UTC 2026-09-22T18:18:38.509|Src n/a
[engine] opt deopt  engine=1  id=21    lambda sc, x, ds1                                  |Invalidated  true|                                                                                                            |UTC 2026-09-22T18:18:38.522|Src n/a|Reason uncommon trap
[engine] opt deopt  engine=1  id=21    lambda sc, x, ds1                                  |Invalidated  true|                                                                                                            |UTC 2026-09-22T18:18:38.523|Src n/a|Reason uncommon trap
[engine] opt done   engine=1  id=21    lambda sc, x, ds1                                  |Tier 2|Time   482( 219+263 )ms|AST  772|Inlined   9Y  21N|IR   6279/ 13394|CodeSize   59336|Addr 0x00011b7f0380|CompId 2432   |UTC 2026-09-22T18:18:39.007|Src n/a
[engine] opt done   engine=1  id=22    lambda ww, ds2                                     |Tier 2|Time   128(  45+83  )ms|AST  327|Inlined   6Y   8N|IR   2722/  7094|CodeSize   29388|Addr 0x00011b8116c0|CompId 2501   |UTC 2026-09-22T18:18:39.156|Src n/a
[engine] opt done   engine=1  id=17    lambda def, ww, ds1                                |Tier 2|Time    33(   8+25  )ms|AST  167|Inlined   2Y   0N|IR    806/  1532|CodeSize    7184|Addr 0x00011b820100|CompId 2540   |UTC 2026-09-22T18:18:39.215|Src n/a
[engine] opt done   engine=1  id=35    argument thunk                                     |Tier 2|Time   342( 208+134 )ms|AST  104|Inlined   8Y  14N|IR   4857/  9949|CodeSize   40972|Addr 0x00011b828ac0|CompId 2546   |UTC 2026-09-22T18:18:39.566|Src n/a
[engine] opt done   engine=1  id=18    lambda ww, ds                                      |Tier 2|Time   425( 112+314 )ms|AST  181|Inlined  14Y  16N|IR   5670/ 12707|CodeSize   58636|Addr 0x00011b83b480|CompId 2575   |UTC 2026-09-22T18:18:40.009|Src n/a
[engine] opt done   engine=1  id=36    lambda x, v                                        |Tier 2|Time   360( 220+140 )ms|AST  139|Inlined  10Y  14N|IR   4038/ 10196|CodeSize   46388|Addr 0x00011b84a580|CompId 2580   |UTC 2026-09-22T18:18:40.376|Src n/a
[engine] opt done   engine=1  id=26    lambda x, ww                                       |Tier 2|Time   154(  51+103 )ms|AST  266|Inlined  18Y   0N|IR   4086/  7349|CodeSize   33060|Addr 0x00011b857740|CompId 2597   |UTC 2026-09-22T18:18:40.547|Src n/a
[engine] opt done   engine=1  id=10    lambda k, x, l, r                                  |Tier 2|Time    22(   8+14  )ms|AST 2557|Inlined   0Y   0N|IR    788/  1552|CodeSize    6320|Addr 0x00011b861d40|CompId 2602   |UTC 2026-09-22T18:18:40.581|Src n/a
[engine] opt done   engine=1  id=30    argument thunk                                     |Tier 2|Time   159(  36+123 )ms|AST  103|Inlined   7Y   8N|IR   2855/  7433|CodeSize   30104|Addr 0x00011b863e40|CompId 2604   |UTC 2026-09-22T18:18:40.742|Src n/a
[engine] opt done   engine=1  id=31    lambda x, v                                        |Tier 2|Time   690( 192+498 )ms|AST  141|Inlined  25Y  31N|IR   9324/ 22956|CodeSize  103408|Addr 0x00011b86bc00|CompId 2615   |UTC 2026-09-22T18:18:41.438|Src n/a
[engine] opt done   engine=1  id=15    lambda k, x, l, r                                  |Tier 2|Time   354( 153+200 )ms|AST 2559|Inlined   7Y  16N|IR   5678/ 12333|CodeSize   49452|Addr 0x00011b8864c0|CompId 2626   |UTC 2026-09-22T18:18:41.837|Src n/a
[engine] opt done   engine=1  id=40    lambda n                                           |Tier 2|Time   221( 218+3   )ms|AST   42|Inlined   2Y   1N|IR    178/   763|CodeSize    3164|Addr 0x00011b894180|CompId 2659   |UTC 2026-09-22T18:18:42.672|Src n/a
PHASE WARM BEGIN
PHASE WARM END calls=5120 elapsedNs=15644074833 checksum=288670311360
PHASE MEASURE 1 BEGIN
PHASE MEASURE 1 END
PHASE MEASURE 2 BEGIN
PHASE MEASURE 2 END
PHASE MEASURE 3 BEGIN
PHASE MEASURE 3 END
PHASE MEASURE 4 BEGIN
PHASE MEASURE 4 END
PHASE MEASURE 5 BEGIN
PHASE MEASURE 5 END
PHASE VERIFY BEGIN
PHASE VERIFY END guestLastTierInstalled=true
diagnostics={"instrumented":false,"thunkEvaluationsByLabel":{},"compiledEntries":0,"thunkEvaluations":0,"thunkHits":0,"blackholes":0,"directCacheMisses":0,"indirectCalls":0,"tailBounces":0,"papAllocations":0,"unsupportedPolicy":"diagnostic-traps","deferredUnsupported":["Unsupported constructor representation unboxed-tuple: ghc-internal:GHC.Internal.Types.(#,#)","Unresolved external binding ghc-internal:GHC.Internal.Stack.withFrozenCallStack1","Unresolved external binding ghc-internal:GHC.Internal.Exception.Backtrace.collectExceptionAnnotationMechanismRef"],"unsupportedTraps":0,"frames":"indexed primitive slots; selective StaticShape captures","stackPolicy":"tail-safe; non-tail calls and nested thunk forcing use host stack","threadPolicy":"single guest thread"}
