WARNING: A terminally deprecated method in sun.misc.Unsafe has been called
WARNING: sun.misc.Unsafe::objectFieldOffset has been called by com.oracle.truffle.runtime.hotspot.HotSpotTruffleRuntime (file:/Users/ekmett/thc/work/candidates/map-bloom-headers/runtime/lib/truffle-runtime-25.3.4.1.jar)
WARNING: Please consider reporting this to the maintainers of class com.oracle.truffle.runtime.hotspot.HotSpotTruffleRuntime
WARNING: sun.misc.Unsafe::objectFieldOffset will be removed in a future release
[To redirect Truffle log output to a file use one of the following options:
* '--log.file=<path>' if the option is passed using a guest language launcher.
* '-Dpolyglot.log.file=<path>' if the option is passed using the host Java launcher.
* Configure logging using the polyglot embedding API.]
[engine] opt done   engine=1  id=21    lambda sc, x, ds1                                  |Tier 2|Time   393( 211+182 )ms|AST  772|Inlined   9Y  21N|IR   5649/ 10980|CodeSize   49516|Addr 0x00011dfe9e40|CompId 2270   |UTC 2026-09-22T18:19:56.765|Src n/a
[engine] opt deopt  engine=1  id=21    lambda sc, x, ds1                                  |Invalidated  true|                                                                                                            |UTC 2026-09-22T18:19:56.774|Src n/a|Reason uncommon trap
[engine] opt deopt  engine=1  id=21    lambda sc, x, ds1                                  |Invalidated  true|                                                                                                            |UTC 2026-09-22T18:19:56.775|Src n/a|Reason uncommon trap
[engine] opt done   engine=1  id=21    lambda sc, x, ds1                                  |Tier 2|Time   418( 189+228 )ms|AST  772|Inlined   9Y  21N|IR   6168/ 12882|CodeSize   56836|Addr 0x00011e0072c0|CompId 2403   |UTC 2026-09-22T18:19:57.194|Src n/a
[engine] opt done   engine=1  id=22    lambda ww, ds2                                     |Tier 2|Time   125(  44+81  )ms|AST  327|Inlined   6Y   8N|IR   2722/  7094|CodeSize   29336|Addr 0x00011e021ac0|CompId 2472   |UTC 2026-09-22T18:19:57.340|Src n/a
[engine] opt done   engine=1  id=17    lambda def, ww, ds1                                |Tier 2|Time    19(   8+11  )ms|AST  167|Inlined   2Y   0N|IR    754/  1274|CodeSize    5988|Addr 0x00011e02e6c0|CompId 2509   |UTC 2026-09-22T18:19:57.382|Src n/a
[engine] opt done   engine=1  id=35    argument thunk                                     |Tier 2|Time   320( 190+130 )ms|AST  104|Inlined   8Y  14N|IR   4831/  9959|CodeSize   39712|Addr 0x00011e03a940|CompId 2519   |UTC 2026-09-22T18:19:57.720|Src n/a
[engine] opt done   engine=1  id=18    lambda ww, ds                                      |Tier 2|Time   403( 106+297 )ms|AST  181|Inlined  14Y  16N|IR   5591/ 12441|CodeSize   56924|Addr 0x00011e04c500|CompId 2547   |UTC 2026-09-22T18:19:58.141|Src n/a
[engine] opt done   engine=1  id=36    lambda x, v                                        |Tier 2|Time   339( 209+131 )ms|AST  139|Inlined  10Y  14N|IR   3975/ 10210|CodeSize   47108|Addr 0x00011e05b140|CompId 2552   |UTC 2026-09-22T18:19:58.488|Src n/a
[engine] opt done   engine=1  id=26    lambda x, ww                                       |Tier 2|Time   136(  48+88  )ms|AST  266|Inlined  18Y   0N|IR   3966/  6486|CodeSize   30424|Addr 0x00011e067e00|CompId 2572   |UTC 2026-09-22T18:19:58.643|Src n/a
[engine] opt done   engine=1  id=10    lambda k, x, l, r                                  |Tier 2|Time    21(   7+14  )ms|AST 2557|Inlined   0Y   0N|IR    788/  1552|CodeSize    6300|Addr 0x00011e06fd00|CompId 2574   |UTC 2026-09-22T18:19:58.682|Src n/a
[engine] opt done   engine=1  id=30    argument thunk                                     |Tier 2|Time   131(  31+100 )ms|AST  103|Inlined   7Y   8N|IR   2867/  7325|CodeSize   30888|Addr 0x00011e071b80|CompId 2575   |UTC 2026-09-22T18:19:58.814|Src n/a
[engine] opt done   engine=1  id=31    lambda x, v                                        |Tier 2|Time   614( 173+441 )ms|AST  141|Inlined  24Y  30N|IR   8835/ 21742|CodeSize  100572|Addr 0x00011e079bc0|CompId 2589   |UTC 2026-09-22T18:19:59.439|Src n/a
[engine] opt done   engine=1  id=15    lambda k, x, l, r                                  |Tier 2|Time   372( 163+209 )ms|AST 2559|Inlined   7Y  16N|IR   5544/ 11193|CodeSize   45488|Addr 0x00011e093980|CompId 2596   |UTC 2026-09-22T18:19:59.865|Src n/a
[engine] opt done   engine=1  id=40    lambda n                                           |Tier 2|Time   230( 226+5   )ms|AST   42|Inlined   2Y   1N|IR    226/   833|CodeSize    3392|Addr 0x00011e0a0100|CompId 2632   |UTC 2026-09-22T18:20:00.711|Src n/a
PHASE WARM BEGIN
PHASE WARM END calls=4864 elapsedNs=15204324833 checksum=274236795792
PHASE MEASURE 1 BEGIN
PHASE MEASURE 1 END
PHASE MEASURE 2 BEGIN
PHASE MEASURE 2 END
PHASE MEASURE 3 BEGIN
PHASE MEASURE 3 END
PHASE MEASURE 4 BEGIN
PHASE MEASURE 4 END
PHASE MEASURE 5 BEGIN
PHASE MEASURE 5 END
PHASE VERIFY BEGIN
PHASE VERIFY END guestLastTierInstalled=true
diagnostics={"instrumented":false,"thunkEvaluationsByLabel":{},"compiledEntries":0,"thunkEvaluations":0,"thunkHits":0,"blackholes":0,"directCacheMisses":0,"indirectCalls":0,"tailBounces":0,"papAllocations":0,"unsupportedPolicy":"diagnostic-traps","deferredUnsupported":["Unsupported constructor representation unboxed-tuple: ghc-internal:GHC.Internal.Types.(#,#)","Unresolved external binding ghc-internal:GHC.Internal.Stack.withFrozenCallStack1","Unresolved external binding ghc-internal:GHC.Internal.Exception.Backtrace.collectExceptionAnnotationMechanismRef"],"unsupportedTraps":0,"frames":"indexed primitive slots; selective StaticShape captures","stackPolicy":"tail-safe; non-tail calls and nested thunk forcing use host stack","threadPolicy":"single guest thread"}
