WARNING: A terminally deprecated method in sun.misc.Unsafe has been called
WARNING: sun.misc.Unsafe::objectFieldOffset has been called by com.oracle.truffle.runtime.hotspot.HotSpotTruffleRuntime (file:/Users/ekmett/thc/work/candidates/map-bloom-headers/runtime/lib/truffle-runtime-25.3.4.1.jar)
WARNING: Please consider reporting this to the maintainers of class com.oracle.truffle.runtime.hotspot.HotSpotTruffleRuntime
WARNING: sun.misc.Unsafe::objectFieldOffset will be removed in a future release
[To redirect Truffle log output to a file use one of the following options:
* '--log.file=<path>' if the option is passed using a guest language launcher.
* '-Dpolyglot.log.file=<path>' if the option is passed using the host Java launcher.
* Configure logging using the polyglot embedding API.]
[engine] opt done   engine=1  id=21    lambda sc, x, ds1                                  |Tier 2|Time   398( 215+183 )ms|AST  772|Inlined   9Y  21N|IR   5649/ 10980|CodeSize   49516|Addr 0x0001197eba40|CompId 2248   |UTC 2026-09-22T18:17:11.256|Src n/a
[engine] opt deopt  engine=1  id=21    lambda sc, x, ds1                                  |Invalidated  true|                                                                                                            |UTC 2026-09-22T18:17:11.266|Src n/a|Reason uncommon trap
[engine] opt deopt  engine=1  id=21    lambda sc, x, ds1                                  |Invalidated  true|                                                                                                            |UTC 2026-09-22T18:17:11.266|Src n/a|Reason uncommon trap
[engine] opt done   engine=1  id=21    lambda sc, x, ds1                                  |Tier 2|Time   433( 207+226 )ms|AST  772|Inlined   9Y  21N|IR   6168/ 12882|CodeSize   56836|Addr 0x000119809780|CompId 2381   |UTC 2026-09-22T18:17:11.701|Src n/a
[engine] opt done   engine=1  id=22    lambda ww, ds2                                     |Tier 2|Time   126(  44+81  )ms|AST  327|Inlined   6Y   8N|IR   2722/  7094|CodeSize   29336|Addr 0x000119825a00|CompId 2458   |UTC 2026-09-22T18:17:11.847|Src n/a
[engine] opt done   engine=1  id=17    lambda def, ww, ds1                                |Tier 2|Time    20(   8+12  )ms|AST  167|Inlined   2Y   0N|IR    754/  1274|CodeSize    5988|Addr 0x000119832a40|CompId 2506   |UTC 2026-09-22T18:17:11.890|Src n/a
[engine] opt done   engine=1  id=35    argument thunk                                     |Tier 2|Time   328( 196+131 )ms|AST  104|Inlined   8Y  14N|IR   4831/  9959|CodeSize   39712|Addr 0x00011983f8c0|CompId 2513   |UTC 2026-09-22T18:17:12.236|Src n/a
[engine] opt done   engine=1  id=18    lambda ww, ds                                      |Tier 2|Time   425( 113+312 )ms|AST  181|Inlined  14Y  16N|IR   5591/ 12441|CodeSize   56924|Addr 0x00011984e3c0|CompId 2533   |UTC 2026-09-22T18:17:12.676|Src n/a
[engine] opt done   engine=1  id=36    lambda x, v                                        |Tier 2|Time   339( 206+133 )ms|AST  139|Inlined  10Y  14N|IR   3975/ 10210|CodeSize   47108|Addr 0x00011985d540|CompId 2540   |UTC 2026-09-22T18:17:13.023|Src n/a
[engine] opt done   engine=1  id=26    lambda x, ww                                       |Tier 2|Time   141(  52+90  )ms|AST  266|Inlined  18Y   0N|IR   3966/  6486|CodeSize   30424|Addr 0x000119869f80|CompId 2558   |UTC 2026-09-22T18:17:13.182|Src n/a
[engine] opt done   engine=1  id=10    lambda k, x, l, r                                  |Tier 2|Time    21(   8+14  )ms|AST 2557|Inlined   0Y   0N|IR    788/  1552|CodeSize    6300|Addr 0x000119871e80|CompId 2560   |UTC 2026-09-22T18:17:13.222|Src n/a
[engine] opt done   engine=1  id=30    argument thunk                                     |Tier 2|Time   134(  31+104 )ms|AST  103|Inlined   7Y   8N|IR   2867/  7325|CodeSize   30888|Addr 0x000119873d00|CompId 2561   |UTC 2026-09-22T18:17:13.357|Src n/a
[engine] opt done   engine=1  id=31    lambda x, v                                        |Tier 2|Time   617( 184+433 )ms|AST  141|Inlined  24Y  30N|IR   8835/ 21742|CodeSize  100572|Addr 0x00011987bf80|CompId 2574   |UTC 2026-09-22T18:17:13.986|Src n/a
[engine] opt done   engine=1  id=15    lambda k, x, l, r                                  |Tier 2|Time   362( 155+207 )ms|AST 2559|Inlined   7Y  16N|IR   5544/ 11193|CodeSize   45488|Addr 0x000119895d40|CompId 2581   |UTC 2026-09-22T18:17:14.401|Src n/a
[engine] opt done   engine=1  id=40    lambda n                                           |Tier 2|Time   239( 235+4   )ms|AST   42|Inlined   2Y   1N|IR    226/   833|CodeSize    3392|Addr 0x0001198a2f40|CompId 2619   |UTC 2026-09-22T18:17:15.218|Src n/a
PHASE WARM BEGIN
PHASE WARM END calls=5120 elapsedNs=15169774500 checksum=288670311360
PHASE MEASURE 1 BEGIN
PHASE MEASURE 1 END
PHASE MEASURE 2 BEGIN
PHASE MEASURE 2 END
PHASE MEASURE 3 BEGIN
PHASE MEASURE 3 END
PHASE MEASURE 4 BEGIN
PHASE MEASURE 4 END
PHASE MEASURE 5 BEGIN
PHASE MEASURE 5 END
PHASE VERIFY BEGIN
PHASE VERIFY END guestLastTierInstalled=true
diagnostics={"instrumented":false,"thunkEvaluationsByLabel":{},"compiledEntries":0,"thunkEvaluations":0,"thunkHits":0,"blackholes":0,"directCacheMisses":0,"indirectCalls":0,"tailBounces":0,"papAllocations":0,"unsupportedPolicy":"diagnostic-traps","deferredUnsupported":["Unsupported constructor representation unboxed-tuple: ghc-internal:GHC.Internal.Types.(#,#)","Unresolved external binding ghc-internal:GHC.Internal.Stack.withFrozenCallStack1","Unresolved external binding ghc-internal:GHC.Internal.Exception.Backtrace.collectExceptionAnnotationMechanismRef"],"unsupportedTraps":0,"frames":"indexed primitive slots; selective StaticShape captures","stackPolicy":"tail-safe; non-tail calls and nested thunk forcing use host stack","threadPolicy":"single guest thread"}
