WARNING: A terminally deprecated method in sun.misc.Unsafe has been called
WARNING: sun.misc.Unsafe::objectFieldOffset has been called by com.oracle.truffle.runtime.hotspot.HotSpotTruffleRuntime (file:/Users/ekmett/thc/work/constructor-class-v6/lib/truffle-runtime-25.3.4.1.jar)
WARNING: Please consider reporting this to the maintainers of class com.oracle.truffle.runtime.hotspot.HotSpotTruffleRuntime
WARNING: sun.misc.Unsafe::objectFieldOffset will be removed in a future release
[To redirect Truffle log output to a file use one of the following options:
* '--log.file=<path>' if the option is passed using a guest language launcher.
* '-Dpolyglot.log.file=<path>' if the option is passed using the host Java launcher.
* Configure logging using the polyglot embedding API.]
[engine] opt done   engine=1  id=21    lambda sc, x, ds1                                  |Tier 2|Time  1459(1105+355 )ms|AST  853|Inlined  35Y  47N|IR   5089/ 12464|CodeSize   62456|Addr 0x00011b829740|CompId 2578   |UTC 2026-09-23T06:33:27.823|Src /Users/ekmett/thc/vendor/containers-0.8/src/Data/Map/Strict/Internal.hs:497 0x4966423c
[engine] opt done   engine=1  id=21    lambda sc, x, ds1                                  |Tier 2|Time  1126( 815+311 )ms|AST  853|Inlined  35Y  47N|IR   5089/ 12464|CodeSize   61920|Addr 0x00011b844c80|CompId 2688   |UTC 2026-09-23T06:33:28.971|Src /Users/ekmett/thc/vendor/containers-0.8/src/Data/Map/Strict/Internal.hs:497 0x4966423c
[engine] opt done   engine=1  id=21    lambda sc, x, ds1                                  |Tier 2|Time  1026( 718+309 )ms|AST  853|Inlined  35Y  47N|IR   5089/ 12464|CodeSize   62032|Addr 0x00011b855480|CompId 2713   |UTC 2026-09-23T06:33:30.003|Src /Users/ekmett/thc/vendor/containers-0.8/src/Data/Map/Strict/Internal.hs:497 0x4966423c
[engine] opt done   engine=1  id=21    lambda sc, x, ds1                                  |Tier 2|Time  1047( 702+345 )ms|AST  853|Inlined  35Y  47N|IR   5446/ 14417|CodeSize   79280|Addr 0x00011b865ac0|CompId 2736   |UTC 2026-09-23T06:33:31.057|Src /Users/ekmett/thc/vendor/containers-0.8/src/Data/Map/Strict/Internal.hs:497 0x4966423c
[engine] opt done   engine=1  id=22    lambda ww, ds2                                     |Tier 2|Time   117(  83+34  )ms|AST  362|Inlined   6Y   8N|IR   1016/  2422|CodeSize   11040|Addr 0x00011b884980|CompId 2769   |UTC 2026-09-23T06:33:31.204|Src /Users/ekmett/thc/vendor/containers-0.8/src/Data/Map/Strict/Internal.hs:649 0x4966423c
[engine] opt done   engine=1  id=17    lambda def, ww, ds1                                |Tier 2|Time    21(  14+8   )ms|AST  186|Inlined   1Y   0N|IR    217/   337|CodeSize    2308|Addr 0x00011b88cbc0|CompId 2824   |UTC 2026-09-23T06:33:31.288|Src /Users/ekmett/thc/vendor/containers-0.8/src/Data/Map/Internal.hs:649 0xfda568ac
[engine] opt done   engine=1  id=18    lambda ww, ds                                      |Tier 2|Time    46(  24+22  )ms|AST  204|Inlined   2Y   1N|IR    431/   682|CodeSize    3536|Addr 0x00011b893780|CompId 2843   |UTC 2026-09-23T06:33:31.400|Src /Users/ekmett/thc/vendor/containers-0.8/src/Data/Map/Internal.hs:3426 0xfda568ac
[engine] opt done   engine=1  id=23    lambda ww                                          |Tier 2|Time  2068( 892+1176)ms|AST 1506|Inlined  43Y  63N|IR   7729/ 25165|CodeSize  140588|Addr 0x00011b89bb00|CompId 2846   |UTC 2026-09-23T06:33:33.482|Src n/a
[engine] opt done   engine=1  id=15    lambda k, x, l, r                                  |Tier 2|Time  1347( 664+684 )ms|AST 2592|Inlined  35Y  49N|IR   4349/ 14903|CodeSize   77704|Addr 0x00011b8c34c0|CompId 2867   |UTC 2026-09-23T06:33:34.912|Src /Users/ekmett/thc/vendor/containers-0.8/src/Data/Map/Internal.hs:4302 0xfda568ac
[engine] opt done   engine=1  id=26    lambda n                                           |Tier 2|Time   738( 736+3   )ms|AST   48|Inlined   1Y   1N|IR    104/   232|CodeSize     828|Addr 0x00011b8da2c0|CompId 2898   |UTC 2026-09-23T06:33:36.543|Src examples/THC/MapWorkload.hs:30 0xd633756a
PHASE WARM BEGIN
[engine] opt done   engine=1  id=10    lambda k, x, l, r                                  |Tier 2|Time    19(  13+6   )ms|AST 2590|Inlined   0Y   0N|IR    257/   478|CodeSize    1832|Addr 0x00011b8dbac0|CompId 2928   |UTC 2026-09-23T06:33:37.144|Src /Users/ekmett/thc/vendor/containers-0.8/src/Data/Map/Internal.hs:4272 0xfda568ac
