WARNING: A terminally deprecated method in sun.misc.Unsafe has been called
WARNING: sun.misc.Unsafe::objectFieldOffset has been called by com.oracle.truffle.runtime.hotspot.HotSpotTruffleRuntime (file:/Users/ekmett/thc/build/install/thc/lib/truffle-runtime-25.3.4.1.jar)
WARNING: Please consider reporting this to the maintainers of class com.oracle.truffle.runtime.hotspot.HotSpotTruffleRuntime
WARNING: sun.misc.Unsafe::objectFieldOffset will be removed in a future release
[To redirect Truffle log output to a file use one of the following options:
* '--log.file=<path>' if the option is passed using a guest language launcher.
* '-Dpolyglot.log.file=<path>' if the option is passed using the host Java launcher.
* Configure logging using the polyglot embedding API.]
[engine] opt done   engine=1  id=4     lambda n                                           |Tier 2|Time    71(  65+6   )ms|AST   58|Inlined   0Y   0N|IR    167/   279|CodeSize    1364|Addr 0x000118fbb680|CompId 2037   |UTC 2026-09-22T15:03:30.641|Src n/a
[engine] opt done   engine=1  id=2     lambda n, xs, acc                                  |Tier 2|Time   109(  62+47  )ms|AST  154|Inlined   8Y   0N|IR   1873/  2463|CodeSize   11768|Addr 0x000118fc5880|CompId 2124   |UTC 2026-09-22T15:03:30.754|Src n/a
[engine] opt done   engine=1  id=6     lambda n                                           |Tier 2|Time   119(  56+63  )ms|AST   53|Inlined   9Y   0N|IR   1911/  2777|CodeSize   12200|Addr 0x000118fcb400|CompId 2152   |UTC 2026-09-22T15:03:30.877|Src n/a
PHASE WARM BEGIN
[engine] opt done   engine=1  id=39    org.graalvm.polyglot.Value<EntryValue>.execute     |Tier 2|Time   178(  63+115 )ms|AST   10|Inlined  11Y   0N|IR   2202/  3674|CodeSize   14324|Addr 0x000118fd7480|CompId 2236   |UTC 2026-09-22T15:03:31.094|Src n/a
PHASE WARM END calls=5362944 elapsedNs=10000489083 checksum=31333000320
PHASE MEASURE 1 BEGIN
PHASE MEASURE 1 END
PHASE MEASURE 2 BEGIN
PHASE MEASURE 2 END
PHASE MEASURE 3 BEGIN
PHASE MEASURE 3 END
PHASE MEASURE 4 BEGIN
PHASE MEASURE 4 END
PHASE MEASURE 5 BEGIN
PHASE MEASURE 5 END
PHASE VERIFY BEGIN
PHASE VERIFY END guestLastTierInstalled=true
diagnostics={"instrumented":false,"thunkEvaluationsByLabel":{},"compiledEntries":0,"thunkEvaluations":0,"thunkHits":0,"blackholes":0,"directCacheMisses":0,"indirectCalls":0,"tailBounces":0,"papAllocations":0,"frames":"indexed primitive slots; selective StaticShape captures","stackPolicy":"tail-safe; non-tail calls and nested thunk forcing use host stack","threadPolicy":"single guest thread"}
