WARNING: A terminally deprecated method in sun.misc.Unsafe has been called
WARNING: sun.misc.Unsafe::objectFieldOffset has been called by com.oracle.truffle.runtime.hotspot.HotSpotTruffleRuntime (file:/Users/ekmett/thc/build/install/thc/lib/truffle-runtime-25.3.4.1.jar)
WARNING: Please consider reporting this to the maintainers of class com.oracle.truffle.runtime.hotspot.HotSpotTruffleRuntime
WARNING: sun.misc.Unsafe::objectFieldOffset will be removed in a future release
[To redirect Truffle log output to a file use one of the following options:
* '--log.file=<path>' if the option is passed using a guest language launcher.
* '-Dpolyglot.log.file=<path>' if the option is passed using the host Java launcher.
* Configure logging using the polyglot embedding API.]
[engine] opt done   engine=1  id=5     lambda n                                           |Tier 2|Time   247( 195+51  )ms|AST   66|Inlined   4Y   0N|IR    523/   955|CodeSize    3324|Addr 0x00011afb0ec0|CompId 1961   |UTC 2026-09-22T15:02:26.235|Src n/a
PHASE WARM BEGIN
[engine] opt done   engine=1  id=38    org.graalvm.polyglot.Value<EntryValue>.execute     |Tier 2|Time   171(  98+73  )ms|AST   10|Inlined   6Y   0N|IR    821/  1413|CodeSize    7048|Addr 0x00011afbcf00|CompId 2122   |UTC 2026-09-22T15:02:26.536|Src n/a
PHASE WARM END calls=103827712 elapsedNs=10000186334 checksum=11888273024
PHASE MEASURE 1 BEGIN
PHASE MEASURE 1 END
PHASE MEASURE 2 BEGIN
PHASE MEASURE 2 END
PHASE MEASURE 3 BEGIN
PHASE MEASURE 3 END
PHASE MEASURE 4 BEGIN
PHASE MEASURE 4 END
PHASE MEASURE 5 BEGIN
PHASE MEASURE 5 END
PHASE VERIFY BEGIN
PHASE VERIFY END guestLastTierInstalled=true
diagnostics={"instrumented":false,"thunkEvaluationsByLabel":{},"compiledEntries":0,"thunkEvaluations":0,"thunkHits":0,"blackholes":0,"directCacheMisses":0,"indirectCalls":0,"tailBounces":0,"papAllocations":0,"frames":"indexed primitive slots; selective StaticShape captures","stackPolicy":"tail-safe; non-tail calls and nested thunk forcing use host stack","threadPolicy":"single guest thread"}
