WARNING: A terminally deprecated method in sun.misc.Unsafe has been called
WARNING: sun.misc.Unsafe::objectFieldOffset has been called by com.oracle.truffle.runtime.hotspot.HotSpotTruffleRuntime (file:/Users/ekmett/thc/build/install/thc/lib/truffle-runtime-25.3.4.1.jar)
WARNING: Please consider reporting this to the maintainers of class com.oracle.truffle.runtime.hotspot.HotSpotTruffleRuntime
WARNING: sun.misc.Unsafe::objectFieldOffset will be removed in a future release
[To redirect Truffle log output to a file use one of the following options:
* '--log.file=<path>' if the option is passed using a guest language launcher.
* '-Dpolyglot.log.file=<path>' if the option is passed using the host Java launcher.
* Configure logging using the polyglot embedding API.]
[engine] opt done   engine=1  id=4     lambda n                                           |Tier 2|Time    54(  49+5   )ms|AST   58|Inlined   0Y   0N|IR    175/   533|CodeSize    2556|Addr 0x00011afbf640|CompId 2045   |UTC 2026-09-22T14:38:45.157|Src n/a
[engine] opt done   engine=1  id=2     lambda n, xs, acc                                  |Tier 2|Time    92(  43+50  )ms|AST  154|Inlined   8Y   0N|IR   2204/  3797|CodeSize   16928|Addr 0x00011afca240|CompId 2136   |UTC 2026-09-22T14:38:45.252|Src n/a
[engine] opt done   engine=1  id=6     lambda n                                           |Tier 2|Time   101(  39+62  )ms|AST   53|Inlined   9Y   0N|IR   2242/  4186|CodeSize   17024|Addr 0x00011afd1000|CompId 2167   |UTC 2026-09-22T14:38:45.356|Src n/a
PHASE WARM BEGIN
[engine] opt done   engine=1  id=39    org.graalvm.polyglot.Value<EntryValue>.execute     |Tier 2|Time   160(  44+116 )ms|AST   10|Inlined  11Y   0N|IR   2533/  5258|CodeSize   21108|Addr 0x00011afdeec0|CompId 2257   |UTC 2026-09-22T14:38:45.567|Src n/a
PHASE WARM END calls=3532544 elapsedNs=10000708709 checksum=20638888320
PHASE MEASURE 1 BEGIN
PHASE MEASURE 1 END
PHASE MEASURE 2 BEGIN
PHASE MEASURE 2 END
PHASE MEASURE 3 BEGIN
PHASE MEASURE 3 END
PHASE MEASURE 4 BEGIN
PHASE MEASURE 4 END
PHASE MEASURE 5 BEGIN
PHASE MEASURE 5 END
PHASE VERIFY BEGIN
PHASE VERIFY END guestLastTierInstalled=true
diagnostics={"instrumented":false,"thunkEvaluationsByLabel":{},"compiledEntries":0,"thunkEvaluations":0,"thunkHits":0,"blackholes":0,"directCacheMisses":0,"indirectCalls":0,"tailBounces":0,"papAllocations":0,"frames":"indexed primitive slots; selective StaticShape captures","stackPolicy":"tail-safe; non-tail calls and nested thunk forcing use host stack","threadPolicy":"single guest thread"}
