WARNING: A terminally deprecated method in sun.misc.Unsafe has been called
WARNING: sun.misc.Unsafe::objectFieldOffset has been called by com.oracle.truffle.runtime.hotspot.HotSpotTruffleRuntime (file:/Users/ekmett/thc/build/install/thc/lib/truffle-runtime-25.3.4.1.jar)
WARNING: Please consider reporting this to the maintainers of class com.oracle.truffle.runtime.hotspot.HotSpotTruffleRuntime
WARNING: sun.misc.Unsafe::objectFieldOffset will be removed in a future release
[To redirect Truffle log output to a file use one of the following options:
* '--log.file=<path>' if the option is passed using a guest language launcher.
* '-Dpolyglot.log.file=<path>' if the option is passed using the host Java launcher.
* Configure logging using the polyglot embedding API.]
[engine] opt done   engine=1  id=4     lambda n                                           |Tier 2|Time    43(  39+5   )ms|AST   58|Inlined   0Y   0N|IR    175/   533|CodeSize    2532|Addr 0x0001197ba440|CompId 2037   |UTC 2026-09-22T14:39:16.791|Src n/a
[engine] opt done   engine=1  id=2     lambda n, xs, acc                                  |Tier 2|Time    89(  40+49  )ms|AST  154|Inlined   8Y   0N|IR   2204/  3797|CodeSize   16864|Addr 0x0001197c6400|CompId 2126   |UTC 2026-09-22T14:39:16.882|Src n/a
[engine] opt done   engine=1  id=6     lambda n                                           |Tier 2|Time   100(  38+62  )ms|AST   53|Inlined   9Y   0N|IR   2242/  4186|CodeSize   16960|Addr 0x0001197cdd80|CompId 2156   |UTC 2026-09-22T14:39:16.986|Src n/a
PHASE WARM BEGIN
[engine] opt done   engine=1  id=39    org.graalvm.polyglot.Value<EntryValue>.execute     |Tier 2|Time   158(  44+115 )ms|AST   10|Inlined  11Y   0N|IR   2533/  5258|CodeSize   21044|Addr 0x0001197e61c0|CompId 2255   |UTC 2026-09-22T14:39:17.194|Src n/a
PHASE WARM END calls=1046272 elapsedNs=10006664916 checksum=6112844160
PHASE MEASURE 1 BEGIN
PHASE MEASURE 1 END
PHASE MEASURE 2 BEGIN
PHASE MEASURE 2 END
PHASE MEASURE 3 BEGIN
PHASE MEASURE 3 END
PHASE MEASURE 4 BEGIN
PHASE MEASURE 4 END
PHASE MEASURE 5 BEGIN
PHASE MEASURE 5 END
PHASE VERIFY BEGIN
PHASE VERIFY END guestLastTierInstalled=true
diagnostics={"instrumented":false,"thunkEvaluationsByLabel":{},"compiledEntries":0,"thunkEvaluations":0,"thunkHits":0,"blackholes":0,"directCacheMisses":0,"indirectCalls":0,"tailBounces":0,"papAllocations":0,"frames":"indexed primitive slots; selective StaticShape captures","stackPolicy":"tail-safe; non-tail calls and nested thunk forcing use host stack","threadPolicy":"single guest thread"}
