WARNING: A terminally deprecated method in sun.misc.Unsafe has been called
WARNING: sun.misc.Unsafe::objectFieldOffset has been called by com.oracle.truffle.runtime.hotspot.HotSpotTruffleRuntime (file:/Users/ekmett/thc/build/install/thc/lib/truffle-runtime-25.3.4.1.jar)
WARNING: Please consider reporting this to the maintainers of class com.oracle.truffle.runtime.hotspot.HotSpotTruffleRuntime
WARNING: sun.misc.Unsafe::objectFieldOffset will be removed in a future release
[To redirect Truffle log output to a file use one of the following options:
* '--log.file=<path>' if the option is passed using a guest language launcher.
* '-Dpolyglot.log.file=<path>' if the option is passed using the host Java launcher.
* Configure logging using the polyglot embedding API.]
[engine] opt done   engine=1  id=4     lambda n                                           |Tier 2|Time   171( 149+22  )ms|AST   58|Inlined   0Y   0N|IR    175/   533|CodeSize    2532|Addr 0x0001197be2c0|CompId 2005   |UTC 2026-09-22T14:39:49.553|Src n/a
[engine] opt done   engine=1  id=2     lambda n, xs, acc                                  |Tier 2|Time   378( 180+198 )ms|AST  154|Inlined   8Y   0N|IR   2204/  3797|CodeSize   16864|Addr 0x0001197c7500|CompId 2087   |UTC 2026-09-22T14:39:49.942|Src n/a
[engine] opt done   engine=1  id=6     lambda n                                           |Tier 2|Time   303( 129+174 )ms|AST   53|Inlined   9Y   0N|IR   2242/  4186|CodeSize   16960|Addr 0x0001197cf6c0|CompId 2119   |UTC 2026-09-22T14:39:50.256|Src n/a
PHASE WARM BEGIN
[engine] opt done   engine=1  id=39    org.graalvm.polyglot.Value<EntryValue>.execute     |Tier 2|Time   451( 126+325 )ms|AST   10|Inlined  11Y   0N|IR   2533/  5258|CodeSize   21044|Addr 0x0001197dc780|CompId 2207   |UTC 2026-09-22T14:39:50.883|Src n/a
PHASE WARM END calls=1219584 elapsedNs=10001245875 checksum=7125419520
PHASE MEASURE 1 BEGIN
PHASE MEASURE 1 END
PHASE MEASURE 2 BEGIN
PHASE MEASURE 2 END
PHASE MEASURE 3 BEGIN
PHASE MEASURE 3 END
PHASE MEASURE 4 BEGIN
PHASE MEASURE 4 END
PHASE MEASURE 5 BEGIN
PHASE MEASURE 5 END
PHASE VERIFY BEGIN
PHASE VERIFY END guestLastTierInstalled=true
diagnostics={"instrumented":false,"thunkEvaluationsByLabel":{},"compiledEntries":0,"thunkEvaluations":0,"thunkHits":0,"blackholes":0,"directCacheMisses":0,"indirectCalls":0,"tailBounces":0,"papAllocations":0,"frames":"indexed primitive slots; selective StaticShape captures","stackPolicy":"tail-safe; non-tail calls and nested thunk forcing use host stack","threadPolicy":"single guest thread"}
