WARNING: A terminally deprecated method in sun.misc.Unsafe has been called
WARNING: sun.misc.Unsafe::objectFieldOffset has been called by com.oracle.truffle.runtime.hotspot.HotSpotTruffleRuntime (file:/Users/ekmett/thc/build/install/thc/lib/truffle-runtime-25.3.4.1.jar)
WARNING: Please consider reporting this to the maintainers of class com.oracle.truffle.runtime.hotspot.HotSpotTruffleRuntime
WARNING: sun.misc.Unsafe::objectFieldOffset will be removed in a future release
[To redirect Truffle log output to a file use one of the following options:
* '--log.file=<path>' if the option is passed using a guest language launcher.
* '-Dpolyglot.log.file=<path>' if the option is passed using the host Java launcher.
* Configure logging using the polyglot embedding API.]
[engine] opt done   engine=1  id=2     lambda x, acc                                      |Tier 2|Time    74(  66+8   )ms|AST  125|Inlined   0Y   0N|IR    307/   299|CodeSize    1140|Addr 0x000133a1e240|CompId 1916   |UTC 2026-09-22T14:34:01.144|Src n/a
[engine] opt done   engine=1  id=3     lambda n                                           |Tier 2|Time    24(  17+7   )ms|AST   52|Inlined   1Y   0N|IR    251/   336|CodeSize    1192|Addr 0x000133a27e80|CompId 2061   |UTC 2026-09-22T14:34:01.178|Src n/a
PHASE WARM BEGIN
[engine] opt done   engine=1  id=36    org.graalvm.polyglot.Value<EntryValue>.execute     |Tier 2|Time    53(  28+25  )ms|AST   10|Inlined   3Y   0N|IR    543/  1066|CodeSize    4900|Addr 0x000133a2f4c0|CompId 2163   |UTC 2026-09-22T14:34:01.271|Src n/a
PHASE WARM END calls=5514496 elapsedNs=10000254417 checksum=276166194046080
PHASE MEASURE 1 BEGIN
PHASE MEASURE 1 END
PHASE MEASURE 2 BEGIN
PHASE MEASURE 2 END
PHASE MEASURE 3 BEGIN
PHASE MEASURE 3 END
PHASE MEASURE 4 BEGIN
PHASE MEASURE 4 END
PHASE MEASURE 5 BEGIN
PHASE MEASURE 5 END
PHASE VERIFY BEGIN
PHASE VERIFY END guestLastTierInstalled=true
diagnostics={"instrumented":false,"thunkEvaluationsByLabel":{},"compiledEntries":0,"thunkEvaluations":0,"thunkHits":0,"blackholes":0,"directCacheMisses":0,"indirectCalls":0,"tailBounces":0,"papAllocations":0,"frames":"indexed primitive slots; selective StaticShape captures","stackPolicy":"tail-safe; non-tail calls and nested thunk forcing use host stack","threadPolicy":"single guest thread"}
