WARNING: A terminally deprecated method in sun.misc.Unsafe has been called
WARNING: sun.misc.Unsafe::objectFieldOffset has been called by com.oracle.truffle.runtime.hotspot.HotSpotTruffleRuntime (file:/Users/ekmett/thc/build/install/thc/lib/truffle-runtime-25.3.4.1.jar)
WARNING: Please consider reporting this to the maintainers of class com.oracle.truffle.runtime.hotspot.HotSpotTruffleRuntime
WARNING: sun.misc.Unsafe::objectFieldOffset will be removed in a future release
[To redirect Truffle log output to a file use one of the following options:
* '--log.file=<path>' if the option is passed using a guest language launcher.
* '-Dpolyglot.log.file=<path>' if the option is passed using the host Java launcher.
* Configure logging using the polyglot embedding API.]
[engine] opt done   engine=1  id=2     lambda x, acc                                      |Tier 2|Time    47(  41+6   )ms|AST  125|Inlined   0Y   0N|IR    307/   299|CodeSize    1140|Addr 0x00011cfa4300|CompId 1854   |UTC 2026-09-22T14:35:04.151|Src n/a
[engine] opt done   engine=1  id=3     lambda n                                           |Tier 2|Time    20(  15+5   )ms|AST   52|Inlined   1Y   0N|IR    251/   336|CodeSize    1192|Addr 0x00011cfad780|CompId 2001   |UTC 2026-09-22T14:35:04.177|Src n/a
PHASE WARM BEGIN
[engine] opt done   engine=1  id=36    org.graalvm.polyglot.Value<EntryValue>.execute     |Tier 2|Time    44(  23+21  )ms|AST   10|Inlined   3Y   0N|IR    543/  1066|CodeSize    4900|Addr 0x00011cfb5000|CompId 2099   |UTC 2026-09-22T14:35:04.249|Src n/a
PHASE WARM END calls=5493760 elapsedNs=10000140916 checksum=275127734284800
PHASE MEASURE 1 BEGIN
PHASE MEASURE 1 END
PHASE MEASURE 2 BEGIN
PHASE MEASURE 2 END
PHASE MEASURE 3 BEGIN
PHASE MEASURE 3 END
PHASE MEASURE 4 BEGIN
PHASE MEASURE 4 END
PHASE MEASURE 5 BEGIN
PHASE MEASURE 5 END
PHASE VERIFY BEGIN
PHASE VERIFY END guestLastTierInstalled=true
diagnostics={"instrumented":false,"thunkEvaluationsByLabel":{},"compiledEntries":0,"thunkEvaluations":0,"thunkHits":0,"blackholes":0,"directCacheMisses":0,"indirectCalls":0,"tailBounces":0,"papAllocations":0,"frames":"indexed primitive slots; selective StaticShape captures","stackPolicy":"tail-safe; non-tail calls and nested thunk forcing use host stack","threadPolicy":"single guest thread"}
