WARNING: A terminally deprecated method in sun.misc.Unsafe has been called
WARNING: sun.misc.Unsafe::objectFieldOffset has been called by com.oracle.truffle.runtime.hotspot.HotSpotTruffleRuntime (file:/Users/ekmett/thc/work/boxed-value-cache-v7/lib/truffle-runtime-25.3.4.1.jar)
WARNING: Please consider reporting this to the maintainers of class com.oracle.truffle.runtime.hotspot.HotSpotTruffleRuntime
WARNING: sun.misc.Unsafe::objectFieldOffset will be removed in a future release
[To redirect Truffle log output to a file use one of the following options:
* '--log.file=<path>' if the option is passed using a guest language launcher.
* '-Dpolyglot.log.file=<path>' if the option is passed using the host Java launcher.
* Configure logging using the polyglot embedding API.]
[engine] opt done   engine=1  id=21    lambda sc, x, ds1                                  |Tier 2|Time   443( 283+160 )ms|AST    2|Inlined  12Y  44N|IR   4325/ 10523|CodeSize   48016|Addr 0x00012fc1adc0|CompId 2870   |UTC 2026-09-23T08:09:42.594|Src /Users/ekmett/thc/vendor/containers-0.8/src/Data/Map/Strict/Internal.hs:497 0x4966423c
[engine] opt done   engine=1  id=21    lambda sc, x, ds1                                  |Tier 2|Time   421( 260+161 )ms|AST    2|Inlined  12Y  44N|IR   4325/ 10523|CodeSize   48316|Addr 0x00012fc41600|CompId 2972   |UTC 2026-09-23T08:09:43.043|Src /Users/ekmett/thc/vendor/containers-0.8/src/Data/Map/Strict/Internal.hs:497 0x4966423c
[engine] opt done   engine=1  id=21    lambda sc, x, ds1                                  |Tier 2|Time   405( 248+156 )ms|AST    2|Inlined  12Y  44N|IR   4325/ 10523|CodeSize   48316|Addr 0x00012fc4e640|CompId 3004   |UTC 2026-09-23T08:09:43.449|Src /Users/ekmett/thc/vendor/containers-0.8/src/Data/Map/Strict/Internal.hs:497 0x4966423c
[engine] opt inval. engine=1  id=21    lambda sc, x, ds1                                                                                                                                                                 |UTC 2026-09-23T08:09:43.451|Src /Users/ekmett/thc/vendor/containers-0.8/src/Data/Map/Strict/Internal.hs:497 0x4966423c|Reason validRootAssumption local tags updated
[engine] opt inval. engine=1  id=21    lambda sc, x, ds1                                                                                                                                                                 |UTC 2026-09-23T08:09:43.452|Src /Users/ekmett/thc/vendor/containers-0.8/src/Data/Map/Strict/Internal.hs:497 0x4966423c|Reason validRootAssumption local tags updated
[engine] opt inval. engine=1  id=21    lambda sc, x, ds1                                                                                                                                                                 |UTC 2026-09-23T08:09:43.452|Src /Users/ekmett/thc/vendor/containers-0.8/src/Data/Map/Strict/Internal.hs:497 0x4966423c|Reason validRootAssumption local tags updated
[engine] opt deopt  engine=1  id=21    lambda sc, x, ds1                                  |Invalidated  true|                                                                                                            |UTC 2026-09-23T08:09:43.452|Src /Users/ekmett/thc/vendor/containers-0.8/src/Data/Map/Strict/Internal.hs:497 0x4966423c|Reason uncommon trap
[engine] opt deopt  engine=1  id=21    lambda sc, x, ds1                                  |Invalidated  true|                                                                                                            |UTC 2026-09-23T08:09:43.453|Src /Users/ekmett/thc/vendor/containers-0.8/src/Data/Map/Strict/Internal.hs:497 0x4966423c|Reason uncommon trap
[engine] opt deopt  engine=1  id=21    lambda sc, x, ds1                                  |Invalidated  true|                                                                                                            |UTC 2026-09-23T08:09:43.453|Src /Users/ekmett/thc/vendor/containers-0.8/src/Data/Map/Strict/Internal.hs:497 0x4966423c|Reason uncommon trap
[engine] opt deopt  engine=1  id=21    lambda sc, x, ds1                                  |Invalidated  true|                                                                                                            |UTC 2026-09-23T08:09:43.453|Src /Users/ekmett/thc/vendor/containers-0.8/src/Data/Map/Strict/Internal.hs:497 0x4966423c|Reason uncommon trap
[engine] opt deopt  engine=1  id=21    lambda sc, x, ds1                                  |Invalidated  true|                                                                                                            |UTC 2026-09-23T08:09:43.453|Src /Users/ekmett/thc/vendor/containers-0.8/src/Data/Map/Strict/Internal.hs:497 0x4966423c|Reason uncommon trap
[engine] opt deopt  engine=1  id=21    lambda sc, x, ds1                                  |Invalidated  true|                                                                                                            |UTC 2026-09-23T08:09:43.453|Src /Users/ekmett/thc/vendor/containers-0.8/src/Data/Map/Strict/Internal.hs:497 0x4966423c|Reason uncommon trap
[engine] opt done   engine=1  id=21    lambda sc, x, ds1                                  |Tier 2|Time   401( 271+131 )ms|AST    2|Inlined  12Y  44N|IR   4572/ 12320|CodeSize   59364|Addr 0x00012fc5d340|CompId 3040   |UTC 2026-09-23T08:09:43.855|Src /Users/ekmett/thc/vendor/containers-0.8/src/Data/Map/Strict/Internal.hs:497 0x4966423c
[engine] opt done   engine=1  id=22    lambda ww, ds2                                     |Tier 2|Time   102(  71+31  )ms|AST    2|Inlined  14Y  16N|IR   2089/  4802|CodeSize   24560|Addr 0x00012fc87240|CompId 3090   |UTC 2026-09-23T08:09:44.029|Src /Users/ekmett/thc/vendor/containers-0.8/src/Data/Map/Strict/Internal.hs:649 0x4966423c
[engine] opt done   engine=1  id=17    lambda def, ww, ds1                                |Tier 2|Time     8(   5+3   )ms|AST    2|Inlined   1Y   0N|IR    219/   377|CodeSize    1996|Addr 0x00012fc98800|CompId 3142   |UTC 2026-09-23T08:09:44.123|Src /Users/ekmett/thc/vendor/containers-0.8/src/Data/Map/Internal.hs:649 0xfda568ac
[engine] opt done   engine=1  id=18    lambda ww, ds                                      |Tier 2|Time    44(  21+24  )ms|AST    2|Inlined   5Y   1N|IR    658/  1021|CodeSize    4580|Addr 0x00012fc9c680|CompId 3156   |UTC 2026-09-23T08:09:44.215|Src /Users/ekmett/thc/vendor/containers-0.8/src/Data/Map/Internal.hs:3426 0xfda568ac
[engine] opt done   engine=1  id=23    lambda ww                                          |Tier 2|Time   779( 394+386 )ms|AST    2|Inlined  38Y  74N|IR   8054/ 26738|CodeSize  145616|Addr 0x00012fcad680|CompId 3164   |UTC 2026-09-23T08:09:45.022|Src n/a
[engine] opt deopt  engine=1  id=17    lambda def, ww, ds1                                |Invalidated false|                                                                                                            |UTC 2026-09-23T08:09:45.046|Src /Users/ekmett/thc/vendor/containers-0.8/src/Data/Map/Internal.hs:649 0xfda568ac|Reason Unknown
[engine] opt deopt  engine=1  id=23    lambda ww                                          |Invalidated  true|                                                                                                            |UTC 2026-09-23T08:09:45.049|Src n/a|Reason uncommon trap
[engine] opt done   engine=1  id=23    lambda ww                                          |Tier 2|Time   723( 388+335 )ms|AST    2|Inlined  37Y  77N|IR   8211/ 27307|CodeSize  147740|Addr 0x00012fcdea40|CompId 3180   |UTC 2026-09-23T08:09:45.772|Src n/a
[engine] opt done   engine=1  id=10    lambda k, x, l, r                                  |Tier 2|Time    12(   8+4   )ms|AST    2|Inlined   0Y   0N|IR    639/   589|CodeSize    2336|Addr 0x00012fd04600|CompId 3190   |UTC 2026-09-23T08:09:45.799|Src /Users/ekmett/thc/vendor/containers-0.8/src/Data/Map/Internal.hs:4272 0xfda568ac
[engine] opt done   engine=1  id=15    lambda k, x, l, r                                  |Tier 2|Time   489( 306+183 )ms|AST    2|Inlined  14Y  38N|IR   4425/ 11338|CodeSize   55184|Addr 0x00012fd07640|CompId 3201   |UTC 2026-09-23T08:09:46.313|Src /Users/ekmett/thc/vendor/containers-0.8/src/Data/Map/Internal.hs:4302 0xfda568ac
[engine] opt done   engine=1  id=26    lambda n                                           |Tier 2|Time   438( 436+2   )ms|AST    2|Inlined   1Y   1N|IR    128/   255|CodeSize     876|Addr 0x00012fd175c0|CompId 3248   |UTC 2026-09-23T08:09:47.107|Src examples/THC/MapWorkload.hs:30 0xd633756a
PHASE WARM BEGIN
[engine] opt done   engine=1  id=92    org.graalvm.polyglot.Value<EntryValue>.execute     |Tier 2|Time   551( 542+9   )ms|AST   10|Inlined   3Y   1N|IR    413/   947|CodeSize    4724|Addr 0x00012fd1f780|CompId 3339   |UTC 2026-09-23T08:10:02.210|Src n/a
PHASE WARM END calls=12032 elapsedNs=18479916041 checksum=678375231696
PHASE MEASURE 1 BEGIN
PHASE MEASURE 1 END
PHASE MEASURE 2 BEGIN
PHASE MEASURE 2 END
PHASE MEASURE 3 BEGIN
PHASE MEASURE 3 END
PHASE MEASURE 4 BEGIN
PHASE MEASURE 4 END
PHASE MEASURE 5 BEGIN
PHASE MEASURE 5 END
PHASE VERIFY BEGIN
PHASE VERIFY END guestLastTierInstalled=true
diagnostics={"backend":"bytecode","bytecodeRootCount":58,"sourceNotesEnabled":true,"sourceSpanCount":8656,"sourceRootCount":15,"localJoinCount":10,"localJoinTransfers":0,"instrumented":false,"thunkEvaluationsByLabel":{},"compiledEntries":0,"thunkEvaluations":0,"thunkHits":0,"blackholes":0,"directCacheMisses":0,"indirectCalls":0,"tailBounces":0,"selfTailReentries":0,"trampolineIterations":0,"papAllocations":0,"unsupportedPolicy":"diagnostic-traps","deferredUnsupported":["Unsupported constructor representation unboxed-tuple: ghc-internal:GHC.Internal.Types.(#,#)","Unresolved external binding ghc-internal:GHC.Internal.Stack.withFrozenCallStack1","Unresolved external binding ghc-internal:GHC.Internal.Exception.Backtrace.collectExceptionAnnotationMechanismRef","Unsupported primitive readMutVar#"],"unsupportedTraps":0,"frames":"Bytecode DSL primitive locals; selective StaticShape captures","stackPolicy":"tail-safe; non-tail calls and nested thunk forcing use host stack","threadPolicy":"single guest thread"}
