WARNING: A terminally deprecated method in sun.misc.Unsafe has been called
WARNING: sun.misc.Unsafe::objectFieldOffset has been called by com.oracle.truffle.runtime.hotspot.HotSpotTruffleRuntime (file:/home/ekmett/thc-benchmarks/2026-09-23-083914/sources/combined-defaults-v1/lib/truffle-runtime-25.3.4.1.jar)
WARNING: Please consider reporting this to the maintainers of class com.oracle.truffle.runtime.hotspot.HotSpotTruffleRuntime
WARNING: sun.misc.Unsafe::objectFieldOffset will be removed in a future release
[To redirect Truffle log output to a file use one of the following options:
* '--log.file=<path>' if the option is passed using a guest language launcher.
* '-Dpolyglot.log.file=<path>' if the option is passed using the host Java launcher.
* Configure logging using the polyglot embedding API.]
[engine] opt done   engine=1  id=20    lambda sc, x, ds1                                  |Tier 2|Time   462( 398+64  )ms|AST    2|Inlined  13Y  15N|IR   3099/  4938|CodeSize   25896|Addr 0x7f1d72373a80|CompId 3029   |UTC 2026-09-23T09:34:03.988|Src /Users/ekmett/thc/vendor/containers-0.8/src/Data/Map/Strict/Internal.hs:497 0x4966423c
[engine] opt done   engine=1  id=17    lambda def, ww, ds1                                |Tier 2|Time    40(  34+6   )ms|AST    2|Inlined   1Y   0N|IR    279/   444|CodeSize    2174|Addr 0x7f1d7238a880|CompId 3131   |UTC 2026-09-23T09:34:04.088|Src /Users/ekmett/thc/vendor/containers-0.8/src/Data/Map/Internal.hs:649 0xfda568ac
[engine] opt done   engine=1  id=21    lambda ww, ds2                                     |Tier 2|Time   189( 116+73  )ms|AST    2|Inlined  14Y  16N|IR   2003/  4972|CodeSize   28684|Addr 0x7f1d72397b80|CompId 3144   |UTC 2026-09-23T09:34:04.289|Src /Users/ekmett/thc/vendor/containers-0.8/src/Data/Map/Strict/Internal.hs:649 0x4966423c
[engine] opt done   engine=1  id=18    lambda ww, ds                                      |Tier 2|Time    89(  62+28  )ms|AST    2|Inlined   5Y   1N|IR    618/   985|CodeSize    4689|Addr 0x7f1d7239f480|CompId 3155   |UTC 2026-09-23T09:34:04.382|Src /Users/ekmett/thc/vendor/containers-0.8/src/Data/Map/Internal.hs:3426 0xfda568ac
[engine] opt done   engine=1  id=22    lambda ww                                          |Tier 2|Time   931( 598+332 )ms|AST    2|Inlined  37Y  42N|IR   6275/ 16874|CodeSize  102207|Addr 0x7f1d723a1e00|CompId 3161   |UTC 2026-09-23T09:34:05.316|Src n/a
[engine] opt inval. engine=1  id=22    lambda ww                                                                                                                                                                         |UTC 2026-09-23T09:34:05.320|Src n/a|Reason validRootAssumption local tags updated
[engine] opt inval. engine=1  id=20    lambda sc, x, ds1                                                                                                                                                                 |UTC 2026-09-23T09:34:05.321|Src /Users/ekmett/thc/vendor/containers-0.8/src/Data/Map/Strict/Internal.hs:497 0x4966423c|Reason validRootAssumption local tags updated
[engine] opt deopt  engine=1  id=20    lambda sc, x, ds1                                  |Invalidated  true|                                                                                                            |UTC 2026-09-23T09:34:05.321|Src /Users/ekmett/thc/vendor/containers-0.8/src/Data/Map/Strict/Internal.hs:497 0x4966423c|Reason uncommon trap
[engine] opt deopt  engine=1  id=20    lambda sc, x, ds1                                  |Invalidated  true|                                                                                                            |UTC 2026-09-23T09:34:05.322|Src /Users/ekmett/thc/vendor/containers-0.8/src/Data/Map/Strict/Internal.hs:497 0x4966423c|Reason uncommon trap
[engine] opt deopt  engine=1  id=20    lambda sc, x, ds1                                  |Invalidated  true|                                                                                                            |UTC 2026-09-23T09:34:05.322|Src /Users/ekmett/thc/vendor/containers-0.8/src/Data/Map/Strict/Internal.hs:497 0x4966423c|Reason uncommon trap
[engine] opt deopt  engine=1  id=20    lambda sc, x, ds1                                  |Invalidated  true|                                                                                                            |UTC 2026-09-23T09:34:05.322|Src /Users/ekmett/thc/vendor/containers-0.8/src/Data/Map/Strict/Internal.hs:497 0x4966423c|Reason uncommon trap
[engine] opt deopt  engine=1  id=20    lambda sc, x, ds1                                  |Invalidated  true|                                                                                                            |UTC 2026-09-23T09:34:05.323|Src /Users/ekmett/thc/vendor/containers-0.8/src/Data/Map/Strict/Internal.hs:497 0x4966423c|Reason uncommon trap
[engine] opt deopt  engine=1  id=20    lambda sc, x, ds1                                  |Invalidated  true|                                                                                                            |UTC 2026-09-23T09:34:05.323|Src /Users/ekmett/thc/vendor/containers-0.8/src/Data/Map/Strict/Internal.hs:497 0x4966423c|Reason uncommon trap
[engine] opt deopt  engine=1  id=22    lambda ww                                          |Invalidated  true|                                                                                                            |UTC 2026-09-23T09:34:05.324|Src n/a|Reason JVMCI invalidate
[engine] opt done   engine=1  id=22    lambda ww                                          |Tier 2|Time   952( 607+345 )ms|AST    2|Inlined  35Y  40N|IR   6074/ 18622|CodeSize  114698|Addr 0x7f1d723bd900|CompId 3221   |UTC 2026-09-23T09:34:06.277|Src n/a
[engine] opt done   engine=1  id=20    lambda sc, x, ds1                                  |Tier 2|Time   406( 340+66  )ms|AST    2|Inlined  13Y  15N|IR   3169/  5477|CodeSize   28976|Addr 0x7f1d723dbf80|CompId 3245   |UTC 2026-09-23T09:34:06.685|Src /Users/ekmett/thc/vendor/containers-0.8/src/Data/Map/Strict/Internal.hs:497 0x4966423c
[engine] opt done   engine=1  id=25    lambda n                                           |Tier 2|Time   617( 610+7   )ms|AST    2|Inlined   1Y   2N|IR    270/   618|CodeSize    2939|Addr 0x7f1d723e5600|CompId 3278   |UTC 2026-09-23T09:34:07.342|Src examples/THC/MapWorkload.hs:30 0xd633756a
