WARNING: A terminally deprecated method in sun.misc.Unsafe has been called
WARNING: sun.misc.Unsafe::objectFieldOffset has been called by com.oracle.truffle.runtime.hotspot.HotSpotTruffleRuntime (file:/home/ekmett/thc-benchmarks/2026-09-23-083914/sources/combined-defaults-v1/lib/truffle-runtime-25.3.4.1.jar)
WARNING: Please consider reporting this to the maintainers of class com.oracle.truffle.runtime.hotspot.HotSpotTruffleRuntime
WARNING: sun.misc.Unsafe::objectFieldOffset will be removed in a future release
[To redirect Truffle log output to a file use one of the following options:
* '--log.file=<path>' if the option is passed using a guest language launcher.
* '-Dpolyglot.log.file=<path>' if the option is passed using the host Java launcher.
* Configure logging using the polyglot embedding API.]
[engine] opt done   engine=1  id=20    lambda sc, x, ds1                                  |Tier 2|Time   416( 294+122 )ms|AST    2|Inlined  16Y  54N|IR   4526/ 10939|CodeSize   57558|Addr 0x79278636e600|CompId 2996   |UTC 2026-09-23T09:35:25.927|Src /Users/ekmett/thc/vendor/containers-0.8/src/Data/Map/Strict/Internal.hs:497 0x4966423c
[engine] opt done   engine=1  id=20    lambda sc, x, ds1                                  |Tier 2|Time   384( 263+121 )ms|AST    2|Inlined  16Y  54N|IR   4526/ 10939|CodeSize   57820|Addr 0x79278638ad00|CompId 3096   |UTC 2026-09-23T09:35:26.334|Src /Users/ekmett/thc/vendor/containers-0.8/src/Data/Map/Strict/Internal.hs:497 0x4966423c
[engine] opt done   engine=1  id=20    lambda sc, x, ds1                                  |Tier 2|Time   389( 269+120 )ms|AST    2|Inlined  16Y  54N|IR   4526/ 10939|CodeSize   58604|Addr 0x79278639a200|CompId 3135   |UTC 2026-09-23T09:35:26.725|Src /Users/ekmett/thc/vendor/containers-0.8/src/Data/Map/Strict/Internal.hs:497 0x4966423c
[engine] opt inval. engine=1  id=20    lambda sc, x, ds1                                                                                                                                                                 |UTC 2026-09-23T09:35:26.727|Src /Users/ekmett/thc/vendor/containers-0.8/src/Data/Map/Strict/Internal.hs:497 0x4966423c|Reason validRootAssumption local tags updated
[engine] opt inval. engine=1  id=20    lambda sc, x, ds1                                                                                                                                                                 |UTC 2026-09-23T09:35:26.728|Src /Users/ekmett/thc/vendor/containers-0.8/src/Data/Map/Strict/Internal.hs:497 0x4966423c|Reason validRootAssumption local tags updated
[engine] opt inval. engine=1  id=20    lambda sc, x, ds1                                                                                                                                                                 |UTC 2026-09-23T09:35:26.728|Src /Users/ekmett/thc/vendor/containers-0.8/src/Data/Map/Strict/Internal.hs:497 0x4966423c|Reason validRootAssumption local tags updated
[engine] opt deopt  engine=1  id=20    lambda sc, x, ds1                                  |Invalidated  true|                                                                                                            |UTC 2026-09-23T09:35:26.729|Src /Users/ekmett/thc/vendor/containers-0.8/src/Data/Map/Strict/Internal.hs:497 0x4966423c|Reason uncommon trap
[engine] opt deopt  engine=1  id=20    lambda sc, x, ds1                                  |Invalidated  true|                                                                                                            |UTC 2026-09-23T09:35:26.729|Src /Users/ekmett/thc/vendor/containers-0.8/src/Data/Map/Strict/Internal.hs:497 0x4966423c|Reason uncommon trap
[engine] opt deopt  engine=1  id=20    lambda sc, x, ds1                                  |Invalidated  true|                                                                                                            |UTC 2026-09-23T09:35:26.729|Src /Users/ekmett/thc/vendor/containers-0.8/src/Data/Map/Strict/Internal.hs:497 0x4966423c|Reason uncommon trap
[engine] opt deopt  engine=1  id=20    lambda sc, x, ds1                                  |Invalidated  true|                                                                                                            |UTC 2026-09-23T09:35:26.730|Src /Users/ekmett/thc/vendor/containers-0.8/src/Data/Map/Strict/Internal.hs:497 0x4966423c|Reason uncommon trap
[engine] opt deopt  engine=1  id=20    lambda sc, x, ds1                                  |Invalidated  true|                                                                                                            |UTC 2026-09-23T09:35:26.730|Src /Users/ekmett/thc/vendor/containers-0.8/src/Data/Map/Strict/Internal.hs:497 0x4966423c|Reason uncommon trap
[engine] opt deopt  engine=1  id=20    lambda sc, x, ds1                                  |Invalidated  true|                                                                                                            |UTC 2026-09-23T09:35:26.730|Src /Users/ekmett/thc/vendor/containers-0.8/src/Data/Map/Strict/Internal.hs:497 0x4966423c|Reason uncommon trap
[engine] opt done   engine=1  id=20    lambda sc, x, ds1                                  |Tier 2|Time   432( 269+163 )ms|AST    2|Inlined  15Y  55N|IR   4601/ 12553|CodeSize   67039|Addr 0x7927863a9900|CompId 3158   |UTC 2026-09-23T09:35:27.164|Src /Users/ekmett/thc/vendor/containers-0.8/src/Data/Map/Strict/Internal.hs:497 0x4966423c
[engine] opt done   engine=1  id=21    lambda ww, ds2                                     |Tier 2|Time    92(  75+16  )ms|AST    2|Inlined   6Y   8N|IR    912/  2357|CodeSize   12915|Addr 0x7927863d9800|CompId 3215   |UTC 2026-09-23T09:35:27.309|Src /Users/ekmett/thc/vendor/containers-0.8/src/Data/Map/Strict/Internal.hs:649 0x4966423c
[engine] opt done   engine=1  id=17    lambda def, ww, ds1                                |Tier 2|Time    33(  29+4   )ms|AST    2|Inlined   1Y   0N|IR    203/   349|CodeSize    1851|Addr 0x7927863e6d80|CompId 3258   |UTC 2026-09-23T09:35:27.425|Src /Users/ekmett/thc/vendor/containers-0.8/src/Data/Map/Internal.hs:649 0xfda568ac
[engine] opt done   engine=1  id=18    lambda ww, ds                                      |Tier 2|Time    32(  24+8   )ms|AST    2|Inlined   2Y   1N|IR    307/   603|CodeSize    2912|Addr 0x7927863f4000|CompId 3278   |UTC 2026-09-23T09:35:27.501|Src /Users/ekmett/thc/vendor/containers-0.8/src/Data/Map/Internal.hs:3426 0xfda568ac
[engine] opt done   engine=1  id=22    lambda ww                                          |Tier 2|Time   473( 250+222 )ms|AST    2|Inlined  20Y  59N|IR   5222/ 16150|CodeSize  100561|Addr 0x792786408900|CompId 3288   |UTC 2026-09-23T09:35:28.022|Src n/a
[engine] opt done   engine=1  id=10    lambda k, x, l, r                                  |Tier 2|Time    13(   9+4   )ms|AST    2|Inlined   0Y   0N|IR    516/   545|CodeSize    2203|Addr 0x792786424080|CompId 3296   |UTC 2026-09-23T09:35:28.053|Src /Users/ekmett/thc/vendor/containers-0.8/src/Data/Map/Internal.hs:4272 0xfda568ac
[engine] opt done   engine=1  id=15    lambda k, x, l, r                                  |Tier 2|Time    21(  13+8   )ms|AST    2|Inlined   0Y   0N|IR    709/   691|CodeSize    2850|Addr 0x792786425a80|CompId 3305   |UTC 2026-09-23T09:35:28.102|Src /Users/ekmett/thc/vendor/containers-0.8/src/Data/Map/Internal.hs:4302 0xfda568ac
[engine] opt done   engine=1  id=25    lambda n                                           |Tier 2|Time   677( 236+440 )ms|AST    2|Inlined  22Y  59N|IR   5302/ 16575|CodeSize   93352|Addr 0x792786429780|CompId 3343   |UTC 2026-09-23T09:35:29.070|Src examples/THC/MapWorkload.hs:30 0xd633756a
PHASE WARM BEGIN
[engine] opt done   engine=1  id=91    org.graalvm.polyglot.Value<EntryValue>.execute     |Tier 2|Time   842( 279+563 )ms|AST   10|Inlined  23Y  60N|IR   5498/ 14709|CodeSize   90634|Addr 0x792786454980|CompId 3461   |UTC 2026-09-23T09:35:45.715|Src n/a
PHASE WARM END calls=30208 elapsedNs=49084140194 checksum=1703154837024
PHASE MEASURE 1 BEGIN
PHASE MEASURE 1 END
PHASE MEASURE 2 BEGIN
PHASE MEASURE 2 END
PHASE MEASURE 3 BEGIN
PHASE MEASURE 3 END
PHASE MEASURE 4 BEGIN
PHASE MEASURE 4 END
PHASE MEASURE 5 BEGIN
PHASE MEASURE 5 END
PHASE VERIFY BEGIN
PHASE VERIFY END guestLastTierInstalled=true
diagnostics={"backend":"bytecode","bytecodeRootCount":57,"sourceNotesEnabled":true,"sourceSpanCount":8656,"sourceRootCount":14,"localJoinCount":10,"localJoinTransfers":0,"instrumented":false,"thunkEvaluationsByLabel":{},"compiledEntries":0,"leadingCaseReturns":0,"thunkEvaluations":0,"thunkHits":0,"blackholes":0,"directCacheMisses":0,"indirectCalls":0,"tailBounces":0,"selfTailReentries":0,"trampolineIterations":0,"papAllocations":0,"unsupportedPolicy":"diagnostic-traps","deferredUnsupported":["Unsupported constructor representation unboxed-tuple: ghc-internal:GHC.Internal.Types.(#,#)","Unresolved external binding ghc-internal:GHC.Internal.Stack.withFrozenCallStack1","Unresolved external binding ghc-internal:GHC.Internal.Exception.Backtrace.collectExceptionAnnotationMechanismRef","Unsupported primitive readMutVar#"],"unsupportedTraps":0,"frames":"Bytecode DSL primitive locals; selective StaticShape captures","stackPolicy":"tail-safe; non-tail calls and nested thunk forcing use host stack","threadPolicy":"single guest thread"}
