WARNING: A terminally deprecated method in sun.misc.Unsafe has been called
WARNING: sun.misc.Unsafe::objectFieldOffset has been called by com.oracle.truffle.runtime.hotspot.HotSpotTruffleRuntime (file:/Users/runner/work/thc/thc/work/ci-performance/frozen/current/lib/truffle-runtime-25.3.4.1.jar)
WARNING: Please consider reporting this to the maintainers of class com.oracle.truffle.runtime.hotspot.HotSpotTruffleRuntime
WARNING: sun.misc.Unsafe::objectFieldOffset will be removed in a future release
[To redirect Truffle log output to a file use one of the following options:
* '--log.file=<path>' if the option is passed using a guest language launcher.
* '-Dpolyglot.log.file=<path>' if the option is passed using the host Java launcher.
* Configure logging using the polyglot embedding API.]
[engine] opt done   engine=1  id=21    lambda sc, x, ds1                                  |Tier 2|Time  1228( 844+384 )ms|AST    2|Inlined  12Y  44N|IR   4325/ 10523|CodeSize   48016|Addr 0x0001259af340|CompId 2636   |UTC 2026-09-23T07:35:10.749|Src /Users/runner/work/thc/thc/vendor/containers-0.8/src/Data/Map/Strict/Internal.hs:497 0x573a55c2
[engine] opt done   engine=1  id=21    lambda sc, x, ds1                                  |Tier 2|Time   949( 691+258 )ms|AST    2|Inlined  12Y  44N|IR   4325/ 10523|CodeSize   48316|Addr 0x0001259c5f00|CompId 2714   |UTC 2026-09-23T07:35:11.751|Src /Users/runner/work/thc/thc/vendor/containers-0.8/src/Data/Map/Strict/Internal.hs:497 0x573a55c2
[engine] opt done   engine=1  id=21    lambda sc, x, ds1                                  |Tier 2|Time   757( 493+264 )ms|AST    2|Inlined  12Y  44N|IR   4325/ 10523|CodeSize   48316|Addr 0x0001259d3b00|CompId 2743   |UTC 2026-09-23T07:35:12.510|Src /Users/runner/work/thc/thc/vendor/containers-0.8/src/Data/Map/Strict/Internal.hs:497 0x573a55c2
[engine] opt inval. engine=1  id=21    lambda sc, x, ds1                                                                                                                                                                 |UTC 2026-09-23T07:35:12.535|Src /Users/runner/work/thc/thc/vendor/containers-0.8/src/Data/Map/Strict/Internal.hs:497 0x573a55c2|Reason validRootAssumption local tags updated
[engine] opt inval. engine=1  id=21    lambda sc, x, ds1                                                                                                                                                                 |UTC 2026-09-23T07:35:12.537|Src /Users/runner/work/thc/thc/vendor/containers-0.8/src/Data/Map/Strict/Internal.hs:497 0x573a55c2|Reason validRootAssumption local tags updated
[engine] opt inval. engine=1  id=21    lambda sc, x, ds1                                                                                                                                                                 |UTC 2026-09-23T07:35:12.538|Src /Users/runner/work/thc/thc/vendor/containers-0.8/src/Data/Map/Strict/Internal.hs:497 0x573a55c2|Reason validRootAssumption local tags updated
[engine] opt deopt  engine=1  id=21    lambda sc, x, ds1                                  |Invalidated  true|                                                                                                            |UTC 2026-09-23T07:35:12.540|Src /Users/runner/work/thc/thc/vendor/containers-0.8/src/Data/Map/Strict/Internal.hs:497 0x573a55c2|Reason uncommon trap
[engine] opt deopt  engine=1  id=21    lambda sc, x, ds1                                  |Invalidated  true|                                                                                                            |UTC 2026-09-23T07:35:12.541|Src /Users/runner/work/thc/thc/vendor/containers-0.8/src/Data/Map/Strict/Internal.hs:497 0x573a55c2|Reason uncommon trap
[engine] opt deopt  engine=1  id=21    lambda sc, x, ds1                                  |Invalidated  true|                                                                                                            |UTC 2026-09-23T07:35:12.541|Src /Users/runner/work/thc/thc/vendor/containers-0.8/src/Data/Map/Strict/Internal.hs:497 0x573a55c2|Reason uncommon trap
[engine] opt deopt  engine=1  id=21    lambda sc, x, ds1                                  |Invalidated  true|                                                                                                            |UTC 2026-09-23T07:35:12.542|Src /Users/runner/work/thc/thc/vendor/containers-0.8/src/Data/Map/Strict/Internal.hs:497 0x573a55c2|Reason uncommon trap
[engine] opt deopt  engine=1  id=21    lambda sc, x, ds1                                  |Invalidated  true|                                                                                                            |UTC 2026-09-23T07:35:12.542|Src /Users/runner/work/thc/thc/vendor/containers-0.8/src/Data/Map/Strict/Internal.hs:497 0x573a55c2|Reason uncommon trap
[engine] opt deopt  engine=1  id=21    lambda sc, x, ds1                                  |Invalidated  true|                                                                                                            |UTC 2026-09-23T07:35:12.542|Src /Users/runner/work/thc/thc/vendor/containers-0.8/src/Data/Map/Strict/Internal.hs:497 0x573a55c2|Reason uncommon trap
[engine] opt done   engine=1  id=21    lambda sc, x, ds1                                  |Tier 2|Time   948( 615+333 )ms|AST    2|Inlined  12Y  44N|IR   4572/ 12320|CodeSize   59364|Addr 0x0001259e2600|CompId 2783   |UTC 2026-09-23T07:35:13.490|Src /Users/runner/work/thc/thc/vendor/containers-0.8/src/Data/Map/Strict/Internal.hs:497 0x573a55c2
[engine] opt done   engine=1  id=22    lambda ww, ds2                                     |Tier 2|Time   288( 223+65  )ms|AST    2|Inlined  14Y  16N|IR   2089/  4802|CodeSize   24560|Addr 0x000125a0c040|CompId 2828   |UTC 2026-09-23T07:35:13.968|Src /Users/runner/work/thc/thc/vendor/containers-0.8/src/Data/Map/Strict/Internal.hs:649 0x573a55c2
[engine] opt done   engine=1  id=17    lambda def, ww, ds1                                |Tier 2|Time    19(  13+6   )ms|AST    2|Inlined   1Y   0N|IR    219/   377|CodeSize    1996|Addr 0x000125a1ee00|CompId 2885   |UTC 2026-09-23T07:35:14.144|Src /Users/runner/work/thc/thc/vendor/containers-0.8/src/Data/Map/Internal.hs:649 0xf2f99fe6
[engine] opt done   engine=1  id=18    lambda ww, ds                                      |Tier 2|Time    95(  49+46  )ms|AST    2|Inlined   5Y   1N|IR    658/  1021|CodeSize    4580|Addr 0x000125a22ec0|CompId 2900   |UTC 2026-09-23T07:35:14.333|Src /Users/runner/work/thc/thc/vendor/containers-0.8/src/Data/Map/Internal.hs:3426 0xf2f99fe6
[engine] opt done   engine=1  id=23    lambda ww                                          |Tier 2|Time  1628( 876+752 )ms|AST    2|Inlined  38Y  74N|IR   8054/ 26738|CodeSize  145616|Addr 0x000125a31f40|CompId 2907   |UTC 2026-09-23T07:35:16.015|Src n/a
[engine] opt deopt  engine=1  id=17    lambda def, ww, ds1                                |Invalidated false|                                                                                                            |UTC 2026-09-23T07:35:16.079|Src /Users/runner/work/thc/thc/vendor/containers-0.8/src/Data/Map/Internal.hs:649 0xf2f99fe6|Reason Unknown
[engine] opt deopt  engine=1  id=23    lambda ww                                          |Invalidated  true|                                                                                                            |UTC 2026-09-23T07:35:16.085|Src n/a|Reason uncommon trap
[engine] opt done   engine=1  id=23    lambda ww                                          |Tier 2|Time  1642( 891+751 )ms|AST    2|Inlined  37Y  77N|IR   8211/ 27307|CodeSize  147740|Addr 0x000125a68480|CompId 2937   |UTC 2026-09-23T07:35:17.728|Src n/a
[engine] opt done   engine=1  id=10    lambda k, x, l, r                                  |Tier 2|Time    28(  20+8   )ms|AST    2|Inlined   0Y   0N|IR    639/   589|CodeSize    2336|Addr 0x000125a8e4c0|CompId 2955   |UTC 2026-09-23T07:35:17.794|Src /Users/runner/work/thc/thc/vendor/containers-0.8/src/Data/Map/Internal.hs:4272 0xf2f99fe6
[engine] opt done   engine=1  id=15    lambda k, x, l, r                                  |Tier 2|Time  1219( 672+547 )ms|AST    2|Inlined  14Y  38N|IR   4425/ 11338|CodeSize   55184|Addr 0x000125a90500|CompId 2966   |UTC 2026-09-23T07:35:19.111|Src /Users/runner/work/thc/thc/vendor/containers-0.8/src/Data/Map/Internal.hs:4302 0xf2f99fe6
[engine] opt done   engine=1  id=26    lambda n                                           |Tier 2|Time  1391(1384+7   )ms|AST    2|Inlined   1Y   1N|IR    128/   255|CodeSize     864|Addr 0x000125aa0d80|CompId 3009   |UTC 2026-09-23T07:35:22.065|Src examples/THC/MapWorkload.hs:30 0xd633756a
PHASE WARM BEGIN
[engine] opt done   engine=1  id=92    org.graalvm.polyglot.Value<EntryValue>.execute     |Tier 2|Time  1444(1424+20  )ms|AST   10|Inlined   3Y   1N|IR    413/   947|CodeSize    4724|Addr 0x000125aa96c0|CompId 3102   |UTC 2026-09-23T07:36:03.515|Src n/a
PHASE WARM END calls=12032 elapsedNs=50228804500 checksum=678375231696
PHASE MEASURE 1 BEGIN
PHASE MEASURE 1 END
PHASE MEASURE 2 BEGIN
PHASE MEASURE 2 END
PHASE MEASURE 3 BEGIN
PHASE MEASURE 3 END
PHASE MEASURE 4 BEGIN
PHASE MEASURE 4 END
PHASE MEASURE 5 BEGIN
PHASE MEASURE 5 END
PHASE VERIFY BEGIN
PHASE VERIFY END guestLastTierInstalled=true
diagnostics={"backend":"bytecode","bytecodeRootCount":58,"sourceNotesEnabled":true,"sourceSpanCount":8656,"sourceRootCount":15,"localJoinCount":10,"localJoinTransfers":0,"instrumented":false,"thunkEvaluationsByLabel":{},"compiledEntries":0,"thunkEvaluations":0,"thunkHits":0,"blackholes":0,"directCacheMisses":0,"indirectCalls":0,"tailBounces":0,"selfTailReentries":0,"trampolineIterations":0,"papAllocations":0,"unsupportedPolicy":"diagnostic-traps","deferredUnsupported":["Unsupported constructor representation unboxed-tuple: ghc-internal:GHC.Internal.Types.(#,#)","Unresolved external binding ghc-internal:GHC.Internal.Stack.withFrozenCallStack1","Unresolved external binding ghc-internal:GHC.Internal.Exception.Backtrace.collectExceptionAnnotationMechanismRef","Unsupported primitive readMutVar#"],"unsupportedTraps":0,"frames":"Bytecode DSL primitive locals; selective StaticShape captures","stackPolicy":"tail-safe; non-tail calls and nested thunk forcing use host stack","threadPolicy":"single guest thread"}
