WARNING: A terminally deprecated method in sun.misc.Unsafe has been called
WARNING: sun.misc.Unsafe::objectFieldOffset has been called by com.oracle.truffle.runtime.hotspot.HotSpotTruffleRuntime (file:/Users/runner/work/thc/thc/work/ci-performance/frozen/current/lib/truffle-runtime-25.3.4.1.jar)
WARNING: Please consider reporting this to the maintainers of class com.oracle.truffle.runtime.hotspot.HotSpotTruffleRuntime
WARNING: sun.misc.Unsafe::objectFieldOffset will be removed in a future release
[To redirect Truffle log output to a file use one of the following options:
* '--log.file=<path>' if the option is passed using a guest language launcher.
* '-Dpolyglot.log.file=<path>' if the option is passed using the host Java launcher.
* Configure logging using the polyglot embedding API.]
[engine] opt done   engine=1  id=21    lambda sc, x, ds1                                  |Tier 2|Time  1244( 905+339 )ms|AST    2|Inlined  12Y  44N|IR   4325/ 10560|CodeSize   47060|Addr 0x0001194b8d40|CompId 2652   |UTC 2026-09-23T07:32:11.093|Src /Users/runner/work/thc/thc/vendor/containers-0.8/src/Data/Map/Strict/Internal.hs:497 0x573a55c2
[engine] opt done   engine=1  id=21    lambda sc, x, ds1                                  |Tier 2|Time   918( 610+307 )ms|AST    2|Inlined  12Y  44N|IR   4325/ 10560|CodeSize   47412|Addr 0x0001194dc240|CompId 2744   |UTC 2026-09-23T07:32:12.080|Src /Users/runner/work/thc/thc/vendor/containers-0.8/src/Data/Map/Strict/Internal.hs:497 0x573a55c2
[engine] opt done   engine=1  id=21    lambda sc, x, ds1                                  |Tier 2|Time   835( 565+270 )ms|AST    2|Inlined  12Y  44N|IR   4325/ 10560|CodeSize   47412|Addr 0x0001194e9ac0|CompId 2779   |UTC 2026-09-23T07:32:12.920|Src /Users/runner/work/thc/thc/vendor/containers-0.8/src/Data/Map/Strict/Internal.hs:497 0x573a55c2
[engine] opt inval. engine=1  id=21    lambda sc, x, ds1                                                                                                                                                                 |UTC 2026-09-23T07:32:12.947|Src /Users/runner/work/thc/thc/vendor/containers-0.8/src/Data/Map/Strict/Internal.hs:497 0x573a55c2|Reason validRootAssumption local tags updated
[engine] opt inval. engine=1  id=21    lambda sc, x, ds1                                                                                                                                                                 |UTC 2026-09-23T07:32:12.950|Src /Users/runner/work/thc/thc/vendor/containers-0.8/src/Data/Map/Strict/Internal.hs:497 0x573a55c2|Reason validRootAssumption local tags updated
[engine] opt inval. engine=1  id=21    lambda sc, x, ds1                                                                                                                                                                 |UTC 2026-09-23T07:32:12.952|Src /Users/runner/work/thc/thc/vendor/containers-0.8/src/Data/Map/Strict/Internal.hs:497 0x573a55c2|Reason validRootAssumption local tags updated
[engine] opt deopt  engine=1  id=21    lambda sc, x, ds1                                  |Invalidated  true|                                                                                                            |UTC 2026-09-23T07:32:12.954|Src /Users/runner/work/thc/thc/vendor/containers-0.8/src/Data/Map/Strict/Internal.hs:497 0x573a55c2|Reason uncommon trap
[engine] opt deopt  engine=1  id=21    lambda sc, x, ds1                                  |Invalidated  true|                                                                                                            |UTC 2026-09-23T07:32:12.955|Src /Users/runner/work/thc/thc/vendor/containers-0.8/src/Data/Map/Strict/Internal.hs:497 0x573a55c2|Reason uncommon trap
[engine] opt deopt  engine=1  id=21    lambda sc, x, ds1                                  |Invalidated  true|                                                                                                            |UTC 2026-09-23T07:32:12.955|Src /Users/runner/work/thc/thc/vendor/containers-0.8/src/Data/Map/Strict/Internal.hs:497 0x573a55c2|Reason uncommon trap
[engine] opt deopt  engine=1  id=21    lambda sc, x, ds1                                  |Invalidated  true|                                                                                                            |UTC 2026-09-23T07:32:12.957|Src /Users/runner/work/thc/thc/vendor/containers-0.8/src/Data/Map/Strict/Internal.hs:497 0x573a55c2|Reason uncommon trap
[engine] opt deopt  engine=1  id=21    lambda sc, x, ds1                                  |Invalidated  true|                                                                                                            |UTC 2026-09-23T07:32:12.957|Src /Users/runner/work/thc/thc/vendor/containers-0.8/src/Data/Map/Strict/Internal.hs:497 0x573a55c2|Reason uncommon trap
[engine] opt deopt  engine=1  id=21    lambda sc, x, ds1                                  |Invalidated  true|                                                                                                            |UTC 2026-09-23T07:32:12.957|Src /Users/runner/work/thc/thc/vendor/containers-0.8/src/Data/Map/Strict/Internal.hs:497 0x573a55c2|Reason uncommon trap
[engine] opt done   engine=1  id=21    lambda sc, x, ds1                                  |Tier 2|Time   851( 540+311 )ms|AST    2|Inlined  12Y  44N|IR   4572/ 12299|CodeSize   59136|Addr 0x0001194f9dc0|CompId 2816   |UTC 2026-09-23T07:32:13.809|Src /Users/runner/work/thc/thc/vendor/containers-0.8/src/Data/Map/Strict/Internal.hs:497 0x573a55c2
[engine] opt done   engine=1  id=22    lambda ww, ds2                                     |Tier 2|Time   280( 215+66  )ms|AST    2|Inlined  14Y  16N|IR   2089/  4991|CodeSize   25220|Addr 0x0001195210c0|CompId 2858   |UTC 2026-09-23T07:32:14.232|Src /Users/runner/work/thc/thc/vendor/containers-0.8/src/Data/Map/Strict/Internal.hs:649 0x573a55c2
[engine] opt done   engine=1  id=17    lambda def, ww, ds1                                |Tier 2|Time    38(  26+12  )ms|AST    2|Inlined   1Y   0N|IR    219/   395|CodeSize    2024|Addr 0x000119534600|CompId 2908   |UTC 2026-09-23T07:32:14.458|Src /Users/runner/work/thc/thc/vendor/containers-0.8/src/Data/Map/Internal.hs:649 0xf2f99fe6
[engine] opt done   engine=1  id=18    lambda ww, ds                                      |Tier 2|Time    88(  51+37  )ms|AST    2|Inlined   5Y   1N|IR    658/  1085|CodeSize    4708|Addr 0x000119538880|CompId 2928   |UTC 2026-09-23T07:32:14.663|Src /Users/runner/work/thc/thc/vendor/containers-0.8/src/Data/Map/Internal.hs:3426 0xf2f99fe6
[engine] opt done   engine=1  id=23    lambda ww                                          |Tier 2|Time  1622( 984+638 )ms|AST    2|Inlined  38Y  74N|IR   8054/ 26342|CodeSize  141204|Addr 0x0001195517c0|CompId 2937   |UTC 2026-09-23T07:32:16.339|Src n/a
[engine] opt deopt  engine=1  id=17    lambda def, ww, ds1                                |Invalidated false|                                                                                                            |UTC 2026-09-23T07:32:16.391|Src /Users/runner/work/thc/thc/vendor/containers-0.8/src/Data/Map/Internal.hs:649 0xf2f99fe6|Reason Unknown
[engine] opt deopt  engine=1  id=23    lambda ww                                          |Invalidated  true|                                                                                                            |UTC 2026-09-23T07:32:16.398|Src n/a|Reason uncommon trap
[engine] opt done   engine=1  id=23    lambda ww                                          |Tier 2|Time  1399( 637+762 )ms|AST    2|Inlined  37Y  77N|IR   8211/ 26892|CodeSize  145116|Addr 0x000119579e40|CompId 2962   |UTC 2026-09-23T07:32:17.798|Src n/a
[engine] opt done   engine=1  id=10    lambda k, x, l, r                                  |Tier 2|Time    29(  21+7   )ms|AST    2|Inlined   0Y   0N|IR    639/   588|CodeSize    2292|Addr 0x00011959f140|CompId 2979   |UTC 2026-09-23T07:32:17.859|Src /Users/runner/work/thc/thc/vendor/containers-0.8/src/Data/Map/Internal.hs:4272 0xf2f99fe6
[engine] opt done   engine=1  id=15    lambda k, x, l, r                                  |Tier 2|Time  1151( 645+506 )ms|AST    2|Inlined  14Y  38N|IR   4425/ 11236|CodeSize   55296|Addr 0x0001195a1600|CompId 2990   |UTC 2026-09-23T07:32:19.132|Src /Users/runner/work/thc/thc/vendor/containers-0.8/src/Data/Map/Internal.hs:4302 0xf2f99fe6
[engine] opt done   engine=1  id=26    lambda n                                           |Tier 2|Time  1274(1268+6   )ms|AST    2|Inlined   1Y   1N|IR    128/   261|CodeSize     880|Addr 0x0001195b0d40|CompId 3027   |UTC 2026-09-23T07:32:21.673|Src examples/THC/MapWorkload.hs:30 0xd633756a
PHASE WARM BEGIN
[engine] opt done   engine=1  id=92    org.graalvm.polyglot.Value<EntryValue>.execute     |Tier 2|Time  1446(1425+21  )ms|AST   10|Inlined   3Y   1N|IR    413/   910|CodeSize    4608|Addr 0x0001195bbb00|CompId 3117   |UTC 2026-09-23T07:32:58.671|Src n/a
PHASE WARM END calls=12032 elapsedNs=45733036541 checksum=678375231696
PHASE MEASURE 1 BEGIN
PHASE MEASURE 1 END
PHASE MEASURE 2 BEGIN
PHASE MEASURE 2 END
PHASE MEASURE 3 BEGIN
PHASE MEASURE 3 END
PHASE MEASURE 4 BEGIN
PHASE MEASURE 4 END
PHASE MEASURE 5 BEGIN
PHASE MEASURE 5 END
PHASE VERIFY BEGIN
PHASE VERIFY END guestLastTierInstalled=true
diagnostics={"backend":"bytecode","bytecodeRootCount":58,"sourceNotesEnabled":true,"sourceSpanCount":8656,"sourceRootCount":15,"localJoinCount":10,"localJoinTransfers":0,"instrumented":false,"thunkEvaluationsByLabel":{},"compiledEntries":0,"thunkEvaluations":0,"thunkHits":0,"blackholes":0,"directCacheMisses":0,"indirectCalls":0,"tailBounces":0,"selfTailReentries":0,"trampolineIterations":0,"papAllocations":0,"unsupportedPolicy":"diagnostic-traps","deferredUnsupported":["Unsupported constructor representation unboxed-tuple: ghc-internal:GHC.Internal.Types.(#,#)","Unresolved external binding ghc-internal:GHC.Internal.Stack.withFrozenCallStack1","Unresolved external binding ghc-internal:GHC.Internal.Exception.Backtrace.collectExceptionAnnotationMechanismRef","Unsupported primitive readMutVar#"],"unsupportedTraps":0,"frames":"Bytecode DSL primitive locals; selective StaticShape captures","stackPolicy":"tail-safe; non-tail calls and nested thunk forcing use host stack","threadPolicy":"single guest thread"}
