WARNING: A terminally deprecated method in sun.misc.Unsafe has been called
WARNING: sun.misc.Unsafe::objectFieldOffset has been called by com.oracle.truffle.runtime.hotspot.HotSpotTruffleRuntime (file:/Users/ekmett/thc/work/candidates/map-bloom-headers-pe-constant/runtime/lib/truffle-runtime-25.3.4.1.jar)
WARNING: Please consider reporting this to the maintainers of class com.oracle.truffle.runtime.hotspot.HotSpotTruffleRuntime
WARNING: sun.misc.Unsafe::objectFieldOffset will be removed in a future release
VERIFIED_MAP	before-requested-compilation	-3	0
VERIFIED_MAP	before-requested-compilation	0	0
VERIFIED_MAP	before-requested-compilation	1	59
VERIFIED_MAP	before-requested-compilation	2	3811
VERIFIED_MAP	before-requested-compilation	3	7160
VERIFIED_MAP	before-requested-compilation	4	10512
VERIFIED_MAP	before-requested-compilation	7	16932
VERIFIED_MAP	before-requested-compilation	15	65471
VERIFIED_MAP	before-requested-compilation	16	71366
VERIFIED_MAP	before-requested-compilation	31	143361
VERIFIED_MAP	before-requested-compilation	100	573630
[To redirect Truffle log output to a file use one of the following options:
* '--log.file=<path>' if the option is passed using a guest language launcher.
* '-Dpolyglot.log.file=<path>' if the option is passed using the host Java launcher.
* Configure logging using the polyglot embedding API.]
[engine] opt done   engine=1  id=21    lambda sc, x, ds1                                  |Tier 2|Time   553( 288+265 )ms|AST  772|Inlined   9Y  21N|IR   5853/ 11037|CodeSize   50108|Addr 0x000142250d80|CompId 2360   |UTC 2026-09-22T18:31:44.460|Src n/a
[engine] opt done   engine=1  id=17    lambda def, ww, ds1                                |Tier 2|Time    54(  23+31  )ms|AST  167|Inlined   2Y   0N|IR   1091/  2115|CodeSize   10380|Addr 0x00014226c1c0|CompId 2480   |UTC 2026-09-22T18:31:44.541|Src n/a
VERIFIED_MAP	before-requested-compilation	1024	5779685
[engine] opt done   engine=1  id=22    lambda ww, ds2                                     |Tier 2|Time   161(  61+100 )ms|AST  327|Inlined   6Y   8N|IR   2771/  7117|CodeSize   29612|Addr 0x00014227fe40|CompId 2510   |UTC 2026-09-22T18:31:44.718|Src n/a
VERIFIED_MAP	before-requested-compilation	4095	23067517
[engine] opt done   engine=1  id=18    lambda ww, ds                                      |Tier 2|Time   378( 184+194 )ms|AST  183|Inlined  11Y  17N|IR   4868/ 10393|CodeSize   46228|Addr 0x000142291100|CompId 2536   |UTC 2026-09-22T18:31:45.127|Src n/a
VERIFIED_MAP	before-requested-compilation	4096	23069687
[engine] opt done   engine=1  id=35    argument thunk                                     |Tier 2|Time   455( 200+255 )ms|AST  104|Inlined  12Y  19N|IR   6618/ 12377|CodeSize   53048|Addr 0x00014229d900|CompId 2553   |UTC 2026-09-22T18:31:45.590|Src n/a
[engine] opt deopt  engine=1  id=21    lambda sc, x, ds1                                  |Invalidated  true|                                                                                                            |UTC 2026-09-22T18:31:45.596|Src n/a|Reason uncommon trap
[engine] opt deopt  engine=1  id=21    lambda sc, x, ds1                                  |Invalidated  true|                                                                                                            |UTC 2026-09-22T18:31:45.597|Src n/a|Reason uncommon trap
VERIFIED_MAP	before-requested-compilation	4097	23069746
[engine] opt done   engine=1  id=36    lambda x, v                                        |Tier 2|Time   374( 182+191 )ms|AST  139|Inlined  10Y  16N|IR   4390/ 11610|CodeSize   53136|Addr 0x0001422aca80|CompId 2575   |UTC 2026-09-22T18:31:45.976|Src n/a
[engine] opt done   engine=1  id=21    lambda sc, x, ds1                                  |Tier 2|Time   421( 176+246 )ms|AST  772|Inlined   9Y  21N|IR   6500/ 13708|CodeSize   59700|Addr 0x0001422bac00|CompId 2590   |UTC 2026-09-22T18:31:46.399|Src n/a
[engine] opt done   engine=1  id=26    lambda x, ww                                       |Tier 2|Time   220(  54+166 )ms|AST  266|Inlined  20Y   0N|IR   5532/ 10796|CodeSize   52900|Addr 0x0001422cac00|CompId 2605   |UTC 2026-09-22T18:31:46.631|Src n/a
VERIFIED_MAP	before-requested-compilation	10000	56348923
[engine] opt done   engine=1  id=10    lambda k, x, l, r                                  |Tier 2|Time    20(   7+13  )ms|AST 2557|Inlined   0Y   0N|IR    797/  1562|CodeSize    6528|Addr 0x0001422d8f80|CompId 2612   |UTC 2026-09-22T18:31:46.659|Src n/a
[engine] opt done   engine=1  id=30    argument thunk                                     |Tier 2|Time   136(  34+102 )ms|AST  103|Inlined   7Y   8N|IR   2911/  7456|CodeSize   30248|Addr 0x0001422daec0|CompId 2613   |UTC 2026-09-22T18:31:46.813|Src n/a
VERIFIED_MAP	before-requested-compilation	65536	370634752
[engine] opt done   engine=1  id=31    lambda x, v                                        |Tier 2|Time   616( 199+417 )ms|AST  141|Inlined  22Y  28N|IR   8983/ 21031|CodeSize   95660|Addr 0x0001422e2d00|CompId 2623   |UTC 2026-09-22T18:31:47.477|Src n/a
VERIFIED_MAP	before-requested-compilation	100000	566683714
[engine] opt done   engine=1  id=40    lambda n                                           |Tier 2|Time   382( 375+7   )ms|AST   42|Inlined   3Y   3N|IR    343/   840|CodeSize    3556|Addr 0x0001422fc580|CompId 2646   |UTC 2026-09-22T18:31:47.887|Src n/a
VERIFIED_MAP	after-requested-compilation	-3	0
VERIFIED_MAP	after-requested-compilation	0	0
VERIFIED_MAP	after-requested-compilation	1	59
VERIFIED_MAP	after-requested-compilation	2	3811
VERIFIED_MAP	after-requested-compilation	3	7160
VERIFIED_MAP	after-requested-compilation	4	10512
VERIFIED_MAP	after-requested-compilation	7	16932
VERIFIED_MAP	after-requested-compilation	15	65471
VERIFIED_MAP	after-requested-compilation	16	71366
VERIFIED_MAP	after-requested-compilation	31	143361
VERIFIED_MAP	after-requested-compilation	100	573630
VERIFIED_MAP	after-requested-compilation	1024	5779685
VERIFIED_MAP	after-requested-compilation	4095	23067517
VERIFIED_MAP	after-requested-compilation	4096	23069687
VERIFIED_MAP	after-requested-compilation	4097	23069746
VERIFIED_MAP	after-requested-compilation	10000	56348923
VERIFIED_MAP	after-requested-compilation	65536	370634752
VERIFIED_MAP	after-requested-compilation	100000	566683714
MAP_DIAGNOSTICS {"instrumented":true,"thunkEvaluationsByLabel":{"lvl":3,"argument thunk":502086},"compiledEntries":6413364,"thunkEvaluations":502089,"thunkHits":977357,"blackholes":0,"directCacheMisses":50,"indirectCalls":0,"tailBounces":5032652,"papAllocations":0,"unsupportedPolicy":"diagnostic-traps","deferredUnsupported":["Unsupported constructor representation unboxed-tuple: ghc-internal:GHC.Internal.Types.(#,#)","Unresolved external binding ghc-internal:GHC.Internal.Stack.withFrozenCallStack1","Unresolved external binding ghc-internal:GHC.Internal.Exception.Backtrace.collectExceptionAnnotationMechanismRef"],"unsupportedTraps":0,"frames":"indexed primitive slots; selective StaticShape captures","stackPolicy":"tail-safe; non-tail calls and nested thunk forcing use host stack","threadPolicy":"single guest thread"}
