WARNING: A terminally deprecated method in sun.misc.Unsafe has been called
WARNING: sun.misc.Unsafe::objectFieldOffset has been called by com.oracle.truffle.runtime.hotspot.HotSpotTruffleRuntime (file:<repository>/build/install/thc/lib/truffle-runtime-25.3.4.1.jar)
WARNING: Please consider reporting this to the maintainers of class com.oracle.truffle.runtime.hotspot.HotSpotTruffleRuntime
WARNING: sun.misc.Unsafe::objectFieldOffset will be removed in a future release
[To redirect Truffle log output to a file use one of the following options:
* '--log.file=<path>' if the option is passed using a guest language launcher.
* '-Dpolyglot.log.file=<path>' if the option is passed using the host Java launcher.
* Configure logging using the polyglot embedding API.]
Dumping IGV graphs in <repository>/work/graphs/map-final
[engine] opt done   engine=1  id=21    lambda sc, x, ds1                                  |Tier 2|Time  8233( 455+7777)ms|AST  772|Inlined   9Y  21N|IR   5760/ 11685|CodeSize   54284|Addr 0x00013fbbcb80|CompId 2249   |UTC 2026-09-22T17:39:50.908|Src n/a
[engine] opt deopt  engine=1  id=21    lambda sc, x, ds1                                  |Invalidated  true|                                                                                                            |UTC 2026-09-22T17:39:50.933|Src n/a|Reason uncommon trap
[engine] opt deopt  engine=1  id=21    lambda sc, x, ds1                                  |Invalidated  true|                                                                                                            |UTC 2026-09-22T17:39:50.934|Src n/a|Reason uncommon trap
Dumping IGV graphs in <repository>/work/graphs/map-final
[engine] opt done   engine=1  id=21    lambda sc, x, ds1                                  |Tier 2|Time  8989( 463+8526)ms|AST  772|Inlined   9Y  21N|IR   6279/ 13687|CodeSize   63060|Addr 0x00013fc05e00|CompId 2568   |UTC 2026-09-22T17:39:59.923|Src n/a
Dumping IGV graphs in <repository>/work/graphs/map-final
[engine] opt done   engine=1  id=22    lambda ww, ds2                                     |Tier 2|Time  3083( 107+2976)ms|AST  327|Inlined   6Y   8N|IR   2722/  7244|CodeSize   31168|Addr 0x00013fc2adc0|CompId 2708   |UTC 2026-09-22T17:40:03.053|Src n/a
Dumping IGV graphs in <repository>/work/graphs/map-final
[engine] opt done   engine=1  id=17    lambda def, ww, ds1                                |Tier 2|Time   328(  39+288 )ms|AST  167|Inlined   2Y   0N|IR    806/  1558|CodeSize    7512|Addr 0x00013fc423c0|CompId 2757   |UTC 2026-09-22T17:40:03.428|Src n/a
[engine] opt done   engine=1  id=35    argument thunk                                     |Tier 2|Time  7020( 374+6646)ms|AST  104|Inlined   8Y  14N|IR   4857/ 10166|CodeSize   43764|Addr 0x00013fc4c6c0|CompId 2767   |UTC 2026-09-22T17:40:10.466|Src n/a
[engine] opt done   engine=1  id=18    lambda ww, ds                                      |Tier 2|Time  7195( 276+6918)ms|AST  181|Inlined  14Y  16N|IR   5670/ 13025|CodeSize   63588|Addr 0x00013fc5ed80|CompId 2794   |UTC 2026-09-22T17:40:18.021|Src n/a
Dumping IGV graphs in <repository>/work/graphs/map-final
[engine] opt done   engine=1  id=36    lambda x, v                                        |Tier 2|Time  4493( 527+3967)ms|AST  139|Inlined  10Y  14N|IR   4038/ 10404|CodeSize   48988|Addr 0x00013fc6f400|CompId 2798   |UTC 2026-09-22T17:40:22.563|Src n/a
Dumping IGV graphs in <repository>/work/graphs/map-final
[engine] opt done   engine=1  id=26    lambda x, ww                                       |Tier 2|Time  2547( 131+2416)ms|AST  266|Inlined  18Y   0N|IR   4086/  7527|CodeSize   34952|Addr 0x00013fc7c1c0|CompId 2813   |UTC 2026-09-22T17:40:25.146|Src n/a
[engine] opt done   engine=1  id=10    lambda k, x, l, r                                  |Tier 2|Time   500(  15+484 )ms|AST 2557|Inlined   0Y   0N|IR    788/  1589|CodeSize    6740|Addr 0x00013fc857c0|CompId 2816   |UTC 2026-09-22T17:40:25.677|Src n/a
[engine] opt done   engine=1  id=30    argument thunk                                     |Tier 2|Time  3734(  94+3640)ms|AST  103|Inlined   7Y   8N|IR   2855/  7585|CodeSize   31884|Addr 0x00013fc8cd40|CompId 2821   |UTC 2026-09-22T17:40:29.440|Src n/a
[engine] opt done   engine=1  id=31    lambda x, v                                        |Tier 2|Time 12341( 490+11851)ms|AST  141|Inlined  25Y  31N|IR   9324/ 23439|CodeSize  111716|Addr 0x00013fc9a2c0|CompId 2829   |UTC 2026-09-22T17:40:41.823|Src n/a
Dumping IGV graphs in <repository>/work/graphs/map-final
[engine] opt done   engine=1  id=15    lambda k, x, l, r                                  |Tier 2|Time  8198( 371+7827)ms|AST 2559|Inlined   7Y  16N|IR   5678/ 12603|CodeSize   52944|Addr 0x00013fcb70c0|CompId 2844   |UTC 2026-09-22T17:40:50.315|Src n/a
Dumping IGV graphs in <repository>/work/graphs/map-final
[engine] opt done   engine=1  id=40    lambda n                                           |Tier 2|Time   659( 498+161 )ms|AST   42|Inlined   2Y   1N|IR    178/   767|CodeSize    3172|Addr 0x00013fcc5780|CompId 2880   |UTC 2026-09-22T17:40:51.710|Src n/a
PHASE WARM BEGIN
PHASE WARM END calls=3328 elapsedNs=10179513792 checksum=187635702384
PHASE MEASURE 1 BEGIN
PHASE MEASURE 1 END
PHASE VERIFY BEGIN
PHASE VERIFY END guestLastTierInstalled=true
diagnostics={"instrumented":false,"thunkEvaluationsByLabel":{},"compiledEntries":0,"thunkEvaluations":0,"thunkHits":0,"blackholes":0,"directCacheMisses":0,"indirectCalls":0,"tailBounces":0,"papAllocations":0,"unsupportedPolicy":"diagnostic-traps","deferredUnsupported":["Unsupported constructor representation unboxed-tuple: ghc-internal:GHC.Internal.Types.(#,#)","Unresolved external binding ghc-internal:GHC.Internal.Stack.withFrozenCallStack1","Unresolved external binding ghc-internal:GHC.Internal.Exception.Backtrace.collectExceptionAnnotationMechanismRef"],"unsupportedTraps":0,"frames":"indexed primitive slots; selective StaticShape captures","stackPolicy":"tail-safe; non-tail calls and nested thunk forcing use host stack","threadPolicy":"single guest thread"}
