To honour the JVM settings for this build a single-use Daemon process will be forked. For more on this, please refer to https://docs.gradle.org/9.7.1/userguide/gradle_daemon.html#sec:disabling_the_daemon in the Gradle documentation.
Daemon will be stopped at the end of the build 
> Task :checkKotlinGradlePluginConfigurationErrors SKIPPED
> Task :processResources UP-TO-DATE
> Task :processTestResources NO-SOURCE
> Task :kaptGenerateStubsKotlin

> Task :kaptKotlin
/home/ekmett/ai/thc-pinned-addresses-01a0cdeb/build/tmp/kapt3/stubs/main/thc/runtime/BloomValue.java:7: warning: This node is a candidate for node object inlining. The memory footprint is estimated to be reduced from 24 to 5 byte(s). Add @GenerateInline(true) to enable object inlining for this node or @GenerateInline(false) to disable this warning. Also consider disabling cached node generation with @GenerateCached(false) if all usages will be inlined. This warning may be suppressed using @SuppressWarnings("truffle-inlining").
public abstract class BloomValue extends com.oracle.truffle.api.nodes.Node {
                ^
/home/ekmett/ai/thc-pinned-addresses-01a0cdeb/build/tmp/kapt3/stubs/main/thc/runtime/BloomValue.java:20: warning: The @Cached(neverDefault=true|false) property is not needed to be set. Remove the property to resolve this warning. This warning may be suppressed using @SuppressWarnings("truffle-unused").
    long cachedMask, @com.oracle.truffle.api.dsl.Cached(value = "box(cachedMask)", neverDefault = true)
                                                                                                  ^
/home/ekmett/ai/thc-pinned-addresses-01a0cdeb/build/tmp/kapt3/stubs/main/thc/runtime/Dispatch.java:105: warning: For this specialization with inlined cache parameters it is recommended to use the static modifier. The method should be static to avoid accidently passing the wrong node parameter to inlined cached nodes. To resolve this add the static keyword to the specialization method.  This warning may be suppressed using @SuppressWarnings("truffle-static-method").
    @com.oracle.truffle.api.dsl.Specialization(guards = {"function.arity < argsSize"}, replaces = {"directOverapplied"})
    ^
/home/ekmett/ai/thc-pinned-addresses-01a0cdeb/src/main/java/thc/runtime/BytecodeRoot.java:1262: warning: Bind expression '$node' is redundant and can be automatically be resolved from the parameter type. Remove the expression to resolve this warning. This warning may be suppressed using @SuppressWarnings("truffle-unused").
                LocalAccessor third, LocalAccessor fourth, Word32X4 value, @Bind("$node") Node node) {
                                                                           ^
/home/ekmett/ai/thc-pinned-addresses-01a0cdeb/src/main/java/thc/runtime/BytecodeRoot.java:581: warning: This operation supports uncached execution, so forcing cached is not necessary. Remove the forceCached attribute to resolve this warning. This warning may be suppressed using @SuppressWarnings("truffle-force-cached").
    @Operation(forceCached = true)
                             ^
/home/ekmett/ai/thc-pinned-addresses-01a0cdeb/src/main/java/thc/runtime/BytecodeRoot.java:591: warning: Bind expression '$node' is redundant and can be automatically be resolved from the parameter type. Remove the expression to resolve this warning. This warning may be suppressed using @SuppressWarnings("truffle-unused").
                @Bind("$node") Node node,
                ^
/home/ekmett/ai/thc-pinned-addresses-01a0cdeb/src/main/java/thc/runtime/BytecodeRoot.java:601: warning: Bind expression '$node' is redundant and can be automatically be resolved from the parameter type. Remove the expression to resolve this warning. This warning may be suppressed using @SuppressWarnings("truffle-unused").
                @Bind("$node") Node node) {
                ^
/home/ekmett/ai/thc-pinned-addresses-01a0cdeb/src/main/java/thc/runtime/BytecodeRoot.java:487: warning: Bind expression '$node' is redundant and can be automatically be resolved from the parameter type. Remove the expression to resolve this warning. This warning may be suppressed using @SuppressWarnings("truffle-unused").
                @Bind("$node") Node node) {
                ^
/home/ekmett/ai/thc-pinned-addresses-01a0cdeb/src/main/java/thc/runtime/BytecodeRoot.java:1346: warning: Bind expression '$node' is redundant and can be automatically be resolved from the parameter type. Remove the expression to resolve this warning. This warning may be suppressed using @SuppressWarnings("truffle-unused").
                LocalAccessor seventh, LocalAccessor eighth, Int16X8 value, @Bind("$node") Node node) {
                                                                            ^
/home/ekmett/ai/thc-pinned-addresses-01a0cdeb/src/main/java/thc/runtime/BytecodeRoot.java:324: warning: Bind expression '$node' is redundant and can be automatically be resolved from the parameter type. Remove the expression to resolve this warning. This warning may be suppressed using @SuppressWarnings("truffle-unused").
                TailCall transfer, @Bind("$node") Node node) {
                                   ^
/home/ekmett/ai/thc-pinned-addresses-01a0cdeb/src/main/java/thc/runtime/BytecodeRoot.java:336: warning: Bind expression '$node' is redundant and can be automatically be resolved from the parameter type. Remove the expression to resolve this warning. This warning may be suppressed using @SuppressWarnings("truffle-unused").
                Metrics metrics, Closure function, @Bind("$node") Node node,
                                                   ^
/home/ekmett/ai/thc-pinned-addresses-01a0cdeb/src/main/java/thc/runtime/BytecodeRoot.java:525: warning: Bind expression '$node' is redundant and can be automatically be resolved from the parameter type. Remove the expression to resolve this warning. This warning may be suppressed using @SuppressWarnings("truffle-unused").
                @Bind("$node") Node node,
                ^
/home/ekmett/ai/thc-pinned-addresses-01a0cdeb/src/main/java/thc/runtime/BytecodeRoot.java:360: warning: Bind expression '$node' is redundant and can be automatically be resolved from the parameter type. Remove the expression to resolve this warning. This warning may be suppressed using @SuppressWarnings("truffle-unused").
                BytecodeTupleSlots destination, boolean tail, Metrics metrics, Closure function, @Bind("$node") Node node,
                                                                                                 ^
/home/ekmett/ai/thc-pinned-addresses-01a0cdeb/src/main/java/thc/runtime/BytecodeRoot.java:799: warning: Bind expression '$node' is redundant and can be automatically be resolved from the parameter type. Remove the expression to resolve this warning. This warning may be suppressed using @SuppressWarnings("truffle-unused").
                Object reference, long offset, long count, Object state, @Bind("$node") Node node) {
                                                                         ^
/home/ekmett/ai/thc-pinned-addresses-01a0cdeb/src/main/java/thc/runtime/BytecodeRoot.java:774: warning: Bind expression '$node' is redundant and can be automatically be resolved from the parameter type. Remove the expression to resolve this warning. This warning may be suppressed using @SuppressWarnings("truffle-unused").
                Object reference, Object state, @Bind("$node") Node node) {
                                                ^
/home/ekmett/ai/thc-pinned-addresses-01a0cdeb/src/main/java/thc/runtime/BytecodeRoot.java:833: warning: Bind expression '$node' is redundant and can be automatically be resolved from the parameter type. Remove the expression to resolve this warning. This warning may be suppressed using @SuppressWarnings("truffle-unused").
                Object value, Object state, @Bind("$node") Node node) {
                                            ^
/home/ekmett/ai/thc-pinned-addresses-01a0cdeb/src/main/java/thc/runtime/BytecodeRoot.java:728: warning: Bind expression '$node' is redundant and can be automatically be resolved from the parameter type. Remove the expression to resolve this warning. This warning may be suppressed using @SuppressWarnings("truffle-unused").
                Object value, Object state, @Bind("$node") Node node) {
                                            ^
/home/ekmett/ai/thc-pinned-addresses-01a0cdeb/src/main/java/thc/runtime/BytecodeRoot.java:911: warning: Bind expression '$node' is redundant and can be automatically be resolved from the parameter type. Remove the expression to resolve this warning. This warning may be suppressed using @SuppressWarnings("truffle-unused").
                Object value, long index, Object state, @Bind("$node") Node node) {
                                                        ^
/home/ekmett/ai/thc-pinned-addresses-01a0cdeb/src/main/java/thc/runtime/BytecodeRoot.java:467: warning: Bind expression '$node' is redundant and can be automatically be resolved from the parameter type. Remove the expression to resolve this warning. This warning may be suppressed using @SuppressWarnings("truffle-unused").
                Closure function, @Variadic Object[] arguments, @Bind("$node") Node node,
                                                                ^
/home/ekmett/ai/thc-pinned-addresses-01a0cdeb/src/main/java/thc/runtime/BytecodeRoot.java:1448: warning: Bind expression '$node' is redundant and can be automatically be resolved from the parameter type. Remove the expression to resolve this warning. This warning may be suppressed using @SuppressWarnings("truffle-unused").
        @Specialization public static void unpack(VirtualFrame frame, LocalAccessor first, LocalAccessor second, DoubleX2 value, @Bind("$node") Node node) {
                                                                                                                                 ^
/home/ekmett/ai/thc-pinned-addresses-01a0cdeb/src/main/java/thc/runtime/BytecodeRoot.java:747: warning: Bind expression '$node' is redundant and can be automatically be resolved from the parameter type. Remove the expression to resolve this warning. This warning may be suppressed using @SuppressWarnings("truffle-unused").
                long size, Object initial, Object state, @Bind("$node") Node node) {
                                                         ^
/home/ekmett/ai/thc-pinned-addresses-01a0cdeb/src/main/java/thc/runtime/BytecodeRoot.java:812: warning: Bind expression '$node' is redundant and can be automatically be resolved from the parameter type. Remove the expression to resolve this warning. This warning may be suppressed using @SuppressWarnings("truffle-unused").
                long size, Object state, @Bind("$node") Node node) {
                                         ^
/home/ekmett/ai/thc-pinned-addresses-01a0cdeb/src/main/java/thc/runtime/BytecodeRoot.java:784: warning: Bind expression '$node' is redundant and can be automatically be resolved from the parameter type. Remove the expression to resolve this warning. This warning may be suppressed using @SuppressWarnings("truffle-unused").
                Object reference, long index, @Bind("$node") Node node) {
                                              ^
/home/ekmett/ai/thc-pinned-addresses-01a0cdeb/src/main/java/thc/runtime/BytecodeRoot.java:1006: warning: Bind expression '$node' is redundant and can be automatically be resolved from the parameter type. Remove the expression to resolve this warning. This warning may be suppressed using @SuppressWarnings("truffle-unused").
                Object value, long index, Object state, @Bind("$node") Node node) {
                                                        ^
/home/ekmett/ai/thc-pinned-addresses-01a0cdeb/src/main/java/thc/runtime/BytecodeRoot.java:430: warning: Bind expression '$node' is redundant and can be automatically be resolved from the parameter type. Remove the expression to resolve this warning. This warning may be suppressed using @SuppressWarnings("truffle-unused").
                Closure function, @Variadic Object[] arguments, @Bind("$node") Node node,
                                                                ^
/home/ekmett/ai/thc-pinned-addresses-01a0cdeb/src/main/java/thc/runtime/BytecodeRoot.java:719: warning: Bind expression '$node' is redundant and can be automatically be resolved from the parameter type. Remove the expression to resolve this warning. This warning may be suppressed using @SuppressWarnings("truffle-unused").
                Object value, Object state, @Bind("$node") Node node) {
                                            ^
/home/ekmett/ai/thc-pinned-addresses-01a0cdeb/src/main/java/thc/runtime/BytecodeRoot.java:693: warning: Bind expression '$node' is redundant and can be automatically be resolved from the parameter type. Remove the expression to resolve this warning. This warning may be suppressed using @SuppressWarnings("truffle-unused").
        @Specialization public static Object raise(Object payload, @Bind("$node") Node node) {
                                                                   ^
/home/ekmett/ai/thc-pinned-addresses-01a0cdeb/src/main/java/thc/runtime/BytecodeRoot.java:1418: warning: Bind expression '$node' is redundant and can be automatically be resolved from the parameter type. Remove the expression to resolve this warning. This warning may be suppressed using @SuppressWarnings("truffle-unused").
                LocalAccessor third, LocalAccessor fourth, FloatX4 value, @Bind("$node") Node node) {
                                                                          ^
/home/ekmett/ai/thc-pinned-addresses-01a0cdeb/src/main/java/thc/runtime/BytecodeRoot.java:551: warning: Bind expression '$node' is redundant and can be automatically be resolved from the parameter type. Remove the expression to resolve this warning. This warning may be suppressed using @SuppressWarnings("truffle-unused").
                @Bind("$node") Node node,
                ^
/home/ekmett/ai/thc-pinned-addresses-01a0cdeb/src/main/java/thc/runtime/BytecodeRoot.java:892: warning: Bind expression '$node' is redundant and can be automatically be resolved from the parameter type. Remove the expression to resolve this warning. This warning may be suppressed using @SuppressWarnings("truffle-unused").
                Object value, long index, Object state, @Bind("$node") Node node) {
                                                        ^
/home/ekmett/ai/thc-pinned-addresses-01a0cdeb/src/main/java/thc/runtime/BytecodeRoot.java:981: warning: Bind expression '$node' is redundant and can be automatically be resolved from the parameter type. Remove the expression to resolve this warning. This warning may be suppressed using @SuppressWarnings("truffle-unused").
                Object value, long index, Object state, @Bind("$node") Node node) {
                                                        ^
/home/ekmett/ai/thc-pinned-addresses-01a0cdeb/src/main/java/thc/runtime/BytecodeRoot.java:1301: warning: Bind expression '$node' is redundant and can be automatically be resolved from the parameter type. Remove the expression to resolve this warning. This warning may be suppressed using @SuppressWarnings("truffle-unused").
                LocalAccessor seventh, LocalAccessor eighth, Word16X8 value, @Bind("$node") Node node) {
                                                                             ^
/home/ekmett/ai/thc-pinned-addresses-01a0cdeb/src/main/java/thc/runtime/BytecodeRoot.java:822: warning: Bind expression '$node' is redundant and can be automatically be resolved from the parameter type. Remove the expression to resolve this warning. This warning may be suppressed using @SuppressWarnings("truffle-unused").
                Object value, long size, Object state, @Bind("$node") Node node) {
                                                       ^
/home/ekmett/ai/thc-pinned-addresses-01a0cdeb/src/main/java/thc/runtime/BytecodeRoot.java:1060: warning: Bind expression '$node' is redundant and can be automatically be resolved from the parameter type. Remove the expression to resolve this warning. This warning may be suppressed using @SuppressWarnings("truffle-unused").
                Object value, long index, Object state, @Bind("$node") Node node) {
                                                        ^
/home/ekmett/ai/thc-pinned-addresses-01a0cdeb/src/main/java/thc/runtime/BytecodeRoot.java:1385: warning: Bind expression '$node' is redundant and can be automatically be resolved from the parameter type. Remove the expression to resolve this warning. This warning may be suppressed using @SuppressWarnings("truffle-unused").
                LocalAccessor third, LocalAccessor fourth, Int32X4 value, @Bind("$node") Node node) {
                                                                          ^
/home/ekmett/ai/thc-pinned-addresses-01a0cdeb/src/main/java/thc/runtime/BytecodeRoot.java:1032: warning: Bind expression '$node' is redundant and can be automatically be resolved from the parameter type. Remove the expression to resolve this warning. This warning may be suppressed using @SuppressWarnings("truffle-unused").
                Object value, long index, Object state, @Bind("$node") Node node) {
                                                        ^
/home/ekmett/ai/thc-pinned-addresses-01a0cdeb/src/main/java/thc/runtime/BytecodeRoot.java:1104: warning: Bind expression '$node' is redundant and can be automatically be resolved from the parameter type. Remove the expression to resolve this warning. This warning may be suppressed using @SuppressWarnings("truffle-unused").
                Int64X2 value, @Bind("$node") Node node) {
                               ^
/home/ekmett/ai/thc-pinned-addresses-01a0cdeb/src/main/java/thc/runtime/BytecodeRoot.java:1159: warning: Bind expression '$node' is redundant and can be automatically be resolved from the parameter type. Remove the expression to resolve this warning. This warning may be suppressed using @SuppressWarnings("truffle-unused").
                Word8X16 value, @Bind("$node") Node node) {
                                ^
/home/ekmett/ai/thc-pinned-addresses-01a0cdeb/src/main/java/thc/runtime/BytecodeRoot.java:266: warning: Bind expression '$node' is redundant and can be automatically be resolved from the parameter type. Remove the expression to resolve this warning. This warning may be suppressed using @SuppressWarnings("truffle-unused").
                long size, Object state, @Bind("$node") Node node) {
                                         ^
/home/ekmett/ai/thc-pinned-addresses-01a0cdeb/src/main/java/thc/runtime/BytecodeRoot.java:253: warning: Bind expression '$node' is redundant and can be automatically be resolved from the parameter type. Remove the expression to resolve this warning. This warning may be suppressed using @SuppressWarnings("truffle-unused").
                LocalAccessor first, LocalAccessor second, long left, long right, @Bind("$node") Node node) {
                                                                                  ^
/home/ekmett/ai/thc-pinned-addresses-01a0cdeb/src/main/java/thc/runtime/BytecodeRoot.java:277: warning: Bind expression '$node' is redundant and can be automatically be resolved from the parameter type. Remove the expression to resolve this warning. This warning may be suppressed using @SuppressWarnings("truffle-unused").
                long size, long alignment, Object state, @Bind("$node") Node node) {
                                                         ^
/home/ekmett/ai/thc-pinned-addresses-01a0cdeb/src/main/java/thc/runtime/BytecodeRoot.java:201: warning: Bind expression '$node' is redundant and can be automatically be resolved from the parameter type. Remove the expression to resolve this warning. This warning may be suppressed using @SuppressWarnings("truffle-unused").
                @Bind("$node") Node node,
                ^
/home/ekmett/ai/thc-pinned-addresses-01a0cdeb/src/main/java/thc/runtime/BytecodeRoot.java:1224: warning: Bind expression '$node' is redundant and can be automatically be resolved from the parameter type. Remove the expression to resolve this warning. This warning may be suppressed using @SuppressWarnings("truffle-unused").
                Int8X16 value, @Bind("$node") Node node) {
                               ^
/home/ekmett/ai/thc-pinned-addresses-01a0cdeb/src/main/java/thc/runtime/BytecodeRoot.java:315: warning: Bind expression '$node' is redundant and can be automatically be resolved from the parameter type. Remove the expression to resolve this warning. This warning may be suppressed using @SuppressWarnings("truffle-unused").
                @Bind("$node") Node node) {
                ^
/home/ekmett/ai/thc-pinned-addresses-01a0cdeb/src/main/java/thc/runtime/BytecodeRoot.java:756: warning: Bind expression '$node' is redundant and can be automatically be resolved from the parameter type. Remove the expression to resolve this warning. This warning may be suppressed using @SuppressWarnings("truffle-unused").
                Object value, long index, Object state, @Bind("$node") Node node) {
                                                        ^
/home/ekmett/ai/thc-pinned-addresses-01a0cdeb/src/main/java/thc/runtime/BytecodeRoot.java:295: warning: Bind expression '$node' is redundant and can be automatically be resolved from the parameter type. Remove the expression to resolve this warning. This warning may be suppressed using @SuppressWarnings("truffle-unused").
                ManagedAddress address, long offset, Object state, @Bind("$node") Node node) {
                                                                   ^

> Task :compileKotlin
> Task :compileJava UP-TO-DATE
> Task :classes UP-TO-DATE
> Task :jar
> Task :kaptGenerateStubsTestKotlin
> Task :kaptTestKotlin
> Task :compileTestKotlin
> Task :compileTestJava NO-SOURCE
> Task :testClasses UP-TO-DATE
WARNING: A terminally deprecated method in sun.misc.Unsafe has been called
WARNING: sun.misc.Unsafe::objectFieldOffset has been called by com.oracle.truffle.runtime.hotspot.HotSpotTruffleRuntime (file:/home/ekmett/ai/thc-sequence-current-main-01a0cdeb/.gradle-user-home/caches/modules-2/files-2.1/org.graalvm.truffle/truffle-runtime/25.3.4.1/5f9818cd0413f63bdf1fe52ba4f2fc2786f4cbb7/truffle-runtime-25.3.4.1.jar)
WARNING: Please consider reporting this to the maintainers of class com.oracle.truffle.runtime.hotspot.HotSpotTruffleRuntime
WARNING: sun.misc.Unsafe::objectFieldOffset will be removed in a future release

> Task :test
WARNING: Using incubator modules: jdk.incubator.vector

ManagedAddressStorageTest > finalBackingReferencesSeparateMutableStorageFromLiteralCompilationConstants() PASSED

ManagedAddressStorageTest > overlapUsesBackingIdentityAndExactNonemptyRegions() PASSED

ManagedAddressStorageTest > literalRawBytesAndTrailingNulStayImmutableThroughEveryDerivedAddress() PASSED

ManagedAddressStorageTest > completeRangesRejectFullWidthOverflowBeforeEffects() PASSED

ManagedAddressStorageTest > fullWidthBoundsMatchIndependentArithmeticAndFailedWritesHaveNoEffects() PASSED

ManagedAddressStorageTest > aliasesIncludingUnsafeFrozenArraysSeeEveryWriteAndUnsignedByte() PASSED

ManagedMd5Test > publishedDigestVectorsAndLiteralInputUseOnlyVisibleContext() PASSED

ManagedMd5Test > everyMemcpyOverlapIsRejectedBeforeEvenEarlierDisjointCopies() PASSED

ManagedMd5Test > malformedLengthsRangesAndLiteralDestinationsFailBeforeAnyEffect() PASSED

ManagedMd5Test > exactNativeContextSnapshotsAndDefinedAliasesMatchPinnedC() PASSED

PinnedAddressTest > nativePinnedAddressesAndLazyKeepAliveWithInlining() PASSED

PinnedAddressTest > statePrecedesMemoryEffectsAndFailedReadsDoNotPublish() FAILED
    com.oracle.truffle.api.frame.FrameSlotTypeException at PinnedAddressTest.kt:137

PinnedAddressTest > keepAliveEvaluatesKeptReferenceAndStateThenRunsActionExactlyOnce() PASSED

PinnedAddressTest > allocationChecksFullWidthSizeAndPowerOfTwoAlignment() PASSED

PinnedAddressTest > nativePinnedAddressesAndLazyKeepAliveAcrossResidualCalls() PASSED

15 tests completed, 1 failed

> Task :test FAILED

FAILURE: Build failed with an exception.

* What went wrong:
Execution failed for task ':test'.
> There were failing tests. See the report at: file:///home/ekmett/ai/thc-pinned-addresses-01a0cdeb/build/reports/tests/test/index.html

* Try:
> Run with --scan to get full insights from a Build Scan (powered by Develocity).

BUILD FAILED in 25s
10 actionable tasks: 8 executed, 2 up-to-date
