WARNING: A terminally deprecated method in sun.misc.Unsafe has been called
WARNING: sun.misc.Unsafe::objectFieldOffset has been called by com.oracle.truffle.runtime.hotspot.HotSpotTruffleRuntime (file:/home/ekmett/thc-benchmarks/2026-09-23-083914/sources/combined-defaults-v1/lib/truffle-runtime-25.3.4.1.jar)
WARNING: Please consider reporting this to the maintainers of class com.oracle.truffle.runtime.hotspot.HotSpotTruffleRuntime
WARNING: sun.misc.Unsafe::objectFieldOffset will be removed in a future release
[To redirect Truffle log output to a file use one of the following options:
* '--log.file=<path>' if the option is passed using a guest language launcher.
* '-Dpolyglot.log.file=<path>' if the option is passed using the host Java launcher.
* Configure logging using the polyglot embedding API.]
[engine] opt done   engine=1  id=20    lambda sc, x, ds1                                  |Tier 2|Time   468( 306+162 )ms|AST    2|Inlined  16Y  61N|IR   4966/ 12106|CodeSize   64760|Addr 0x734f5e37ab00|CompId 3046   |UTC 2026-09-23T09:34:10.277|Src /Users/ekmett/thc/vendor/containers-0.8/src/Data/Map/Strict/Internal.hs:497 0x4966423c
[engine] opt done   engine=1  id=17    lambda def, ww, ds1                                |Tier 2|Time    39(  34+6   )ms|AST    2|Inlined   1Y   0N|IR    279/   444|CodeSize    2174|Addr 0x734f5e397380|CompId 3147   |UTC 2026-09-23T09:34:10.376|Src /Users/ekmett/thc/vendor/containers-0.8/src/Data/Map/Internal.hs:649 0xfda568ac
[engine] opt done   engine=1  id=21    lambda ww, ds2                                     |Tier 2|Time   100(  74+27  )ms|AST    2|Inlined   6Y   8N|IR    981/  2438|CodeSize   14071|Addr 0x734f5e3a5c80|CompId 3164   |UTC 2026-09-23T09:34:10.499|Src /Users/ekmett/thc/vendor/containers-0.8/src/Data/Map/Strict/Internal.hs:649 0x4966423c
[engine] opt done   engine=1  id=18    lambda ww, ds                                      |Tier 2|Time    57(  48+9   )ms|AST    2|Inlined   2Y   1N|IR    339/   613|CodeSize    2943|Addr 0x734f5e3a9c00|CompId 3173   |UTC 2026-09-23T09:34:10.565|Src /Users/ekmett/thc/vendor/containers-0.8/src/Data/Map/Internal.hs:3426 0xfda568ac
[engine] opt done   engine=1  id=22    lambda ww                                          |Tier 2|Time   588( 263+325 )ms|AST    2|Inlined  20Y  59N|IR   5594/ 15092|CodeSize   87946|Addr 0x734f5e3aaf80|CompId 3175   |UTC 2026-09-23T09:34:11.157|Src n/a
[engine] opt inval. engine=1  id=22    lambda ww                                                                                                                                                                         |UTC 2026-09-23T09:34:11.160|Src n/a|Reason validRootAssumption local tags updated
[engine] opt inval. engine=1  id=20    lambda sc, x, ds1                                                                                                                                                                 |UTC 2026-09-23T09:34:11.161|Src /Users/ekmett/thc/vendor/containers-0.8/src/Data/Map/Strict/Internal.hs:497 0x4966423c|Reason validRootAssumption local tags updated
[engine] opt deopt  engine=1  id=20    lambda sc, x, ds1                                  |Invalidated  true|                                                                                                            |UTC 2026-09-23T09:34:11.162|Src /Users/ekmett/thc/vendor/containers-0.8/src/Data/Map/Strict/Internal.hs:497 0x4966423c|Reason uncommon trap
[engine] opt deopt  engine=1  id=20    lambda sc, x, ds1                                  |Invalidated  true|                                                                                                            |UTC 2026-09-23T09:34:11.162|Src /Users/ekmett/thc/vendor/containers-0.8/src/Data/Map/Strict/Internal.hs:497 0x4966423c|Reason uncommon trap
[engine] opt deopt  engine=1  id=20    lambda sc, x, ds1                                  |Invalidated  true|                                                                                                            |UTC 2026-09-23T09:34:11.163|Src /Users/ekmett/thc/vendor/containers-0.8/src/Data/Map/Strict/Internal.hs:497 0x4966423c|Reason uncommon trap
[engine] opt deopt  engine=1  id=20    lambda sc, x, ds1                                  |Invalidated  true|                                                                                                            |UTC 2026-09-23T09:34:11.163|Src /Users/ekmett/thc/vendor/containers-0.8/src/Data/Map/Strict/Internal.hs:497 0x4966423c|Reason uncommon trap
[engine] opt deopt  engine=1  id=20    lambda sc, x, ds1                                  |Invalidated  true|                                                                                                            |UTC 2026-09-23T09:34:11.163|Src /Users/ekmett/thc/vendor/containers-0.8/src/Data/Map/Strict/Internal.hs:497 0x4966423c|Reason uncommon trap
[engine] opt deopt  engine=1  id=20    lambda sc, x, ds1                                  |Invalidated  true|                                                                                                            |UTC 2026-09-23T09:34:11.163|Src /Users/ekmett/thc/vendor/containers-0.8/src/Data/Map/Strict/Internal.hs:497 0x4966423c|Reason uncommon trap
[engine] opt deopt  engine=1  id=22    lambda ww                                          |Invalidated  true|                                                                                                            |UTC 2026-09-23T09:34:11.164|Src n/a|Reason JVMCI invalidate
[engine] opt done   engine=1  id=22    lambda ww                                          |Tier 2|Time   616( 265+351 )ms|AST    2|Inlined  19Y  60N|IR   5641/ 16475|CodeSize   97702|Addr 0x734f5e3c2680|CompId 3227   |UTC 2026-09-23T09:34:11.781|Src n/a
[engine] opt done   engine=1  id=20    lambda sc, x, ds1                                  |Tier 2|Time   410( 241+168 )ms|AST    2|Inlined  15Y  55N|IR   4755/ 12895|CodeSize   71342|Addr 0x734f5e3dcb80|CompId 3256   |UTC 2026-09-23T09:34:12.191|Src /Users/ekmett/thc/vendor/containers-0.8/src/Data/Map/Strict/Internal.hs:497 0x4966423c
[engine] opt done   engine=1  id=10    lambda k, x, l, r                                  |Tier 2|Time    16(  12+4   )ms|AST    2|Inlined   0Y   0N|IR    527/   557|CodeSize    2236|Addr 0x734f5e3ee880|CompId 3271   |UTC 2026-09-23T09:34:12.266|Src /Users/ekmett/thc/vendor/containers-0.8/src/Data/Map/Internal.hs:4272 0xfda568ac
[engine] opt done   engine=1  id=25    lambda n                                           |Tier 2|Time   781( 224+556 )ms|AST    2|Inlined  20Y  62N|IR   5762/ 16890|CodeSize  100646|Addr 0x734f5e3fbc80|CompId 3291   |UTC 2026-09-23T09:34:13.061|Src examples/THC/MapWorkload.hs:30 0xd633756a
