WARNING: A terminally deprecated method in sun.misc.Unsafe has been called
WARNING: sun.misc.Unsafe::objectFieldOffset has been called by com.oracle.truffle.runtime.hotspot.HotSpotTruffleRuntime (file:/Users/ekmett/thc/work/core-proofs-v1/lib/truffle-runtime-25.3.4.1.jar)
WARNING: Please consider reporting this to the maintainers of class com.oracle.truffle.runtime.hotspot.HotSpotTruffleRuntime
WARNING: sun.misc.Unsafe::objectFieldOffset will be removed in a future release
[To redirect Truffle log output to a file use one of the following options:
* '--log.file=<path>' if the option is passed using a guest language launcher.
* '-Dpolyglot.log.file=<path>' if the option is passed using the host Java launcher.
* Configure logging using the polyglot embedding API.]
[engine] opt done   engine=1  id=21    lambda sc, x, ds1                                  |Tier 2|Time   449( 270+179 )ms|AST    2|Inlined   8Y  41N|IR   6365/ 13266|CodeSize   65616|Addr 0x000119040880|CompId 2730   |UTC 2026-09-23T03:34:10.580|Src n/a
[engine] opt inval. engine=1  id=21    lambda sc, x, ds1                                                                                                                                                                 |UTC 2026-09-23T03:34:10.614|Src n/a|Reason validRootAssumption local tags updated
[engine] opt deopt  engine=1  id=21    lambda sc, x, ds1                                  |Invalidated  true|                                                                                                            |UTC 2026-09-23T03:34:10.616|Src n/a|Reason uncommon trap
[engine] opt deopt  engine=1  id=21    lambda sc, x, ds1                                  |Invalidated  true|                                                                                                            |UTC 2026-09-23T03:34:10.616|Src n/a|Reason uncommon trap
[engine] opt deopt  engine=1  id=21    lambda sc, x, ds1                                  |Invalidated  true|                                                                                                            |UTC 2026-09-23T03:34:10.616|Src n/a|Reason uncommon trap
[engine] opt deopt  engine=1  id=21    lambda sc, x, ds1                                  |Invalidated  true|                                                                                                            |UTC 2026-09-23T03:34:10.617|Src n/a|Reason uncommon trap
[engine] opt deopt  engine=1  id=21    lambda sc, x, ds1                                  |Invalidated  true|                                                                                                            |UTC 2026-09-23T03:34:10.617|Src n/a|Reason uncommon trap
[engine] opt deopt  engine=1  id=21    lambda sc, x, ds1                                  |Invalidated  true|                                                                                                            |UTC 2026-09-23T03:34:10.617|Src n/a|Reason uncommon trap
[engine] opt done   engine=1  id=21    lambda sc, x, ds1                                  |Tier 2|Time   550( 264+286 )ms|AST    2|Inlined   7Y  35N|IR   6493/ 13649|CodeSize   68368|Addr 0x0001190668c0|CompId 2830   |UTC 2026-09-23T03:34:11.168|Src n/a
[engine] opt done   engine=1  id=22    lambda ww, ds2                                     |Tier 2|Time   260( 105+156 )ms|AST    2|Inlined  14Y  16N|IR   5371/ 11667|CodeSize   52520|Addr 0x00011909a700|CompId 2924   |UTC 2026-09-23T03:34:11.498|Src n/a
[engine] opt done   engine=1  id=17    lambda def, ww, ds1                                |Tier 2|Time    14(   6+8   )ms|AST    2|Inlined   1Y   0N|IR    462/   906|CodeSize    4016|Addr 0x0001190b7040|CompId 2970   |UTC 2026-09-23T03:34:11.606|Src n/a
[engine] opt done   engine=1  id=26    argument thunk                                     |Tier 2|Time   401( 212+189 )ms|AST    2|Inlined   8Y  35N|IR   6548/ 13741|CodeSize   68736|Addr 0x0001190c4480|CompId 2976   |UTC 2026-09-23T03:34:12.013|Src n/a
[engine] opt done   engine=1  id=18    lambda ww, ds                                      |Tier 2|Time   488( 141+347 )ms|AST    2|Inlined  19Y  18N|IR   6249/ 13609|CodeSize   61888|Addr 0x0001190e1cc0|CompId 2990   |UTC 2026-09-23T03:34:12.527|Src n/a
[engine] opt done   engine=1  id=27    lambda ww                                          |Tier 2|Time  1131( 264+867 )ms|AST    2|Inlined  24Y  53N|IR  11529/ 29644|CodeSize  146864|Addr 0x0001190f1bc0|CompId 2999   |UTC 2026-09-23T03:34:13.662|Src n/a
[engine] opt done   engine=1  id=10    lambda k, x, l, r                                  |Tier 2|Time    18(  10+8   )ms|AST    2|Inlined   0Y   0N|IR    850/  1020|CodeSize    3972|Addr 0x000119117680|CompId 3014   |UTC 2026-09-23T03:34:13.738|Src n/a
[engine] opt done   engine=1  id=15    lambda k, x, l, r                                  |Tier 2|Time   522( 242+280 )ms|AST    2|Inlined   8Y  29N|IR   7281/ 15958|CodeSize   74576|Addr 0x000119125c40|CompId 3023   |UTC 2026-09-23T03:34:14.309|Src n/a
[engine] opt done   engine=1  id=30    lambda n                                           |Tier 2|Time   292( 290+2   )ms|AST    2|Inlined   1Y   1N|IR    133/   313|CodeSize    1128|Addr 0x00011913ae00|CompId 3062   |UTC 2026-09-23T03:34:15.090|Src n/a
PHASE WARM BEGIN
[engine] opt done   engine=1  id=96    org.graalvm.polyglot.Value<EntryValue>.execute     |Tier 2|Time   379( 370+9   )ms|AST   10|Inlined   3Y   1N|IR    416/   979|CodeSize    4908|Addr 0x000119144d40|CompId 3145   |UTC 2026-09-23T03:34:39.382|Src n/a
PHASE WARM END calls=12032 elapsedNs=29738907250 checksum=678375231696
PHASE MEASURE 1 BEGIN
PHASE MEASURE 1 END
PHASE MEASURE 2 BEGIN
PHASE MEASURE 2 END
PHASE MEASURE 3 BEGIN
PHASE MEASURE 3 END
PHASE MEASURE 4 BEGIN
PHASE MEASURE 4 END
PHASE MEASURE 5 BEGIN
PHASE MEASURE 5 END
PHASE VERIFY BEGIN
PHASE VERIFY END guestLastTierInstalled=true
diagnostics={"backend":"bytecode","bytecodeRootCount":62,"localJoinCount":10,"localJoinTransfers":0,"instrumented":false,"thunkEvaluationsByLabel":{},"compiledEntries":0,"thunkEvaluations":0,"thunkHits":0,"blackholes":0,"directCacheMisses":0,"indirectCalls":0,"tailBounces":0,"selfTailReentries":0,"trampolineIterations":0,"papAllocations":0,"unsupportedPolicy":"diagnostic-traps","deferredUnsupported":["Unsupported constructor representation unboxed-tuple: ghc-internal:GHC.Internal.Types.(#,#)","Unresolved external binding ghc-internal:GHC.Internal.Stack.withFrozenCallStack1","Unresolved external binding ghc-internal:GHC.Internal.Exception.Backtrace.collectExceptionAnnotationMechanismRef","Unsupported primitive readMutVar#"],"unsupportedTraps":0,"frames":"Bytecode DSL primitive locals; selective StaticShape captures","stackPolicy":"tail-safe; non-tail calls and nested thunk forcing use host stack","threadPolicy":"single guest thread"}
