WARNING: A terminally deprecated method in sun.misc.Unsafe has been called
WARNING: sun.misc.Unsafe::objectFieldOffset has been called by com.oracle.truffle.runtime.hotspot.HotSpotTruffleRuntime (file:/Users/ekmett/thc/work/core-proofs-v1/lib/truffle-runtime-25.3.4.1.jar)
WARNING: Please consider reporting this to the maintainers of class com.oracle.truffle.runtime.hotspot.HotSpotTruffleRuntime
WARNING: sun.misc.Unsafe::objectFieldOffset will be removed in a future release
[To redirect Truffle log output to a file use one of the following options:
* '--log.file=<path>' if the option is passed using a guest language launcher.
* '-Dpolyglot.log.file=<path>' if the option is passed using the host Java launcher.
* Configure logging using the polyglot embedding API.]
[engine] opt done   engine=1  id=21    lambda sc, x, ds1                                  |Tier 2|Time   468( 285+184 )ms|AST    2|Inlined   8Y  41N|IR   6365/ 13266|CodeSize   65616|Addr 0x00011b01e240|CompId 2692   |UTC 2026-09-23T03:31:20.447|Src n/a
[engine] opt inval. engine=1  id=21    lambda sc, x, ds1                                                                                                                                                                 |UTC 2026-09-23T03:31:20.496|Src n/a|Reason validRootAssumption local tags updated
[engine] opt deopt  engine=1  id=21    lambda sc, x, ds1                                  |Invalidated  true|                                                                                                            |UTC 2026-09-23T03:31:20.498|Src n/a|Reason uncommon trap
[engine] opt deopt  engine=1  id=21    lambda sc, x, ds1                                  |Invalidated  true|                                                                                                            |UTC 2026-09-23T03:31:20.498|Src n/a|Reason uncommon trap
[engine] opt deopt  engine=1  id=21    lambda sc, x, ds1                                  |Invalidated  true|                                                                                                            |UTC 2026-09-23T03:31:20.498|Src n/a|Reason uncommon trap
[engine] opt deopt  engine=1  id=21    lambda sc, x, ds1                                  |Invalidated  true|                                                                                                            |UTC 2026-09-23T03:31:20.498|Src n/a|Reason uncommon trap
[engine] opt deopt  engine=1  id=21    lambda sc, x, ds1                                  |Invalidated  true|                                                                                                            |UTC 2026-09-23T03:31:20.498|Src n/a|Reason uncommon trap
[engine] opt deopt  engine=1  id=21    lambda sc, x, ds1                                  |Invalidated  true|                                                                                                            |UTC 2026-09-23T03:31:20.499|Src n/a|Reason uncommon trap
[engine] opt done   engine=1  id=21    lambda sc, x, ds1                                  |Tier 2|Time   560( 272+287 )ms|AST    2|Inlined   7Y  35N|IR   6493/ 13649|CodeSize   68368|Addr 0x00011b04dac0|CompId 2821   |UTC 2026-09-23T03:31:21.060|Src n/a
[engine] opt done   engine=1  id=22    lambda ww, ds2                                     |Tier 2|Time   342( 174+167 )ms|AST    2|Inlined  14Y  16N|IR   5371/ 11667|CodeSize   52520|Addr 0x00011b07ee00|CompId 2902   |UTC 2026-09-23T03:31:21.476|Src n/a
[engine] opt done   engine=1  id=17    lambda def, ww, ds1                                |Tier 2|Time    15(   6+9   )ms|AST    2|Inlined   1Y   0N|IR    462/   906|CodeSize    4016|Addr 0x00011b097640|CompId 2963   |UTC 2026-09-23T03:31:21.591|Src n/a
[engine] opt done   engine=1  id=26    argument thunk                                     |Tier 2|Time   410( 221+189 )ms|AST    2|Inlined   8Y  35N|IR   6548/ 13741|CodeSize   68736|Addr 0x00011b0adc80|CompId 2977   |UTC 2026-09-23T03:31:22.007|Src n/a
[engine] opt done   engine=1  id=18    lambda ww, ds                                      |Tier 2|Time   494( 142+352 )ms|AST    2|Inlined  19Y  18N|IR   6249/ 13609|CodeSize   61888|Addr 0x00011b0cba00|CompId 2995   |UTC 2026-09-23T03:31:22.527|Src n/a
[engine] opt done   engine=1  id=27    lambda ww                                          |Tier 2|Time  1126( 270+856 )ms|AST    2|Inlined  24Y  53N|IR  11529/ 29644|CodeSize  146864|Addr 0x00011b0dcac0|CompId 3007   |UTC 2026-09-23T03:31:23.658|Src n/a
[engine] opt done   engine=1  id=10    lambda k, x, l, r                                  |Tier 2|Time    17(   9+8   )ms|AST    2|Inlined   0Y   0N|IR    850/  1020|CodeSize    3972|Addr 0x00011b102e00|CompId 3024   |UTC 2026-09-23T03:31:23.733|Src n/a
[engine] opt done   engine=1  id=15    lambda k, x, l, r                                  |Tier 2|Time   521( 241+280 )ms|AST    2|Inlined   8Y  29N|IR   7281/ 15958|CodeSize   74576|Addr 0x00011b1141c0|CompId 3032   |UTC 2026-09-23T03:31:24.309|Src n/a
[engine] opt done   engine=1  id=30    lambda n                                           |Tier 2|Time   303( 301+2   )ms|AST    2|Inlined   1Y   1N|IR    133/   313|CodeSize    1128|Addr 0x00011b129880|CompId 3070   |UTC 2026-09-23T03:31:25.129|Src n/a
PHASE WARM BEGIN
[engine] opt done   engine=1  id=96    org.graalvm.polyglot.Value<EntryValue>.execute     |Tier 2|Time   368( 359+10  )ms|AST   10|Inlined   3Y   1N|IR    416/   979|CodeSize    4908|Addr 0x00011b132bc0|CompId 3152   |UTC 2026-09-23T03:31:48.918|Src n/a
PHASE WARM END calls=12032 elapsedNs=29106421667 checksum=678375231696
PHASE MEASURE 1 BEGIN
PHASE MEASURE 1 END
PHASE MEASURE 2 BEGIN
PHASE MEASURE 2 END
PHASE MEASURE 3 BEGIN
PHASE MEASURE 3 END
PHASE MEASURE 4 BEGIN
PHASE MEASURE 4 END
PHASE MEASURE 5 BEGIN
PHASE MEASURE 5 END
PHASE VERIFY BEGIN
PHASE VERIFY END guestLastTierInstalled=true
diagnostics={"backend":"bytecode","bytecodeRootCount":62,"localJoinCount":10,"localJoinTransfers":0,"instrumented":false,"thunkEvaluationsByLabel":{},"compiledEntries":0,"thunkEvaluations":0,"thunkHits":0,"blackholes":0,"directCacheMisses":0,"indirectCalls":0,"tailBounces":0,"selfTailReentries":0,"trampolineIterations":0,"papAllocations":0,"unsupportedPolicy":"diagnostic-traps","deferredUnsupported":["Unsupported constructor representation unboxed-tuple: ghc-internal:GHC.Internal.Types.(#,#)","Unresolved external binding ghc-internal:GHC.Internal.Stack.withFrozenCallStack1","Unresolved external binding ghc-internal:GHC.Internal.Exception.Backtrace.collectExceptionAnnotationMechanismRef","Unsupported primitive readMutVar#"],"unsupportedTraps":0,"frames":"Bytecode DSL primitive locals; selective StaticShape captures","stackPolicy":"tail-safe; non-tail calls and nested thunk forcing use host stack","threadPolicy":"single guest thread"}
