WARNING: A terminally deprecated method in sun.misc.Unsafe has been called
WARNING: sun.misc.Unsafe::objectFieldOffset has been called by com.oracle.truffle.runtime.hotspot.HotSpotTruffleRuntime (file:/Users/ekmett/thc/work/source-notes-v1/lib/truffle-runtime-25.3.4.1.jar)
WARNING: Please consider reporting this to the maintainers of class com.oracle.truffle.runtime.hotspot.HotSpotTruffleRuntime
WARNING: sun.misc.Unsafe::objectFieldOffset will be removed in a future release
[To redirect Truffle log output to a file use one of the following options:
* '--log.file=<path>' if the option is passed using a guest language launcher.
* '-Dpolyglot.log.file=<path>' if the option is passed using the host Java launcher.
* Configure logging using the polyglot embedding API.]
[engine] opt done   engine=1  id=21    lambda sc, x, ds1                                  |Tier 2|Time   457( 275+182 )ms|AST    2|Inlined   8Y  41N|IR   6365/ 13266|CodeSize   65940|Addr 0x00011983ea40|CompId 2813   |UTC 2026-09-23T03:32:08.832|Src /Users/ekmett/thc/vendor/containers-0.8/src/Data/Map/Strict/Internal.hs:497 0x4966423c
[engine] opt inval. engine=1  id=21    lambda sc, x, ds1                                                                                                                                                                 |UTC 2026-09-23T03:32:08.849|Src /Users/ekmett/thc/vendor/containers-0.8/src/Data/Map/Strict/Internal.hs:497 0x4966423c|Reason validRootAssumption local tags updated
[engine] opt deopt  engine=1  id=21    lambda sc, x, ds1                                  |Invalidated  true|                                                                                                            |UTC 2026-09-23T03:32:08.850|Src /Users/ekmett/thc/vendor/containers-0.8/src/Data/Map/Strict/Internal.hs:497 0x4966423c|Reason uncommon trap
[engine] opt deopt  engine=1  id=21    lambda sc, x, ds1                                  |Invalidated  true|                                                                                                            |UTC 2026-09-23T03:32:08.851|Src /Users/ekmett/thc/vendor/containers-0.8/src/Data/Map/Strict/Internal.hs:497 0x4966423c|Reason uncommon trap
[engine] opt deopt  engine=1  id=21    lambda sc, x, ds1                                  |Invalidated  true|                                                                                                            |UTC 2026-09-23T03:32:08.851|Src /Users/ekmett/thc/vendor/containers-0.8/src/Data/Map/Strict/Internal.hs:497 0x4966423c|Reason uncommon trap
[engine] opt deopt  engine=1  id=21    lambda sc, x, ds1                                  |Invalidated  true|                                                                                                            |UTC 2026-09-23T03:32:08.851|Src /Users/ekmett/thc/vendor/containers-0.8/src/Data/Map/Strict/Internal.hs:497 0x4966423c|Reason uncommon trap
[engine] opt deopt  engine=1  id=21    lambda sc, x, ds1                                  |Invalidated  true|                                                                                                            |UTC 2026-09-23T03:32:08.851|Src /Users/ekmett/thc/vendor/containers-0.8/src/Data/Map/Strict/Internal.hs:497 0x4966423c|Reason uncommon trap
[engine] opt deopt  engine=1  id=21    lambda sc, x, ds1                                  |Invalidated  true|                                                                                                            |UTC 2026-09-23T03:32:08.851|Src /Users/ekmett/thc/vendor/containers-0.8/src/Data/Map/Strict/Internal.hs:497 0x4966423c|Reason uncommon trap
[engine] opt done   engine=1  id=21    lambda sc, x, ds1                                  |Tier 2|Time   441( 252+189 )ms|AST    2|Inlined   7Y  35N|IR   6493/ 13649|CodeSize   68580|Addr 0x00011985b900|CompId 2941   |UTC 2026-09-23T03:32:09.294|Src /Users/ekmett/thc/vendor/containers-0.8/src/Data/Map/Strict/Internal.hs:497 0x4966423c
[engine] opt done   engine=1  id=22    lambda ww, ds2                                     |Tier 2|Time   259( 104+155 )ms|AST    2|Inlined  14Y  16N|IR   5371/ 11667|CodeSize   52440|Addr 0x000119879900|CompId 3028   |UTC 2026-09-23T03:32:09.638|Src /Users/ekmett/thc/vendor/containers-0.8/src/Data/Map/Strict/Internal.hs:649 0x4966423c
[engine] opt done   engine=1  id=17    lambda def, ww, ds1                                |Tier 2|Time    14(   6+8   )ms|AST    2|Inlined   1Y   0N|IR    462/   906|CodeSize    4012|Addr 0x00011988fc00|CompId 3091   |UTC 2026-09-23T03:32:09.751|Src /Users/ekmett/thc/vendor/containers-0.8/src/Data/Map/Internal.hs:649 0xfda568ac
[engine] opt done   engine=1  id=26    argument thunk                                     |Tier 2|Time   401( 214+187 )ms|AST    2|Inlined   8Y  35N|IR   6548/ 13741|CodeSize   68964|Addr 0x00011989bc00|CompId 3101   |UTC 2026-09-23T03:32:10.160|Src /Users/ekmett/thc/vendor/containers-0.8/src/Data/Map/Strict/Internal.hs:494 0x4966423c
[engine] opt done   engine=1  id=18    lambda ww, ds                                      |Tier 2|Time   565( 145+421 )ms|AST    2|Inlined  19Y  18N|IR   6249/ 13609|CodeSize   61772|Addr 0x0001198bca40|CompId 3121   |UTC 2026-09-23T03:32:10.791|Src /Users/ekmett/thc/vendor/containers-0.8/src/Data/Map/Internal.hs:3426 0xfda568ac
[engine] opt done   engine=1  id=27    lambda ww                                          |Tier 2|Time  1101( 257+844 )ms|AST    2|Inlined  24Y  53N|IR  11529/ 29644|CodeSize  146532|Addr 0x0001198d5e00|CompId 3136   |UTC 2026-09-23T03:32:11.918|Src n/a
[engine] opt done   engine=1  id=10    lambda k, x, l, r                                  |Tier 2|Time    17(   9+8   )ms|AST    2|Inlined   0Y   0N|IR    850/  1020|CodeSize    3964|Addr 0x0001198fb480|CompId 3151   |UTC 2026-09-23T03:32:11.991|Src /Users/ekmett/thc/vendor/containers-0.8/src/Data/Map/Internal.hs:4272 0xfda568ac
[engine] opt done   engine=1  id=15    lambda k, x, l, r                                  |Tier 2|Time   520( 240+281 )ms|AST    2|Inlined   8Y  29N|IR   7281/ 15958|CodeSize   74580|Addr 0x00011990b240|CompId 3159   |UTC 2026-09-23T03:32:12.569|Src /Users/ekmett/thc/vendor/containers-0.8/src/Data/Map/Internal.hs:4302 0xfda568ac
[engine] opt done   engine=1  id=30    lambda n                                           |Tier 2|Time   296( 293+2   )ms|AST    2|Inlined   1Y   1N|IR    133/   313|CodeSize    1132|Addr 0x000119920200|CompId 3198   |UTC 2026-09-23T03:32:13.413|Src examples/THC/MapWorkload.hs:30 0xd633756a
PHASE WARM BEGIN
[engine] opt done   engine=1  id=96    org.graalvm.polyglot.Value<EntryValue>.execute     |Tier 2|Time   384( 375+9   )ms|AST   10|Inlined   3Y   1N|IR    416/   979|CodeSize    4892|Addr 0x0001199298c0|CompId 3279   |UTC 2026-09-23T03:32:37.733|Src n/a
PHASE WARM END calls=12032 elapsedNs=29663425916 checksum=678375231696
PHASE MEASURE 1 BEGIN
PHASE MEASURE 1 END
PHASE MEASURE 2 BEGIN
PHASE MEASURE 2 END
PHASE MEASURE 3 BEGIN
PHASE MEASURE 3 END
PHASE MEASURE 4 BEGIN
PHASE MEASURE 4 END
PHASE MEASURE 5 BEGIN
PHASE MEASURE 5 END
PHASE VERIFY BEGIN
PHASE VERIFY END guestLastTierInstalled=true
diagnostics={"backend":"bytecode","bytecodeRootCount":62,"sourceNotesEnabled":true,"sourceSpanCount":8656,"sourceRootCount":19,"localJoinCount":10,"localJoinTransfers":0,"instrumented":false,"thunkEvaluationsByLabel":{},"compiledEntries":0,"thunkEvaluations":0,"thunkHits":0,"blackholes":0,"directCacheMisses":0,"indirectCalls":0,"tailBounces":0,"selfTailReentries":0,"trampolineIterations":0,"papAllocations":0,"unsupportedPolicy":"diagnostic-traps","deferredUnsupported":["Unsupported constructor representation unboxed-tuple: ghc-internal:GHC.Internal.Types.(#,#)","Unresolved external binding ghc-internal:GHC.Internal.Stack.withFrozenCallStack1","Unresolved external binding ghc-internal:GHC.Internal.Exception.Backtrace.collectExceptionAnnotationMechanismRef","Unsupported primitive readMutVar#"],"unsupportedTraps":0,"frames":"Bytecode DSL primitive locals; selective StaticShape captures","stackPolicy":"tail-safe; non-tail calls and nested thunk forcing use host stack","threadPolicy":"single guest thread"}
