WARNING: A terminally deprecated method in sun.misc.Unsafe has been called
WARNING: sun.misc.Unsafe::objectFieldOffset has been called by com.oracle.truffle.runtime.hotspot.HotSpotTruffleRuntime (file:/home/ekmett/thc-benchmarks/2026-09-23-083914/sources/release-main-5af98789/lib/truffle-runtime-25.3.4.1.jar)
WARNING: Please consider reporting this to the maintainers of class com.oracle.truffle.runtime.hotspot.HotSpotTruffleRuntime
WARNING: sun.misc.Unsafe::objectFieldOffset will be removed in a future release
[To redirect Truffle log output to a file use one of the following options:
* '--log.file=<path>' if the option is passed using a guest language launcher.
* '-Dpolyglot.log.file=<path>' if the option is passed using the host Java launcher.
* Configure logging using the polyglot embedding API.]
[engine] opt done   engine=1  id=21    lambda sc, x, ds1                                  |Tier 2|Time  1018( 366+652 )ms|AST  853|Inlined  32Y  53N|IR   6258/ 18092|CodeSize  137215|Addr 0x71be8234d480|CompId 2763   |UTC 2026-09-23T10:16:00.530|Src /Users/ekmett/thc/vendor/containers-0.8/src/Data/Map/Strict/Internal.hs:497 0x4966423c
[engine] opt done   engine=1  id=17    lambda def, ww, ds1                                |Tier 2|Time    34(  24+10  )ms|AST  186|Inlined   1Y   0N|IR    456/   639|CodeSize    5410|Addr 0x71be82383e80|CompId 2887   |UTC 2026-09-23T10:16:00.582|Src /Users/ekmett/thc/vendor/containers-0.8/src/Data/Map/Internal.hs:649 0xfda568ac
[engine] opt done   engine=1  id=22    lambda ww, ds2                                     |Tier 2|Time    92(  61+32  )ms|AST  362|Inlined   6Y   8N|IR   1036/  2446|CodeSize   12142|Addr 0x71be8238c180|CompId 2903   |UTC 2026-09-23T10:16:00.683|Src /Users/ekmett/thc/vendor/containers-0.8/src/Data/Map/Strict/Internal.hs:649 0x4966423c
[engine] opt done   engine=1  id=18    lambda ww, ds                                      |Tier 2|Time    50(  31+20  )ms|AST  204|Inlined   2Y   1N|IR    455/   679|CodeSize    4105|Addr 0x71be82393b00|CompId 2920   |UTC 2026-09-23T10:16:00.741|Src /Users/ekmett/thc/vendor/containers-0.8/src/Data/Map/Internal.hs:3426 0xfda568ac
[engine] opt done   engine=1  id=23    lambda ww                                          |Tier 2|Time  1361( 308+1053)ms|AST 1506|Inlined  28Y  60N|IR   7680/ 20193|CodeSize  148017|Addr 0x71be82395b00|CompId 2924   |UTC 2026-09-23T10:16:02.106|Src n/a
[engine] opt deopt  engine=1  id=21    lambda sc, x, ds1                                  |Invalidated  true|                                                                                                            |UTC 2026-09-23T10:16:02.111|Src /Users/ekmett/thc/vendor/containers-0.8/src/Data/Map/Strict/Internal.hs:497 0x4966423c|Reason uncommon trap
[engine] opt deopt  engine=1  id=21    lambda sc, x, ds1                                  |Invalidated  true|                                                                                                            |UTC 2026-09-23T10:16:02.111|Src /Users/ekmett/thc/vendor/containers-0.8/src/Data/Map/Strict/Internal.hs:497 0x4966423c|Reason uncommon trap
[engine] opt deopt  engine=1  id=21    lambda sc, x, ds1                                  |Invalidated  true|                                                                                                            |UTC 2026-09-23T10:16:02.112|Src /Users/ekmett/thc/vendor/containers-0.8/src/Data/Map/Strict/Internal.hs:497 0x4966423c|Reason uncommon trap
[engine] opt done   engine=1  id=21    lambda sc, x, ds1                                  |Tier 2|Time  1005( 325+680 )ms|AST  853|Inlined  31Y  53N|IR   6368/ 19622|CodeSize  154851|Addr 0x71be823bda00|CompId 2957   |UTC 2026-09-23T10:16:03.117|Src /Users/ekmett/thc/vendor/containers-0.8/src/Data/Map/Strict/Internal.hs:497 0x4966423c
[engine] opt deopt  engine=1  id=21    lambda sc, x, ds1                                  |Invalidated false|                                                                                                            |UTC 2026-09-23T10:16:03.120|Src /Users/ekmett/thc/vendor/containers-0.8/src/Data/Map/Strict/Internal.hs:497 0x4966423c|Reason Unknown
[engine] opt deopt  engine=1  id=21    lambda sc, x, ds1                                  |Invalidated false|                                                                                                            |UTC 2026-09-23T10:16:03.120|Src /Users/ekmett/thc/vendor/containers-0.8/src/Data/Map/Strict/Internal.hs:497 0x4966423c|Reason Unknown
[engine] opt deopt  engine=1  id=21    lambda sc, x, ds1                                  |Invalidated false|                                                                                                            |UTC 2026-09-23T10:16:03.120|Src /Users/ekmett/thc/vendor/containers-0.8/src/Data/Map/Strict/Internal.hs:497 0x4966423c|Reason Unknown
[engine] opt deopt  engine=1  id=23    lambda ww                                          |Invalidated  true|                                                                                                            |UTC 2026-09-23T10:16:03.129|Src n/a|Reason uncommon trap
[engine] opt done   engine=1  id=23    lambda ww                                          |Tier 2|Time  1404( 338+1067)ms|AST 1506|Inlined  27Y  61N|IR   7904/ 23060|CodeSize  177874|Addr 0x71be823e6e80|CompId 2988   |UTC 2026-09-23T10:16:04.534|Src n/a
[engine] opt done   engine=1  id=26    lambda n                                           |Tier 2|Time  1886( 285+1602)ms|AST   48|Inlined  28Y  62N|IR   7925/ 23293|CodeSize  176921|Addr 0x71be82417e80|CompId 3007   |UTC 2026-09-23T10:16:06.479|Src examples/THC/MapWorkload.hs:30 0xd633756a
