WARNING: A terminally deprecated method in sun.misc.Unsafe has been called
WARNING: sun.misc.Unsafe::objectFieldOffset has been called by com.oracle.truffle.runtime.hotspot.HotSpotTruffleRuntime (file:/home/ekmett/thc-benchmarks/2026-09-23-083914/sources/call-demand-control-v1/lib/truffle-runtime-25.3.4.1.jar)
WARNING: Please consider reporting this to the maintainers of class com.oracle.truffle.runtime.hotspot.HotSpotTruffleRuntime
WARNING: sun.misc.Unsafe::objectFieldOffset will be removed in a future release
[To redirect Truffle log output to a file use one of the following options:
* '--log.file=<path>' if the option is passed using a guest language launcher.
* '-Dpolyglot.log.file=<path>' if the option is passed using the host Java launcher.
* Configure logging using the polyglot embedding API.]
[engine] opt done   engine=1  id=21    lambda sc, x, ds1                                  |Tier 2|Time   548( 301+247 )ms|AST    2|Inlined  17Y  47N|IR   4647/ 11949|CodeSize   64961|Addr 0x7eae12369500|CompId 3073   |UTC 2026-09-23T09:47:01.432|Src /Users/ekmett/thc/vendor/containers-0.8/src/Data/Map/Strict/Internal.hs:497 0x4966423c
[engine] opt done   engine=1  id=17    lambda def, ww, ds1                                |Tier 2|Time    39(  33+6   )ms|AST    2|Inlined   1Y   0N|IR    279/   444|CodeSize    2174|Addr 0x7eae1238c180|CompId 3180   |UTC 2026-09-23T09:47:01.532|Src /Users/ekmett/thc/vendor/containers-0.8/src/Data/Map/Internal.hs:649 0xfda568ac
[engine] opt done   engine=1  id=22    lambda ww, ds2                                     |Tier 2|Time    99(  74+26  )ms|AST    2|Inlined   6Y   8N|IR    981/  2438|CodeSize   14071|Addr 0x7eae1239d380|CompId 3194   |UTC 2026-09-23T09:47:01.681|Src /Users/ekmett/thc/vendor/containers-0.8/src/Data/Map/Strict/Internal.hs:649 0x4966423c
[engine] opt done   engine=1  id=18    lambda ww, ds                                      |Tier 2|Time    57(  47+9   )ms|AST    2|Inlined   2Y   1N|IR    339/   613|CodeSize    2943|Addr 0x7eae123a1000|CompId 3201   |UTC 2026-09-23T09:47:01.746|Src /Users/ekmett/thc/vendor/containers-0.8/src/Data/Map/Internal.hs:3426 0xfda568ac
[engine] opt done   engine=1  id=23    lambda ww                                          |Tier 2|Time   615( 258+357 )ms|AST    2|Inlined  20Y  53N|IR   5430/ 15423|CodeSize   92701|Addr 0x7eae123a2380|CompId 3203   |UTC 2026-09-23T09:47:02.364|Src n/a
[engine] opt inval. engine=1  id=23    lambda ww                                                                                                                                                                         |UTC 2026-09-23T09:47:02.368|Src n/a|Reason validRootAssumption local tags updated
[engine] opt inval. engine=1  id=21    lambda sc, x, ds1                                                                                                                                                                 |UTC 2026-09-23T09:47:02.369|Src /Users/ekmett/thc/vendor/containers-0.8/src/Data/Map/Strict/Internal.hs:497 0x4966423c|Reason validRootAssumption local tags updated
[engine] opt deopt  engine=1  id=21    lambda sc, x, ds1                                  |Invalidated  true|                                                                                                            |UTC 2026-09-23T09:47:02.370|Src /Users/ekmett/thc/vendor/containers-0.8/src/Data/Map/Strict/Internal.hs:497 0x4966423c|Reason uncommon trap
[engine] opt deopt  engine=1  id=21    lambda sc, x, ds1                                  |Invalidated  true|                                                                                                            |UTC 2026-09-23T09:47:02.370|Src /Users/ekmett/thc/vendor/containers-0.8/src/Data/Map/Strict/Internal.hs:497 0x4966423c|Reason uncommon trap
[engine] opt deopt  engine=1  id=21    lambda sc, x, ds1                                  |Invalidated  true|                                                                                                            |UTC 2026-09-23T09:47:02.371|Src /Users/ekmett/thc/vendor/containers-0.8/src/Data/Map/Strict/Internal.hs:497 0x4966423c|Reason uncommon trap
[engine] opt deopt  engine=1  id=21    lambda sc, x, ds1                                  |Invalidated  true|                                                                                                            |UTC 2026-09-23T09:47:02.371|Src /Users/ekmett/thc/vendor/containers-0.8/src/Data/Map/Strict/Internal.hs:497 0x4966423c|Reason uncommon trap
[engine] opt deopt  engine=1  id=21    lambda sc, x, ds1                                  |Invalidated  true|                                                                                                            |UTC 2026-09-23T09:47:02.371|Src /Users/ekmett/thc/vendor/containers-0.8/src/Data/Map/Strict/Internal.hs:497 0x4966423c|Reason uncommon trap
[engine] opt deopt  engine=1  id=21    lambda sc, x, ds1                                  |Invalidated  true|                                                                                                            |UTC 2026-09-23T09:47:02.371|Src /Users/ekmett/thc/vendor/containers-0.8/src/Data/Map/Strict/Internal.hs:497 0x4966423c|Reason uncommon trap
[engine] opt deopt  engine=1  id=23    lambda ww                                          |Invalidated  true|                                                                                                            |UTC 2026-09-23T09:47:02.372|Src n/a|Reason JVMCI invalidate
[engine] opt done   engine=1  id=23    lambda ww                                          |Tier 2|Time   646( 256+390 )ms|AST    2|Inlined  19Y  54N|IR   5478/ 16756|CodeSize  100589|Addr 0x7eae123bbf80|CompId 3255   |UTC 2026-09-23T09:47:03.019|Src n/a
[engine] opt done   engine=1  id=21    lambda sc, x, ds1                                  |Tier 2|Time   483( 253+230 )ms|AST    2|Inlined  16Y  48N|IR   4719/ 13540|CodeSize   76823|Addr 0x7eae123d7600|CompId 3276   |UTC 2026-09-23T09:47:03.503|Src /Users/ekmett/thc/vendor/containers-0.8/src/Data/Map/Strict/Internal.hs:497 0x4966423c
[engine] opt done   engine=1  id=10    lambda k, x, l, r                                  |Tier 2|Time    16(  12+4   )ms|AST    2|Inlined   0Y   0N|IR    527/   557|CodeSize    2236|Addr 0x7eae123ea880|CompId 3302   |UTC 2026-09-23T09:47:03.571|Src /Users/ekmett/thc/vendor/containers-0.8/src/Data/Map/Internal.hs:4272 0xfda568ac
[engine] opt done   engine=1  id=26    lambda n                                           |Tier 2|Time   717( 219+498 )ms|AST    2|Inlined  20Y  49N|IR   5444/ 16340|CodeSize   96032|Addr 0x7eae123fd600|CompId 3324   |UTC 2026-09-23T09:47:04.323|Src examples/THC/MapWorkload.hs:30 0xd633756a
