WARNING: A terminally deprecated method in sun.misc.Unsafe has been called
WARNING: sun.misc.Unsafe::objectFieldOffset has been called by com.oracle.truffle.runtime.hotspot.HotSpotTruffleRuntime (file:/Users/ekmett/thc/build/install/thc/lib/truffle-runtime-25.3.4.1.jar)
WARNING: Please consider reporting this to the maintainers of class com.oracle.truffle.runtime.hotspot.HotSpotTruffleRuntime
WARNING: sun.misc.Unsafe::objectFieldOffset will be removed in a future release
VERIFIED_MAP	before-requested-compilation	-3	0
VERIFIED_MAP	before-requested-compilation	0	0
VERIFIED_MAP	before-requested-compilation	1	59
VERIFIED_MAP	before-requested-compilation	2	3811
VERIFIED_MAP	before-requested-compilation	3	7160
VERIFIED_MAP	before-requested-compilation	4	10512
VERIFIED_MAP	before-requested-compilation	7	16932
VERIFIED_MAP	before-requested-compilation	15	65471
VERIFIED_MAP	before-requested-compilation	16	71366
VERIFIED_MAP	before-requested-compilation	31	143361
VERIFIED_MAP	before-requested-compilation	100	573630
[To redirect Truffle log output to a file use one of the following options:
* '--log.file=<path>' if the option is passed using a guest language launcher.
* '-Dpolyglot.log.file=<path>' if the option is passed using the host Java launcher.
* Configure logging using the polyglot embedding API.]
[engine] opt done   engine=1  id=21    lambda sc, x, ds1                                  |Tier 2|Time   590( 331+259 )ms|AST    2|Inlined   8Y  41N|IR   6650/ 13702|CodeSize   66960|Addr 0x00011985e240|CompId 2888   |UTC 2026-09-23T03:18:48.912|Src /Users/ekmett/thc/vendor/containers-0.8/src/Data/Map/Strict/Internal.hs:497 0x4966423c
[engine] opt done   engine=1  id=17    lambda def, ww, ds1                                |Tier 2|Time    50(  31+19  )ms|AST    2|Inlined   1Y   0N|IR    571/  1011|CodeSize    4780|Addr 0x000119876d80|CompId 2980   |UTC 2026-09-23T03:18:48.975|Src /Users/ekmett/thc/vendor/containers-0.8/src/Data/Map/Internal.hs:649 0xfda568ac
VERIFIED_MAP	before-requested-compilation	1024	5779685
[engine] opt done   engine=1  id=22    lambda ww, ds2                                     |Tier 2|Time   290( 118+172 )ms|AST    2|Inlined  14Y  16N|IR   5514/ 11709|CodeSize   50864|Addr 0x00011987d600|CompId 3003   |UTC 2026-09-23T03:18:49.275|Src /Users/ekmett/thc/vendor/containers-0.8/src/Data/Map/Strict/Internal.hs:649 0x4966423c
[engine] opt done   engine=1  id=18    lambda ww, ds                                      |Tier 2|Time   514( 233+280 )ms|AST    2|Inlined  16Y  26N|IR   6183/ 13227|CodeSize   58504|Addr 0x00011988b4c0|CompId 3020   |UTC 2026-09-23T03:18:49.801|Src /Users/ekmett/thc/vendor/containers-0.8/src/Data/Map/Internal.hs:3426 0xfda568ac
VERIFIED_MAP	before-requested-compilation	4095	23067517
[engine] opt done   engine=1  id=27    lambda ww                                          |Tier 2|Time  1040( 299+741 )ms|AST    2|Inlined  20Y  49N|IR  10279/ 25399|CodeSize  123964|Addr 0x00011989b1c0|CompId 3034   |UTC 2026-09-23T03:18:50.853|Src n/a
VERIFIED_MAP	before-requested-compilation	4096	23069687
[engine] opt inval. engine=1  id=27    lambda ww                                                                                                                                                                         |UTC 2026-09-23T03:18:50.864|Src n/a|Reason validRootAssumption local tags updated
[engine] opt inval. engine=1  id=18    lambda ww, ds                                                                                                                                                                     |UTC 2026-09-23T03:18:50.865|Src /Users/ekmett/thc/vendor/containers-0.8/src/Data/Map/Internal.hs:3426 0xfda568ac|Reason validRootAssumption local tags updated
[engine] opt inval. engine=1  id=21    lambda sc, x, ds1                                                                                                                                                                 |UTC 2026-09-23T03:18:50.866|Src /Users/ekmett/thc/vendor/containers-0.8/src/Data/Map/Strict/Internal.hs:497 0x4966423c|Reason validRootAssumption local tags updated
[engine] opt deopt  engine=1  id=21    lambda sc, x, ds1                                  |Invalidated  true|                                                                                                            |UTC 2026-09-23T03:18:50.867|Src /Users/ekmett/thc/vendor/containers-0.8/src/Data/Map/Strict/Internal.hs:497 0x4966423c|Reason uncommon trap
[engine] opt deopt  engine=1  id=21    lambda sc, x, ds1                                  |Invalidated  true|                                                                                                            |UTC 2026-09-23T03:18:50.868|Src /Users/ekmett/thc/vendor/containers-0.8/src/Data/Map/Strict/Internal.hs:497 0x4966423c|Reason uncommon trap
[engine] opt deopt  engine=1  id=21    lambda sc, x, ds1                                  |Invalidated  true|                                                                                                            |UTC 2026-09-23T03:18:50.868|Src /Users/ekmett/thc/vendor/containers-0.8/src/Data/Map/Strict/Internal.hs:497 0x4966423c|Reason uncommon trap
[engine] opt deopt  engine=1  id=21    lambda sc, x, ds1                                  |Invalidated  true|                                                                                                            |UTC 2026-09-23T03:18:50.868|Src /Users/ekmett/thc/vendor/containers-0.8/src/Data/Map/Strict/Internal.hs:497 0x4966423c|Reason uncommon trap
[engine] opt deopt  engine=1  id=21    lambda sc, x, ds1                                  |Invalidated  true|                                                                                                            |UTC 2026-09-23T03:18:50.868|Src /Users/ekmett/thc/vendor/containers-0.8/src/Data/Map/Strict/Internal.hs:497 0x4966423c|Reason uncommon trap
[engine] opt deopt  engine=1  id=21    lambda sc, x, ds1                                  |Invalidated  true|                                                                                                            |UTC 2026-09-23T03:18:50.868|Src /Users/ekmett/thc/vendor/containers-0.8/src/Data/Map/Strict/Internal.hs:497 0x4966423c|Reason uncommon trap
[engine] opt deopt  engine=1  id=25    argument thunk                                     |Invalidated  true|                                                                                                            |UTC 2026-09-23T03:18:50.868|Src examples/THC/MapWorkload.hs:16 0xd633756a|Reason unknown
[engine] opt done   engine=1  id=18    lambda ww, ds                                      |Tier 2|Time   347( 190+157 )ms|AST    2|Inlined  10Y  16N|IR   4263/  9048|CodeSize   39292|Addr 0x0001198c4ec0|CompId 3099   |UTC 2026-09-23T03:18:51.222|Src /Users/ekmett/thc/vendor/containers-0.8/src/Data/Map/Internal.hs:3426 0xfda568ac
[engine] opt deopt  engine=1  id=27    lambda ww                                          |Invalidated  true|                                                                                                            |UTC 2026-09-23T03:18:51.234|Src n/a|Reason JVMCI invalidate
VERIFIED_MAP	before-requested-compilation	4097	23069746
[engine] opt done   engine=1  id=27    lambda ww                                          |Tier 2|Time   985( 247+739 )ms|AST    2|Inlined  20Y  44N|IR  10750/ 26342|CodeSize  130592|Addr 0x0001198d6900|CompId 3130   |UTC 2026-09-23T03:18:52.220|Src n/a
[engine] opt done   engine=1  id=21    lambda sc, x, ds1                                  |Tier 2|Time   484( 295+189 )ms|AST    2|Inlined   7Y  35N|IR   6945/ 14279|CodeSize   72192|Addr 0x0001198f7e80|CompId 3140   |UTC 2026-09-23T03:18:52.705|Src /Users/ekmett/thc/vendor/containers-0.8/src/Data/Map/Strict/Internal.hs:497 0x4966423c
[engine] opt done   engine=1  id=10    lambda k, x, l, r                                  |Tier 2|Time    18(  10+8   )ms|AST    2|Inlined   0Y   0N|IR    861/  1028|CodeSize    3988|Addr 0x00011990c9c0|CompId 3156   |UTC 2026-09-23T03:18:52.760|Src /Users/ekmett/thc/vendor/containers-0.8/src/Data/Map/Internal.hs:4272 0xfda568ac
VERIFIED_MAP	before-requested-compilation	10000	56348923
VERIFIED_MAP	before-requested-compilation	65536	370634752
VERIFIED_MAP	before-requested-compilation	100000	566683714
[engine] opt done   engine=1  id=15    lambda k, x, l, r                                  |Tier 2|Time   552( 279+273 )ms|AST    2|Inlined   8Y  22N|IR   6912/ 14643|CodeSize   66284|Addr 0x00011991fa00|CompId 3176   |UTC 2026-09-23T03:18:53.418|Src /Users/ekmett/thc/vendor/containers-0.8/src/Data/Map/Internal.hs:4302 0xfda568ac
[engine] opt done   engine=1  id=30    lambda n                                           |Tier 2|Time   303( 296+6   )ms|AST    2|Inlined   1Y   2N|IR    281/   673|CodeSize    3272|Addr 0x000119930d80|CompId 3199   |UTC 2026-09-23T03:18:53.725|Src examples/THC/MapWorkload.hs:30 0xd633756a
VERIFIED_MAP	after-requested-compilation	-3	0
VERIFIED_MAP	after-requested-compilation	0	0
VERIFIED_MAP	after-requested-compilation	1	59
VERIFIED_MAP	after-requested-compilation	2	3811
VERIFIED_MAP	after-requested-compilation	3	7160
VERIFIED_MAP	after-requested-compilation	4	10512
VERIFIED_MAP	after-requested-compilation	7	16932
VERIFIED_MAP	after-requested-compilation	15	65471
VERIFIED_MAP	after-requested-compilation	16	71366
VERIFIED_MAP	after-requested-compilation	31	143361
VERIFIED_MAP	after-requested-compilation	100	573630
VERIFIED_MAP	after-requested-compilation	1024	5779685
VERIFIED_MAP	after-requested-compilation	4095	23067517
VERIFIED_MAP	after-requested-compilation	4096	23069687
VERIFIED_MAP	after-requested-compilation	4097	23069746
VERIFIED_MAP	after-requested-compilation	10000	56348923
VERIFIED_MAP	after-requested-compilation	65536	370634752
VERIFIED_MAP	after-requested-compilation	100000	566683714
MAP_DIAGNOSTICS {"backend":"bytecode","bytecodeRootCount":62,"sourceNotesEnabled":true,"sourceSpanCount":8656,"sourceRootCount":19,"localJoinCount":10,"localJoinTransfers":874750,"instrumented":true,"thunkEvaluationsByLabel":{"lvl":3,"argument thunk":502086},"compiledEntries":6425337,"thunkEvaluations":502089,"thunkHits":977357,"blackholes":0,"directCacheMisses":30,"indirectCalls":0,"tailBounces":0,"selfTailReentries":0,"trampolineIterations":0,"papAllocations":0,"unsupportedPolicy":"diagnostic-traps","deferredUnsupported":["Unsupported constructor representation unboxed-tuple: ghc-internal:GHC.Internal.Types.(#,#)","Unresolved external binding ghc-internal:GHC.Internal.Stack.withFrozenCallStack1","Unresolved external binding ghc-internal:GHC.Internal.Exception.Backtrace.collectExceptionAnnotationMechanismRef","Unsupported primitive readMutVar#"],"unsupportedTraps":0,"frames":"Bytecode DSL primitive locals; selective StaticShape captures","stackPolicy":"tail-safe; non-tail calls and nested thunk forcing use host stack","threadPolicy":"single guest thread"}
