WARNING: A terminally deprecated method in sun.misc.Unsafe has been called
WARNING: sun.misc.Unsafe::objectFieldOffset has been called by com.oracle.truffle.runtime.hotspot.HotSpotTruffleRuntime (file:/Users/ekmett/thc/build/install/thc/lib/truffle-runtime-25.3.4.1.jar)
WARNING: Please consider reporting this to the maintainers of class com.oracle.truffle.runtime.hotspot.HotSpotTruffleRuntime
WARNING: sun.misc.Unsafe::objectFieldOffset will be removed in a future release
VERIFIED_MAP	before-requested-compilation	-3	0
VERIFIED_MAP	before-requested-compilation	0	0
VERIFIED_MAP	before-requested-compilation	1	59
VERIFIED_MAP	before-requested-compilation	2	3811
VERIFIED_MAP	before-requested-compilation	3	7160
VERIFIED_MAP	before-requested-compilation	4	10512
VERIFIED_MAP	before-requested-compilation	7	16932
VERIFIED_MAP	before-requested-compilation	15	65471
VERIFIED_MAP	before-requested-compilation	16	71366
VERIFIED_MAP	before-requested-compilation	31	143361
VERIFIED_MAP	before-requested-compilation	100	573630
[To redirect Truffle log output to a file use one of the following options:
* '--log.file=<path>' if the option is passed using a guest language launcher.
* '-Dpolyglot.log.file=<path>' if the option is passed using the host Java launcher.
* Configure logging using the polyglot embedding API.]
[engine] opt done   engine=1  id=21    lambda sc, x, ds1                                  |Tier 2|Time   391( 213+177 )ms|AST  807|Inlined   9Y  21N|IR   5434/ 10925|CodeSize   48884|Addr 0x00011e021e40|CompId 2638   |UTC 2026-09-23T03:50:07.703|Src /Users/ekmett/thc/vendor/containers-0.8/src/Data/Map/Strict/Internal.hs:497 0x4966423c
[engine] opt done   engine=1  id=17    lambda def, ww, ds1                                |Tier 2|Time    40(  17+23  )ms|AST  178|Inlined   1Y   0N|IR    805/  1350|CodeSize    8424|Addr 0x00011e0398c0|CompId 2771   |UTC 2026-09-23T03:50:07.773|Src /Users/ekmett/thc/vendor/containers-0.8/src/Data/Map/Internal.hs:649 0xfda568ac
VERIFIED_MAP	before-requested-compilation	1024	5779685
[engine] opt done   engine=1  id=22    lambda ww, ds2                                     |Tier 2|Time   113(  47+66  )ms|AST  340|Inlined   6Y   8N|IR   2615/  6066|CodeSize   25076|Addr 0x00011e04cd00|CompId 2794   |UTC 2026-09-23T03:50:07.899|Src /Users/ekmett/thc/vendor/containers-0.8/src/Data/Map/Strict/Internal.hs:649 0x4966423c
[engine] opt done   engine=1  id=18    lambda ww, ds                                      |Tier 2|Time   394( 111+283 )ms|AST  194|Inlined  13Y  22N|IR   6214/ 12501|CodeSize   53884|Addr 0x00011e05ea40|CompId 2821   |UTC 2026-09-23T03:50:08.303|Src /Users/ekmett/thc/vendor/containers-0.8/src/Data/Map/Internal.hs:3426 0xfda568ac
VERIFIED_MAP	before-requested-compilation	4095	23067517
[engine] opt done   engine=1  id=27    lambda ww                                          |Tier 2|Time  1413( 224+1189)ms|AST  959|Inlined  21Y  32N|IR  11579/ 25758|CodeSize  128444|Addr 0x00011e071480|CompId 2836   |UTC 2026-09-23T03:50:09.720|Src n/a
VERIFIED_MAP	before-requested-compilation	4096	23069687
[engine] opt deopt  engine=1  id=21    lambda sc, x, ds1                                  |Invalidated  true|                                                                                                            |UTC 2026-09-23T03:50:09.742|Src /Users/ekmett/thc/vendor/containers-0.8/src/Data/Map/Strict/Internal.hs:497 0x4966423c|Reason uncommon trap
[engine] opt deopt  engine=1  id=21    lambda sc, x, ds1                                  |Invalidated  true|                                                                                                            |UTC 2026-09-23T03:50:09.743|Src /Users/ekmett/thc/vendor/containers-0.8/src/Data/Map/Strict/Internal.hs:497 0x4966423c|Reason uncommon trap
VERIFIED_MAP	before-requested-compilation	4097	23069746
[engine] opt done   engine=1  id=21    lambda sc, x, ds1                                  |Tier 2|Time   402( 170+232 )ms|AST  807|Inlined   9Y  21N|IR   6176/ 13152|CodeSize   60280|Addr 0x00011e0966c0|CompId 2867   |UTC 2026-09-23T03:50:10.147|Src /Users/ekmett/thc/vendor/containers-0.8/src/Data/Map/Strict/Internal.hs:497 0x4966423c
[engine] opt deopt  engine=1  id=21    lambda sc, x, ds1                                  |Invalidated false|                                                                                                            |UTC 2026-09-23T03:50:10.151|Src /Users/ekmett/thc/vendor/containers-0.8/src/Data/Map/Strict/Internal.hs:497 0x4966423c|Reason Unknown
[engine] opt deopt  engine=1  id=23    argument thunk                                     |Invalidated  true|                                                                                                            |UTC 2026-09-23T03:50:10.151|Src /Users/ekmett/thc/vendor/containers-0.8/src/Data/Map/Strict/Internal.hs:494 0x4966423c|Reason unknown
[engine] opt done   engine=1  id=23    argument thunk                                     |Tier 2|Time   301( 176+125 )ms|AST  106|Inlined   8Y  14N|IR   4674/  9520|CodeSize   41472|Addr 0x00011e0aa580|CompId 2900   |UTC 2026-09-23T03:50:10.456|Src /Users/ekmett/thc/vendor/containers-0.8/src/Data/Map/Strict/Internal.hs:494 0x4966423c
[engine] opt deopt  engine=1  id=27    lambda ww                                          |Invalidated  true|                                                                                                            |UTC 2026-09-23T03:50:10.475|Src n/a|Reason uncommon trap
VERIFIED_MAP	before-requested-compilation	10000	56348923
[engine] opt done   engine=1  id=27    lambda ww                                          |Tier 2|Time  1490( 224+1266)ms|AST  959|Inlined  21Y  32N|IR  12264/ 27326|CodeSize  135780|Addr 0x00011e0b73c0|CompId 2911   |UTC 2026-09-23T03:50:11.966|Src n/a
[engine] opt done   engine=1  id=10    lambda k, x, l, r                                  |Tier 2|Time    15(   7+8   )ms|AST 2590|Inlined   0Y   0N|IR    746/  1056|CodeSize    4036|Addr 0x00011e0da140|CompId 2926   |UTC 2026-09-23T03:50:11.986|Src /Users/ekmett/thc/vendor/containers-0.8/src/Data/Map/Internal.hs:4272 0xfda568ac
VERIFIED_MAP	before-requested-compilation	65536	370634752
VERIFIED_MAP	before-requested-compilation	100000	566683714
[engine] opt done   engine=1  id=30    lambda n                                           |Tier 2|Time   233( 227+5   )ms|AST   44|Inlined   1Y   2N|IR    255/   664|CodeSize    3312|Addr 0x00011e0dda40|CompId 2948   |UTC 2026-09-23T03:50:12.274|Src examples/THC/MapWorkload.hs:30 0xd633756a
VERIFIED_MAP	after-requested-compilation	-3	0
VERIFIED_MAP	after-requested-compilation	0	0
VERIFIED_MAP	after-requested-compilation	1	59
VERIFIED_MAP	after-requested-compilation	2	3811
VERIFIED_MAP	after-requested-compilation	3	7160
VERIFIED_MAP	after-requested-compilation	4	10512
VERIFIED_MAP	after-requested-compilation	7	16932
VERIFIED_MAP	after-requested-compilation	15	65471
VERIFIED_MAP	after-requested-compilation	16	71366
VERIFIED_MAP	after-requested-compilation	31	143361
VERIFIED_MAP	after-requested-compilation	100	573630
VERIFIED_MAP	after-requested-compilation	1024	5779685
VERIFIED_MAP	after-requested-compilation	4095	23067517
VERIFIED_MAP	after-requested-compilation	4096	23069687
VERIFIED_MAP	after-requested-compilation	4097	23069746
VERIFIED_MAP	after-requested-compilation	10000	56348923
VERIFIED_MAP	after-requested-compilation	65536	370634752
VERIFIED_MAP	after-requested-compilation	100000	566683714
MAP_DIAGNOSTICS {"backend":"ast","sourceNotesEnabled":true,"sourceSpanCount":8656,"sourceRootCount":19,"instrumented":true,"thunkEvaluationsByLabel":{"lvl":3,"argument thunk":502086},"compiledEntries":6421145,"thunkEvaluations":502089,"thunkHits":977357,"blackholes":0,"directCacheMisses":33,"indirectCalls":0,"tailBounces":4158622,"papAllocations":0,"localJoinTransfers":874750,"selfTailReentries":4158622,"trampolineIterations":0,"unsupportedPolicy":"diagnostic-traps","deferredUnsupported":["Unsupported constructor representation unboxed-tuple: ghc-internal:GHC.Internal.Types.(#,#)","Unresolved external binding ghc-internal:GHC.Internal.Stack.withFrozenCallStack1","Unresolved external binding ghc-internal:GHC.Internal.Exception.Backtrace.collectExceptionAnnotationMechanismRef","Unsupported primitive readMutVar#"],"unsupportedTraps":0,"frames":"indexed primitive slots; selective StaticShape captures","stackPolicy":"tail-safe; non-tail calls and nested thunk forcing use host stack","threadPolicy":"single guest thread"}
