WARNING: A terminally deprecated method in sun.misc.Unsafe has been called
WARNING: sun.misc.Unsafe::objectFieldOffset has been called by com.oracle.truffle.runtime.hotspot.HotSpotTruffleRuntime (file:/Users/ekmett/thc/build/install/thc/lib/truffle-runtime-25.3.4.1.jar)
WARNING: Please consider reporting this to the maintainers of class com.oracle.truffle.runtime.hotspot.HotSpotTruffleRuntime
WARNING: sun.misc.Unsafe::objectFieldOffset will be removed in a future release
[To redirect Truffle log output to a file use one of the following options:
* '--log.file=<path>' if the option is passed using a guest language launcher.
* '-Dpolyglot.log.file=<path>' if the option is passed using the host Java launcher.
* Configure logging using the polyglot embedding API.]
[[[Graal compilation failure]]]
Thread[#4,TruffleCompilerThread-36,5,main]: Compilation of org.graalvm.polyglot.Value<EntryValue>.execute failed:
jdk.graal.compiler.truffle.GraphTooBigBailoutException: Graph too big to safely compile. Node count: 26584. Graph Size: 100008. Limit: 100000.
	at LibGraalClassLoader//jdk.graal.compiler.truffle.PartialEvaluator$GraphSizeListener.checkLimit(PartialEvaluator.java:424)
	at LibGraalClassLoader//jdk.graal.compiler.truffle.PartialEvaluator$GraphSizeListener.increaseSizeAndCheckLimit(PartialEvaluator.java:418)
	at LibGraalClassLoader//jdk.graal.compiler.truffle.PartialEvaluator$GraphSizeListener.afterDecodingFields(PartialEvaluator.java:435)
	at LibGraalClassLoader//jdk.graal.compiler.graph.Graph$NodeEventListener.event(Graph.java:787)
	at LibGraalClassLoader//jdk.graal.compiler.graph.Graph.fireNodeEvent(Graph.java:731)
	at LibGraalClassLoader//jdk.graal.compiler.graph.Graph.afterDecodingFields(Graph.java:679)
	at LibGraalClassLoader//jdk.graal.compiler.nodes.GraphDecoder.processNextNode(GraphDecoder.java:1595)
	at LibGraalClassLoader//jdk.graal.compiler.nodes.GraphDecoder.decode(GraphDecoder.java:1290)
	at LibGraalClassLoader//jdk.graal.compiler.replacements.PEGraphDecoder.decode(PEGraphDecoder.java:988)
	at LibGraalClassLoader//jdk.graal.compiler.truffle.PartialEvaluator.doGraphPE(PartialEvaluator.java:547)
	at LibGraalClassLoader//jdk.graal.compiler.truffle.phases.inlining.GraphManager.pe(GraphManager.java:107)
	at LibGraalClassLoader//jdk.graal.compiler.truffle.phases.inlining.GraphManager.peRoot(GraphManager.java:102)
	at LibGraalClassLoader//jdk.graal.compiler.truffle.phases.inlining.CallNode.makeRoot(CallNode.java:128)
	at LibGraalClassLoader//jdk.graal.compiler.truffle.phases.inlining.CallTree.<init>(CallTree.java:55)
	at LibGraalClassLoader//jdk.graal.compiler.truffle.phases.inlining.AgnosticInliningPhase.run(AgnosticInliningPhase.java:78)
	at LibGraalClassLoader//jdk.graal.compiler.truffle.phases.inlining.AgnosticInliningPhase.run(AgnosticInliningPhase.java:40)
	at LibGraalClassLoader//jdk.graal.compiler.phases.BasePhase.apply(BasePhase.java:511)
	at LibGraalClassLoader//jdk.graal.compiler.phases.BasePhase.apply(BasePhase.java:359)
	at LibGraalClassLoader//jdk.graal.compiler.core.phases.BaseTier.run(BaseTier.java:65)
	at LibGraalClassLoader//jdk.graal.compiler.phases.BasePhase.apply(BasePhase.java:511)
	at LibGraalClassLoader//jdk.graal.compiler.phases.BasePhase.apply(BasePhase.java:359)
	at LibGraalClassLoader//jdk.graal.compiler.truffle.TruffleCompilerImpl.truffleTier(TruffleCompilerImpl.java:601)
	at LibGraalClassLoader//jdk.graal.compiler.truffle.TruffleCompilerImpl.compileAST(TruffleCompilerImpl.java:512)
	at LibGraalClassLoader//jdk.graal.compiler.truffle.TruffleCompilerImpl$TruffleCompilationWrapper.performCompilation(TruffleCompilerImpl.java:814)
	at LibGraalClassLoader//jdk.graal.compiler.truffle.TruffleCompilerImpl$TruffleCompilationWrapper.performCompilation(TruffleCompilerImpl.java:728)
	at LibGraalClassLoader//jdk.graal.compiler.core.CompilationWrapper.run(CompilationWrapper.java:236)
	at LibGraalClassLoader//jdk.graal.compiler.truffle.TruffleCompilerImpl.doCompile(TruffleCompilerImpl.java:246)
	at LibGraalClassLoader//jdk.graal.compiler.truffle.TruffleCompilerImpl.doCompile(TruffleCompilerImpl.java:213)
	at LibGraalClassLoader//jdk.graal.compiler.libgraal.truffle.LibGraalTruffleEntryPoints.doCompile(LibGraalTruffleEntryPoints.java:207)
Options: {CompilationExpirationPeriod=30.0, DoNotMoveAllocationsWithOOMEHandlers=false, compiler.CompilationTimeout=30.0, compiler.DiagnoseFailure=true, compiler.MaximumGraalGraphSize=100000}
If in an environment where setting system properties is possible, the following
properties are available to change compilation failure reporting:
- To disable compilation failure notifications, set CompilationFailureAction to Silent (e.g., -Djdk.graal.CompilationFailureAction=Silent).
- To print a message for a compilation failure without retrying the compilation, set CompilationFailureAction to Print (e.g., -Djdk.graal.CompilationFailureAction=Print).
Retrying compilation of org.graalvm.polyglot.Value<EntryValue>.execute
Dumping IGV graphs in /Users/ekmett/thc/graal_dumps/2026.09.22.13.31.59.000/graal_diagnostics_41046@11/org.graalvm.polyglot.Value<EntryValue>.execute
Exception in thread "main" com.oracle.truffle.api.OptimizationFailedException: com.oracle.truffle.api.OptimizationFailedException: java.lang.InternalError: org.graalvm.jniutils.JNIExceptionWrapper:java.lang.RuntimeException:java.lang.Exception:
org.graalvm.jniutils.JNIExceptionWrapper: com.oracle.truffle.api.OptimizationFailedException: java.lang.InternalError: jdk.graal.compiler.truffle.GraphTooBigBailoutException:jdk.graal.compiler.core.common.PermanentBailoutException:jdk.graal.compiler.core.common.GraalBailoutException:jdk.vm.ci.code.BailoutException:java.lang.RuntimeException:java.lang.Exception:
jdk.graal.compiler.truffle.GraphTooBigBailoutException: Graph too big to safely compile. Node count: 26584. Graph Size: 100008. Limit: 100000.
	at LibGraalClassLoader//jdk.graal.compiler.truffle.PartialEvaluator$GraphSizeListener.checkLimit(PartialEvaluator.java:424)
	at LibGraalClassLoader//jdk.graal.compiler.truffle.PartialEvaluator$GraphSizeListener.increaseSizeAndCheckLimit(PartialEvaluator.java:418)
	at LibGraalClassLoader//jdk.graal.compiler.truffle.PartialEvaluator$GraphSizeListener.afterDecodingFields(PartialEvaluator.java:435)
	at LibGraalClassLoader//jdk.graal.compiler.graph.Graph$NodeEventListener.event(Graph.java:787)
	at LibGraalClassLoader//jdk.graal.compiler.graph.Graph.fireNodeEvent(Graph.java:731)
	at LibGraalClassLoader//jdk.graal.compiler.graph.Graph.afterDecodingFields(Graph.java:679)
	at LibGraalClassLoader//jdk.graal.compiler.nodes.GraphDecoder.processNextNode(GraphDecoder.java:1595)
	at LibGraalClassLoader//jdk.graal.compiler.nodes.GraphDecoder.decode(GraphDecoder.java:1290)
	at LibGraalClassLoader//jdk.graal.compiler.replacements.PEGraphDecoder.decode(PEGraphDecoder.java:988)
	at LibGraalClassLoader//jdk.graal.compiler.truffle.PartialEvaluator.doGraphPE(PartialEvaluator.java:547)
	at LibGraalClassLoader//jdk.graal.compiler.truffle.phases.inlining.GraphManager.pe(GraphManager.java:107)
	at LibGraalClassLoader//jdk.graal.compiler.truffle.phases.inlining.GraphManager.peRoot(GraphManager.java:102)
	at LibGraalClassLoader//jdk.graal.compiler.truffle.phases.inlining.CallNode.makeRoot(CallNode.java:128)
	at LibGraalClassLoader//jdk.graal.compiler.truffle.phases.inlining.CallTree.<init>(CallTree.java:55)
	at LibGraalClassLoader//jdk.graal.compiler.truffle.phases.inlining.AgnosticInliningPhase.run(AgnosticInliningPhase.java:78)
	at LibGraalClassLoader//jdk.graal.compiler.truffle.phases.inlining.AgnosticInliningPhase.run(AgnosticInliningPhase.java:40)
	at LibGraalClassLoader//jdk.graal.compiler.phases.BasePhase.apply(BasePhase.java:511)
	at LibGraalClassLoader//jdk.graal.compiler.phases.BasePhase.apply(BasePhase.java:359)
	at LibGraalClassLoader//jdk.graal.compiler.core.phases.BaseTier.run(BaseTier.java:65)
	at LibGraalClassLoader//jdk.graal.compiler.phases.BasePhase.apply(BasePhase.java:511)
	at LibGraalClassLoader//jdk.graal.compiler.phases.BasePhase.apply(BasePhase.java:359)
	at LibGraalClassLoader//jdk.graal.compiler.truffle.TruffleCompilerImpl.truffleTier(TruffleCompilerImpl.java:601)
	at LibGraalClassLoader//jdk.graal.compiler.truffle.TruffleCompilerImpl.compileAST(TruffleCompilerImpl.java:512)
	at LibGraalClassLoader//jdk.graal.compiler.truffle.TruffleCompilerImpl$TruffleCompilationWrapper.performCompilation(TruffleCompilerImpl.java:814)
	at LibGraalClassLoader//jdk.graal.compiler.truffle.TruffleCompilerImpl$TruffleCompilationWrapper.performCompilation(TruffleCompilerImpl.java:728)
	at LibGraalClassLoader//jdk.graal.compiler.core.CompilationWrapper.run(CompilationWrapper.java:236)
	at LibGraalClassLoader//jdk.graal.compiler.truffle.TruffleCompilerImpl.doCompile(TruffleCompilerImpl.java:246)
	at LibGraalClassLoader//jdk.graal.compiler.truffle.TruffleCompilerImpl.doCompile(TruffleCompilerImpl.java:213)
	at LibGraalClassLoader//jdk.graal.compiler.libgraal.truffle.LibGraalTruffleEntryPoints.doCompile(LibGraalTruffleEntryPoints.java:207)

	at com.oracle.truffle.runtime.OptimizedCallTarget.handleCompilationFailure(OptimizedCallTarget.java:1223)
	at com.oracle.truffle.runtime.OptimizedCallTarget.onCompilationFailed(OptimizedCallTarget.java:1202)
	at com.oracle.truffle.runtime.hotspot.libgraal.TruffleFromLibGraalEntryPoints.onCompilationFailed(TruffleFromLibGraalEntryPoints.java:317)
	at org.graalvm.jniutils/org.graalvm.jniutils.JNICalls.callStaticVoid(JNICalls.java:102)
	at LibGraalClassLoader//jdk.graal.compiler.libgraal.truffle.FromLibGraalCalls.callVoid(FromLibGraalCalls.java:60)
	at LibGraalClassLoader//jdk.graal.compiler.libgraal.truffle.HSTruffleCompilableGen.callOnCompilationFailed(HSTruffleCompilableGen.java:162)
	at LibGraalClassLoader//jdk.graal.compiler.libgraal.truffle.HSTruffleCompilable.onCompilationFailed(HSTruffleCompilable.java:157)
	at LibGraalClassLoader//jdk.graal.compiler.truffle.TruffleCompilerImpl.notifyCompilableOfFailure(TruffleCompilerImpl.java:359)
	at LibGraalClassLoader//jdk.graal.compiler.truffle.TruffleCompilerImpl$TruffleCompilationWrapper.handleException(TruffleCompilerImpl.java:805)
	at LibGraalClassLoader//jdk.graal.compiler.truffle.TruffleCompilerImpl$TruffleCompilationWrapper.handleException(TruffleCompilerImpl.java:728)
	at LibGraalClassLoader//jdk.graal.compiler.core.CompilationWrapper.performDiagnosticRetry(CompilationWrapper.java:403)
	at LibGraalClassLoader//jdk.graal.compiler.core.CompilationWrapper.handleFailure(CompilationWrapper.java:309)
	at LibGraalClassLoader//jdk.graal.compiler.core.CompilationWrapper$Failure.handle(CompilationWrapper.java:228)
	at LibGraalClassLoader//jdk.graal.compiler.truffle.TruffleCompilerImpl$TruffleCompilationWrapper.onCompilationFailure(TruffleCompilerImpl.java:822)
	at LibGraalClassLoader//jdk.graal.compiler.truffle.TruffleCompilerImpl$TruffleCompilationWrapper.onCompilationFailure(TruffleCompilerImpl.java:728)
	at LibGraalClassLoader//jdk.graal.compiler.core.CompilationWrapper.run(CompilationWrapper.java:238)
	at LibGraalClassLoader//jdk.graal.compiler.truffle.TruffleCompilerImpl.doCompile(TruffleCompilerImpl.java:246)
	at LibGraalClassLoader//jdk.graal.compiler.truffle.TruffleCompilerImpl.doCompile(TruffleCompilerImpl.java:213)
	at LibGraalClassLoader//jdk.graal.compiler.libgraal.truffle.LibGraalTruffleEntryPoints.doCompile(LibGraalTruffleEntryPoints.java:207)
	at com.oracle.truffle.runtime.hotspot.libgraal.TruffleToLibGraalCalls.doCompile(Native Method)
	at com.oracle.truffle.runtime.hotspot.libgraal.LibGraalHotSpotTruffleCompiler.doCompile(LibGraalHotSpotTruffleCompiler.java:102)
	at com.oracle.truffle.runtime.OptimizedTruffleRuntime.compileImpl(OptimizedTruffleRuntime.java:786)
	at com.oracle.truffle.runtime.OptimizedTruffleRuntime.doCompile(OptimizedTruffleRuntime.java:768)
	at com.oracle.truffle.runtime.CompilationTask$1.accept(CompilationTask.java:67)
	at com.oracle.truffle.runtime.CompilationTask$1.accept(CompilationTask.java:60)
	at com.oracle.truffle.runtime.CompilationTask.call(CompilationTask.java:359)
	at com.oracle.truffle.runtime.CompilationTask.call(CompilationTask.java:58)
	at java.util.concurrent.FutureTask.run(FutureTask.java:328)
	at java.util.concurrent.ThreadPoolExecutor.runWorker(ThreadPoolExecutor.java:1090)
	at java.util.concurrent.ThreadPoolExecutor$Worker.run(ThreadPoolExecutor.java:614)
	at java.lang.Thread.run(Thread.java:1474)
	at com.oracle.truffle.runtime.BackgroundCompileQueue$TruffleCompilerThreadFactory$1.run(BackgroundCompileQueue.java:444)

	at com.oracle.truffle.runtime.OptimizedTruffleRuntime.finishCompilation(OptimizedTruffleRuntime.java:851)
	at com.oracle.truffle.runtime.OptimizedCallTarget.maybeWaitForTask(OptimizedCallTarget.java:1032)
	at com.oracle.truffle.runtime.OptimizedCallTarget.compile(OptimizedCallTarget.java:1024)
	at com.oracle.truffle.runtime.OptimizedCallTarget.compileQueuedByHotness(OptimizedCallTarget.java:752)
	at com.oracle.truffle.runtime.OptimizedCallTarget.interpreterCall(OptimizedCallTarget.java:675)
	at com.oracle.truffle.runtime.OptimizedCallTarget.callBoundary(OptimizedCallTarget.java:638)
	at com.oracle.truffle.runtime.OptimizedCallTarget.doInvoke(OptimizedCallTarget.java:625)
	at com.oracle.truffle.runtime.OptimizedRuntimeSupport.callProfiled(OptimizedRuntimeSupport.java:310)
	at com.oracle.truffle.polyglot.PolyglotValueDispatch$InteropValue.execute(PolyglotValueDispatch.java:2691)
	at org.graalvm.polyglot.Value.execute(Value.java:1098)
	at thc.ProbeKt.main(Probe.kt:21)
Caused by: com.oracle.truffle.api.OptimizationFailedException: java.lang.InternalError: org.graalvm.jniutils.JNIExceptionWrapper:java.lang.RuntimeException:java.lang.Exception:
org.graalvm.jniutils.JNIExceptionWrapper: com.oracle.truffle.api.OptimizationFailedException: java.lang.InternalError: jdk.graal.compiler.truffle.GraphTooBigBailoutException:jdk.graal.compiler.core.common.PermanentBailoutException:jdk.graal.compiler.core.common.GraalBailoutException:jdk.vm.ci.code.BailoutException:java.lang.RuntimeException:java.lang.Exception:
jdk.graal.compiler.truffle.GraphTooBigBailoutException: Graph too big to safely compile. Node count: 26584. Graph Size: 100008. Limit: 100000.
	at LibGraalClassLoader//jdk.graal.compiler.truffle.PartialEvaluator$GraphSizeListener.checkLimit(PartialEvaluator.java:424)
	at LibGraalClassLoader//jdk.graal.compiler.truffle.PartialEvaluator$GraphSizeListener.increaseSizeAndCheckLimit(PartialEvaluator.java:418)
	at LibGraalClassLoader//jdk.graal.compiler.truffle.PartialEvaluator$GraphSizeListener.afterDecodingFields(PartialEvaluator.java:435)
	at LibGraalClassLoader//jdk.graal.compiler.graph.Graph$NodeEventListener.event(Graph.java:787)
	at LibGraalClassLoader//jdk.graal.compiler.graph.Graph.fireNodeEvent(Graph.java:731)
	at LibGraalClassLoader//jdk.graal.compiler.graph.Graph.afterDecodingFields(Graph.java:679)
	at LibGraalClassLoader//jdk.graal.compiler.nodes.GraphDecoder.processNextNode(GraphDecoder.java:1595)
	at LibGraalClassLoader//jdk.graal.compiler.nodes.GraphDecoder.decode(GraphDecoder.java:1290)
	at LibGraalClassLoader//jdk.graal.compiler.replacements.PEGraphDecoder.decode(PEGraphDecoder.java:988)
	at LibGraalClassLoader//jdk.graal.compiler.truffle.PartialEvaluator.doGraphPE(PartialEvaluator.java:547)
	at LibGraalClassLoader//jdk.graal.compiler.truffle.phases.inlining.GraphManager.pe(GraphManager.java:107)
	at LibGraalClassLoader//jdk.graal.compiler.truffle.phases.inlining.GraphManager.peRoot(GraphManager.java:102)
	at LibGraalClassLoader//jdk.graal.compiler.truffle.phases.inlining.CallNode.makeRoot(CallNode.java:128)
	at LibGraalClassLoader//jdk.graal.compiler.truffle.phases.inlining.CallTree.<init>(CallTree.java:55)
	at LibGraalClassLoader//jdk.graal.compiler.truffle.phases.inlining.AgnosticInliningPhase.run(AgnosticInliningPhase.java:78)
	at LibGraalClassLoader//jdk.graal.compiler.truffle.phases.inlining.AgnosticInliningPhase.run(AgnosticInliningPhase.java:40)
	at LibGraalClassLoader//jdk.graal.compiler.phases.BasePhase.apply(BasePhase.java:511)
	at LibGraalClassLoader//jdk.graal.compiler.phases.BasePhase.apply(BasePhase.java:359)
	at LibGraalClassLoader//jdk.graal.compiler.core.phases.BaseTier.run(BaseTier.java:65)
	at LibGraalClassLoader//jdk.graal.compiler.phases.BasePhase.apply(BasePhase.java:511)
	at LibGraalClassLoader//jdk.graal.compiler.phases.BasePhase.apply(BasePhase.java:359)
	at LibGraalClassLoader//jdk.graal.compiler.truffle.TruffleCompilerImpl.truffleTier(TruffleCompilerImpl.java:601)
	at LibGraalClassLoader//jdk.graal.compiler.truffle.TruffleCompilerImpl.compileAST(TruffleCompilerImpl.java:512)
	at LibGraalClassLoader//jdk.graal.compiler.truffle.TruffleCompilerImpl$TruffleCompilationWrapper.performCompilation(TruffleCompilerImpl.java:814)
	at LibGraalClassLoader//jdk.graal.compiler.truffle.TruffleCompilerImpl$TruffleCompilationWrapper.performCompilation(TruffleCompilerImpl.java:728)
	at LibGraalClassLoader//jdk.graal.compiler.core.CompilationWrapper.run(CompilationWrapper.java:236)
	at LibGraalClassLoader//jdk.graal.compiler.truffle.TruffleCompilerImpl.doCompile(TruffleCompilerImpl.java:246)
	at LibGraalClassLoader//jdk.graal.compiler.truffle.TruffleCompilerImpl.doCompile(TruffleCompilerImpl.java:213)
	at LibGraalClassLoader//jdk.graal.compiler.libgraal.truffle.LibGraalTruffleEntryPoints.doCompile(LibGraalTruffleEntryPoints.java:207)

	at com.oracle.truffle.runtime.OptimizedCallTarget.handleCompilationFailure(OptimizedCallTarget.java:1223)
	at com.oracle.truffle.runtime.OptimizedCallTarget.onCompilationFailed(OptimizedCallTarget.java:1202)
	at com.oracle.truffle.runtime.hotspot.libgraal.TruffleFromLibGraalEntryPoints.onCompilationFailed(TruffleFromLibGraalEntryPoints.java:317)
	at org.graalvm.jniutils/org.graalvm.jniutils.JNICalls.callStaticVoid(JNICalls.java:102)
	at LibGraalClassLoader//jdk.graal.compiler.libgraal.truffle.FromLibGraalCalls.callVoid(FromLibGraalCalls.java:60)
	at LibGraalClassLoader//jdk.graal.compiler.libgraal.truffle.HSTruffleCompilableGen.callOnCompilationFailed(HSTruffleCompilableGen.java:162)
	at LibGraalClassLoader//jdk.graal.compiler.libgraal.truffle.HSTruffleCompilable.onCompilationFailed(HSTruffleCompilable.java:157)
	at LibGraalClassLoader//jdk.graal.compiler.truffle.TruffleCompilerImpl.notifyCompilableOfFailure(TruffleCompilerImpl.java:359)
	at LibGraalClassLoader//jdk.graal.compiler.truffle.TruffleCompilerImpl$TruffleCompilationWrapper.handleException(TruffleCompilerImpl.java:805)
	at LibGraalClassLoader//jdk.graal.compiler.truffle.TruffleCompilerImpl$TruffleCompilationWrapper.handleException(TruffleCompilerImpl.java:728)
	at LibGraalClassLoader//jdk.graal.compiler.core.CompilationWrapper.performDiagnosticRetry(CompilationWrapper.java:403)
	at LibGraalClassLoader//jdk.graal.compiler.core.CompilationWrapper.handleFailure(CompilationWrapper.java:309)
	at LibGraalClassLoader//jdk.graal.compiler.core.CompilationWrapper$Failure.handle(CompilationWrapper.java:228)
	at LibGraalClassLoader//jdk.graal.compiler.truffle.TruffleCompilerImpl$TruffleCompilationWrapper.onCompilationFailure(TruffleCompilerImpl.java:822)
	at LibGraalClassLoader//jdk.graal.compiler.truffle.TruffleCompilerImpl$TruffleCompilationWrapper.onCompilationFailure(TruffleCompilerImpl.java:728)
	at LibGraalClassLoader//jdk.graal.compiler.core.CompilationWrapper.run(CompilationWrapper.java:238)
	at LibGraalClassLoader//jdk.graal.compiler.truffle.TruffleCompilerImpl.doCompile(TruffleCompilerImpl.java:246)
	at LibGraalClassLoader//jdk.graal.compiler.truffle.TruffleCompilerImpl.doCompile(TruffleCompilerImpl.java:213)
	at LibGraalClassLoader//jdk.graal.compiler.libgraal.truffle.LibGraalTruffleEntryPoints.doCompile(LibGraalTruffleEntryPoints.java:207)
	at com.oracle.truffle.runtime.hotspot.libgraal.TruffleToLibGraalCalls.doCompile(Native Method)
	at com.oracle.truffle.runtime.hotspot.libgraal.LibGraalHotSpotTruffleCompiler.doCompile(LibGraalHotSpotTruffleCompiler.java:102)
	at com.oracle.truffle.runtime.OptimizedTruffleRuntime.compileImpl(OptimizedTruffleRuntime.java:786)
	at com.oracle.truffle.runtime.OptimizedTruffleRuntime.doCompile(OptimizedTruffleRuntime.java:768)
	at com.oracle.truffle.runtime.CompilationTask$1.accept(CompilationTask.java:67)
	at com.oracle.truffle.runtime.CompilationTask$1.accept(CompilationTask.java:60)
	at com.oracle.truffle.runtime.CompilationTask.call(CompilationTask.java:359)
	at com.oracle.truffle.runtime.CompilationTask.call(CompilationTask.java:58)
	at java.util.concurrent.FutureTask.run(FutureTask.java:328)
	at java.util.concurrent.ThreadPoolExecutor.runWorker(ThreadPoolExecutor.java:1090)
	at java.util.concurrent.ThreadPoolExecutor$Worker.run(ThreadPoolExecutor.java:614)
	at java.lang.Thread.run(Thread.java:1474)
	at com.oracle.truffle.runtime.BackgroundCompileQueue$TruffleCompilerThreadFactory$1.run(BackgroundCompileQueue.java:444)

	at com.oracle.truffle.runtime.OptimizedCallTarget.handleCompilationFailure(OptimizedCallTarget.java:1223)
	at com.oracle.truffle.runtime.OptimizedCallTarget.onCompilationFailed(OptimizedCallTarget.java:1202)
	at com.oracle.truffle.runtime.hotspot.libgraal.TruffleFromLibGraalEntryPoints.onCompilationFailed(TruffleFromLibGraalEntryPoints.java:317)
	at org.graalvm.jniutils.JNICalls.callStaticVoid(JNICalls.java:102)
	at jdk.graal.compiler.libgraal.truffle.FromLibGraalCalls.callVoid(FromLibGraalCalls.java:60)
	at jdk.graal.compiler.libgraal.truffle.HSTruffleCompilableGen.callOnCompilationFailed(HSTruffleCompilableGen.java:162)
	at jdk.graal.compiler.libgraal.truffle.HSTruffleCompilable.onCompilationFailed(HSTruffleCompilable.java:157)
	at jdk.graal.compiler.truffle.TruffleCompilerImpl.notifyCompilableOfFailure(TruffleCompilerImpl.java:359)
	at jdk.graal.compiler.truffle.TruffleCompilerImpl.doCompile(TruffleCompilerImpl.java:248)
	at jdk.graal.compiler.truffle.TruffleCompilerImpl.doCompile(TruffleCompilerImpl.java:213)
	at jdk.graal.compiler.libgraal.truffle.LibGraalTruffleEntryPoints.doCompile(LibGraalTruffleEntryPoints.java:207)
	at com.oracle.truffle.runtime.hotspot.libgraal.TruffleToLibGraalCalls.doCompile(Native Method)
	at com.oracle.truffle.runtime.hotspot.libgraal.LibGraalHotSpotTruffleCompiler.doCompile(LibGraalHotSpotTruffleCompiler.java:102)
	at com.oracle.truffle.runtime.OptimizedTruffleRuntime.compileImpl(OptimizedTruffleRuntime.java:786)
	at com.oracle.truffle.runtime.OptimizedTruffleRuntime.doCompile(OptimizedTruffleRuntime.java:768)
	at com.oracle.truffle.runtime.CompilationTask$1.accept(CompilationTask.java:67)
	at com.oracle.truffle.runtime.CompilationTask$1.accept(CompilationTask.java:60)
	at com.oracle.truffle.runtime.CompilationTask.call(CompilationTask.java:359)
	at com.oracle.truffle.runtime.CompilationTask.call(CompilationTask.java:58)
	at java.util.concurrent.FutureTask.run(FutureTask.java:328)
	at java.util.concurrent.ThreadPoolExecutor.runWorker(ThreadPoolExecutor.java:1090)
	at java.util.concurrent.ThreadPoolExecutor$Worker.run(ThreadPoolExecutor.java:614)
	at java.lang.Thread.run(Thread.java:1474)
	at com.oracle.truffle.runtime.BackgroundCompileQueue$TruffleCompilerThreadFactory$1.run(BackgroundCompileQueue.java:444)
Caused by: java.lang.InternalError: org.graalvm.jniutils.JNIExceptionWrapper:java.lang.RuntimeException:java.lang.Exception:
org.graalvm.jniutils.JNIExceptionWrapper: com.oracle.truffle.api.OptimizationFailedException: java.lang.InternalError: jdk.graal.compiler.truffle.GraphTooBigBailoutException:jdk.graal.compiler.core.common.PermanentBailoutException:jdk.graal.compiler.core.common.GraalBailoutException:jdk.vm.ci.code.BailoutException:java.lang.RuntimeException:java.lang.Exception:
jdk.graal.compiler.truffle.GraphTooBigBailoutException: Graph too big to safely compile. Node count: 26584. Graph Size: 100008. Limit: 100000.
	at LibGraalClassLoader//jdk.graal.compiler.truffle.PartialEvaluator$GraphSizeListener.checkLimit(PartialEvaluator.java:424)
	at LibGraalClassLoader//jdk.graal.compiler.truffle.PartialEvaluator$GraphSizeListener.increaseSizeAndCheckLimit(PartialEvaluator.java:418)
	at LibGraalClassLoader//jdk.graal.compiler.truffle.PartialEvaluator$GraphSizeListener.afterDecodingFields(PartialEvaluator.java:435)
	at LibGraalClassLoader//jdk.graal.compiler.graph.Graph$NodeEventListener.event(Graph.java:787)
	at LibGraalClassLoader//jdk.graal.compiler.graph.Graph.fireNodeEvent(Graph.java:731)
	at LibGraalClassLoader//jdk.graal.compiler.graph.Graph.afterDecodingFields(Graph.java:679)
	at LibGraalClassLoader//jdk.graal.compiler.nodes.GraphDecoder.processNextNode(GraphDecoder.java:1595)
	at LibGraalClassLoader//jdk.graal.compiler.nodes.GraphDecoder.decode(GraphDecoder.java:1290)
	at LibGraalClassLoader//jdk.graal.compiler.replacements.PEGraphDecoder.decode(PEGraphDecoder.java:988)
	at LibGraalClassLoader//jdk.graal.compiler.truffle.PartialEvaluator.doGraphPE(PartialEvaluator.java:547)
	at LibGraalClassLoader//jdk.graal.compiler.truffle.phases.inlining.GraphManager.pe(GraphManager.java:107)
	at LibGraalClassLoader//jdk.graal.compiler.truffle.phases.inlining.GraphManager.peRoot(GraphManager.java:102)
	at LibGraalClassLoader//jdk.graal.compiler.truffle.phases.inlining.CallNode.makeRoot(CallNode.java:128)
	at LibGraalClassLoader//jdk.graal.compiler.truffle.phases.inlining.CallTree.<init>(CallTree.java:55)
	at LibGraalClassLoader//jdk.graal.compiler.truffle.phases.inlining.AgnosticInliningPhase.run(AgnosticInliningPhase.java:78)
	at LibGraalClassLoader//jdk.graal.compiler.truffle.phases.inlining.AgnosticInliningPhase.run(AgnosticInliningPhase.java:40)
	at LibGraalClassLoader//jdk.graal.compiler.phases.BasePhase.apply(BasePhase.java:511)
	at LibGraalClassLoader//jdk.graal.compiler.phases.BasePhase.apply(BasePhase.java:359)
	at LibGraalClassLoader//jdk.graal.compiler.core.phases.BaseTier.run(BaseTier.java:65)
	at LibGraalClassLoader//jdk.graal.compiler.phases.BasePhase.apply(BasePhase.java:511)
	at LibGraalClassLoader//jdk.graal.compiler.phases.BasePhase.apply(BasePhase.java:359)
	at LibGraalClassLoader//jdk.graal.compiler.truffle.TruffleCompilerImpl.truffleTier(TruffleCompilerImpl.java:601)
	at LibGraalClassLoader//jdk.graal.compiler.truffle.TruffleCompilerImpl.compileAST(TruffleCompilerImpl.java:512)
	at LibGraalClassLoader//jdk.graal.compiler.truffle.TruffleCompilerImpl$TruffleCompilationWrapper.performCompilation(TruffleCompilerImpl.java:814)
	at LibGraalClassLoader//jdk.graal.compiler.truffle.TruffleCompilerImpl$TruffleCompilationWrapper.performCompilation(TruffleCompilerImpl.java:728)
	at LibGraalClassLoader//jdk.graal.compiler.core.CompilationWrapper.run(CompilationWrapper.java:236)
	at LibGraalClassLoader//jdk.graal.compiler.truffle.TruffleCompilerImpl.doCompile(TruffleCompilerImpl.java:246)
	at LibGraalClassLoader//jdk.graal.compiler.truffle.TruffleCompilerImpl.doCompile(TruffleCompilerImpl.java:213)
	at LibGraalClassLoader//jdk.graal.compiler.libgraal.truffle.LibGraalTruffleEntryPoints.doCompile(LibGraalTruffleEntryPoints.java:207)

	at com.oracle.truffle.runtime.OptimizedCallTarget.handleCompilationFailure(OptimizedCallTarget.java:1223)
	at com.oracle.truffle.runtime.OptimizedCallTarget.onCompilationFailed(OptimizedCallTarget.java:1202)
	at com.oracle.truffle.runtime.hotspot.libgraal.TruffleFromLibGraalEntryPoints.onCompilationFailed(TruffleFromLibGraalEntryPoints.java:317)
	at org.graalvm.jniutils/org.graalvm.jniutils.JNICalls.callStaticVoid(JNICalls.java:102)
	at LibGraalClassLoader//jdk.graal.compiler.libgraal.truffle.FromLibGraalCalls.callVoid(FromLibGraalCalls.java:60)
	at LibGraalClassLoader//jdk.graal.compiler.libgraal.truffle.HSTruffleCompilableGen.callOnCompilationFailed(HSTruffleCompilableGen.java:162)
	at LibGraalClassLoader//jdk.graal.compiler.libgraal.truffle.HSTruffleCompilable.onCompilationFailed(HSTruffleCompilable.java:157)
	at LibGraalClassLoader//jdk.graal.compiler.truffle.TruffleCompilerImpl.notifyCompilableOfFailure(TruffleCompilerImpl.java:359)
	at LibGraalClassLoader//jdk.graal.compiler.truffle.TruffleCompilerImpl$TruffleCompilationWrapper.handleException(TruffleCompilerImpl.java:805)
	at LibGraalClassLoader//jdk.graal.compiler.truffle.TruffleCompilerImpl$TruffleCompilationWrapper.handleException(TruffleCompilerImpl.java:728)
	at LibGraalClassLoader//jdk.graal.compiler.core.CompilationWrapper.performDiagnosticRetry(CompilationWrapper.java:403)
	at LibGraalClassLoader//jdk.graal.compiler.core.CompilationWrapper.handleFailure(CompilationWrapper.java:309)
	at LibGraalClassLoader//jdk.graal.compiler.core.CompilationWrapper$Failure.handle(CompilationWrapper.java:228)
	at LibGraalClassLoader//jdk.graal.compiler.truffle.TruffleCompilerImpl$TruffleCompilationWrapper.onCompilationFailure(TruffleCompilerImpl.java:822)
	at LibGraalClassLoader//jdk.graal.compiler.truffle.TruffleCompilerImpl$TruffleCompilationWrapper.onCompilationFailure(TruffleCompilerImpl.java:728)
	at LibGraalClassLoader//jdk.graal.compiler.core.CompilationWrapper.run(CompilationWrapper.java:238)
	at LibGraalClassLoader//jdk.graal.compiler.truffle.TruffleCompilerImpl.doCompile(TruffleCompilerImpl.java:246)
	at LibGraalClassLoader//jdk.graal.compiler.truffle.TruffleCompilerImpl.doCompile(TruffleCompilerImpl.java:213)
	at LibGraalClassLoader//jdk.graal.compiler.libgraal.truffle.LibGraalTruffleEntryPoints.doCompile(LibGraalTruffleEntryPoints.java:207)
	at com.oracle.truffle.runtime.hotspot.libgraal.TruffleToLibGraalCalls.doCompile(Native Method)
	at com.oracle.truffle.runtime.hotspot.libgraal.LibGraalHotSpotTruffleCompiler.doCompile(LibGraalHotSpotTruffleCompiler.java:102)
	at com.oracle.truffle.runtime.OptimizedTruffleRuntime.compileImpl(OptimizedTruffleRuntime.java:786)
	at com.oracle.truffle.runtime.OptimizedTruffleRuntime.doCompile(OptimizedTruffleRuntime.java:768)
	at com.oracle.truffle.runtime.CompilationTask$1.accept(CompilationTask.java:67)
	at com.oracle.truffle.runtime.CompilationTask$1.accept(CompilationTask.java:60)
	at com.oracle.truffle.runtime.CompilationTask.call(CompilationTask.java:359)
	at com.oracle.truffle.runtime.CompilationTask.call(CompilationTask.java:58)
	at java.util.concurrent.FutureTask.run(FutureTask.java:328)
	at java.util.concurrent.ThreadPoolExecutor.runWorker(ThreadPoolExecutor.java:1090)
	at java.util.concurrent.ThreadPoolExecutor$Worker.run(ThreadPoolExecutor.java:614)
	at java.lang.Thread.run(Thread.java:1474)
	at com.oracle.truffle.runtime.BackgroundCompileQueue$TruffleCompilerThreadFactory$1.run(BackgroundCompileQueue.java:444)

	at com.oracle.truffle.runtime.OptimizedCallTarget.handleCompilationFailure(OptimizedCallTarget.java:1222)
	at com.oracle.truffle.runtime.OptimizedCallTarget.onCompilationFailed(OptimizedCallTarget.java:1202)
	at com.oracle.truffle.runtime.hotspot.libgraal.TruffleFromLibGraalEntryPoints.onCompilationFailed(TruffleFromLibGraalEntryPoints.java:317)
	at com.oracle.truffle.runtime.hotspot.libgraal.TruffleToLibGraalCalls.doCompile(Native Method)
	at com.oracle.truffle.runtime.hotspot.libgraal.LibGraalHotSpotTruffleCompiler.doCompile(LibGraalHotSpotTruffleCompiler.java:102)
	at com.oracle.truffle.runtime.OptimizedTruffleRuntime.compileImpl(OptimizedTruffleRuntime.java:786)
	at com.oracle.truffle.runtime.OptimizedTruffleRuntime.doCompile(OptimizedTruffleRuntime.java:768)
	at com.oracle.truffle.runtime.CompilationTask$1.accept(CompilationTask.java:67)
	at com.oracle.truffle.runtime.CompilationTask$1.accept(CompilationTask.java:60)
	at com.oracle.truffle.runtime.CompilationTask.call(CompilationTask.java:359)
	at com.oracle.truffle.runtime.CompilationTask.call(CompilationTask.java:58)
	at java.base/java.util.concurrent.FutureTask.run(FutureTask.java:328)
	at java.base/java.util.concurrent.ThreadPoolExecutor.runWorker(ThreadPoolExecutor.java:1090)
	at java.base/java.util.concurrent.ThreadPoolExecutor$Worker.run(ThreadPoolExecutor.java:614)
	at java.base/java.lang.Thread.run(Thread.java:1474)
	at com.oracle.truffle.runtime.BackgroundCompileQueue$TruffleCompilerThreadFactory$1.run(BackgroundCompileQueue.java:444)
