WARNING: A terminally deprecated method in sun.misc.Unsafe has been called
WARNING: sun.misc.Unsafe::objectFieldOffset has been called by com.oracle.truffle.runtime.hotspot.HotSpotTruffleRuntime (file:/home/ekmett/thc-benchmarks/2026-09-23-083914/sources/release-main-5af98789/lib/truffle-runtime-25.3.4.1.jar)
WARNING: Please consider reporting this to the maintainers of class com.oracle.truffle.runtime.hotspot.HotSpotTruffleRuntime
WARNING: sun.misc.Unsafe::objectFieldOffset will be removed in a future release
[To redirect Truffle log output to a file use one of the following options:
* '--log.file=<path>' if the option is passed using a guest language launcher.
* '-Dpolyglot.log.file=<path>' if the option is passed using the host Java launcher.
* Configure logging using the polyglot embedding API.]
[engine] opt done   engine=1  id=20    lambda sc, x, ds1                                  |Tier 2|Time   903( 454+450 )ms|AST 1067|Inlined  33Y  58N|IR   6165/ 17646|CodeSize  148383|Addr 0x7de5de336680|CompId 2712   |UTC 2026-09-23T10:16:09.763|Src /Users/ekmett/thc/vendor/containers-0.8/src/Data/Map/Strict/Internal.hs:497 0x4966423c
[engine] opt done   engine=1  id=17    lambda def, ww, ds1                                |Tier 2|Time    35(  25+10  )ms|AST  186|Inlined   1Y   0N|IR    456/   639|CodeSize    5410|Addr 0x7de5de371580|CompId 2834   |UTC 2026-09-23T10:16:09.814|Src /Users/ekmett/thc/vendor/containers-0.8/src/Data/Map/Internal.hs:649 0xfda568ac
[engine] opt done   engine=1  id=21    lambda ww, ds2                                     |Tier 2|Time    93(  61+32  )ms|AST  362|Inlined   6Y   8N|IR   1036/  2446|CodeSize   12242|Addr 0x7de5de379800|CompId 2850   |UTC 2026-09-23T10:16:09.916|Src /Users/ekmett/thc/vendor/containers-0.8/src/Data/Map/Strict/Internal.hs:649 0x4966423c
[engine] opt done   engine=1  id=18    lambda ww, ds                                      |Tier 2|Time    50(  30+20  )ms|AST  204|Inlined   2Y   1N|IR    455/   679|CodeSize    4105|Addr 0x7de5de380e80|CompId 2866   |UTC 2026-09-23T10:16:09.974|Src /Users/ekmett/thc/vendor/containers-0.8/src/Data/Map/Internal.hs:3426 0xfda568ac
[engine] opt done   engine=1  id=22    lambda ww                                          |Tier 2|Time  1375( 322+1053)ms|AST 1506|Inlined  28Y  79N|IR   8263/ 21402|CodeSize  167460|Addr 0x7de5de384300|CompId 2875   |UTC 2026-09-23T10:16:11.353|Src n/a
[engine] opt deopt  engine=1  id=20    lambda sc, x, ds1                                  |Invalidated  true|                                                                                                            |UTC 2026-09-23T10:16:11.357|Src /Users/ekmett/thc/vendor/containers-0.8/src/Data/Map/Strict/Internal.hs:497 0x4966423c|Reason uncommon trap
[engine] opt deopt  engine=1  id=20    lambda sc, x, ds1                                  |Invalidated  true|                                                                                                            |UTC 2026-09-23T10:16:11.358|Src /Users/ekmett/thc/vendor/containers-0.8/src/Data/Map/Strict/Internal.hs:497 0x4966423c|Reason uncommon trap
[engine] opt deopt  engine=1  id=20    lambda sc, x, ds1                                  |Invalidated  true|                                                                                                            |UTC 2026-09-23T10:16:11.358|Src /Users/ekmett/thc/vendor/containers-0.8/src/Data/Map/Strict/Internal.hs:497 0x4966423c|Reason uncommon trap
[engine] opt done   engine=1  id=20    lambda sc, x, ds1                                  |Tier 2|Time   904( 430+474 )ms|AST 1067|Inlined  32Y  59N|IR   6421/ 19469|CodeSize  171781|Addr 0x7de5de3af780|CompId 2905   |UTC 2026-09-23T10:16:12.263|Src /Users/ekmett/thc/vendor/containers-0.8/src/Data/Map/Strict/Internal.hs:497 0x4966423c
[engine] opt deopt  engine=1  id=20    lambda sc, x, ds1                                  |Invalidated false|                                                                                                            |UTC 2026-09-23T10:16:12.275|Src /Users/ekmett/thc/vendor/containers-0.8/src/Data/Map/Strict/Internal.hs:497 0x4966423c|Reason Unknown
[engine] opt deopt  engine=1  id=20    lambda sc, x, ds1                                  |Invalidated false|                                                                                                            |UTC 2026-09-23T10:16:12.276|Src /Users/ekmett/thc/vendor/containers-0.8/src/Data/Map/Strict/Internal.hs:497 0x4966423c|Reason Unknown
[engine] opt deopt  engine=1  id=20    lambda sc, x, ds1                                  |Invalidated false|                                                                                                            |UTC 2026-09-23T10:16:12.276|Src /Users/ekmett/thc/vendor/containers-0.8/src/Data/Map/Strict/Internal.hs:497 0x4966423c|Reason Unknown
[engine] opt deopt  engine=1  id=22    lambda ww                                          |Invalidated  true|                                                                                                            |UTC 2026-09-23T10:16:12.286|Src n/a|Reason uncommon trap
[engine] opt done   engine=1  id=22    lambda ww                                          |Tier 2|Time  1431( 362+1069)ms|AST 1506|Inlined  27Y  80N|IR   8539/ 24655|CodeSize  205572|Addr 0x7de5de3db800|CompId 2939   |UTC 2026-09-23T10:16:13.717|Src n/a
[engine] opt done   engine=1  id=25    lambda n                                           |Tier 2|Time  1884( 313+1572)ms|AST   48|Inlined  28Y  75N|IR   8341/ 24252|CodeSize  194721|Addr 0x7de5de410e00|CompId 2955   |UTC 2026-09-23T10:16:15.651|Src examples/THC/MapWorkload.hs:30 0xd633756a
