WARNING: A terminally deprecated method in sun.misc.Unsafe has been called
WARNING: sun.misc.Unsafe::objectFieldOffset has been called by com.oracle.truffle.runtime.hotspot.HotSpotTruffleRuntime (file:/Users/ekmett/thc/build/install/thc/lib/truffle-runtime-25.3.4.1.jar)
WARNING: Please consider reporting this to the maintainers of class com.oracle.truffle.runtime.hotspot.HotSpotTruffleRuntime
WARNING: sun.misc.Unsafe::objectFieldOffset will be removed in a future release
VERIFIED_MAP	before-requested-compilation	-3	0
VERIFIED_MAP	before-requested-compilation	0	0
VERIFIED_MAP	before-requested-compilation	1	59
VERIFIED_MAP	before-requested-compilation	2	3811
VERIFIED_MAP	before-requested-compilation	3	7160
VERIFIED_MAP	before-requested-compilation	4	10512
VERIFIED_MAP	before-requested-compilation	7	16932
VERIFIED_MAP	before-requested-compilation	15	65471
VERIFIED_MAP	before-requested-compilation	16	71366
VERIFIED_MAP	before-requested-compilation	31	143361
VERIFIED_MAP	before-requested-compilation	100	573630
[To redirect Truffle log output to a file use one of the following options:
* '--log.file=<path>' if the option is passed using a guest language launcher.
* '-Dpolyglot.log.file=<path>' if the option is passed using the host Java launcher.
* Configure logging using the polyglot embedding API.]
[engine] opt done   engine=1  id=21    lambda sc, x, ds1                                  |Tier 2|Time   685( 245+440 )ms|AST  772|Inlined   9Y  21N|IR   8370/ 15226|CodeSize   87516|Addr 0x000118fd3080|CompId 2318   |UTC 2026-09-22T18:45:47.517|Src n/a
[engine] opt done   engine=1  id=17    lambda def, ww, ds1                                |Tier 2|Time    30(  16+14  )ms|AST  167|Inlined   1Y   0N|IR    644/  1037|CodeSize    6004|Addr 0x000118ff4dc0|CompId 2438   |UTC 2026-09-22T18:45:47.575|Src n/a
VERIFIED_MAP	before-requested-compilation	1024	5779685
[engine] opt done   engine=1  id=22    lambda ww, ds2                                     |Tier 2|Time   147(  53+94  )ms|AST  327|Inlined   6Y   8N|IR   2787/  7163|CodeSize   29536|Addr 0x00011900b040|CompId 2466   |UTC 2026-09-22T18:45:47.743|Src n/a
[engine] opt done   engine=1  id=18    lambda ww, ds                                      |Tier 2|Time   361( 116+245 )ms|AST  183|Inlined  11Y  17N|IR   5204/ 10993|CodeSize   52688|Addr 0x000119016480|CompId 2478   |UTC 2026-09-22T18:45:48.109|Src n/a
VERIFIED_MAP	before-requested-compilation	4095	23067517
VERIFIED_MAP	before-requested-compilation	4096	23069687
[engine] opt done   engine=1  id=35    argument thunk                                     |Tier 2|Time   406( 179+227 )ms|AST  104|Inlined   8Y  14N|IR   5823/  9626|CodeSize   54736|Addr 0x000119029e40|CompId 2497   |UTC 2026-09-22T18:45:48.539|Src n/a
[engine] opt deopt  engine=1  id=21    lambda sc, x, ds1                                  |Invalidated  true|                                                                                                            |UTC 2026-09-22T18:45:48.554|Src n/a|Reason uncommon trap
[engine] opt deopt  engine=1  id=21    lambda sc, x, ds1                                  |Invalidated  true|                                                                                                            |UTC 2026-09-22T18:45:48.555|Src n/a|Reason uncommon trap
VERIFIED_MAP	before-requested-compilation	4097	23069746
[engine] opt done   engine=1  id=36    lambda x, v                                        |Tier 2|Time   482( 248+234 )ms|AST  139|Inlined   6Y  14N|IR   4064/  9429|CodeSize   52576|Addr 0x000119038800|CompId 2517   |UTC 2026-09-22T18:45:49.042|Src n/a
[engine] opt done   engine=1  id=21    lambda sc, x, ds1                                  |Tier 2|Time   670( 199+471 )ms|AST  772|Inlined   9Y  21N|IR   9223/ 17663|CodeSize  101424|Addr 0x000119046300|CompId 2528   |UTC 2026-09-22T18:45:49.713|Src n/a
[engine] opt done   engine=1  id=26    lambda x, ww                                       |Tier 2|Time    82(  21+61  )ms|AST  266|Inlined   8Y   0N|IR   2091/  3647|CodeSize   17052|Addr 0x000119061700|CompId 2559   |UTC 2026-09-22T18:45:49.818|Src n/a
VERIFIED_MAP	before-requested-compilation	10000	56348923
[engine] opt done   engine=1  id=10    lambda k, x, l, r                                  |Tier 2|Time    28(   9+19  )ms|AST 2557|Inlined   0Y   0N|IR    910/  1391|CodeSize    7008|Addr 0x000119066340|CompId 2566   |UTC 2026-09-22T18:45:49.855|Src n/a
[engine] opt done   engine=1  id=30    argument thunk                                     |Tier 2|Time   150(  38+112 )ms|AST  103|Inlined   7Y   8N|IR   2931/  7520|CodeSize   30304|Addr 0x000119068640|CompId 2567   |UTC 2026-09-22T18:45:50.035|Src n/a
VERIFIED_MAP	before-requested-compilation	65536	370634752
[engine] opt done   engine=1  id=31    lambda x, v                                        |Tier 2|Time   960( 234+726 )ms|AST  141|Inlined  24Y  20N|IR  10073/ 19653|CodeSize   97036|Addr 0x000119070500|CompId 2575   |UTC 2026-09-22T18:45:51.062|Src n/a
VERIFIED_MAP	before-requested-compilation	100000	566683714
[engine] opt done   engine=1  id=40    lambda n                                           |Tier 2|Time   255( 241+14  )ms|AST   42|Inlined   3Y   3N|IR    455/  1191|CodeSize    4340|Addr 0x00011908a180|CompId 2598   |UTC 2026-09-22T18:45:51.344|Src n/a
VERIFIED_MAP	after-requested-compilation	-3	0
VERIFIED_MAP	after-requested-compilation	0	0
VERIFIED_MAP	after-requested-compilation	1	59
VERIFIED_MAP	after-requested-compilation	2	3811
VERIFIED_MAP	after-requested-compilation	3	7160
VERIFIED_MAP	after-requested-compilation	4	10512
VERIFIED_MAP	after-requested-compilation	7	16932
VERIFIED_MAP	after-requested-compilation	15	65471
VERIFIED_MAP	after-requested-compilation	16	71366
VERIFIED_MAP	after-requested-compilation	31	143361
VERIFIED_MAP	after-requested-compilation	100	573630
VERIFIED_MAP	after-requested-compilation	1024	5779685
VERIFIED_MAP	after-requested-compilation	4095	23067517
VERIFIED_MAP	after-requested-compilation	4096	23069687
VERIFIED_MAP	after-requested-compilation	4097	23069746
VERIFIED_MAP	after-requested-compilation	10000	56348923
VERIFIED_MAP	after-requested-compilation	65536	370634752
VERIFIED_MAP	after-requested-compilation	100000	566683714
MAP_DIAGNOSTICS {"instrumented":true,"thunkEvaluationsByLabel":{"lvl":3,"argument thunk":502086},"compiledEntries":6415407,"thunkEvaluations":502089,"thunkHits":977357,"blackholes":0,"directCacheMisses":50,"indirectCalls":0,"tailBounces":5032652,"papAllocations":0,"unsupportedPolicy":"diagnostic-traps","deferredUnsupported":["Unsupported constructor representation unboxed-tuple: ghc-internal:GHC.Internal.Types.(#,#)","Unresolved external binding ghc-internal:GHC.Internal.Stack.withFrozenCallStack1","Unresolved external binding ghc-internal:GHC.Internal.Exception.Backtrace.collectExceptionAnnotationMechanismRef"],"unsupportedTraps":0,"frames":"indexed primitive slots; selective StaticShape captures","stackPolicy":"tail-safe; non-tail calls and nested thunk forcing use host stack","threadPolicy":"single guest thread"}
