WARNING: A terminally deprecated method in sun.misc.Unsafe has been called
WARNING: sun.misc.Unsafe::objectFieldOffset has been called by com.oracle.truffle.runtime.hotspot.HotSpotTruffleRuntime (file:/Users/runner/work/thc/thc/work/ci-performance/frozen/current/lib/truffle-runtime-25.3.4.1.jar)
WARNING: Please consider reporting this to the maintainers of class com.oracle.truffle.runtime.hotspot.HotSpotTruffleRuntime
WARNING: sun.misc.Unsafe::objectFieldOffset will be removed in a future release
[To redirect Truffle log output to a file use one of the following options:
* '--log.file=<path>' if the option is passed using a guest language launcher.
* '-Dpolyglot.log.file=<path>' if the option is passed using the host Java launcher.
* Configure logging using the polyglot embedding API.]
[engine] opt done   engine=1  id=21    lambda sc, x, ds1                                  |Tier 2|Time   968( 697+270 )ms|AST    2|Inlined  13Y  43N|IR   4305/ 10840|CodeSize   50432|Addr 0x00011d294cc0|CompId 2659   |UTC 2026-09-23T07:15:25.248|Src /Users/runner/work/thc/thc/vendor/containers-0.8/src/Data/Map/Strict/Internal.hs:497 0x573a55c2
[engine] opt done   engine=1  id=21    lambda sc, x, ds1                                  |Tier 2|Time   832( 589+243 )ms|AST    2|Inlined  13Y  43N|IR   4305/ 10840|CodeSize   49956|Addr 0x00011d2b96c0|CompId 2750   |UTC 2026-09-23T07:15:26.131|Src /Users/runner/work/thc/thc/vendor/containers-0.8/src/Data/Map/Strict/Internal.hs:497 0x573a55c2
[engine] opt done   engine=1  id=21    lambda sc, x, ds1                                  |Tier 2|Time   739( 488+252 )ms|AST    2|Inlined  13Y  43N|IR   4305/ 10840|CodeSize   50096|Addr 0x00011d2c8180|CompId 2783   |UTC 2026-09-23T07:15:26.875|Src /Users/runner/work/thc/thc/vendor/containers-0.8/src/Data/Map/Strict/Internal.hs:497 0x573a55c2
[engine] opt inval. engine=1  id=21    lambda sc, x, ds1                                                                                                                                                                 |UTC 2026-09-23T07:15:26.889|Src /Users/runner/work/thc/thc/vendor/containers-0.8/src/Data/Map/Strict/Internal.hs:497 0x573a55c2|Reason validRootAssumption local tags updated
[engine] opt inval. engine=1  id=21    lambda sc, x, ds1                                                                                                                                                                 |UTC 2026-09-23T07:15:26.891|Src /Users/runner/work/thc/thc/vendor/containers-0.8/src/Data/Map/Strict/Internal.hs:497 0x573a55c2|Reason validRootAssumption local tags updated
[engine] opt inval. engine=1  id=21    lambda sc, x, ds1                                                                                                                                                                 |UTC 2026-09-23T07:15:26.891|Src /Users/runner/work/thc/thc/vendor/containers-0.8/src/Data/Map/Strict/Internal.hs:497 0x573a55c2|Reason validRootAssumption local tags updated
[engine] opt deopt  engine=1  id=21    lambda sc, x, ds1                                  |Invalidated  true|                                                                                                            |UTC 2026-09-23T07:15:26.893|Src /Users/runner/work/thc/thc/vendor/containers-0.8/src/Data/Map/Strict/Internal.hs:497 0x573a55c2|Reason uncommon trap
[engine] opt deopt  engine=1  id=21    lambda sc, x, ds1                                  |Invalidated  true|                                                                                                            |UTC 2026-09-23T07:15:26.894|Src /Users/runner/work/thc/thc/vendor/containers-0.8/src/Data/Map/Strict/Internal.hs:497 0x573a55c2|Reason uncommon trap
[engine] opt deopt  engine=1  id=21    lambda sc, x, ds1                                  |Invalidated  true|                                                                                                            |UTC 2026-09-23T07:15:26.894|Src /Users/runner/work/thc/thc/vendor/containers-0.8/src/Data/Map/Strict/Internal.hs:497 0x573a55c2|Reason uncommon trap
[engine] opt deopt  engine=1  id=21    lambda sc, x, ds1                                  |Invalidated  true|                                                                                                            |UTC 2026-09-23T07:15:26.895|Src /Users/runner/work/thc/thc/vendor/containers-0.8/src/Data/Map/Strict/Internal.hs:497 0x573a55c2|Reason uncommon trap
[engine] opt deopt  engine=1  id=21    lambda sc, x, ds1                                  |Invalidated  true|                                                                                                            |UTC 2026-09-23T07:15:26.895|Src /Users/runner/work/thc/thc/vendor/containers-0.8/src/Data/Map/Strict/Internal.hs:497 0x573a55c2|Reason uncommon trap
[engine] opt deopt  engine=1  id=21    lambda sc, x, ds1                                  |Invalidated  true|                                                                                                            |UTC 2026-09-23T07:15:26.895|Src /Users/runner/work/thc/thc/vendor/containers-0.8/src/Data/Map/Strict/Internal.hs:497 0x573a55c2|Reason uncommon trap
[engine] opt done   engine=1  id=21    lambda sc, x, ds1                                  |Tier 2|Time   636( 415+220 )ms|AST    2|Inlined  12Y  44N|IR   4407/ 12449|CodeSize   60300|Addr 0x00011d2d78c0|CompId 2823   |UTC 2026-09-23T07:15:27.531|Src /Users/runner/work/thc/thc/vendor/containers-0.8/src/Data/Map/Strict/Internal.hs:497 0x573a55c2
[engine] opt done   engine=1  id=22    lambda ww, ds2                                     |Tier 2|Time   222( 161+61  )ms|AST    2|Inlined  14Y  16N|IR   2057/  4800|CodeSize   24900|Addr 0x00011d301900|CompId 2869   |UTC 2026-09-23T07:15:27.867|Src /Users/runner/work/thc/thc/vendor/containers-0.8/src/Data/Map/Strict/Internal.hs:649 0x573a55c2
[engine] opt done   engine=1  id=17    lambda def, ww, ds1                                |Tier 2|Time    36(  25+11  )ms|AST    2|Inlined   1Y   0N|IR    216/   367|CodeSize    1984|Addr 0x00011d313400|CompId 2918   |UTC 2026-09-23T07:15:28.099|Src /Users/runner/work/thc/thc/vendor/containers-0.8/src/Data/Map/Internal.hs:649 0xf2f99fe6
[engine] opt done   engine=1  id=18    lambda ww, ds                                      |Tier 2|Time   120(  63+57  )ms|AST    2|Inlined   5Y   1N|IR    633/  1009|CodeSize    4252|Addr 0x00011d316f80|CompId 2935   |UTC 2026-09-23T07:15:28.322|Src /Users/runner/work/thc/thc/vendor/containers-0.8/src/Data/Map/Internal.hs:3426 0xf2f99fe6
[engine] opt done   engine=1  id=23    lambda ww                                          |Tier 2|Time  1668(1024+644 )ms|AST    2|Inlined  39Y  75N|IR   8000/ 27308|CodeSize  148252|Addr 0x00011d325940|CompId 2942   |UTC 2026-09-23T07:15:30.044|Src n/a
[engine] opt done   engine=1  id=10    lambda k, x, l, r                                  |Tier 2|Time    34(  21+13  )ms|AST    2|Inlined   0Y   0N|IR    620/   570|CodeSize    2204|Addr 0x00011d34bac0|CompId 2983   |UTC 2026-09-23T07:15:30.191|Src /Users/runner/work/thc/thc/vendor/containers-0.8/src/Data/Map/Internal.hs:4272 0xf2f99fe6
[engine] opt done   engine=1  id=15    lambda k, x, l, r                                  |Tier 2|Time  1040( 613+427 )ms|AST    2|Inlined  14Y  38N|IR   4284/ 11465|CodeSize   56448|Addr 0x00011d35e000|CompId 2990   |UTC 2026-09-23T07:15:31.385|Src /Users/runner/work/thc/thc/vendor/containers-0.8/src/Data/Map/Internal.hs:4302 0xf2f99fe6
[engine] opt done   engine=1  id=26    lambda n                                           |Tier 2|Time  1009(1005+4   )ms|AST    2|Inlined   1Y   1N|IR    128/   255|CodeSize     864|Addr 0x00011d36e480|CompId 3031   |UTC 2026-09-23T07:15:33.923|Src examples/THC/MapWorkload.hs:30 0xd633756a
PHASE WARM BEGIN
[engine] opt done   engine=1  id=92    org.graalvm.polyglot.Value<EntryValue>.execute     |Tier 2|Time   938( 921+17  )ms|AST   10|Inlined   3Y   1N|IR    413/   947|CodeSize    4724|Addr 0x00011d201640|CompId 3124   |UTC 2026-09-23T07:16:02.935|Src n/a
PHASE WARM END calls=12032 elapsedNs=34869607333 checksum=678375231696
PHASE MEASURE 1 BEGIN
PHASE MEASURE 1 END
PHASE MEASURE 2 BEGIN
PHASE MEASURE 2 END
PHASE MEASURE 3 BEGIN
PHASE MEASURE 3 END
PHASE MEASURE 4 BEGIN
PHASE MEASURE 4 END
PHASE MEASURE 5 BEGIN
PHASE MEASURE 5 END
PHASE VERIFY BEGIN
PHASE VERIFY END guestLastTierInstalled=true
diagnostics={"backend":"bytecode","bytecodeRootCount":58,"sourceNotesEnabled":true,"sourceSpanCount":8656,"sourceRootCount":15,"localJoinCount":10,"localJoinTransfers":0,"instrumented":false,"thunkEvaluationsByLabel":{},"compiledEntries":0,"thunkEvaluations":0,"thunkHits":0,"blackholes":0,"directCacheMisses":0,"indirectCalls":0,"tailBounces":0,"selfTailReentries":0,"trampolineIterations":0,"papAllocations":0,"unsupportedPolicy":"diagnostic-traps","deferredUnsupported":["Unsupported constructor representation unboxed-tuple: ghc-internal:GHC.Internal.Types.(#,#)","Unresolved external binding ghc-internal:GHC.Internal.Stack.withFrozenCallStack1","Unresolved external binding ghc-internal:GHC.Internal.Exception.Backtrace.collectExceptionAnnotationMechanismRef","Unsupported primitive readMutVar#"],"unsupportedTraps":0,"frames":"Bytecode DSL primitive locals; selective StaticShape captures","stackPolicy":"tail-safe; non-tail calls and nested thunk forcing use host stack","threadPolicy":"single guest thread"}
