WARNING: A terminally deprecated method in sun.misc.Unsafe has been called
WARNING: sun.misc.Unsafe::objectFieldOffset has been called by com.oracle.truffle.runtime.hotspot.HotSpotTruffleRuntime (file:/home/ekmett/thc-benchmarks/2026-09-23-083914/sources/combined-v1/lib/truffle-runtime-25.3.4.1.jar)
WARNING: Please consider reporting this to the maintainers of class com.oracle.truffle.runtime.hotspot.HotSpotTruffleRuntime
WARNING: sun.misc.Unsafe::objectFieldOffset will be removed in a future release
[To redirect Truffle log output to a file use one of the following options:
* '--log.file=<path>' if the option is passed using a guest language launcher.
* '-Dpolyglot.log.file=<path>' if the option is passed using the host Java launcher.
* Configure logging using the polyglot embedding API.]
[engine] opt done   engine=1  id=21    lambda sc, x, ds1                                  |Tier 2|Time   907( 655+252 )ms|AST    2|Inlined  30Y  67N|IR   6154/ 14068|CodeSize   77230|Addr 0x7344be37a600|CompId 3099   |UTC 2026-09-23T08:49:36.566|Src /Users/ekmett/thc/vendor/containers-0.8/src/Data/Map/Strict/Internal.hs:497 0x4966423c
[engine] opt done   engine=1  id=17    lambda def, ww, ds1                                |Tier 2|Time    39(  33+5   )ms|AST    2|Inlined   1Y   0N|IR    277/   395|CodeSize    2091|Addr 0x7344be39b400|CompId 3216   |UTC 2026-09-23T08:49:36.680|Src /Users/ekmett/thc/vendor/containers-0.8/src/Data/Map/Internal.hs:649 0xfda568ac
[engine] opt done   engine=1  id=22    lambda ww, ds2                                     |Tier 2|Time   192( 117+75  )ms|AST    2|Inlined  14Y  16N|IR   2095/  5109|CodeSize   30025|Addr 0x7344be3ac680|CompId 3230   |UTC 2026-09-23T08:49:36.911|Src /Users/ekmett/thc/vendor/containers-0.8/src/Data/Map/Strict/Internal.hs:649 0x4966423c
[engine] opt done   engine=1  id=18    lambda ww, ds                                      |Tier 2|Time   102(  64+38  )ms|AST    2|Inlined   5Y   1N|IR    882/  1244|CodeSize    5471|Addr 0x7344be3b4500|CompId 3252   |UTC 2026-09-23T08:49:37.017|Src /Users/ekmett/thc/vendor/containers-0.8/src/Data/Map/Internal.hs:3426 0xfda568ac
[engine] opt done   engine=1  id=23    lambda ww                                          |Tier 2|Time  1267( 693+574 )ms|AST    2|Inlined  46Y  80N|IR   8663/ 24333|CodeSize  150764|Addr 0x7344be3b6600|CompId 3255   |UTC 2026-09-23T08:49:38.292|Src n/a
[engine] opt inval. engine=1  id=23    lambda ww                                                                                                                                                                         |UTC 2026-09-23T08:49:38.309|Src n/a|Reason validRootAssumption local tags updated
[engine] opt inval. engine=1  id=21    lambda sc, x, ds1                                                                                                                                                                 |UTC 2026-09-23T08:49:38.310|Src /Users/ekmett/thc/vendor/containers-0.8/src/Data/Map/Strict/Internal.hs:497 0x4966423c|Reason validRootAssumption local tags updated
[engine] opt deopt  engine=1  id=21    lambda sc, x, ds1                                  |Invalidated  true|                                                                                                            |UTC 2026-09-23T08:49:38.311|Src /Users/ekmett/thc/vendor/containers-0.8/src/Data/Map/Strict/Internal.hs:497 0x4966423c|Reason uncommon trap
[engine] opt deopt  engine=1  id=21    lambda sc, x, ds1                                  |Invalidated  true|                                                                                                            |UTC 2026-09-23T08:49:38.312|Src /Users/ekmett/thc/vendor/containers-0.8/src/Data/Map/Strict/Internal.hs:497 0x4966423c|Reason uncommon trap
[engine] opt deopt  engine=1  id=21    lambda sc, x, ds1                                  |Invalidated  true|                                                                                                            |UTC 2026-09-23T08:49:38.312|Src /Users/ekmett/thc/vendor/containers-0.8/src/Data/Map/Strict/Internal.hs:497 0x4966423c|Reason uncommon trap
[engine] opt deopt  engine=1  id=21    lambda sc, x, ds1                                  |Invalidated  true|                                                                                                            |UTC 2026-09-23T08:49:38.312|Src /Users/ekmett/thc/vendor/containers-0.8/src/Data/Map/Strict/Internal.hs:497 0x4966423c|Reason uncommon trap
[engine] opt deopt  engine=1  id=21    lambda sc, x, ds1                                  |Invalidated  true|                                                                                                            |UTC 2026-09-23T08:49:38.312|Src /Users/ekmett/thc/vendor/containers-0.8/src/Data/Map/Strict/Internal.hs:497 0x4966423c|Reason uncommon trap
[engine] opt deopt  engine=1  id=21    lambda sc, x, ds1                                  |Invalidated  true|                                                                                                            |UTC 2026-09-23T08:49:38.312|Src /Users/ekmett/thc/vendor/containers-0.8/src/Data/Map/Strict/Internal.hs:497 0x4966423c|Reason uncommon trap
[engine] opt deopt  engine=1  id=23    lambda ww                                          |Invalidated  true|                                                                                                            |UTC 2026-09-23T08:49:38.314|Src n/a|Reason JVMCI invalidate
[engine] opt done   engine=1  id=23    lambda ww                                          |Tier 2|Time  1219( 659+560 )ms|AST    2|Inlined  44Y  74N|IR   8813/ 24616|CodeSize  155294|Addr 0x7344be3ddd80|CompId 3296   |UTC 2026-09-23T08:49:39.533|Src n/a
[engine] opt done   engine=1  id=21    lambda sc, x, ds1                                  |Tier 2|Time   718( 442+276 )ms|AST    2|Inlined  26Y  64N|IR   6392/ 15298|CodeSize   85626|Addr 0x7344be406a80|CompId 3316   |UTC 2026-09-23T08:49:40.265|Src /Users/ekmett/thc/vendor/containers-0.8/src/Data/Map/Strict/Internal.hs:497 0x4966423c
[engine] opt done   engine=1  id=10    lambda k, x, l, r                                  |Tier 2|Time    16(  12+3   )ms|AST    2|Inlined   0Y   0N|IR    219/   354|CodeSize    1581|Addr 0x7344be41bf80|CompId 3334   |UTC 2026-09-23T08:49:40.320|Src /Users/ekmett/thc/vendor/containers-0.8/src/Data/Map/Internal.hs:4272 0xfda568ac
[engine] opt done   engine=1  id=26    lambda n                                           |Tier 2|Time   749( 742+6   )ms|AST    2|Inlined   1Y   2N|IR    266/   609|CodeSize    2923|Addr 0x7344be430a80|CompId 3361   |UTC 2026-09-23T08:49:41.112|Src examples/THC/MapWorkload.hs:30 0xd633756a
