WARNING: A terminally deprecated method in sun.misc.Unsafe has been called
WARNING: sun.misc.Unsafe::objectFieldOffset has been called by com.oracle.truffle.runtime.hotspot.HotSpotTruffleRuntime (file:/home/ekmett/thc-benchmarks/2026-09-23-083914/sources/release-main-5af98789/lib/truffle-runtime-25.3.4.1.jar)
WARNING: Please consider reporting this to the maintainers of class com.oracle.truffle.runtime.hotspot.HotSpotTruffleRuntime
WARNING: sun.misc.Unsafe::objectFieldOffset will be removed in a future release
[To redirect Truffle log output to a file use one of the following options:
* '--log.file=<path>' if the option is passed using a guest language launcher.
* '-Dpolyglot.log.file=<path>' if the option is passed using the host Java launcher.
* Configure logging using the polyglot embedding API.]
[engine] opt done   engine=1  id=20    lambda sc, x, ds1                                  |Tier 2|Time   500( 301+199 )ms|AST    2|Inlined  16Y  61N|IR   4964/ 12106|CodeSize   64768|Addr 0x7eb5f6370e00|CompId 3054   |UTC 2026-09-23T10:16:24.587|Src /Users/ekmett/thc/vendor/containers-0.8/src/Data/Map/Strict/Internal.hs:497 0x4966423c
[engine] opt done   engine=1  id=17    lambda def, ww, ds1                                |Tier 2|Time    39(  33+6   )ms|AST    2|Inlined   1Y   0N|IR    279/   444|CodeSize    2174|Addr 0x7eb5f638f080|CompId 3157   |UTC 2026-09-23T10:16:24.686|Src /Users/ekmett/thc/vendor/containers-0.8/src/Data/Map/Internal.hs:649 0xfda568ac
[engine] opt done   engine=1  id=21    lambda ww, ds2                                     |Tier 2|Time    99(  74+26  )ms|AST    2|Inlined   6Y   8N|IR    981/  2438|CodeSize   14071|Addr 0x7eb5f639b100|CompId 3169   |UTC 2026-09-23T10:16:24.798|Src /Users/ekmett/thc/vendor/containers-0.8/src/Data/Map/Strict/Internal.hs:649 0x4966423c
[engine] opt done   engine=1  id=18    lambda ww, ds                                      |Tier 2|Time    57(  47+9   )ms|AST    2|Inlined   2Y   1N|IR    339/   613|CodeSize    2943|Addr 0x7eb5f639f080|CompId 3177   |UTC 2026-09-23T10:16:24.864|Src /Users/ekmett/thc/vendor/containers-0.8/src/Data/Map/Internal.hs:3426 0xfda568ac
[engine] opt done   engine=1  id=22    lambda ww                                          |Tier 2|Time   597( 263+333 )ms|AST    2|Inlined  20Y  59N|IR   5592/ 15092|CodeSize   87946|Addr 0x7eb5f63a0700|CompId 3180   |UTC 2026-09-23T10:16:25.463|Src n/a
[engine] opt inval. engine=1  id=22    lambda ww                                                                                                                                                                         |UTC 2026-09-23T10:16:25.467|Src n/a|Reason validRootAssumption local tags updated
[engine] opt inval. engine=1  id=20    lambda sc, x, ds1                                                                                                                                                                 |UTC 2026-09-23T10:16:25.468|Src /Users/ekmett/thc/vendor/containers-0.8/src/Data/Map/Strict/Internal.hs:497 0x4966423c|Reason validRootAssumption local tags updated
[engine] opt deopt  engine=1  id=20    lambda sc, x, ds1                                  |Invalidated  true|                                                                                                            |UTC 2026-09-23T10:16:25.468|Src /Users/ekmett/thc/vendor/containers-0.8/src/Data/Map/Strict/Internal.hs:497 0x4966423c|Reason uncommon trap
[engine] opt deopt  engine=1  id=20    lambda sc, x, ds1                                  |Invalidated  true|                                                                                                            |UTC 2026-09-23T10:16:25.469|Src /Users/ekmett/thc/vendor/containers-0.8/src/Data/Map/Strict/Internal.hs:497 0x4966423c|Reason uncommon trap
[engine] opt deopt  engine=1  id=20    lambda sc, x, ds1                                  |Invalidated  true|                                                                                                            |UTC 2026-09-23T10:16:25.469|Src /Users/ekmett/thc/vendor/containers-0.8/src/Data/Map/Strict/Internal.hs:497 0x4966423c|Reason uncommon trap
[engine] opt deopt  engine=1  id=20    lambda sc, x, ds1                                  |Invalidated  true|                                                                                                            |UTC 2026-09-23T10:16:25.469|Src /Users/ekmett/thc/vendor/containers-0.8/src/Data/Map/Strict/Internal.hs:497 0x4966423c|Reason uncommon trap
[engine] opt deopt  engine=1  id=20    lambda sc, x, ds1                                  |Invalidated  true|                                                                                                            |UTC 2026-09-23T10:16:25.469|Src /Users/ekmett/thc/vendor/containers-0.8/src/Data/Map/Strict/Internal.hs:497 0x4966423c|Reason uncommon trap
[engine] opt deopt  engine=1  id=20    lambda sc, x, ds1                                  |Invalidated  true|                                                                                                            |UTC 2026-09-23T10:16:25.469|Src /Users/ekmett/thc/vendor/containers-0.8/src/Data/Map/Strict/Internal.hs:497 0x4966423c|Reason uncommon trap
[engine] opt deopt  engine=1  id=22    lambda ww                                          |Invalidated  true|                                                                                                            |UTC 2026-09-23T10:16:25.471|Src n/a|Reason JVMCI invalidate
[engine] opt done   engine=1  id=22    lambda ww                                          |Tier 2|Time   613( 263+350 )ms|AST    2|Inlined  19Y  60N|IR   5639/ 16475|CodeSize   97702|Addr 0x7eb5f63b8500|CompId 3234   |UTC 2026-09-23T10:16:26.085|Src n/a
[engine] opt done   engine=1  id=20    lambda sc, x, ds1                                  |Tier 2|Time   423( 257+165 )ms|AST    2|Inlined  15Y  55N|IR   4753/ 12895|CodeSize   71349|Addr 0x7eb5f63d2a00|CompId 3263   |UTC 2026-09-23T10:16:26.508|Src /Users/ekmett/thc/vendor/containers-0.8/src/Data/Map/Strict/Internal.hs:497 0x4966423c
[engine] opt done   engine=1  id=10    lambda k, x, l, r                                  |Tier 2|Time    16(  12+4   )ms|AST    2|Inlined   0Y   0N|IR    527/   557|CodeSize    2236|Addr 0x7eb5f63e4d00|CompId 3279   |UTC 2026-09-23T10:16:26.582|Src /Users/ekmett/thc/vendor/containers-0.8/src/Data/Map/Internal.hs:4272 0xfda568ac
[engine] opt done   engine=1  id=25    lambda n                                           |Tier 2|Time   780( 222+558 )ms|AST    2|Inlined  20Y  62N|IR   5756/ 16881|CodeSize   99307|Addr 0x7eb5f63f1680|CompId 3296   |UTC 2026-09-23T10:16:27.376|Src examples/THC/MapWorkload.hs:30 0xd633756a
