WARNING: A terminally deprecated method in sun.misc.Unsafe has been called
WARNING: sun.misc.Unsafe::objectFieldOffset has been called by com.oracle.truffle.runtime.hotspot.HotSpotTruffleRuntime (file:/home/ekmett/thc-benchmarks/2026-09-23-083914/sources/one-step-force-v1/lib/truffle-runtime-25.3.4.1.jar)
WARNING: Please consider reporting this to the maintainers of class com.oracle.truffle.runtime.hotspot.HotSpotTruffleRuntime
WARNING: sun.misc.Unsafe::objectFieldOffset will be removed in a future release
[To redirect Truffle log output to a file use one of the following options:
* '--log.file=<path>' if the option is passed using a guest language launcher.
* '-Dpolyglot.log.file=<path>' if the option is passed using the host Java launcher.
* Configure logging using the polyglot embedding API.]
[engine] opt done   engine=1  id=21    lambda sc, x, ds1                                  |Tier 2|Time   936( 354+582 )ms|AST  853|Inlined  32Y  53N|IR   5527/ 16242|CodeSize  130913|Addr 0x7a9482345980|CompId 2764   |UTC 2026-09-23T10:41:08.153|Src /Users/ekmett/thc/vendor/containers-0.8/src/Data/Map/Strict/Internal.hs:497 0x4966423c
[engine] opt done   engine=1  id=17    lambda def, ww, ds1                                |Tier 2|Time    34(  25+9   )ms|AST  186|Inlined   1Y   0N|IR    431/   573|CodeSize    5039|Addr 0x7a948237c000|CompId 2887   |UTC 2026-09-23T10:41:08.203|Src /Users/ekmett/thc/vendor/containers-0.8/src/Data/Map/Internal.hs:649 0xfda568ac
[engine] opt done   engine=1  id=22    lambda ww, ds2                                     |Tier 2|Time    93(  62+32  )ms|AST  362|Inlined   6Y   8N|IR   1036/  2446|CodeSize   12142|Addr 0x7a9482383380|CompId 2902   |UTC 2026-09-23T10:41:08.308|Src /Users/ekmett/thc/vendor/containers-0.8/src/Data/Map/Strict/Internal.hs:649 0x4966423c
[engine] opt done   engine=1  id=18    lambda ww, ds                                      |Tier 2|Time    50(  30+19  )ms|AST  204|Inlined   2Y   1N|IR    455/   679|CodeSize    4105|Addr 0x7a948238a780|CompId 2916   |UTC 2026-09-23T10:41:08.365|Src /Users/ekmett/thc/vendor/containers-0.8/src/Data/Map/Internal.hs:3426 0xfda568ac
[engine] opt done   engine=1  id=23    lambda ww                                          |Tier 2|Time  1286( 303+983 )ms|AST 1506|Inlined  28Y  60N|IR   7301/ 19138|CodeSize  150149|Addr 0x7a948238c280|CompId 2920   |UTC 2026-09-23T10:41:09.655|Src n/a
[engine] opt deopt  engine=1  id=21    lambda sc, x, ds1                                  |Invalidated  true|                                                                                                            |UTC 2026-09-23T10:41:09.659|Src /Users/ekmett/thc/vendor/containers-0.8/src/Data/Map/Strict/Internal.hs:497 0x4966423c|Reason uncommon trap
[engine] opt deopt  engine=1  id=21    lambda sc, x, ds1                                  |Invalidated  true|                                                                                                            |UTC 2026-09-23T10:41:09.660|Src /Users/ekmett/thc/vendor/containers-0.8/src/Data/Map/Strict/Internal.hs:497 0x4966423c|Reason uncommon trap
[engine] opt deopt  engine=1  id=21    lambda sc, x, ds1                                  |Invalidated  true|                                                                                                            |UTC 2026-09-23T10:41:09.660|Src /Users/ekmett/thc/vendor/containers-0.8/src/Data/Map/Strict/Internal.hs:497 0x4966423c|Reason uncommon trap
[engine] opt done   engine=1  id=21    lambda sc, x, ds1                                  |Tier 2|Time   939( 320+620 )ms|AST  853|Inlined  31Y  53N|IR   5703/ 17913|CodeSize  152874|Addr 0x7a94823b4600|CompId 2952   |UTC 2026-09-23T10:41:10.601|Src /Users/ekmett/thc/vendor/containers-0.8/src/Data/Map/Strict/Internal.hs:497 0x4966423c
[engine] opt deopt  engine=1  id=21    lambda sc, x, ds1                                  |Invalidated false|                                                                                                            |UTC 2026-09-23T10:41:10.603|Src /Users/ekmett/thc/vendor/containers-0.8/src/Data/Map/Strict/Internal.hs:497 0x4966423c|Reason Unknown
[engine] opt deopt  engine=1  id=21    lambda sc, x, ds1                                  |Invalidated false|                                                                                                            |UTC 2026-09-23T10:41:10.604|Src /Users/ekmett/thc/vendor/containers-0.8/src/Data/Map/Strict/Internal.hs:497 0x4966423c|Reason Unknown
[engine] opt deopt  engine=1  id=21    lambda sc, x, ds1                                  |Invalidated false|                                                                                                            |UTC 2026-09-23T10:41:10.604|Src /Users/ekmett/thc/vendor/containers-0.8/src/Data/Map/Strict/Internal.hs:497 0x4966423c|Reason Unknown
[engine] opt deopt  engine=1  id=23    lambda ww                                          |Invalidated  true|                                                                                                            |UTC 2026-09-23T10:41:10.612|Src n/a|Reason uncommon trap
[engine] opt done   engine=1  id=23    lambda ww                                          |Tier 2|Time  1349( 330+1019)ms|AST 1506|Inlined  27Y  61N|IR   7525/ 22155|CodeSize  180819|Addr 0x7a94823db680|CompId 2985   |UTC 2026-09-23T10:41:11.961|Src n/a
[engine] opt done   engine=1  id=26    lambda n                                           |Tier 2|Time  1823( 280+1543)ms|AST   48|Inlined  28Y  62N|IR   7611/ 22162|CodeSize  179505|Addr 0x7a948240c600|CompId 3000   |UTC 2026-09-23T10:41:13.845|Src examples/THC/MapWorkload.hs:30 0xd633756a
