WARNING: A terminally deprecated method in sun.misc.Unsafe has been called
WARNING: sun.misc.Unsafe::objectFieldOffset has been called by com.oracle.truffle.runtime.hotspot.HotSpotTruffleRuntime (file:/home/ekmett/thc-benchmarks/2026-09-23-083914/diagnostics/caller-demand-default/input-control/lib/truffle-runtime-25.3.4.1.jar)
WARNING: Please consider reporting this to the maintainers of class com.oracle.truffle.runtime.hotspot.HotSpotTruffleRuntime
WARNING: sun.misc.Unsafe::objectFieldOffset will be removed in a future release
[To redirect Truffle log output to a file use one of the following options:
* '--log.file=<path>' if the option is passed using a guest language launcher.
* '-Dpolyglot.log.file=<path>' if the option is passed using the host Java launcher.
* Configure logging using the polyglot embedding API.]
Dumping IGV graphs in /home/ekmett/thc-benchmarks/2026-09-23-083914/diagnostics/caller-demand-default/graph-control
[engine] opt done   engine=1  id=21    lambda sc, x, ds1                                  |Tier 2|Time  2853(1415+1438)ms|AST    2|Inlined  17Y  47N|IR   4407/ 12573|CodeSize   64661|Addr 0x7fe2e6393480|CompId 3034   |UTC 2026-09-23T09:58:43.907|Src /Users/ekmett/thc/vendor/containers-0.8/src/Data/Map/Strict/Internal.hs:497 0x4966423c
Dumping IGV graphs in /home/ekmett/thc-benchmarks/2026-09-23-083914/diagnostics/caller-demand-default/graph-control
[engine] opt done   engine=1  id=21    lambda sc, x, ds1                                  |Tier 2|Time  2769(1336+1433)ms|AST    2|Inlined  17Y  47N|IR   4407/ 12573|CodeSize   64493|Addr 0x7fe2e63ab300|CompId 3262   |UTC 2026-09-23T09:58:46.681|Src /Users/ekmett/thc/vendor/containers-0.8/src/Data/Map/Strict/Internal.hs:497 0x4966423c
Dumping IGV graphs in /home/ekmett/thc-benchmarks/2026-09-23-083914/diagnostics/caller-demand-default/graph-control
[engine] opt done   engine=1  id=21    lambda sc, x, ds1                                  |Tier 2|Time  2769(1342+1427)ms|AST    2|Inlined  17Y  47N|IR   4407/ 12573|CodeSize   65556|Addr 0x7fe2e63bbe00|CompId 3309   |UTC 2026-09-23T09:58:49.453|Src /Users/ekmett/thc/vendor/containers-0.8/src/Data/Map/Strict/Internal.hs:497 0x4966423c
[engine] opt inval. engine=1  id=21    lambda sc, x, ds1                                                                                                                                                                 |UTC 2026-09-23T09:58:49.455|Src /Users/ekmett/thc/vendor/containers-0.8/src/Data/Map/Strict/Internal.hs:497 0x4966423c|Reason validRootAssumption local tags updated
[engine] opt inval. engine=1  id=21    lambda sc, x, ds1                                                                                                                                                                 |UTC 2026-09-23T09:58:49.456|Src /Users/ekmett/thc/vendor/containers-0.8/src/Data/Map/Strict/Internal.hs:497 0x4966423c|Reason validRootAssumption local tags updated
[engine] opt inval. engine=1  id=21    lambda sc, x, ds1                                                                                                                                                                 |UTC 2026-09-23T09:58:49.457|Src /Users/ekmett/thc/vendor/containers-0.8/src/Data/Map/Strict/Internal.hs:497 0x4966423c|Reason validRootAssumption local tags updated
[engine] opt deopt  engine=1  id=21    lambda sc, x, ds1                                  |Invalidated  true|                                                                                                            |UTC 2026-09-23T09:58:49.457|Src /Users/ekmett/thc/vendor/containers-0.8/src/Data/Map/Strict/Internal.hs:497 0x4966423c|Reason uncommon trap
[engine] opt deopt  engine=1  id=21    lambda sc, x, ds1                                  |Invalidated  true|                                                                                                            |UTC 2026-09-23T09:58:49.458|Src /Users/ekmett/thc/vendor/containers-0.8/src/Data/Map/Strict/Internal.hs:497 0x4966423c|Reason uncommon trap
[engine] opt deopt  engine=1  id=21    lambda sc, x, ds1                                  |Invalidated  true|                                                                                                            |UTC 2026-09-23T09:58:49.458|Src /Users/ekmett/thc/vendor/containers-0.8/src/Data/Map/Strict/Internal.hs:497 0x4966423c|Reason uncommon trap
[engine] opt deopt  engine=1  id=21    lambda sc, x, ds1                                  |Invalidated  true|                                                                                                            |UTC 2026-09-23T09:58:49.458|Src /Users/ekmett/thc/vendor/containers-0.8/src/Data/Map/Strict/Internal.hs:497 0x4966423c|Reason uncommon trap
[engine] opt deopt  engine=1  id=21    lambda sc, x, ds1                                  |Invalidated  true|                                                                                                            |UTC 2026-09-23T09:58:49.458|Src /Users/ekmett/thc/vendor/containers-0.8/src/Data/Map/Strict/Internal.hs:497 0x4966423c|Reason uncommon trap
[engine] opt deopt  engine=1  id=21    lambda sc, x, ds1                                  |Invalidated  true|                                                                                                            |UTC 2026-09-23T09:58:49.458|Src /Users/ekmett/thc/vendor/containers-0.8/src/Data/Map/Strict/Internal.hs:497 0x4966423c|Reason uncommon trap
Dumping IGV graphs in /home/ekmett/thc-benchmarks/2026-09-23-083914/diagnostics/caller-demand-default/graph-control
[engine] opt done   engine=1  id=21    lambda sc, x, ds1                                  |Tier 2|Time  2568(1286+1282)ms|AST    2|Inlined  15Y  42N|IR   4250/ 13050|CodeSize   69395|Addr 0x7fe2e63cd300|CompId 3343   |UTC 2026-09-23T09:58:52.028|Src /Users/ekmett/thc/vendor/containers-0.8/src/Data/Map/Strict/Internal.hs:497 0x4966423c
Dumping IGV graphs in /home/ekmett/thc-benchmarks/2026-09-23-083914/diagnostics/caller-demand-default/graph-control
[engine] opt done   engine=1  id=22    lambda ww, ds2                                     |Tier 2|Time   254( 206+48  )ms|AST    2|Inlined   6Y   8N|IR    912/  2383|CodeSize   13169|Addr 0x7fe2e63f6400|CompId 3390   |UTC 2026-09-23T09:58:52.350|Src /Users/ekmett/thc/vendor/containers-0.8/src/Data/Map/Strict/Internal.hs:649 0x4966423c
Dumping IGV graphs in /home/ekmett/thc-benchmarks/2026-09-23-083914/diagnostics/caller-demand-default/graph-control
[engine] opt done   engine=1  id=17    lambda def, ww, ds1                                |Tier 2|Time    63(  51+12  )ms|AST    2|Inlined   1Y   0N|IR    203/   345|CodeSize    1844|Addr 0x7fe2e6409700|CompId 3444   |UTC 2026-09-23T09:58:52.514|Src /Users/ekmett/thc/vendor/containers-0.8/src/Data/Map/Internal.hs:649 0xfda568ac
[engine] opt done   engine=1  id=18    lambda ww, ds                                      |Tier 2|Time    62(  46+16  )ms|AST    2|Inlined   2Y   1N|IR    307/   610|CodeSize    2937|Addr 0x7fe2e6413f00|CompId 3466   |UTC 2026-09-23T09:58:52.633|Src /Users/ekmett/thc/vendor/containers-0.8/src/Data/Map/Internal.hs:3426 0xfda568ac
[engine] opt done   engine=1  id=23    lambda ww                                          |Tier 2|Time  2854(1143+1711)ms|AST    2|Inlined  20Y  53N|IR   5028/ 16670|CodeSize   98401|Addr 0x7fe2e641d780|CompId 3479   |UTC 2026-09-23T09:58:55.540|Src n/a
[engine] opt done   engine=1  id=10    lambda k, x, l, r                                  |Tier 2|Time    37(  26+10  )ms|AST    2|Inlined   0Y   0N|IR    516/   591|CodeSize    2468|Addr 0x7fe2e643ab00|CompId 3509   |UTC 2026-09-23T09:58:55.665|Src /Users/ekmett/thc/vendor/containers-0.8/src/Data/Map/Internal.hs:4272 0xfda568ac
[engine] opt done   engine=1  id=20    argument thunk                                     |Tier 2|Time  3171(1480+1691)ms|AST    2|Inlined  17Y  42N|IR   4158/ 12507|CodeSize   65824|Addr 0x7fe2e644dc00|CompId 3538   |UTC 2026-09-23T09:58:58.868|Src /Users/ekmett/thc/vendor/containers-0.8/src/Data/Map/Strict/Internal.hs:501 0x4966423c
[engine] opt done   engine=1  id=15    lambda k, x, l, r                                  |Tier 2|Time  3732(1711+2022)ms|AST    2|Inlined  16Y  37N|IR   4205/ 11914|CodeSize   63483|Addr 0x7fe2e645f900|CompId 3550   |UTC 2026-09-23T09:59:02.622|Src /Users/ekmett/thc/vendor/containers-0.8/src/Data/Map/Internal.hs:4302 0xfda568ac
Dumping IGV graphs in /home/ekmett/thc-benchmarks/2026-09-23-083914/diagnostics/caller-demand-default/graph-control
[engine] opt done   engine=1  id=26    lambda n                                           |Tier 2|Time  4589(1673+2916)ms|AST    2|Inlined  22Y  53N|IR   5112/ 17107|CodeSize   97361|Addr 0x7fe2e6471100|CompId 3596   |UTC 2026-09-23T09:59:07.519|Src examples/THC/MapWorkload.hs:30 0xd633756a
PHASE WARM BEGIN
Dumping IGV graphs in /home/ekmett/thc-benchmarks/2026-09-23-083914/diagnostics/caller-demand-default/graph-control
[engine] opt done   engine=1  id=92    org.graalvm.polyglot.Value<EntryValue>.execute     |Tier 2|Time  4531(1624+2907)ms|AST   10|Inlined  23Y  48N|IR   5101/ 14267|CodeSize   81529|Addr 0x7fe2e6497a00|CompId 3686   |UTC 2026-09-23T09:59:27.753|Src n/a
PHASE WARM END calls=30208 elapsedNs=52775897123 checksum=1703154837024
PHASE MEASURE 1 BEGIN
PHASE MEASURE 1 END
PHASE VERIFY BEGIN
PHASE VERIFY END guestLastTierInstalled=true
diagnostics={"backend":"bytecode","bytecodeRootCount":58,"sourceNotesEnabled":true,"sourceSpanCount":8656,"sourceRootCount":15,"localJoinCount":10,"localJoinTransfers":0,"instrumented":false,"thunkEvaluationsByLabel":{},"compiledEntries":0,"leadingCaseReturns":0,"thunkEvaluations":0,"thunkHits":0,"blackholes":0,"directCacheMisses":0,"indirectCalls":0,"tailBounces":0,"selfTailReentries":0,"trampolineIterations":0,"papAllocations":0,"unsupportedPolicy":"diagnostic-traps","deferredUnsupported":["Unsupported constructor representation unboxed-tuple: ghc-internal:GHC.Internal.Types.(#,#)","Unresolved external binding ghc-internal:GHC.Internal.Stack.withFrozenCallStack1","Unresolved external binding ghc-internal:GHC.Internal.Exception.Backtrace.collectExceptionAnnotationMechanismRef","Unsupported primitive readMutVar#"],"unsupportedTraps":0,"frames":"Bytecode DSL primitive locals; selective StaticShape captures","stackPolicy":"tail-safe; non-tail calls and nested thunk forcing use host stack","threadPolicy":"single guest thread"}
