WARNING: A terminally deprecated method in sun.misc.Unsafe has been called
WARNING: sun.misc.Unsafe::objectFieldOffset has been called by com.oracle.truffle.runtime.hotspot.HotSpotTruffleRuntime (file:/home/ekmett/thc-benchmarks/2026-09-23-083914/sources/release-main-5af98789/lib/truffle-runtime-25.3.4.1.jar)
WARNING: Please consider reporting this to the maintainers of class com.oracle.truffle.runtime.hotspot.HotSpotTruffleRuntime
WARNING: sun.misc.Unsafe::objectFieldOffset will be removed in a future release
[To redirect Truffle log output to a file use one of the following options:
* '--log.file=<path>' if the option is passed using a guest language launcher.
* '-Dpolyglot.log.file=<path>' if the option is passed using the host Java launcher.
* Configure logging using the polyglot embedding API.]
[engine] opt done   engine=1  id=21    lambda sc, x, ds1                                  |Tier 2|Time   633( 410+223 )ms|AST    2|Inlined  16Y  52N|IR   4794/ 12332|CodeSize   68763|Addr 0x782c62371400|CompId 3098   |UTC 2026-09-23T10:32:22.870|Src /Users/ekmett/thc/vendor/containers-0.8/src/Data/Map/Strict/Internal.hs:497 0x4966423c
[engine] opt done   engine=1  id=17    lambda def, ww, ds1                                |Tier 2|Time    39(  33+6   )ms|AST    2|Inlined   1Y   0N|IR    279/   444|CodeSize    2174|Addr 0x782c62394f80|CompId 3207   |UTC 2026-09-23T10:32:22.969|Src /Users/ekmett/thc/vendor/containers-0.8/src/Data/Map/Internal.hs:649 0xfda568ac
[engine] opt done   engine=1  id=22    lambda ww, ds2                                     |Tier 2|Time   188( 115+73  )ms|AST    2|Inlined  14Y  16N|IR   2003/  4972|CodeSize   28684|Addr 0x782c623a5b80|CompId 3223   |UTC 2026-09-23T10:32:23.202|Src /Users/ekmett/thc/vendor/containers-0.8/src/Data/Map/Strict/Internal.hs:649 0x4966423c
[engine] opt done   engine=1  id=18    lambda ww, ds                                      |Tier 2|Time    89(  61+28  )ms|AST    2|Inlined   5Y   1N|IR    618/   985|CodeSize    4689|Addr 0x782c623ad780|CompId 3231   |UTC 2026-09-23T10:32:23.295|Src /Users/ekmett/thc/vendor/containers-0.8/src/Data/Map/Internal.hs:3426 0xfda568ac
[engine] opt done   engine=1  id=23    lambda ww                                          |Tier 2|Time   964( 496+468 )ms|AST    2|Inlined  37Y  69N|IR   7539/ 22124|CodeSize  136306|Addr 0x782c623afa00|CompId 3238   |UTC 2026-09-23T10:32:24.262|Src n/a
[engine] opt inval. engine=1  id=23    lambda ww                                                                                                                                                                         |UTC 2026-09-23T10:32:24.267|Src n/a|Reason validRootAssumption local tags updated
[engine] opt inval. engine=1  id=21    lambda sc, x, ds1                                                                                                                                                                 |UTC 2026-09-23T10:32:24.268|Src /Users/ekmett/thc/vendor/containers-0.8/src/Data/Map/Strict/Internal.hs:497 0x4966423c|Reason validRootAssumption local tags updated
[engine] opt deopt  engine=1  id=21    lambda sc, x, ds1                                  |Invalidated  true|                                                                                                            |UTC 2026-09-23T10:32:24.268|Src /Users/ekmett/thc/vendor/containers-0.8/src/Data/Map/Strict/Internal.hs:497 0x4966423c|Reason uncommon trap
[engine] opt deopt  engine=1  id=21    lambda sc, x, ds1                                  |Invalidated  true|                                                                                                            |UTC 2026-09-23T10:32:24.269|Src /Users/ekmett/thc/vendor/containers-0.8/src/Data/Map/Strict/Internal.hs:497 0x4966423c|Reason uncommon trap
[engine] opt deopt  engine=1  id=21    lambda sc, x, ds1                                  |Invalidated  true|                                                                                                            |UTC 2026-09-23T10:32:24.269|Src /Users/ekmett/thc/vendor/containers-0.8/src/Data/Map/Strict/Internal.hs:497 0x4966423c|Reason uncommon trap
[engine] opt deopt  engine=1  id=21    lambda sc, x, ds1                                  |Invalidated  true|                                                                                                            |UTC 2026-09-23T10:32:24.269|Src /Users/ekmett/thc/vendor/containers-0.8/src/Data/Map/Strict/Internal.hs:497 0x4966423c|Reason uncommon trap
[engine] opt deopt  engine=1  id=21    lambda sc, x, ds1                                  |Invalidated  true|                                                                                                            |UTC 2026-09-23T10:32:24.269|Src /Users/ekmett/thc/vendor/containers-0.8/src/Data/Map/Strict/Internal.hs:497 0x4966423c|Reason uncommon trap
[engine] opt deopt  engine=1  id=21    lambda sc, x, ds1                                  |Invalidated  true|                                                                                                            |UTC 2026-09-23T10:32:24.269|Src /Users/ekmett/thc/vendor/containers-0.8/src/Data/Map/Strict/Internal.hs:497 0x4966423c|Reason uncommon trap
[engine] opt deopt  engine=1  id=23    lambda ww                                          |Invalidated  true|                                                                                                            |UTC 2026-09-23T10:32:24.271|Src n/a|Reason JVMCI invalidate
[engine] opt done   engine=1  id=23    lambda ww                                          |Tier 2|Time  1066( 529+537 )ms|AST    2|Inlined  35Y  71N|IR   7697/ 25009|CodeSize  158197|Addr 0x782c623d4300|CompId 3294   |UTC 2026-09-23T10:32:25.337|Src n/a
[engine] opt done   engine=1  id=21    lambda sc, x, ds1                                  |Tier 2|Time   494( 315+179 )ms|AST    2|Inlined  14Y  42N|IR   4244/ 11938|CodeSize   66528|Addr 0x782c623fd580|CompId 3314   |UTC 2026-09-23T10:32:25.833|Src /Users/ekmett/thc/vendor/containers-0.8/src/Data/Map/Strict/Internal.hs:497 0x4966423c
[engine] opt done   engine=1  id=10    lambda k, x, l, r                                  |Tier 2|Time    16(  12+4   )ms|AST    2|Inlined   0Y   0N|IR    527/   386|CodeSize    1546|Addr 0x782c6240e580|CompId 3332   |UTC 2026-09-23T10:32:25.898|Src /Users/ekmett/thc/vendor/containers-0.8/src/Data/Map/Internal.hs:4272 0xfda568ac
[engine] opt done   engine=1  id=26    lambda n                                           |Tier 2|Time   594( 588+7   )ms|AST    2|Inlined   1Y   2N|IR    270/   618|CodeSize    2939|Addr 0x782c62422100|CompId 3362   |UTC 2026-09-23T10:32:26.539|Src examples/THC/MapWorkload.hs:30 0xd633756a
[engine] opt done   engine=1  id=15    lambda k, x, l, r                                  |Tier 2|Time   699( 364+335 )ms|AST    2|Inlined  14Y  44N|IR   4235/ 11655|CodeSize   67005|Addr 0x782c62428600|CompId 3389   |UTC 2026-09-23T10:32:27.271|Src /Users/ekmett/thc/vendor/containers-0.8/src/Data/Map/Internal.hs:4302 0xfda568ac
