WARNING: A terminally deprecated method in sun.misc.Unsafe has been called
WARNING: sun.misc.Unsafe::objectFieldOffset has been called by com.oracle.truffle.runtime.hotspot.HotSpotTruffleRuntime (file:/home/ekmett/thc-benchmarks/2026-09-23-083914/diagnostics/caller-demand-default/input-enabled/lib/truffle-runtime-25.3.4.1.jar)
WARNING: Please consider reporting this to the maintainers of class com.oracle.truffle.runtime.hotspot.HotSpotTruffleRuntime
WARNING: sun.misc.Unsafe::objectFieldOffset will be removed in a future release
[To redirect Truffle log output to a file use one of the following options:
* '--log.file=<path>' if the option is passed using a guest language launcher.
* '-Dpolyglot.log.file=<path>' if the option is passed using the host Java launcher.
* Configure logging using the polyglot embedding API.]
Dumping IGV graphs in /home/ekmett/thc-benchmarks/2026-09-23-083914/diagnostics/caller-demand-default/graph-enabled
[engine] opt done   engine=1  id=20    lambda sc, x, ds1                                  |Tier 2|Time  2695(1381+1314)ms|AST    2|Inlined  16Y  54N|IR   4517/ 12061|CodeSize   61799|Addr 0x71c9d639bd80|CompId 3009   |UTC 2026-09-23T10:00:10.604|Src /Users/ekmett/thc/vendor/containers-0.8/src/Data/Map/Strict/Internal.hs:497 0x4966423c
Dumping IGV graphs in /home/ekmett/thc-benchmarks/2026-09-23-083914/diagnostics/caller-demand-default/graph-enabled
[engine] opt done   engine=1  id=20    lambda sc, x, ds1                                  |Tier 2|Time  2639(1306+1333)ms|AST    2|Inlined  16Y  54N|IR   4517/ 12061|CodeSize   61509|Addr 0x71c9d63bb800|CompId 3238   |UTC 2026-09-23T10:00:13.262|Src /Users/ekmett/thc/vendor/containers-0.8/src/Data/Map/Strict/Internal.hs:497 0x4966423c
Dumping IGV graphs in /home/ekmett/thc-benchmarks/2026-09-23-083914/diagnostics/caller-demand-default/graph-enabled
[engine] opt done   engine=1  id=20    lambda sc, x, ds1                                  |Tier 2|Time  2619(1291+1328)ms|AST    2|Inlined  16Y  54N|IR   4517/ 12061|CodeSize   61495|Addr 0x71c9d63cba80|CompId 3292   |UTC 2026-09-23T10:00:15.883|Src /Users/ekmett/thc/vendor/containers-0.8/src/Data/Map/Strict/Internal.hs:497 0x4966423c
[engine] opt inval. engine=1  id=20    lambda sc, x, ds1                                                                                                                                                                 |UTC 2026-09-23T10:00:15.885|Src /Users/ekmett/thc/vendor/containers-0.8/src/Data/Map/Strict/Internal.hs:497 0x4966423c|Reason validRootAssumption local tags updated
[engine] opt inval. engine=1  id=20    lambda sc, x, ds1                                                                                                                                                                 |UTC 2026-09-23T10:00:15.886|Src /Users/ekmett/thc/vendor/containers-0.8/src/Data/Map/Strict/Internal.hs:497 0x4966423c|Reason validRootAssumption local tags updated
[engine] opt inval. engine=1  id=20    lambda sc, x, ds1                                                                                                                                                                 |UTC 2026-09-23T10:00:15.886|Src /Users/ekmett/thc/vendor/containers-0.8/src/Data/Map/Strict/Internal.hs:497 0x4966423c|Reason validRootAssumption local tags updated
[engine] opt deopt  engine=1  id=20    lambda sc, x, ds1                                  |Invalidated  true|                                                                                                            |UTC 2026-09-23T10:00:15.887|Src /Users/ekmett/thc/vendor/containers-0.8/src/Data/Map/Strict/Internal.hs:497 0x4966423c|Reason uncommon trap
[engine] opt deopt  engine=1  id=20    lambda sc, x, ds1                                  |Invalidated  true|                                                                                                            |UTC 2026-09-23T10:00:15.887|Src /Users/ekmett/thc/vendor/containers-0.8/src/Data/Map/Strict/Internal.hs:497 0x4966423c|Reason uncommon trap
[engine] opt deopt  engine=1  id=20    lambda sc, x, ds1                                  |Invalidated  true|                                                                                                            |UTC 2026-09-23T10:00:15.888|Src /Users/ekmett/thc/vendor/containers-0.8/src/Data/Map/Strict/Internal.hs:497 0x4966423c|Reason uncommon trap
[engine] opt deopt  engine=1  id=20    lambda sc, x, ds1                                  |Invalidated  true|                                                                                                            |UTC 2026-09-23T10:00:15.888|Src /Users/ekmett/thc/vendor/containers-0.8/src/Data/Map/Strict/Internal.hs:497 0x4966423c|Reason uncommon trap
[engine] opt deopt  engine=1  id=20    lambda sc, x, ds1                                  |Invalidated  true|                                                                                                            |UTC 2026-09-23T10:00:15.888|Src /Users/ekmett/thc/vendor/containers-0.8/src/Data/Map/Strict/Internal.hs:497 0x4966423c|Reason uncommon trap
[engine] opt deopt  engine=1  id=20    lambda sc, x, ds1                                  |Invalidated  true|                                                                                                            |UTC 2026-09-23T10:00:15.888|Src /Users/ekmett/thc/vendor/containers-0.8/src/Data/Map/Strict/Internal.hs:497 0x4966423c|Reason uncommon trap
Dumping IGV graphs in /home/ekmett/thc-benchmarks/2026-09-23-083914/diagnostics/caller-demand-default/graph-enabled
[engine] opt done   engine=1  id=20    lambda sc, x, ds1                                  |Tier 2|Time  2692(1274+1418)ms|AST    2|Inlined  15Y  55N|IR   4592/ 13558|CodeSize   71065|Addr 0x71c9d63dde80|CompId 3326   |UTC 2026-09-23T10:00:18.582|Src /Users/ekmett/thc/vendor/containers-0.8/src/Data/Map/Strict/Internal.hs:497 0x4966423c
Dumping IGV graphs in /home/ekmett/thc-benchmarks/2026-09-23-083914/diagnostics/caller-demand-default/graph-enabled
[engine] opt done   engine=1  id=21    lambda ww, ds2                                     |Tier 2|Time   246( 198+48  )ms|AST    2|Inlined   6Y   8N|IR    912/  2383|CodeSize   13169|Addr 0x71c9d640de80|CompId 3388   |UTC 2026-09-23T10:00:18.893|Src /Users/ekmett/thc/vendor/containers-0.8/src/Data/Map/Strict/Internal.hs:649 0x4966423c
Dumping IGV graphs in /home/ekmett/thc-benchmarks/2026-09-23-083914/diagnostics/caller-demand-default/graph-enabled
[engine] opt done   engine=1  id=17    lambda def, ww, ds1                                |Tier 2|Time    63(  51+12  )ms|AST    2|Inlined   1Y   0N|IR    203/   345|CodeSize    1844|Addr 0x71c9d641b400|CompId 3429   |UTC 2026-09-23T10:00:19.029|Src /Users/ekmett/thc/vendor/containers-0.8/src/Data/Map/Internal.hs:649 0xfda568ac
[engine] opt done   engine=1  id=18    lambda ww, ds                                      |Tier 2|Time    64(  47+16  )ms|AST    2|Inlined   2Y   1N|IR    307/   610|CodeSize    2937|Addr 0x71c9d6427400|CompId 3447   |UTC 2026-09-23T10:00:19.130|Src /Users/ekmett/thc/vendor/containers-0.8/src/Data/Map/Internal.hs:3426 0xfda568ac
[engine] opt done   engine=1  id=22    lambda ww                                          |Tier 2|Time  2883(1201+1682)ms|AST    2|Inlined  20Y  59N|IR   5220/ 16301|CodeSize  101346|Addr 0x71c9d6430800|CompId 3457   |UTC 2026-09-23T10:00:22.053|Src n/a
[engine] opt done   engine=1  id=10    lambda k, x, l, r                                  |Tier 2|Time    39(  28+11  )ms|AST    2|Inlined   0Y   0N|IR    516/   591|CodeSize    2468|Addr 0x71c9d644c700|CompId 3480   |UTC 2026-09-23T10:00:22.174|Src /Users/ekmett/thc/vendor/containers-0.8/src/Data/Map/Internal.hs:4272 0xfda568ac
[engine] opt done   engine=1  id=15    lambda k, x, l, r                                  |Tier 2|Time    46(  30+15  )ms|AST    2|Inlined   0Y   0N|IR    709/   745|CodeSize    3274|Addr 0x71c9d6458480|CompId 3492   |UTC 2026-09-23T10:00:22.250|Src /Users/ekmett/thc/vendor/containers-0.8/src/Data/Map/Internal.hs:4302 0xfda568ac
[engine] opt done   engine=1  id=25    lambda n                                           |Tier 2|Time  4427(1557+2870)ms|AST    2|Inlined  21Y  60N|IR   5209/ 16627|CodeSize   93609|Addr 0x71c9d645ba80|CompId 3527   |UTC 2026-09-23T10:00:26.967|Src examples/THC/MapWorkload.hs:30 0xd633756a
PHASE WARM BEGIN
Dumping IGV graphs in /home/ekmett/thc-benchmarks/2026-09-23-083914/diagnostics/caller-demand-default/graph-enabled
[engine] opt done   engine=1  id=91    org.graalvm.polyglot.Value<EntryValue>.execute     |Tier 2|Time  5053(1694+3359)ms|AST   10|Inlined  23Y  60N|IR   5496/ 15433|CodeSize   86433|Addr 0x71c9d648ac80|CompId 3643   |UTC 2026-09-23T10:00:47.773|Src n/a
PHASE WARM END calls=30208 elapsedNs=53381267492 checksum=1703154837024
PHASE MEASURE 1 BEGIN
PHASE MEASURE 1 END
PHASE VERIFY BEGIN
PHASE VERIFY END guestLastTierInstalled=true
diagnostics={"backend":"bytecode","bytecodeRootCount":57,"sourceNotesEnabled":true,"sourceSpanCount":8656,"sourceRootCount":14,"localJoinCount":10,"localJoinTransfers":0,"instrumented":false,"thunkEvaluationsByLabel":{},"compiledEntries":0,"leadingCaseReturns":0,"thunkEvaluations":0,"thunkHits":0,"blackholes":0,"directCacheMisses":0,"indirectCalls":0,"tailBounces":0,"selfTailReentries":0,"trampolineIterations":0,"papAllocations":0,"unsupportedPolicy":"diagnostic-traps","deferredUnsupported":["Unsupported constructor representation unboxed-tuple: ghc-internal:GHC.Internal.Types.(#,#)","Unresolved external binding ghc-internal:GHC.Internal.Stack.withFrozenCallStack1","Unresolved external binding ghc-internal:GHC.Internal.Exception.Backtrace.collectExceptionAnnotationMechanismRef","Unsupported primitive readMutVar#"],"unsupportedTraps":0,"frames":"Bytecode DSL primitive locals; selective StaticShape captures","stackPolicy":"tail-safe; non-tail calls and nested thunk forcing use host stack","threadPolicy":"single guest thread"}
