[0.003s][info][gc] Using Jam
[0.004s][info][gc] Consider enabling -XX:+AlwaysPreTouch to avoid memory commit hiccups
[0.004s][info][gc] Jam collector: neon, 1 copy workers, serial VM scanner
[0.004s][info][gc] Jam generations: old=100663296, young=33554432 usable bytes; virtual displacement=17179869184
[0.144s][info][gc] GC(0) Jam major collection (System.gc()) 2M->0M(128M) 3.504ms
[0.151s][info][gc] GC(1) Jam major collection (System.gc()) 1M->1M(128M) 3.236ms
[0.154s][info][gc] GC(2) Jam major collection (System.gc()) 1M->0M(128M) 3.001ms
[0.157s][info][gc] GC(3) Jam major collection (System.gc()) 1M->0M(128M) 2.973ms
[0.161s][info][gc] GC(4) Jam major collection (System.gc()) 1M->1M(128M) 3.003ms
[0.164s][info][gc] GC(5) Jam major collection (System.gc()) 2M->1M(128M) 3.048ms
[0.167s][info][gc] GC(6) Jam major collection (System.gc()) 1M->0M(128M) 3.031ms
[0.171s][info][gc] GC(7) Jam major collection (System.gc()) 1M->0M(128M) 3.130ms
[0.175s][info][gc] GC(8) Jam major collection (System.gc()) 2M->2M(128M) 3.376ms
[0.178s][info][gc] GC(9) Jam major collection (System.gc()) 3M->2M(128M) 3.035ms
[0.181s][info][gc] GC(10) Jam major collection (System.gc()) 2M->1M(128M) 3.002ms
[0.184s][info][gc] GC(11) Jam major collection (System.gc()) 2M->1M(128M) 2.958ms
[0.187s][info][gc] GC(12) Jam major collection (System.gc()) 2M->1M(128M) 2.892ms
[0.190s][info][gc] GC(13) Jam major collection (System.gc()) 2M->0M(128M) 2.793ms
[0.193s][info][gc] GC(14) Jam major collection (System.gc()) 1M->0M(128M) 2.755ms
[0.196s][info][gc] GC(15) Jam major collection (System.gc()) 1M->1M(128M) 2.812ms
[0.199s][info][gc] GC(16) Jam major collection (System.gc()) 2M->0M(128M) 3.031ms
[0.202s][info][gc] GC(17) Jam major collection (System.gc()) 1M->0M(128M) 3.066ms
[0.210s][info][gc] GC(18) Jam major collection (System.gc()) 2M->1M(128M) 2.977ms
[0.217s][info][gc] GC(19) Jam major collection (System.gc()) 2M->1M(128M) 3.026ms
[0.220s][info][gc] GC(20) Jam major collection (System.gc()) 2M->0M(128M) 2.888ms
[0.223s][info][gc] GC(21) Jam major collection (System.gc()) 1M->0M(128M) 2.748ms
[0.226s][info][gc] GC(22) Jam major collection (System.gc()) 2M->2M(128M) 3.057ms
[0.229s][info][gc] GC(23) Jam major collection (System.gc()) 3M->2M(128M) 3.040ms
[0.232s][info][gc] GC(24) Jam major collection (System.gc()) 2M->1M(128M) 3.003ms
[0.235s][info][gc] GC(25) Jam major collection (System.gc()) 2M->1M(128M) 2.943ms
[0.240s][info][gc] GC(26) Jam major collection (System.gc()) 2M->1M(128M) 2.954ms
[0.243s][info][gc] GC(27) Jam major collection (System.gc()) 2M->0M(128M) 2.822ms
[0.246s][info][gc] GC(28) Jam major collection (System.gc()) 1M->0M(128M) 2.747ms
[0.249s][info][gc] GC(29) Jam major collection (System.gc()) 1M->1M(128M) 2.846ms
[0.252s][info][gc] GC(30) Jam major collection (System.gc()) 2M->0M(128M) 2.781ms
[0.254s][info][gc] GC(31) Jam major collection (System.gc()) 1M->0M(128M) 2.699ms
[0.257s][info][gc] GC(32) Jam major collection (System.gc()) 2M->1M(128M) 2.874ms
[0.260s][info][gc] GC(33) Jam major collection (System.gc()) 2M->1M(128M) 2.857ms
[0.265s][info][gc] GC(34) Jam major collection (System.gc()) 2M->0M(128M) 2.818ms
[0.268s][info][gc] GC(35) Jam major collection (System.gc()) 1M->0M(128M) 2.714ms
[0.271s][info][gc] GC(36) Jam major collection (System.gc()) 2M->2M(128M) 3.005ms
[0.274s][info][gc] GC(37) Jam major collection (System.gc()) 3M->2M(128M) 2.978ms
[0.278s][info][gc] GC(38) Jam major collection (System.gc()) 2M->1M(128M) 3.338ms
[0.281s][info][gc] GC(39) Jam major collection (System.gc()) 2M->1M(128M) 2.939ms
[0.284s][info][gc] GC(40) Jam major collection (System.gc()) 2M->1M(128M) 2.875ms
[0.287s][info][gc] GC(41) Jam major collection (System.gc()) 2M->0M(128M) 2.833ms
[0.290s][info][gc] GC(42) Jam major collection (System.gc()) 1M->0M(128M) 2.783ms
[0.293s][info][gc] GC(43) Jam major collection (System.gc()) 1M->1M(128M) 2.946ms
[0.296s][info][gc] GC(44) Jam major collection (System.gc()) 2M->0M(128M) 2.796ms
[0.319s][info][gc] GC(45) Jam major collection (System.gc()) 1M->1M(128M) 3.482ms
[0.323s][info][gc] GC(46) Jam major collection (System.gc()) 2M->1M(128M) 3.552ms
[0.326s][info][gc] GC(47) Jam major collection (System.gc()) 2M->1M(128M) 3.498ms
[0.330s][info][gc] GC(48) Jam major collection (System.gc()) 2M->1M(128M) 3.415ms
[0.334s][info][gc] GC(49) Jam major collection (System.gc()) 1M->1M(128M) 3.397ms
[0.338s][info][gc] GC(50) Jam major collection (System.gc()) 3M->2M(128M) 3.693ms
[0.342s][info][gc] GC(51) Jam major collection (System.gc()) 3M->2M(128M) 3.710ms
[0.346s][info][gc] GC(52) Jam major collection (System.gc()) 3M->2M(128M) 3.654ms
[0.349s][info][gc] GC(53) Jam major collection (System.gc()) 2M->1M(128M) 3.600ms
[0.353s][info][gc] GC(54) Jam major collection (System.gc()) 2M->1M(128M) 3.524ms
[0.357s][info][gc] GC(55) Jam major collection (System.gc()) 2M->1M(128M) 3.464ms
[0.361s][info][gc] GC(56) Jam major collection (System.gc()) 1M->1M(128M) 3.360ms
[0.365s][info][gc] GC(57) Jam major collection (System.gc()) 1M->1M(128M) 3.469ms
[0.368s][info][gc] GC(58) Jam major collection (System.gc()) 2M->1M(128M) 3.475ms
[0.372s][info][gc] GC(59) Jam major collection (System.gc()) 2M->1M(128M) 3.479ms
[0.375s][info][gc] GC(60) Jam major collection (System.gc()) 2M->1M(128M) 3.471ms
[0.380s][info][gc] GC(61) Jam major collection (System.gc()) 1M->1M(128M) 3.400ms
[0.384s][info][gc] GC(62) Jam major collection (System.gc()) 2M->1M(128M) 3.575ms
[0.387s][info][gc] GC(63) Jam major collection (System.gc()) 2M->1M(128M) 3.627ms
[0.391s][info][gc] GC(64) Jam major collection (System.gc()) 2M->1M(128M) 3.613ms
[0.395s][info][gc] GC(65) Jam major collection (System.gc()) 2M->1M(128M) 3.587ms
[0.398s][info][gc] GC(66) Jam major collection (System.gc()) 2M->1M(128M) 3.496ms
[0.402s][info][gc] GC(67) Jam major collection (System.gc()) 2M->1M(128M) 3.451ms
[0.405s][info][gc] GC(68) Jam major collection (System.gc()) 2M->1M(128M) 3.383ms
[0.409s][info][gc] GC(69) Jam major collection (System.gc()) 1M->1M(128M) 3.331ms
[0.413s][info][gc] GC(70) Jam major collection (System.gc()) 3M->2M(128M) 3.634ms
[0.417s][info][gc] GC(71) Jam major collection (System.gc()) 3M->2M(128M) 3.655ms
[0.420s][info][gc] GC(72) Jam major collection (System.gc()) 3M->2M(128M) 3.632ms
[0.424s][info][gc] GC(73) Jam major collection (System.gc()) 3M->2M(128M) 3.603ms
[0.428s][info][gc] GC(74) Jam major collection (System.gc()) 3M->2M(128M) 3.639ms
[0.432s][info][gc] GC(75) Jam major collection (System.gc()) 3M->2M(128M) 3.643ms
[0.435s][info][gc] GC(76) Jam major collection (System.gc()) 3M->2M(128M) 3.571ms
[0.439s][info][gc] GC(77) Jam major collection (System.gc()) 2M->2M(128M) 3.534ms
[0.442s][info][gc] GC(78) Jam major collection (System.gc()) 2M->2M(128M) 3.533ms
[0.446s][info][gc] GC(79) Jam major collection (System.gc()) 2M->1M(128M) 3.521ms
[0.450s][info][gc] GC(80) Jam major collection (System.gc()) 2M->1M(128M) 3.496ms
[0.453s][info][gc] GC(81) Jam major collection (System.gc()) 2M->1M(128M) 3.501ms
[0.457s][info][gc] GC(82) Jam major collection (System.gc()) 2M->1M(128M) 3.473ms
[0.460s][info][gc] GC(83) Jam major collection (System.gc()) 2M->1M(128M) 3.463ms
[0.464s][info][gc] GC(84) Jam major collection (System.gc()) 2M->1M(128M) 3.462ms
[0.468s][info][gc] GC(85) Jam major collection (System.gc()) 2M->1M(128M) 3.464ms
[0.472s][info][gc] GC(86) Jam major collection (System.gc()) 1M->1M(128M) 3.369ms
[0.475s][info][gc] GC(87) Jam major collection (System.gc()) 1M->1M(128M) 3.438ms
[0.479s][info][gc] GC(88) Jam major collection (System.gc()) 2M->1M(128M) 3.382ms
[0.483s][info][gc] GC(89) Jam major collection (System.gc()) 1M->1M(128M) 3.371ms
[0.486s][info][gc] GC(90) Jam major collection (System.gc()) 2M->1M(128M) 3.494ms
[0.490s][info][gc] GC(91) Jam major collection (System.gc()) 2M->1M(128M) 3.471ms
[0.493s][info][gc] GC(92) Jam major collection (System.gc()) 2M->1M(128M) 3.398ms
[0.500s][info][gc] GC(93) Jam major collection (System.gc()) 1M->1M(128M) 3.429ms
[0.504s][info][gc] GC(94) Jam major collection (System.gc()) 3M->2M(128M) 3.683ms
[0.508s][info][gc] GC(95) Jam major collection (System.gc()) 3M->2M(128M) 3.659ms
[0.512s][info][gc] GC(96) Jam major collection (System.gc()) 3M->2M(128M) 3.605ms
[0.515s][info][gc] GC(97) Jam major collection (System.gc()) 2M->1M(128M) 3.573ms
[0.519s][info][gc] GC(98) Jam major collection (System.gc()) 2M->1M(128M) 3.518ms
[0.523s][info][gc] GC(99) Jam major collection (System.gc()) 2M->1M(128M) 3.452ms
[0.526s][info][gc] GC(100) Jam major collection (System.gc()) 1M->1M(128M) 3.376ms
[0.530s][info][gc] GC(101) Jam major collection (System.gc()) 1M->1M(128M) 3.438ms
[0.533s][info][gc] GC(102) Jam major collection (System.gc()) 2M->1M(128M) 3.438ms
[0.537s][info][gc] GC(103) Jam major collection (System.gc()) 2M->1M(128M) 3.432ms
[0.540s][info][gc] GC(104) Jam major collection (System.gc()) 2M->1M(128M) 3.401ms
[0.544s][info][gc] GC(105) Jam major collection (System.gc()) 1M->1M(128M) 3.612ms
[0.548s][info][gc] GC(106) Jam major collection (System.gc()) 2M->1M(128M) 3.695ms
[0.552s][info][gc] GC(107) Jam major collection (System.gc()) 2M->1M(128M) 3.891ms
[0.556s][info][gc] GC(108) Jam major collection (System.gc()) 2M->1M(128M) 3.741ms
[0.560s][info][gc] GC(109) Jam major collection (System.gc()) 2M->1M(128M) 3.633ms
[0.563s][info][gc] GC(110) Jam major collection (System.gc()) 2M->1M(128M) 3.474ms
[0.567s][info][gc] GC(111) Jam major collection (System.gc()) 2M->1M(128M) 3.465ms
[0.570s][info][gc] GC(112) Jam major collection (System.gc()) 2M->1M(128M) 3.463ms
[0.574s][info][gc] GC(113) Jam major collection (System.gc()) 1M->1M(128M) 3.415ms
[0.578s][info][gc] GC(114) Jam major collection (System.gc()) 3M->2M(128M) 3.682ms
[0.582s][info][gc] GC(115) Jam major collection (System.gc()) 3M->2M(128M) 3.666ms
[0.586s][info][gc] GC(116) Jam major collection (System.gc()) 3M->2M(128M) 3.666ms
[0.590s][info][gc] GC(117) Jam major collection (System.gc()) 3M->2M(128M) 3.646ms
[0.593s][info][gc] GC(118) Jam major collection (System.gc()) 3M->2M(128M) 3.635ms
[0.597s][info][gc] GC(119) Jam major collection (System.gc()) 3M->2M(128M) 3.648ms
[0.601s][info][gc] GC(120) Jam major collection (System.gc()) 3M->2M(128M) 3.611ms
[0.604s][info][gc] GC(121) Jam major collection (System.gc()) 2M->2M(128M) 3.570ms
[0.608s][info][gc] GC(122) Jam major collection (System.gc()) 2M->2M(128M) 3.592ms
[0.612s][info][gc] GC(123) Jam major collection (System.gc()) 2M->1M(128M) 3.615ms
[0.616s][info][gc] GC(124) Jam major collection (System.gc()) 2M->1M(128M) 3.529ms
[0.619s][info][gc] GC(125) Jam major collection (System.gc()) 2M->1M(128M) 3.521ms
[0.623s][info][gc] GC(126) Jam major collection (System.gc()) 2M->1M(128M) 3.503ms
[0.626s][info][gc] GC(127) Jam major collection (System.gc()) 2M->1M(128M) 3.492ms
[0.630s][info][gc] GC(128) Jam major collection (System.gc()) 2M->1M(128M) 3.490ms
[0.633s][info][gc] GC(129) Jam major collection (System.gc()) 2M->1M(128M) 3.430ms
[0.640s][info][gc] GC(130) Jam major collection (System.gc()) 1M->1M(128M) 3.401ms
[0.643s][info][gc] GC(131) Jam major collection (System.gc()) 1M->1M(128M) 3.462ms
[0.647s][info][gc] GC(132) Jam major collection (System.gc()) 2M->1M(128M) 3.424ms
[0.650s][info][gc] GC(133) Jam major collection (System.gc()) 1M->1M(128M) 3.371ms
[0.654s][info][gc] GC(134) Jam major collection (System.gc()) 2M->1M(128M) 3.502ms
[0.658s][info][gc] GC(135) Jam major collection (System.gc()) 2M->1M(128M) 3.483ms
[0.661s][info][gc] GC(136) Jam major collection (System.gc()) 2M->1M(128M) 3.406ms
[0.665s][info][gc] GC(137) Jam major collection (System.gc()) 1M->1M(128M) 3.365ms
[0.678s][info][gc] GC(138) Jam major collection (System.gc()) 3M->2M(128M) 3.790ms
[0.681s][info][gc] GC(139) Jam major collection (System.gc()) 3M->2M(128M) 3.692ms
[0.685s][info][gc] GC(140) Jam major collection (System.gc()) 3M->2M(128M) 3.612ms
[0.689s][info][gc] GC(141) Jam major collection (System.gc()) 2M->1M(128M) 3.562ms
[0.693s][info][gc] GC(142) Jam major collection (System.gc()) 2M->1M(128M) 3.571ms
[0.696s][info][gc] GC(143) Jam major collection (System.gc()) 2M->1M(128M) 3.474ms
[0.700s][info][gc] GC(144) Jam major collection (System.gc()) 1M->1M(128M) 3.435ms
[0.704s][info][gc] GC(145) Jam major collection (System.gc()) 1M->1M(128M) 3.514ms
[0.707s][info][gc] GC(146) Jam major collection (System.gc()) 2M->1M(128M) 3.533ms
[0.711s][info][gc] GC(147) Jam major collection (System.gc()) 2M->1M(128M) 3.526ms
[0.715s][info][gc] GC(148) Jam major collection (System.gc()) 2M->1M(128M) 3.469ms
[0.720s][info][gc] GC(149) Jam major collection (System.gc()) 1M->1M(128M) 3.523ms
[0.724s][info][gc] GC(150) Jam major collection (System.gc()) 2M->1M(128M) 3.613ms
[0.727s][info][gc] GC(151) Jam major collection (System.gc()) 2M->1M(128M) 3.594ms
[0.731s][info][gc] GC(152) Jam major collection (System.gc()) 2M->1M(128M) 3.579ms
[0.735s][info][gc] GC(153) Jam major collection (System.gc()) 2M->1M(128M) 3.576ms
[0.738s][info][gc] GC(154) Jam major collection (System.gc()) 2M->1M(128M) 3.573ms
[0.742s][info][gc] GC(155) Jam major collection (System.gc()) 2M->1M(128M) 3.558ms
[0.745s][info][gc] GC(156) Jam major collection (System.gc()) 2M->1M(128M) 3.479ms
[0.749s][info][gc] GC(157) Jam major collection (System.gc()) 1M->1M(128M) 3.460ms
[0.753s][info][gc] GC(158) Jam major collection (System.gc()) 3M->2M(128M) 3.741ms
[0.757s][info][gc] GC(159) Jam major collection (System.gc()) 3M->2M(128M) 3.785ms
[0.761s][info][gc] GC(160) Jam major collection (System.gc()) 3M->2M(128M) 3.793ms
[0.765s][info][gc] GC(161) Jam major collection (System.gc()) 3M->2M(128M) 3.776ms
[0.769s][info][gc] GC(162) Jam major collection (System.gc()) 3M->2M(128M) 3.703ms
[0.772s][info][gc] GC(163) Jam major collection (System.gc()) 3M->2M(128M) 3.713ms
[0.776s][info][gc] GC(164) Jam major collection (System.gc()) 3M->2M(128M) 3.696ms
[0.780s][info][gc] GC(165) Jam major collection (System.gc()) 2M->2M(128M) 3.705ms
[0.784s][info][gc] GC(166) Jam major collection (System.gc()) 2M->2M(128M) 3.674ms
[0.787s][info][gc] GC(167) Jam major collection (System.gc()) 2M->1M(128M) 3.614ms
[0.791s][info][gc] GC(168) Jam major collection (System.gc()) 2M->1M(128M) 3.610ms
[0.795s][info][gc] GC(169) Jam major collection (System.gc()) 2M->1M(128M) 3.613ms
[0.798s][info][gc] GC(170) Jam major collection (System.gc()) 2M->1M(128M) 3.596ms
[0.802s][info][gc] GC(171) Jam major collection (System.gc()) 2M->1M(128M) 3.577ms
[0.806s][info][gc] GC(172) Jam major collection (System.gc()) 2M->1M(128M) 3.622ms
[0.809s][info][gc] GC(173) Jam major collection (System.gc()) 2M->1M(128M) 3.546ms
[0.814s][info][gc] GC(174) Jam major collection (System.gc()) 1M->1M(128M) 3.507ms
[0.818s][info][gc] GC(175) Jam major collection (System.gc()) 1M->1M(128M) 3.591ms
[0.822s][info][gc] GC(176) Jam major collection (System.gc()) 2M->1M(128M) 3.542ms
[0.826s][info][gc] GC(177) Jam major collection (System.gc()) 1M->1M(128M) 3.397ms
[0.829s][info][gc] GC(178) Jam major collection (System.gc()) 2M->1M(128M) 3.540ms
[0.833s][info][gc] GC(179) Jam major collection (System.gc()) 2M->1M(128M) 3.518ms
[0.836s][info][gc] GC(180) Jam major collection (System.gc()) 2M->1M(128M) 3.431ms
[0.846s][info][gc] GC(181) Jam major collection (System.gc()) 1M->1M(128M) 3.520ms
[0.850s][info][gc] GC(182) Jam major collection (System.gc()) 3M->2M(128M) 3.720ms
[0.854s][info][gc] GC(183) Jam major collection (System.gc()) 3M->2M(128M) 3.675ms
[0.858s][info][gc] GC(184) Jam major collection (System.gc()) 3M->2M(128M) 3.630ms
[0.862s][info][gc] GC(185) Jam major collection (System.gc()) 2M->1M(128M) 3.596ms
[0.865s][info][gc] GC(186) Jam major collection (System.gc()) 2M->1M(128M) 3.553ms
[0.869s][info][gc] GC(187) Jam major collection (System.gc()) 2M->1M(128M) 3.510ms
[0.873s][info][gc] GC(188) Jam major collection (System.gc()) 1M->1M(128M) 3.422ms
[0.877s][info][gc] GC(189) Jam major collection (System.gc()) 1M->1M(128M) 3.558ms
[0.880s][info][gc] GC(190) Jam major collection (System.gc()) 2M->1M(128M) 3.501ms
[0.884s][info][gc] GC(191) Jam major collection (System.gc()) 2M->1M(128M) 3.504ms
[0.887s][info][gc] GC(192) Jam major collection (System.gc()) 2M->1M(128M) 3.455ms
[0.891s][info][gc] GC(193) Jam major collection (System.gc()) 1M->1M(128M) 3.409ms
[0.895s][info][gc] GC(194) Jam major collection (System.gc()) 2M->1M(128M) 3.554ms
[0.899s][info][gc] GC(195) Jam major collection (System.gc()) 2M->1M(128M) 3.553ms
[0.902s][info][gc] GC(196) Jam major collection (System.gc()) 2M->1M(128M) 3.556ms
[0.906s][info][gc] GC(197) Jam major collection (System.gc()) 2M->1M(128M) 3.531ms
[0.909s][info][gc] GC(198) Jam major collection (System.gc()) 2M->1M(128M) 3.521ms
[0.913s][info][gc] GC(199) Jam major collection (System.gc()) 2M->1M(128M) 3.510ms
[0.917s][info][gc] GC(200) Jam major collection (System.gc()) 2M->1M(128M) 3.465ms
[0.921s][info][gc] GC(201) Jam major collection (System.gc()) 1M->1M(128M) 3.388ms
[0.927s][info][gc] GC(202) Jam major collection (System.gc()) 3M->2M(128M) 3.748ms
[0.931s][info][gc] GC(203) Jam major collection (System.gc()) 3M->2M(128M) 3.688ms
[0.935s][info][gc] GC(204) Jam major collection (System.gc()) 3M->2M(128M) 3.704ms
[0.940s][info][gc] GC(205) Jam major collection (System.gc()) 3M->2M(128M) 3.702ms
[0.944s][info][gc] GC(206) Jam major collection (System.gc()) 3M->2M(128M) 3.636ms
[0.947s][info][gc] GC(207) Jam major collection (System.gc()) 3M->2M(128M) 3.631ms
[0.951s][info][gc] GC(208) Jam major collection (System.gc()) 3M->2M(128M) 3.625ms
[0.955s][info][gc] GC(209) Jam major collection (System.gc()) 2M->2M(128M) 3.588ms
[0.958s][info][gc] GC(210) Jam major collection (System.gc()) 2M->2M(128M) 3.597ms
[0.962s][info][gc] GC(211) Jam major collection (System.gc()) 2M->1M(128M) 3.575ms
[0.966s][info][gc] GC(212) Jam major collection (System.gc()) 2M->1M(128M) 3.583ms
[0.969s][info][gc] GC(213) Jam major collection (System.gc()) 2M->1M(128M) 3.557ms
[0.973s][info][gc] GC(214) Jam major collection (System.gc()) 2M->1M(128M) 3.552ms
[0.977s][info][gc] GC(215) Jam major collection (System.gc()) 2M->1M(128M) 3.511ms
[0.980s][info][gc] GC(216) Jam major collection (System.gc()) 2M->1M(128M) 3.520ms
[0.984s][info][gc] GC(217) Jam major collection (System.gc()) 2M->1M(128M) 3.456ms
[0.987s][info][gc] GC(218) Jam major collection (System.gc()) 1M->1M(128M) 3.392ms
[0.991s][info][gc] GC(219) Jam major collection (System.gc()) 1M->1M(128M) 3.478ms
[0.994s][info][gc] GC(220) Jam major collection (System.gc()) 2M->1M(128M) 3.434ms
[0.998s][info][gc] GC(221) Jam major collection (System.gc()) 1M->1M(128M) 3.417ms
[1.002s][info][gc] GC(222) Jam major collection (System.gc()) 2M->1M(128M) 3.540ms
[1.006s][info][gc] GC(223) Jam major collection (System.gc()) 2M->1M(128M) 3.548ms
[1.009s][info][gc] GC(224) Jam major collection (System.gc()) 2M->1M(128M) 3.457ms
[1.013s][info][gc] GC(225) Jam major collection (System.gc()) 1M->1M(128M) 3.397ms
[1.016s][info][gc] GC(226) Jam major collection (System.gc()) 3M->2M(128M) 3.701ms
[1.020s][info][gc] GC(227) Jam major collection (System.gc()) 3M->2M(128M) 3.676ms
[1.024s][info][gc] GC(228) Jam major collection (System.gc()) 3M->2M(128M) 3.641ms
[1.028s][info][gc] GC(229) Jam major collection (System.gc()) 2M->1M(128M) 3.629ms
[1.031s][info][gc] GC(230) Jam major collection (System.gc()) 2M->1M(128M) 3.557ms
[1.035s][info][gc] GC(231) Jam major collection (System.gc()) 2M->1M(128M) 3.501ms
[1.039s][info][gc] GC(232) Jam major collection (System.gc()) 1M->1M(128M) 3.394ms
[1.042s][info][gc] GC(233) Jam major collection (System.gc()) 1M->1M(128M) 3.493ms
[1.046s][info][gc] GC(234) Jam major collection (System.gc()) 2M->1M(128M) 3.485ms
[1.049s][info][gc] GC(235) Jam major collection (System.gc()) 2M->1M(128M) 3.496ms
[1.053s][info][gc] GC(236) Jam major collection (System.gc()) 2M->1M(128M) 3.450ms
[1.057s][info][gc] GC(237) Jam major collection (System.gc()) 1M->1M(128M) 3.401ms
[1.060s][info][gc] GC(238) Jam major collection (System.gc()) 2M->1M(128M) 3.620ms
[1.064s][info][gc] GC(239) Jam major collection (System.gc()) 2M->1M(128M) 3.654ms
[1.068s][info][gc] GC(240) Jam major collection (System.gc()) 2M->1M(128M) 3.543ms
[1.071s][info][gc] GC(241) Jam major collection (System.gc()) 2M->1M(128M) 3.533ms
[1.075s][info][gc] GC(242) Jam major collection (System.gc()) 2M->1M(128M) 3.537ms
[1.078s][info][gc] GC(243) Jam major collection (System.gc()) 2M->1M(128M) 3.513ms
[1.082s][info][gc] GC(244) Jam major collection (System.gc()) 2M->1M(128M) 3.466ms
[1.086s][info][gc] GC(245) Jam major collection (System.gc()) 1M->1M(128M) 3.427ms
[1.090s][info][gc] GC(246) Jam major collection (System.gc()) 3M->2M(128M) 3.689ms
[1.093s][info][gc] GC(247) Jam major collection (System.gc()) 3M->2M(128M) 3.723ms
[1.097s][info][gc] GC(248) Jam major collection (System.gc()) 3M->2M(128M) 3.687ms
[1.101s][info][gc] GC(249) Jam major collection (System.gc()) 3M->2M(128M) 3.683ms
[1.105s][info][gc] GC(250) Jam major collection (System.gc()) 3M->2M(128M) 3.651ms
[1.108s][info][gc] GC(251) Jam major collection (System.gc()) 3M->2M(128M) 3.644ms
[1.112s][info][gc] GC(252) Jam major collection (System.gc()) 3M->2M(128M) 3.632ms
[1.116s][info][gc] GC(253) Jam major collection (System.gc()) 2M->2M(128M) 3.603ms
[1.120s][info][gc] GC(254) Jam major collection (System.gc()) 2M->2M(128M) 3.628ms
[1.123s][info][gc] GC(255) Jam major collection (System.gc()) 2M->1M(128M) 3.609ms
[1.127s][info][gc] GC(256) Jam major collection (System.gc()) 2M->1M(128M) 3.593ms
[1.131s][info][gc] GC(257) Jam major collection (System.gc()) 2M->1M(128M) 3.580ms
[1.134s][info][gc] GC(258) Jam major collection (System.gc()) 2M->1M(128M) 3.583ms
[1.138s][info][gc] GC(259) Jam major collection (System.gc()) 2M->1M(128M) 3.535ms
[1.141s][info][gc] GC(260) Jam major collection (System.gc()) 2M->1M(128M) 3.533ms
[1.145s][info][gc] GC(261) Jam major collection (System.gc()) 2M->1M(128M) 3.492ms
[1.149s][info][gc] GC(262) Jam major collection (System.gc()) 1M->1M(128M) 3.451ms
[1.153s][info][gc] GC(263) Jam major collection (System.gc()) 1M->1M(128M) 3.512ms
[1.157s][info][gc] GC(264) Jam major collection (System.gc()) 2M->1M(128M) 3.472ms
[1.160s][info][gc] GC(265) Jam major collection (System.gc()) 1M->1M(128M) 3.403ms
[1.164s][info][gc] GC(266) Jam major collection (System.gc()) 2M->1M(128M) 3.547ms
[1.167s][info][gc] GC(267) Jam major collection (System.gc()) 2M->1M(128M) 3.511ms
[1.171s][info][gc] GC(268) Jam major collection (System.gc()) 2M->1M(128M) 3.445ms
[1.174s][info][gc] GC(269) Jam major collection (System.gc()) 1M->1M(128M) 3.394ms
[1.178s][info][gc] GC(270) Jam major collection (System.gc()) 3M->2M(128M) 3.694ms
[1.182s][info][gc] GC(271) Jam major collection (System.gc()) 3M->2M(128M) 3.667ms
[1.186s][info][gc] GC(272) Jam major collection (System.gc()) 3M->2M(128M) 3.615ms
[1.190s][info][gc] GC(273) Jam major collection (System.gc()) 2M->1M(128M) 3.594ms
[1.193s][info][gc] GC(274) Jam major collection (System.gc()) 2M->1M(128M) 3.527ms
[1.197s][info][gc] GC(275) Jam major collection (System.gc()) 2M->1M(128M) 3.484ms
[1.201s][info][gc] GC(276) Jam major collection (System.gc()) 1M->1M(128M) 3.397ms
[1.204s][info][gc] GC(277) Jam major collection (System.gc()) 1M->1M(128M) 3.481ms
[1.208s][info][gc] GC(278) Jam major collection (System.gc()) 2M->1M(128M) 3.501ms
[1.211s][info][gc] GC(279) Jam major collection (System.gc()) 2M->1M(128M) 3.518ms
[1.215s][info][gc] GC(280) Jam major collection (System.gc()) 2M->1M(128M) 3.438ms
[1.219s][info][gc] GC(281) Jam major collection (System.gc()) 1M->1M(128M) 3.423ms
[1.222s][info][gc] GC(282) Jam major collection (System.gc()) 2M->1M(128M) 3.548ms
[1.226s][info][gc] GC(283) Jam major collection (System.gc()) 2M->1M(128M) 3.543ms
[1.229s][info][gc] GC(284) Jam major collection (System.gc()) 2M->1M(128M) 3.543ms
[1.233s][info][gc] GC(285) Jam major collection (System.gc()) 2M->1M(128M) 3.540ms
[1.237s][info][gc] GC(286) Jam major collection (System.gc()) 2M->1M(128M) 3.500ms
[1.246s][info][gc] GC(287) Jam major collection (System.gc()) 2M->1M(128M) 3.588ms
[1.249s][info][gc] GC(288) Jam major collection (System.gc()) 2M->1M(128M) 3.464ms
[1.253s][info][gc] GC(289) Jam major collection (System.gc()) 1M->1M(128M) 3.413ms
[1.257s][info][gc] GC(290) Jam major collection (System.gc()) 3M->2M(128M) 3.708ms
[1.260s][info][gc] GC(291) Jam major collection (System.gc()) 2M->2M(128M) 3.690ms
[1.264s][info][gc] GC(292) Jam major collection (System.gc()) 2M->2M(128M) 3.680ms
[1.268s][info][gc] GC(293) Jam major collection (System.gc()) 3M->2M(128M) 3.674ms
[1.272s][info][gc] GC(294) Jam major collection (System.gc()) 2M->2M(128M) 3.639ms
[1.275s][info][gc] GC(295) Jam major collection (System.gc()) 2M->2M(128M) 3.690ms
[1.279s][info][gc] GC(296) Jam major collection (System.gc()) 3M->2M(128M) 3.700ms
[1.283s][info][gc] GC(297) Jam major collection (System.gc()) 2M->2M(128M) 3.619ms
[1.287s][info][gc] GC(298) Jam major collection (System.gc()) 2M->2M(128M) 3.615ms
[1.290s][info][gc] GC(299) Jam major collection (System.gc()) 2M->1M(128M) 3.577ms
[1.294s][info][gc] GC(300) Jam major collection (System.gc()) 1M->1M(128M) 3.552ms
[1.297s][info][gc] GC(301) Jam major collection (System.gc()) 1M->1M(128M) 3.572ms
[1.301s][info][gc] GC(302) Jam major collection (System.gc()) 2M->1M(128M) 3.546ms
[1.305s][info][gc] GC(303) Jam major collection (System.gc()) 1M->1M(128M) 3.591ms
[1.309s][info][gc] GC(304) Jam major collection (System.gc()) 1M->1M(128M) 3.966ms
[1.312s][info][gc] GC(305) Jam major collection (System.gc()) 2M->1M(128M) 3.512ms
[1.316s][info][gc] GC(306) Jam major collection (System.gc()) 1M->1M(128M) 3.406ms
[1.320s][info][gc] GC(307) Jam major collection (System.gc()) 1M->1M(128M) 3.513ms
[1.323s][info][gc] GC(308) Jam major collection (System.gc()) 2M->1M(128M) 3.442ms
[1.327s][info][gc] GC(309) Jam major collection (System.gc()) 1M->1M(128M) 3.403ms
[1.330s][info][gc] GC(310) Jam major collection (System.gc()) 2M->1M(128M) 3.561ms
[1.334s][info][gc] GC(311) Jam major collection (System.gc()) 2M->1M(128M) 3.550ms
[1.338s][info][gc] GC(312) Jam major collection (System.gc()) 2M->1M(128M) 4.107ms
[1.342s][info][gc] GC(313) Jam major collection (System.gc()) 1M->1M(128M) 3.762ms
[1.347s][info][gc] GC(314) Jam major collection (System.gc()) 3M->2M(128M) 4.100ms
[1.351s][info][gc] GC(315) Jam major collection (System.gc()) 3M->2M(128M) 4.088ms
[1.355s][info][gc] GC(316) Jam major collection (System.gc()) 3M->2M(128M) 3.910ms
[1.359s][info][gc] GC(317) Jam major collection (System.gc()) 2M->1M(128M) 3.698ms
[1.362s][info][gc] GC(318) Jam major collection (System.gc()) 2M->1M(128M) 3.598ms
[1.366s][info][gc] GC(319) Jam major collection (System.gc()) 2M->1M(128M) 3.499ms
[1.370s][info][gc] GC(320) Jam major collection (System.gc()) 1M->1M(128M) 3.421ms
[1.374s][info][gc] GC(321) Jam major collection (System.gc()) 1M->1M(128M) 3.502ms
[1.378s][info][gc] GC(322) Jam major collection (System.gc()) 1M->1M(128M) 3.496ms
[1.381s][info][gc] GC(323) Jam major collection (System.gc()) 1M->1M(128M) 3.486ms
[1.385s][info][gc] GC(324) Jam major collection (System.gc()) 2M->1M(128M) 3.452ms
[1.388s][info][gc] GC(325) Jam major collection (System.gc()) 1M->1M(128M) 3.407ms
[1.392s][info][gc] GC(326) Jam major collection (System.gc()) 2M->1M(128M) 3.549ms
[1.396s][info][gc] GC(327) Jam major collection (System.gc()) 1M->1M(128M) 3.536ms
[1.399s][info][gc] GC(328) Jam major collection (System.gc()) 1M->1M(128M) 3.533ms
[1.403s][info][gc] GC(329) Jam major collection (System.gc()) 2M->1M(128M) 3.543ms
[1.406s][info][gc] GC(330) Jam major collection (System.gc()) 1M->1M(128M) 3.520ms
[1.410s][info][gc] GC(331) Jam major collection (System.gc()) 1M->1M(128M) 3.481ms
[1.413s][info][gc] GC(332) Jam major collection (System.gc()) 2M->1M(128M) 3.443ms
[1.417s][info][gc] GC(333) Jam major collection (System.gc()) 1M->1M(128M) 3.392ms
[1.421s][info][gc] GC(334) Jam major collection (System.gc()) 3M->2M(128M) 3.683ms
[1.425s][info][gc] GC(335) Jam major collection (System.gc()) 2M->2M(128M) 3.659ms
[1.428s][info][gc] GC(336) Jam major collection (System.gc()) 2M->2M(128M) 3.655ms
[1.432s][info][gc] GC(337) Jam major collection (System.gc()) 3M->2M(128M) 3.654ms
[1.436s][info][gc] GC(338) Jam major collection (System.gc()) 2M->2M(128M) 3.624ms
[1.439s][info][gc] GC(339) Jam major collection (System.gc()) 2M->2M(128M) 3.618ms
[1.443s][info][gc] GC(340) Jam major collection (System.gc()) 3M->2M(128M) 3.624ms
[1.447s][info][gc] GC(341) Jam major collection (System.gc()) 2M->2M(128M) 3.570ms
[1.450s][info][gc] GC(342) Jam major collection (System.gc()) 2M->2M(128M) 3.580ms
[1.454s][info][gc] GC(343) Jam major collection (System.gc()) 2M->1M(128M) 3.580ms
[1.458s][info][gc] GC(344) Jam major collection (System.gc()) 1M->1M(128M) 3.537ms
[1.461s][info][gc] GC(345) Jam major collection (System.gc()) 1M->1M(128M) 3.546ms
[1.465s][info][gc] GC(346) Jam major collection (System.gc()) 2M->1M(128M) 3.574ms
[1.469s][info][gc] GC(347) Jam major collection (System.gc()) 1M->1M(128M) 3.945ms
[1.472s][info][gc] GC(348) Jam major collection (System.gc()) 1M->1M(128M) 3.548ms
[1.476s][info][gc] GC(349) Jam major collection (System.gc()) 2M->1M(128M) 3.503ms
[1.477s][info][gc] Heap: 128M reserved, 128M (100.00%) committed, 1879K (1.43%) used
