WARNING: A terminally deprecated method in sun.misc.Unsafe has been called
WARNING: sun.misc.Unsafe::objectFieldOffset has been called by com.oracle.truffle.runtime.hotspot.HotSpotTruffleRuntime (file:/Users/ekmett/thc/work/source-notes-v2/lib/truffle-runtime-25.3.4.1.jar)
WARNING: Please consider reporting this to the maintainers of class com.oracle.truffle.runtime.hotspot.HotSpotTruffleRuntime
WARNING: sun.misc.Unsafe::objectFieldOffset will be removed in a future release
[To redirect Truffle log output to a file use one of the following options:
* '--log.file=<path>' if the option is passed using a guest language launcher.
* '-Dpolyglot.log.file=<path>' if the option is passed using the host Java launcher.
* Configure logging using the polyglot embedding API.]
[engine] opt done   engine=1  id=21    lambda sc, x, ds1                                  |Tier 2|Time   382( 210+172 )ms|AST  807|Inlined   9Y  21N|IR   5198/ 10725|CodeSize   46712|Addr 0x00011a027dc0|CompId 2604   |UTC 2026-09-23T03:53:20.080|Src /Users/ekmett/thc/vendor/containers-0.8/src/Data/Map/Strict/Internal.hs:497 0x4966423c
[engine] opt deopt  engine=1  id=21    lambda sc, x, ds1                                  |Invalidated  true|                                                                                                            |UTC 2026-09-23T03:53:20.090|Src /Users/ekmett/thc/vendor/containers-0.8/src/Data/Map/Strict/Internal.hs:497 0x4966423c|Reason uncommon trap
[engine] opt deopt  engine=1  id=21    lambda sc, x, ds1                                  |Invalidated  true|                                                                                                            |UTC 2026-09-23T03:53:20.091|Src /Users/ekmett/thc/vendor/containers-0.8/src/Data/Map/Strict/Internal.hs:497 0x4966423c|Reason uncommon trap
[engine] opt done   engine=1  id=21    lambda sc, x, ds1                                  |Tier 2|Time   394( 187+207 )ms|AST  807|Inlined   9Y  21N|IR   5804/ 12289|CodeSize   56680|Addr 0x00011a042bc0|CompId 2742   |UTC 2026-09-23T03:53:20.486|Src /Users/ekmett/thc/vendor/containers-0.8/src/Data/Map/Strict/Internal.hs:497 0x4966423c
[engine] opt done   engine=1  id=22    lambda ww, ds2                                     |Tier 2|Time   111(  46+65  )ms|AST  340|Inlined   6Y   8N|IR   2566/  6046|CodeSize   24908|Addr 0x00011a05b280|CompId 2799   |UTC 2026-09-23T03:53:20.614|Src /Users/ekmett/thc/vendor/containers-0.8/src/Data/Map/Strict/Internal.hs:649 0x4966423c
[engine] opt done   engine=1  id=17    lambda def, ww, ds1                                |Tier 2|Time    18(   5+13  )ms|AST  178|Inlined   1Y   0N|IR    506/  1009|CodeSize    4948|Addr 0x00011a068000|CompId 2870   |UTC 2026-09-23T03:53:20.662|Src /Users/ekmett/thc/vendor/containers-0.8/src/Data/Map/Internal.hs:649 0xfda568ac
[engine] opt done   engine=1  id=23    argument thunk                                     |Tier 2|Time   283( 166+117 )ms|AST  106|Inlined   8Y  14N|IR   4400/  9109|CodeSize   38344|Addr 0x00011a079940|CompId 2885   |UTC 2026-09-23T03:53:20.955|Src /Users/ekmett/thc/vendor/containers-0.8/src/Data/Map/Strict/Internal.hs:494 0x4966423c
[engine] opt done   engine=1  id=18    lambda ww, ds                                      |Tier 2|Time   635(  99+536 )ms|AST  192|Inlined  19Y  18N|IR   6476/ 14114|CodeSize   65528|Addr 0x00011a08b300|CompId 2916   |UTC 2026-09-23T03:53:21.603|Src /Users/ekmett/thc/vendor/containers-0.8/src/Data/Map/Internal.hs:3426 0xfda568ac
[engine] opt done   engine=1  id=27    lambda ww                                          |Tier 2|Time  1270( 334+936 )ms|AST  959|Inlined  23Y  30N|IR  10897/ 23503|CodeSize  115140|Addr 0x00011a09df00|CompId 2922   |UTC 2026-09-23T03:53:22.880|Src n/a
[engine] opt done   engine=1  id=10    lambda k, x, l, r                                  |Tier 2|Time    19(   7+12  )ms|AST 2590|Inlined   0Y   0N|IR    737/  1046|CodeSize    4004|Addr 0x00011a0bb340|CompId 2937   |UTC 2026-09-23T03:53:22.912|Src /Users/ekmett/thc/vendor/containers-0.8/src/Data/Map/Internal.hs:4272 0xfda568ac
[engine] opt done   engine=1  id=15    lambda k, x, l, r                                  |Tier 2|Time   545( 158+387 )ms|AST 2592|Inlined  11Y  21N|IR   7268/ 15151|CodeSize   70088|Addr 0x00011a0bd480|CompId 2939   |UTC 2026-09-23T03:53:23.494|Src /Users/ekmett/thc/vendor/containers-0.8/src/Data/Map/Internal.hs:4302 0xfda568ac
[engine] opt done   engine=1  id=30    lambda n                                           |Tier 2|Time   303( 301+2   )ms|AST   44|Inlined   1Y   1N|IR    112/   296|CodeSize    1140|Addr 0x00011a0d3200|CompId 2980   |UTC 2026-09-23T03:53:24.421|Src examples/THC/MapWorkload.hs:30 0xd633756a
PHASE WARM BEGIN
[engine] opt done   engine=1  id=95    org.graalvm.polyglot.Value<EntryValue>.execute     |Tier 2|Time   292( 283+9   )ms|AST   10|Inlined   3Y   1N|IR    416/   979|CodeSize    4932|Addr 0x00011a0dbec0|CompId 3061   |UTC 2026-09-23T03:53:49.560|Src n/a
PHASE WARM END calls=12032 elapsedNs=30718009250 checksum=678375231696
PHASE MEASURE 1 BEGIN
PHASE MEASURE 1 END
PHASE MEASURE 2 BEGIN
PHASE MEASURE 2 END
PHASE MEASURE 3 BEGIN
PHASE MEASURE 3 END
PHASE MEASURE 4 BEGIN
PHASE MEASURE 4 END
PHASE MEASURE 5 BEGIN
PHASE MEASURE 5 END
PHASE VERIFY BEGIN
PHASE VERIFY END guestLastTierInstalled=true
diagnostics={"backend":"ast","sourceNotesEnabled":true,"sourceSpanCount":8656,"sourceRootCount":19,"instrumented":false,"thunkEvaluationsByLabel":{},"compiledEntries":0,"thunkEvaluations":0,"thunkHits":0,"blackholes":0,"directCacheMisses":0,"indirectCalls":0,"tailBounces":0,"papAllocations":0,"localJoinTransfers":0,"selfTailReentries":0,"trampolineIterations":0,"unsupportedPolicy":"diagnostic-traps","deferredUnsupported":["Unsupported constructor representation unboxed-tuple: ghc-internal:GHC.Internal.Types.(#,#)","Unresolved external binding ghc-internal:GHC.Internal.Stack.withFrozenCallStack1","Unresolved external binding ghc-internal:GHC.Internal.Exception.Backtrace.collectExceptionAnnotationMechanismRef","Unsupported primitive readMutVar#"],"unsupportedTraps":0,"frames":"indexed primitive slots; selective StaticShape captures","stackPolicy":"tail-safe; non-tail calls and nested thunk forcing use host stack","threadPolicy":"single guest thread"}
