WARNING: A terminally deprecated method in sun.misc.Unsafe has been called
WARNING: sun.misc.Unsafe::objectFieldOffset has been called by com.oracle.truffle.runtime.hotspot.HotSpotTruffleRuntime (file:/Users/ekmett/thc/work/bytecode-baseline-current-core/lib/truffle-runtime-25.3.4.1.jar)
WARNING: Please consider reporting this to the maintainers of class com.oracle.truffle.runtime.hotspot.HotSpotTruffleRuntime
WARNING: sun.misc.Unsafe::objectFieldOffset will be removed in a future release
[To redirect Truffle log output to a file use one of the following options:
* '--log.file=<path>' if the option is passed using a guest language launcher.
* '-Dpolyglot.log.file=<path>' if the option is passed using the host Java launcher.
* Configure logging using the polyglot embedding API.]
Dumping IGV graphs in /Users/ekmett/thc/work/perf-sprint-typed-frames/baseline-bytecode-default-graphs
[engine] opt done   engine=1  id=21    lambda sc, x, ds1                                  |Tier 2|Time  3142(1476+1667)ms|AST    2|Inlined   8Y  41N|IR   6365/ 13523|CodeSize   69636|Addr 0x000119838d00|CompId 2795   |UTC 2026-09-23T05:58:54.332|Src /Users/ekmett/thc/vendor/containers-0.8/src/Data/Map/Strict/Internal.hs:497 0x4966423c
[engine] opt inval. engine=1  id=21    lambda sc, x, ds1                                                                                                                                                                 |UTC 2026-09-23T05:58:54.384|Src /Users/ekmett/thc/vendor/containers-0.8/src/Data/Map/Strict/Internal.hs:497 0x4966423c|Reason validRootAssumption local tags updated
[engine] opt deopt  engine=1  id=21    lambda sc, x, ds1                                  |Invalidated  true|                                                                                                            |UTC 2026-09-23T05:58:54.385|Src /Users/ekmett/thc/vendor/containers-0.8/src/Data/Map/Strict/Internal.hs:497 0x4966423c|Reason uncommon trap
[engine] opt deopt  engine=1  id=21    lambda sc, x, ds1                                  |Invalidated  true|                                                                                                            |UTC 2026-09-23T05:58:54.385|Src /Users/ekmett/thc/vendor/containers-0.8/src/Data/Map/Strict/Internal.hs:497 0x4966423c|Reason uncommon trap
[engine] opt deopt  engine=1  id=21    lambda sc, x, ds1                                  |Invalidated  true|                                                                                                            |UTC 2026-09-23T05:58:54.385|Src /Users/ekmett/thc/vendor/containers-0.8/src/Data/Map/Strict/Internal.hs:497 0x4966423c|Reason uncommon trap
[engine] opt deopt  engine=1  id=21    lambda sc, x, ds1                                  |Invalidated  true|                                                                                                            |UTC 2026-09-23T05:58:54.385|Src /Users/ekmett/thc/vendor/containers-0.8/src/Data/Map/Strict/Internal.hs:497 0x4966423c|Reason uncommon trap
[engine] opt deopt  engine=1  id=21    lambda sc, x, ds1                                  |Invalidated  true|                                                                                                            |UTC 2026-09-23T05:58:54.385|Src /Users/ekmett/thc/vendor/containers-0.8/src/Data/Map/Strict/Internal.hs:497 0x4966423c|Reason uncommon trap
[engine] opt deopt  engine=1  id=21    lambda sc, x, ds1                                  |Invalidated  true|                                                                                                            |UTC 2026-09-23T05:58:54.386|Src /Users/ekmett/thc/vendor/containers-0.8/src/Data/Map/Strict/Internal.hs:497 0x4966423c|Reason uncommon trap
Dumping IGV graphs in /Users/ekmett/thc/work/perf-sprint-typed-frames/baseline-bytecode-default-graphs
[engine] opt done   engine=1  id=21    lambda sc, x, ds1                                  |Tier 2|Time  2976(1381+1595)ms|AST    2|Inlined   7Y  35N|IR   6493/ 13905|CodeSize   71908|Addr 0x00011986be00|CompId 3077   |UTC 2026-09-23T05:58:57.363|Src /Users/ekmett/thc/vendor/containers-0.8/src/Data/Map/Strict/Internal.hs:497 0x4966423c
Dumping IGV graphs in /Users/ekmett/thc/work/perf-sprint-typed-frames/baseline-bytecode-default-graphs
[engine] opt done   engine=1  id=22    lambda ww, ds2                                     |Tier 2|Time  2106( 835+1271)ms|AST    2|Inlined  14Y  16N|IR   5371/ 11847|CodeSize   54100|Addr 0x00011989d540|CompId 3161   |UTC 2026-09-23T05:58:59.552|Src /Users/ekmett/thc/vendor/containers-0.8/src/Data/Map/Strict/Internal.hs:649 0x4966423c
[engine] opt done   engine=1  id=17    lambda def, ww, ds1                                |Tier 2|Time    35(  17+18  )ms|AST    2|Inlined   1Y   0N|IR    462/   914|CodeSize    4136|Addr 0x0001198b5d80|CompId 3224   |UTC 2026-09-23T05:58:59.682|Src /Users/ekmett/thc/vendor/containers-0.8/src/Data/Map/Internal.hs:649 0xfda568ac
[engine] opt done   engine=1  id=26    argument thunk                                     |Tier 2|Time  3803(1513+2290)ms|AST    2|Inlined   8Y  35N|IR   6548/ 13996|CodeSize   72356|Addr 0x0001198d0b80|CompId 3238   |UTC 2026-09-23T05:59:03.502|Src /Users/ekmett/thc/vendor/containers-0.8/src/Data/Map/Strict/Internal.hs:494 0x4966423c
[engine] opt done   engine=1  id=18    lambda ww, ds                                      |Tier 2|Time  4145(1271+2875)ms|AST    2|Inlined  19Y  18N|IR   6249/ 13812|CodeSize   65500|Addr 0x0001198ef700|CompId 3269   |UTC 2026-09-23T05:59:07.684|Src /Users/ekmett/thc/vendor/containers-0.8/src/Data/Map/Internal.hs:3426 0xfda568ac
[engine] opt done   engine=1  id=27    lambda ww                                          |Tier 2|Time  8807(2205+6602)ms|AST    2|Inlined  24Y  53N|IR  11529/ 30034|CodeSize  150752|Addr 0x000119901940|CompId 3281   |UTC 2026-09-23T05:59:16.523|Src n/a
Dumping IGV graphs in /Users/ekmett/thc/work/perf-sprint-typed-frames/baseline-bytecode-default-graphs
[engine] opt done   engine=1  id=10    lambda k, x, l, r                                  |Tier 2|Time    82(  60+22  )ms|AST    2|Inlined   0Y   0N|IR    850/  1049|CodeSize    4500|Addr 0x000119928400|CompId 3301   |UTC 2026-09-23T05:59:16.657|Src /Users/ekmett/thc/vendor/containers-0.8/src/Data/Map/Internal.hs:4272 0xfda568ac
[engine] opt done   engine=1  id=15    lambda k, x, l, r                                  |Tier 2|Time  4718(1721+2997)ms|AST    2|Inlined   8Y  29N|IR   7281/ 16225|CodeSize   78532|Addr 0x000119939300|CompId 3311   |UTC 2026-09-23T05:59:21.418|Src /Users/ekmett/thc/vendor/containers-0.8/src/Data/Map/Internal.hs:4302 0xfda568ac
[engine] opt done   engine=1  id=30    lambda n                                           |Tier 2|Time  1017(1006+11  )ms|AST    2|Inlined   1Y   1N|IR    133/   315|CodeSize    1184|Addr 0x00011994fa40|CompId 3353   |UTC 2026-09-23T05:59:23.027|Src examples/THC/MapWorkload.hs:30 0xd633756a
PHASE WARM BEGIN
Dumping IGV graphs in /Users/ekmett/thc/work/perf-sprint-typed-frames/baseline-bytecode-default-graphs
[engine] opt done   engine=1  id=96    org.graalvm.polyglot.Value<EntryValue>.execute     |Tier 2|Time  1125(1089+35  )ms|AST   10|Inlined   3Y   1N|IR    416/   990|CodeSize    5020|Addr 0x00011995d300|CompId 3450   |UTC 2026-09-23T05:59:47.505|Src n/a
PHASE WARM END calls=12032 elapsedNs=29810746750 checksum=678375231696
PHASE MEASURE 1 BEGIN
PHASE MEASURE 1 END
PHASE VERIFY BEGIN
PHASE VERIFY END guestLastTierInstalled=true
diagnostics={"backend":"bytecode","bytecodeRootCount":62,"sourceNotesEnabled":true,"sourceSpanCount":8656,"sourceRootCount":19,"localJoinCount":10,"localJoinTransfers":0,"instrumented":false,"thunkEvaluationsByLabel":{},"compiledEntries":0,"thunkEvaluations":0,"thunkHits":0,"blackholes":0,"directCacheMisses":0,"indirectCalls":0,"tailBounces":0,"selfTailReentries":0,"trampolineIterations":0,"papAllocations":0,"unsupportedPolicy":"diagnostic-traps","deferredUnsupported":["Unsupported constructor representation unboxed-tuple: ghc-internal:GHC.Internal.Types.(#,#)","Unresolved external binding ghc-internal:GHC.Internal.Stack.withFrozenCallStack1","Unresolved external binding ghc-internal:GHC.Internal.Exception.Backtrace.collectExceptionAnnotationMechanismRef","Unsupported primitive readMutVar#"],"unsupportedTraps":0,"frames":"Bytecode DSL primitive locals; selective StaticShape captures","stackPolicy":"tail-safe; non-tail calls and nested thunk forcing use host stack","threadPolicy":"single guest thread"}
