WARNING: A terminally deprecated method in sun.misc.Unsafe has been called
WARNING: sun.misc.Unsafe::objectFieldOffset has been called by com.oracle.truffle.runtime.hotspot.HotSpotTruffleRuntime (file:/Users/ekmett/thc/work/bytecode-v3/lib/truffle-runtime-25.3.4.1.jar)
WARNING: Please consider reporting this to the maintainers of class com.oracle.truffle.runtime.hotspot.HotSpotTruffleRuntime
WARNING: sun.misc.Unsafe::objectFieldOffset will be removed in a future release
[To redirect Truffle log output to a file use one of the following options:
* '--log.file=<path>' if the option is passed using a guest language launcher.
* '-Dpolyglot.log.file=<path>' if the option is passed using the host Java launcher.
* Configure logging using the polyglot embedding API.]
[engine] opt done   engine=1  id=21    lambda sc, x, ds1                                  |Tier 2|Time   376( 205+171 )ms|AST  772|Inlined   9Y  21N|IR   5612/ 10799|CodeSize   48664|Addr 0x00011b7e3fc0|CompId 2243   |UTC 2026-09-23T02:19:58.026|Src n/a
[engine] opt deopt  engine=1  id=21    lambda sc, x, ds1                                  |Invalidated  true|                                                                                                            |UTC 2026-09-23T02:19:58.045|Src n/a|Reason uncommon trap
[engine] opt deopt  engine=1  id=21    lambda sc, x, ds1                                  |Invalidated  true|                                                                                                            |UTC 2026-09-23T02:19:58.046|Src n/a|Reason uncommon trap
[engine] opt done   engine=1  id=21    lambda sc, x, ds1                                  |Tier 2|Time   402( 184+219 )ms|AST  772|Inlined   9Y  21N|IR   6131/ 12755|CodeSize   56852|Addr 0x00011b800f80|CompId 2371   |UTC 2026-09-23T02:19:58.450|Src n/a
[engine] opt done   engine=1  id=22    lambda ww, ds2                                     |Tier 2|Time   125(  44+81  )ms|AST  327|Inlined   6Y   8N|IR   2722/  7094|CodeSize   29388|Addr 0x00011b822940|CompId 2444   |UTC 2026-09-23T02:19:58.595|Src n/a
[engine] opt done   engine=1  id=17    lambda def, ww, ds1                                |Tier 2|Time    13(   5+8   )ms|AST  167|Inlined   1Y   0N|IR    473/   775|CodeSize    4056|Addr 0x00011b830a80|CompId 2486   |UTC 2026-09-23T02:19:58.631|Src n/a
[engine] opt done   engine=1  id=35    argument thunk                                     |Tier 2|Time   303( 187+116 )ms|AST  104|Inlined   8Y  14N|IR   4781/  9644|CodeSize   40256|Addr 0x00011b8399c0|CompId 2493   |UTC 2026-09-23T02:19:58.943|Src n/a
[engine] opt done   engine=1  id=18    lambda ww, ds                                      |Tier 2|Time   479(  88+391 )ms|AST  181|Inlined  17Y  16N|IR   6080/ 13538|CodeSize   63012|Addr 0x00011b84a000|CompId 2515   |UTC 2026-09-23T02:19:59.436|Src n/a
[engine] opt done   engine=1  id=36    lambda x, v                                        |Tier 2|Time   479( 228+251 )ms|AST  139|Inlined   8Y  18N|IR   4364/ 11432|CodeSize   58484|Addr 0x00011b85a6c0|CompId 2523   |UTC 2026-09-23T02:19:59.929|Src n/a
[engine] opt done   engine=1  id=26    lambda x, ww                                       |Tier 2|Time    60(  23+36  )ms|AST  266|Inlined   6Y   0N|IR   1519/  3380|CodeSize   11620|Addr 0x00011b870e40|CompId 2549   |UTC 2026-09-23T02:20:00.002|Src n/a
[engine] opt done   engine=1  id=31    lambda x, v                                        |Tier 2|Time   550( 175+375 )ms|AST  141|Inlined  21Y  20N|IR   8281/ 16413|CodeSize   71032|Addr 0x00011b878340|CompId 2560   |UTC 2026-09-23T02:20:00.564|Src n/a
[engine] opt done   engine=1  id=10    lambda k, x, l, r                                  |Tier 2|Time    21(  11+10  )ms|AST 2557|Inlined   0Y   0N|IR    788/  1552|CodeSize    6316|Addr 0x00011b88ac80|CompId 2570   |UTC 2026-09-23T02:20:00.597|Src n/a
[engine] opt done   engine=1  id=15    lambda k, x, l, r                                  |Tier 2|Time   515( 160+355 )ms|AST 2559|Inlined  11Y  21N|IR   7602/ 15952|CodeSize   66496|Addr 0x00011b88cf00|CompId 2579   |UTC 2026-09-23T02:20:01.161|Src n/a
[engine] opt done   engine=1  id=40    lambda n                                           |Tier 2|Time   233( 228+5   )ms|AST   42|Inlined   2Y   1N|IR    264/   865|CodeSize    3612|Addr 0x00011b8a02c0|CompId 2623   |UTC 2026-09-23T02:20:01.959|Src n/a
PHASE WARM BEGIN
[engine] opt done   engine=1  id=99    org.graalvm.polyglot.Value<EntryValue>.execute     |Tier 2|Time   352( 244+108 )ms|AST   10|Inlined   5Y   1N|IR   1645/  7789|CodeSize   32396|Addr 0x00011b8b4040|CompId 2716   |UTC 2026-09-23T02:20:29.727|Src n/a
PHASE WARM END calls=12032 elapsedNs=34005004375 checksum=678375231696
PHASE MEASURE 1 BEGIN
PHASE MEASURE 1 END
PHASE MEASURE 2 BEGIN
PHASE MEASURE 2 END
PHASE MEASURE 3 BEGIN
PHASE MEASURE 3 END
PHASE MEASURE 4 BEGIN
PHASE MEASURE 4 END
PHASE MEASURE 5 BEGIN
PHASE MEASURE 5 END
PHASE VERIFY BEGIN
PHASE VERIFY END guestLastTierInstalled=true
diagnostics={"backend":"ast","instrumented":false,"thunkEvaluationsByLabel":{},"compiledEntries":0,"thunkEvaluations":0,"thunkHits":0,"blackholes":0,"directCacheMisses":0,"indirectCalls":0,"tailBounces":0,"papAllocations":0,"unsupportedPolicy":"diagnostic-traps","deferredUnsupported":["Unsupported constructor representation unboxed-tuple: ghc-internal:GHC.Internal.Types.(#,#)","Unresolved external binding ghc-internal:GHC.Internal.Stack.withFrozenCallStack1","Unresolved external binding ghc-internal:GHC.Internal.Exception.Backtrace.collectExceptionAnnotationMechanismRef"],"unsupportedTraps":0,"frames":"indexed primitive slots; selective StaticShape captures","stackPolicy":"tail-safe; non-tail calls and nested thunk forcing use host stack","threadPolicy":"single guest thread"}
