WARNING: A terminally deprecated method in sun.misc.Unsafe has been called
WARNING: sun.misc.Unsafe::objectFieldOffset has been called by com.oracle.truffle.runtime.hotspot.HotSpotTruffleRuntime (file:/home/ekmett/thc-benchmarks/2026-09-23-083914/sources/one-step-force-v1/lib/truffle-runtime-25.3.4.1.jar)
WARNING: Please consider reporting this to the maintainers of class com.oracle.truffle.runtime.hotspot.HotSpotTruffleRuntime
WARNING: sun.misc.Unsafe::objectFieldOffset will be removed in a future release
[To redirect Truffle log output to a file use one of the following options:
* '--log.file=<path>' if the option is passed using a guest language launcher.
* '-Dpolyglot.log.file=<path>' if the option is passed using the host Java launcher.
* Configure logging using the polyglot embedding API.]
[engine] opt done   engine=1  id=21    lambda sc, x, ds1                                  |Tier 2|Time   922( 559+363 )ms|AST  853|Inlined  37Y  45N|IR   4283/ 12170|CodeSize   67121|Addr 0x738bd2346400|CompId 2762   |UTC 2026-09-23T10:32:30.453|Src /Users/ekmett/thc/vendor/containers-0.8/src/Data/Map/Strict/Internal.hs:497 0x4966423c
[engine] opt done   engine=1  id=17    lambda def, ww, ds1                                |Tier 2|Time    33(  24+9   )ms|AST  186|Inlined   1Y   0N|IR    431/   573|CodeSize    5039|Addr 0x738bd236c600|CompId 2886   |UTC 2026-09-23T10:32:30.503|Src /Users/ekmett/thc/vendor/containers-0.8/src/Data/Map/Internal.hs:649 0xfda568ac
[engine] opt done   engine=1  id=22    lambda ww, ds2                                     |Tier 2|Time    92(  61+31  )ms|AST  362|Inlined   6Y   8N|IR    988/  2392|CodeSize   11918|Addr 0x738bd2374400|CompId 2903   |UTC 2026-09-23T10:32:30.604|Src /Users/ekmett/thc/vendor/containers-0.8/src/Data/Map/Strict/Internal.hs:649 0x4966423c
[engine] opt done   engine=1  id=18    lambda ww, ds                                      |Tier 2|Time    50(  31+20  )ms|AST  204|Inlined   2Y   1N|IR    455/   679|CodeSize    4105|Addr 0x738bd237c400|CompId 2919   |UTC 2026-09-23T10:32:30.662|Src /Users/ekmett/thc/vendor/containers-0.8/src/Data/Map/Internal.hs:3426 0xfda568ac
[engine] opt done   engine=1  id=23    lambda ww                                          |Tier 2|Time  1550( 574+975 )ms|AST 1506|Inlined  43Y  63N|IR   8426/ 23503|CodeSize  150210|Addr 0x738bd237e200|CompId 2925   |UTC 2026-09-23T10:32:32.216|Src n/a
[engine] opt deopt  engine=1  id=21    lambda sc, x, ds1                                  |Invalidated  true|                                                                                                            |UTC 2026-09-23T10:32:32.232|Src /Users/ekmett/thc/vendor/containers-0.8/src/Data/Map/Strict/Internal.hs:497 0x4966423c|Reason uncommon trap
[engine] opt deopt  engine=1  id=21    lambda sc, x, ds1                                  |Invalidated  true|                                                                                                            |UTC 2026-09-23T10:32:32.233|Src /Users/ekmett/thc/vendor/containers-0.8/src/Data/Map/Strict/Internal.hs:497 0x4966423c|Reason uncommon trap
[engine] opt deopt  engine=1  id=21    lambda sc, x, ds1                                  |Invalidated  true|                                                                                                            |UTC 2026-09-23T10:32:32.233|Src /Users/ekmett/thc/vendor/containers-0.8/src/Data/Map/Strict/Internal.hs:497 0x4966423c|Reason uncommon trap
[engine] opt done   engine=1  id=21    lambda sc, x, ds1                                  |Tier 2|Time   924( 535+390 )ms|AST  853|Inlined  36Y  46N|IR   4399/ 13665|CodeSize   78510|Addr 0x738bd23a6700|CompId 2964   |UTC 2026-09-23T10:32:33.158|Src /Users/ekmett/thc/vendor/containers-0.8/src/Data/Map/Strict/Internal.hs:497 0x4966423c
[engine] opt deopt  engine=1  id=21    lambda sc, x, ds1                                  |Invalidated false|                                                                                                            |UTC 2026-09-23T10:32:33.162|Src /Users/ekmett/thc/vendor/containers-0.8/src/Data/Map/Strict/Internal.hs:497 0x4966423c|Reason Unknown
[engine] opt deopt  engine=1  id=21    lambda sc, x, ds1                                  |Invalidated false|                                                                                                            |UTC 2026-09-23T10:32:33.162|Src /Users/ekmett/thc/vendor/containers-0.8/src/Data/Map/Strict/Internal.hs:497 0x4966423c|Reason Unknown
[engine] opt deopt  engine=1  id=23    lambda ww                                          |Invalidated  true|                                                                                                            |UTC 2026-09-23T10:32:33.171|Src n/a|Reason uncommon trap
[engine] opt done   engine=1  id=23    lambda ww                                          |Tier 2|Time  1515( 515+1000)ms|AST 1506|Inlined  43Y  63N|IR   8660/ 25730|CodeSize  169662|Addr 0x738bd23bb480|CompId 2987   |UTC 2026-09-23T10:32:34.686|Src n/a
[engine] opt done   engine=1  id=26    lambda n                                           |Tier 2|Time   477( 471+6   )ms|AST   48|Inlined   1Y   2N|IR    234/   559|CodeSize    2612|Addr 0x738bd23eab00|CompId 3014   |UTC 2026-09-23T10:32:35.217|Src examples/THC/MapWorkload.hs:30 0xd633756a
[engine] opt done   engine=1  id=15    lambda k, x, l, r                                  |Tier 2|Time  1201( 511+690 )ms|AST 2592|Inlined  38Y  46N|IR   4589/ 14402|CodeSize   79798|Addr 0x738bd23ee900|CompId 3037   |UTC 2026-09-23T10:32:36.429|Src /Users/ekmett/thc/vendor/containers-0.8/src/Data/Map/Internal.hs:4302 0xfda568ac
