WARNING: A terminally deprecated method in sun.misc.Unsafe has been called
WARNING: sun.misc.Unsafe::objectFieldOffset has been called by com.oracle.truffle.runtime.hotspot.HotSpotTruffleRuntime (file:/home/ekmett/thc-benchmarks/2026-09-23-083914/sources/release-main-5af98789/lib/truffle-runtime-25.3.4.1.jar)
WARNING: Please consider reporting this to the maintainers of class com.oracle.truffle.runtime.hotspot.HotSpotTruffleRuntime
WARNING: sun.misc.Unsafe::objectFieldOffset will be removed in a future release
[To redirect Truffle log output to a file use one of the following options:
* '--log.file=<path>' if the option is passed using a guest language launcher.
* '-Dpolyglot.log.file=<path>' if the option is passed using the host Java launcher.
* Configure logging using the polyglot embedding API.]
[engine] opt done   engine=1  id=21    lambda sc, x, ds1                                  |Tier 2|Time   901( 564+338 )ms|AST  853|Inlined  37Y  45N|IR   5556/ 12648|CodeSize   71918|Addr 0x722e5a34ee00|CompId 2763   |UTC 2026-09-23T10:32:13.674|Src /Users/ekmett/thc/vendor/containers-0.8/src/Data/Map/Strict/Internal.hs:497 0x4966423c
[engine] opt done   engine=1  id=17    lambda def, ww, ds1                                |Tier 2|Time    34(  24+10  )ms|AST  186|Inlined   1Y   0N|IR    456/   639|CodeSize    5410|Addr 0x722e5a376f80|CompId 2890   |UTC 2026-09-23T10:32:13.737|Src /Users/ekmett/thc/vendor/containers-0.8/src/Data/Map/Internal.hs:649 0xfda568ac
[engine] opt done   engine=1  id=22    lambda ww, ds2                                     |Tier 2|Time    91(  60+30  )ms|AST  362|Inlined   6Y   8N|IR    988/  2392|CodeSize   11918|Addr 0x722e5a37f280|CompId 2906   |UTC 2026-09-23T10:32:13.837|Src /Users/ekmett/thc/vendor/containers-0.8/src/Data/Map/Strict/Internal.hs:649 0x4966423c
[engine] opt done   engine=1  id=18    lambda ww, ds                                      |Tier 2|Time    50(  31+20  )ms|AST  204|Inlined   2Y   1N|IR    455/   679|CodeSize    4105|Addr 0x722e5a387100|CompId 2920   |UTC 2026-09-23T10:32:13.894|Src /Users/ekmett/thc/vendor/containers-0.8/src/Data/Map/Internal.hs:3426 0xfda568ac
[engine] opt done   engine=1  id=23    lambda ww                                          |Tier 2|Time  1600( 535+1064)ms|AST 1506|Inlined  43Y  63N|IR   8647/ 25183|CodeSize  153205|Addr 0x722e5a389200|CompId 2922   |UTC 2026-09-23T10:32:15.498|Src n/a
[engine] opt deopt  engine=1  id=21    lambda sc, x, ds1                                  |Invalidated  true|                                                                                                            |UTC 2026-09-23T10:32:15.514|Src /Users/ekmett/thc/vendor/containers-0.8/src/Data/Map/Strict/Internal.hs:497 0x4966423c|Reason uncommon trap
[engine] opt deopt  engine=1  id=21    lambda sc, x, ds1                                  |Invalidated  true|                                                                                                            |UTC 2026-09-23T10:32:15.515|Src /Users/ekmett/thc/vendor/containers-0.8/src/Data/Map/Strict/Internal.hs:497 0x4966423c|Reason uncommon trap
[engine] opt deopt  engine=1  id=21    lambda sc, x, ds1                                  |Invalidated  true|                                                                                                            |UTC 2026-09-23T10:32:15.516|Src /Users/ekmett/thc/vendor/containers-0.8/src/Data/Map/Strict/Internal.hs:497 0x4966423c|Reason uncommon trap
[engine] opt done   engine=1  id=21    lambda sc, x, ds1                                  |Tier 2|Time   960( 534+426 )ms|AST  853|Inlined  36Y  46N|IR   5743/ 14168|CodeSize   83416|Addr 0x722e5a3b3380|CompId 2966   |UTC 2026-09-23T10:32:16.476|Src /Users/ekmett/thc/vendor/containers-0.8/src/Data/Map/Strict/Internal.hs:497 0x4966423c
[engine] opt deopt  engine=1  id=21    lambda sc, x, ds1                                  |Invalidated false|                                                                                                            |UTC 2026-09-23T10:32:16.480|Src /Users/ekmett/thc/vendor/containers-0.8/src/Data/Map/Strict/Internal.hs:497 0x4966423c|Reason Unknown
[engine] opt deopt  engine=1  id=21    lambda sc, x, ds1                                  |Invalidated false|                                                                                                            |UTC 2026-09-23T10:32:16.480|Src /Users/ekmett/thc/vendor/containers-0.8/src/Data/Map/Strict/Internal.hs:497 0x4966423c|Reason Unknown
[engine] opt deopt  engine=1  id=23    lambda ww                                          |Invalidated  true|                                                                                                            |UTC 2026-09-23T10:32:16.488|Src n/a|Reason uncommon trap
[engine] opt done   engine=1  id=23    lambda ww                                          |Tier 2|Time  1482( 475+1007)ms|AST 1506|Inlined  42Y  64N|IR   8881/ 24938|CodeSize  150655|Addr 0x722e5a3c8d80|CompId 2987   |UTC 2026-09-23T10:32:17.970|Src n/a
[engine] opt done   engine=1  id=26    lambda n                                           |Tier 2|Time   466( 459+7   )ms|AST   48|Inlined   1Y   2N|IR    245/   590|CodeSize    2855|Addr 0x722e5a3f2a80|CompId 3012   |UTC 2026-09-23T10:32:18.490|Src examples/THC/MapWorkload.hs:30 0xd633756a
[engine] opt done   engine=1  id=15    lambda k, x, l, r                                  |Tier 2|Time  1254( 558+696 )ms|AST 2592|Inlined  38Y  46N|IR   4701/ 14754|CodeSize   84246|Addr 0x722e5a3f6980|CompId 3035   |UTC 2026-09-23T10:32:19.755|Src /Users/ekmett/thc/vendor/containers-0.8/src/Data/Map/Internal.hs:4302 0xfda568ac
