WARNING: A terminally deprecated method in sun.misc.Unsafe has been called
WARNING: sun.misc.Unsafe::objectFieldOffset has been called by com.oracle.truffle.runtime.hotspot.HotSpotTruffleRuntime (file:/home/ekmett/thc-benchmarks/2026-09-23-083914/sources/one-step-force-v1/lib/truffle-runtime-25.3.4.1.jar)
WARNING: Please consider reporting this to the maintainers of class com.oracle.truffle.runtime.hotspot.HotSpotTruffleRuntime
WARNING: sun.misc.Unsafe::objectFieldOffset will be removed in a future release
[To redirect Truffle log output to a file use one of the following options:
* '--log.file=<path>' if the option is passed using a guest language launcher.
* '-Dpolyglot.log.file=<path>' if the option is passed using the host Java launcher.
* Configure logging using the polyglot embedding API.]
[engine] opt done   engine=1  id=21    lambda sc, x, ds1                                  |Tier 2|Time   601( 406+194 )ms|AST    2|Inlined  16Y  52N|IR   4668/ 11830|CodeSize   63343|Addr 0x76434e389c00|CompId 3106   |UTC 2026-09-23T10:32:39.522|Src /Users/ekmett/thc/vendor/containers-0.8/src/Data/Map/Strict/Internal.hs:497 0x4966423c
[engine] opt done   engine=1  id=17    lambda def, ww, ds1                                |Tier 2|Time    39(  33+5   )ms|AST    2|Inlined   1Y   0N|IR    274/   438|CodeSize    2065|Addr 0x76434e3a9200|CompId 3217   |UTC 2026-09-23T10:32:39.621|Src /Users/ekmett/thc/vendor/containers-0.8/src/Data/Map/Internal.hs:649 0xfda568ac
[engine] opt done   engine=1  id=22    lambda ww, ds2                                     |Tier 2|Time   188( 114+73  )ms|AST    2|Inlined  14Y  16N|IR   2003/  4972|CodeSize   28684|Addr 0x76434e3b9e80|CompId 3234   |UTC 2026-09-23T10:32:39.851|Src /Users/ekmett/thc/vendor/containers-0.8/src/Data/Map/Strict/Internal.hs:649 0x4966423c
[engine] opt done   engine=1  id=18    lambda ww, ds                                      |Tier 2|Time    88(  61+28  )ms|AST    2|Inlined   5Y   1N|IR    618/   985|CodeSize    4689|Addr 0x76434e3c1780|CompId 3241   |UTC 2026-09-23T10:32:39.943|Src /Users/ekmett/thc/vendor/containers-0.8/src/Data/Map/Internal.hs:3426 0xfda568ac
[engine] opt done   engine=1  id=23    lambda ww                                          |Tier 2|Time   938( 481+457 )ms|AST    2|Inlined  37Y  69N|IR   7503/ 21713|CodeSize  133142|Addr 0x76434e3c3200|CompId 3246   |UTC 2026-09-23T10:32:40.884|Src n/a
[engine] opt inval. engine=1  id=23    lambda ww                                                                                                                                                                         |UTC 2026-09-23T10:32:40.889|Src n/a|Reason validRootAssumption local tags updated
[engine] opt inval. engine=1  id=21    lambda sc, x, ds1                                                                                                                                                                 |UTC 2026-09-23T10:32:40.890|Src /Users/ekmett/thc/vendor/containers-0.8/src/Data/Map/Strict/Internal.hs:497 0x4966423c|Reason validRootAssumption local tags updated
[engine] opt deopt  engine=1  id=21    lambda sc, x, ds1                                  |Invalidated  true|                                                                                                            |UTC 2026-09-23T10:32:40.890|Src /Users/ekmett/thc/vendor/containers-0.8/src/Data/Map/Strict/Internal.hs:497 0x4966423c|Reason uncommon trap
[engine] opt deopt  engine=1  id=21    lambda sc, x, ds1                                  |Invalidated  true|                                                                                                            |UTC 2026-09-23T10:32:40.891|Src /Users/ekmett/thc/vendor/containers-0.8/src/Data/Map/Strict/Internal.hs:497 0x4966423c|Reason uncommon trap
[engine] opt deopt  engine=1  id=21    lambda sc, x, ds1                                  |Invalidated  true|                                                                                                            |UTC 2026-09-23T10:32:40.891|Src /Users/ekmett/thc/vendor/containers-0.8/src/Data/Map/Strict/Internal.hs:497 0x4966423c|Reason uncommon trap
[engine] opt deopt  engine=1  id=21    lambda sc, x, ds1                                  |Invalidated  true|                                                                                                            |UTC 2026-09-23T10:32:40.891|Src /Users/ekmett/thc/vendor/containers-0.8/src/Data/Map/Strict/Internal.hs:497 0x4966423c|Reason uncommon trap
[engine] opt deopt  engine=1  id=21    lambda sc, x, ds1                                  |Invalidated  true|                                                                                                            |UTC 2026-09-23T10:32:40.891|Src /Users/ekmett/thc/vendor/containers-0.8/src/Data/Map/Strict/Internal.hs:497 0x4966423c|Reason uncommon trap
[engine] opt deopt  engine=1  id=21    lambda sc, x, ds1                                  |Invalidated  true|                                                                                                            |UTC 2026-09-23T10:32:40.891|Src /Users/ekmett/thc/vendor/containers-0.8/src/Data/Map/Strict/Internal.hs:497 0x4966423c|Reason uncommon trap
[engine] opt deopt  engine=1  id=23    lambda ww                                          |Invalidated  true|                                                                                                            |UTC 2026-09-23T10:32:40.893|Src n/a|Reason JVMCI invalidate
[engine] opt done   engine=1  id=23    lambda ww                                          |Tier 2|Time  1025( 512+513 )ms|AST    2|Inlined  35Y  69N|IR   7441/ 23847|CodeSize  149596|Addr 0x76434e3e7800|CompId 3300   |UTC 2026-09-23T10:32:41.918|Src n/a
[engine] opt done   engine=1  id=21    lambda sc, x, ds1                                  |Tier 2|Time   466( 311+154 )ms|AST    2|Inlined  14Y  42N|IR   4116/ 11461|CodeSize   62003|Addr 0x76434e40d300|CompId 3323   |UTC 2026-09-23T10:32:42.385|Src /Users/ekmett/thc/vendor/containers-0.8/src/Data/Map/Strict/Internal.hs:497 0x4966423c
[engine] opt done   engine=1  id=10    lambda k, x, l, r                                  |Tier 2|Time    16(  12+4   )ms|AST    2|Inlined   0Y   0N|IR    527/   386|CodeSize    1546|Addr 0x76434e41d180|CompId 3340   |UTC 2026-09-23T10:32:42.439|Src /Users/ekmett/thc/vendor/containers-0.8/src/Data/Map/Internal.hs:4272 0xfda568ac
[engine] opt done   engine=1  id=26    lambda n                                           |Tier 2|Time   587( 582+5   )ms|AST    2|Inlined   1Y   2N|IR    259/   587|CodeSize    2673|Addr 0x76434e430400|CompId 3369   |UTC 2026-09-23T10:32:43.074|Src examples/THC/MapWorkload.hs:30 0xd633756a
[engine] opt done   engine=1  id=15    lambda k, x, l, r                                  |Tier 2|Time   647( 355+291 )ms|AST    2|Inlined  14Y  44N|IR   4113/ 11239|CodeSize   63788|Addr 0x76434e43c000|CompId 3394   |UTC 2026-09-23T10:32:43.742|Src /Users/ekmett/thc/vendor/containers-0.8/src/Data/Map/Internal.hs:4302 0xfda568ac
