WARNING: A terminally deprecated method in sun.misc.Unsafe has been called
WARNING: sun.misc.Unsafe::objectFieldOffset has been called by com.oracle.truffle.runtime.hotspot.HotSpotTruffleRuntime (file:/home/ekmett/thc-benchmarks/2026-09-23-083914/sources/call-demand-v1/lib/truffle-runtime-25.3.4.1.jar)
WARNING: Please consider reporting this to the maintainers of class com.oracle.truffle.runtime.hotspot.HotSpotTruffleRuntime
WARNING: sun.misc.Unsafe::objectFieldOffset will be removed in a future release
[To redirect Truffle log output to a file use one of the following options:
* '--log.file=<path>' if the option is passed using a guest language launcher.
* '-Dpolyglot.log.file=<path>' if the option is passed using the host Java launcher.
* Configure logging using the polyglot embedding API.]
[engine] opt done   engine=1  id=20    lambda sc, x, ds1                                  |Tier 2|Time   499( 298+201 )ms|AST    2|Inlined  16Y  61N|IR   4971/ 12121|CodeSize   65058|Addr 0x7a2d72387d80|CompId 3067   |UTC 2026-09-23T09:47:07.301|Src /Users/ekmett/thc/vendor/containers-0.8/src/Data/Map/Strict/Internal.hs:497 0x4966423c
[engine] opt done   engine=1  id=17    lambda def, ww, ds1                                |Tier 2|Time    40(  34+6   )ms|AST    2|Inlined   1Y   0N|IR    279/   444|CodeSize    2174|Addr 0x7a2d723a9b80|CompId 3176   |UTC 2026-09-23T09:47:07.401|Src /Users/ekmett/thc/vendor/containers-0.8/src/Data/Map/Internal.hs:649 0xfda568ac
[engine] opt done   engine=1  id=21    lambda ww, ds2                                     |Tier 2|Time   104(  77+26  )ms|AST    2|Inlined   6Y   8N|IR    981/  2438|CodeSize   14071|Addr 0x7a2d723b6880|CompId 3190   |UTC 2026-09-23T09:47:07.517|Src /Users/ekmett/thc/vendor/containers-0.8/src/Data/Map/Strict/Internal.hs:649 0x4966423c
[engine] opt done   engine=1  id=18    lambda ww, ds                                      |Tier 2|Time    58(  49+10  )ms|AST    2|Inlined   2Y   1N|IR    339/   613|CodeSize    2943|Addr 0x7a2d723ba800|CompId 3197   |UTC 2026-09-23T09:47:07.584|Src /Users/ekmett/thc/vendor/containers-0.8/src/Data/Map/Internal.hs:3426 0xfda568ac
[engine] opt done   engine=1  id=22    lambda ww                                          |Tier 2|Time   586( 262+325 )ms|AST    2|Inlined  20Y  59N|IR   5592/ 15092|CodeSize   87946|Addr 0x7a2d723bbb80|CompId 3199   |UTC 2026-09-23T09:47:08.173|Src n/a
[engine] opt inval. engine=1  id=22    lambda ww                                                                                                                                                                         |UTC 2026-09-23T09:47:08.176|Src n/a|Reason validRootAssumption local tags updated
[engine] opt inval. engine=1  id=20    lambda sc, x, ds1                                                                                                                                                                 |UTC 2026-09-23T09:47:08.177|Src /Users/ekmett/thc/vendor/containers-0.8/src/Data/Map/Strict/Internal.hs:497 0x4966423c|Reason validRootAssumption local tags updated
[engine] opt deopt  engine=1  id=20    lambda sc, x, ds1                                  |Invalidated  true|                                                                                                            |UTC 2026-09-23T09:47:08.178|Src /Users/ekmett/thc/vendor/containers-0.8/src/Data/Map/Strict/Internal.hs:497 0x4966423c|Reason uncommon trap
[engine] opt deopt  engine=1  id=20    lambda sc, x, ds1                                  |Invalidated  true|                                                                                                            |UTC 2026-09-23T09:47:08.179|Src /Users/ekmett/thc/vendor/containers-0.8/src/Data/Map/Strict/Internal.hs:497 0x4966423c|Reason uncommon trap
[engine] opt deopt  engine=1  id=20    lambda sc, x, ds1                                  |Invalidated  true|                                                                                                            |UTC 2026-09-23T09:47:08.179|Src /Users/ekmett/thc/vendor/containers-0.8/src/Data/Map/Strict/Internal.hs:497 0x4966423c|Reason uncommon trap
[engine] opt deopt  engine=1  id=20    lambda sc, x, ds1                                  |Invalidated  true|                                                                                                            |UTC 2026-09-23T09:47:08.179|Src /Users/ekmett/thc/vendor/containers-0.8/src/Data/Map/Strict/Internal.hs:497 0x4966423c|Reason uncommon trap
[engine] opt deopt  engine=1  id=20    lambda sc, x, ds1                                  |Invalidated  true|                                                                                                            |UTC 2026-09-23T09:47:08.179|Src /Users/ekmett/thc/vendor/containers-0.8/src/Data/Map/Strict/Internal.hs:497 0x4966423c|Reason uncommon trap
[engine] opt deopt  engine=1  id=20    lambda sc, x, ds1                                  |Invalidated  true|                                                                                                            |UTC 2026-09-23T09:47:08.179|Src /Users/ekmett/thc/vendor/containers-0.8/src/Data/Map/Strict/Internal.hs:497 0x4966423c|Reason uncommon trap
[engine] opt deopt  engine=1  id=22    lambda ww                                          |Invalidated  true|                                                                                                            |UTC 2026-09-23T09:47:08.181|Src n/a|Reason JVMCI invalidate
[engine] opt done   engine=1  id=22    lambda ww                                          |Tier 2|Time   614( 264+350 )ms|AST    2|Inlined  19Y  60N|IR   5639/ 16475|CodeSize   97702|Addr 0x7a2d723d3e00|CompId 3255   |UTC 2026-09-23T09:47:08.795|Src n/a
[engine] opt done   engine=1  id=20    lambda sc, x, ds1                                  |Tier 2|Time   421( 255+166 )ms|AST    2|Inlined  15Y  55N|IR   4760/ 12910|CodeSize   71763|Addr 0x7a2d723ee300|CompId 3284   |UTC 2026-09-23T09:47:09.217|Src /Users/ekmett/thc/vendor/containers-0.8/src/Data/Map/Strict/Internal.hs:497 0x4966423c
[engine] opt done   engine=1  id=10    lambda k, x, l, r                                  |Tier 2|Time    16(  12+4   )ms|AST    2|Inlined   0Y   0N|IR    527/   557|CodeSize    2236|Addr 0x7a2d72400780|CompId 3299   |UTC 2026-09-23T09:47:09.291|Src /Users/ekmett/thc/vendor/containers-0.8/src/Data/Map/Internal.hs:4272 0xfda568ac
[engine] opt done   engine=1  id=25    lambda n                                           |Tier 2|Time   792( 222+570 )ms|AST    2|Inlined  20Y  62N|IR   5756/ 16881|CodeSize   99307|Addr 0x7a2d7240e700|CompId 3320   |UTC 2026-09-23T09:47:10.096|Src examples/THC/MapWorkload.hs:30 0xd633756a
