Picked up JAVA_TOOL_OPTIONS: -Dthc.handoffSlabs=false
To honour the JVM settings for this build a single-use Daemon process will be forked. For more on this, please refer to https://docs.gradle.org/9.7.1/userguide/gradle_daemon.html#sec:disabling_the_daemon in the Gradle documentation.
Daemon will be stopped at the end of the build 
> Task :checkKotlinGradlePluginConfigurationErrors SKIPPED
> Task :kaptGenerateStubsKotlin FROM-CACHE
> Task :kaptKotlin FROM-CACHE
> Task :compileKotlin FROM-CACHE
> Task :compileJava FROM-CACHE
> Task :processResources
> Task :classes
> Task :jar
> Task :kaptGenerateStubsTestKotlin FROM-CACHE
> Task :kaptTestKotlin FROM-CACHE
> Task :compileTestKotlin FROM-CACHE
> Task :compileTestJava NO-SOURCE
> Task :processTestResources NO-SOURCE
> Task :testClasses UP-TO-DATE
WARNING: A terminally deprecated method in sun.misc.Unsafe has been called
WARNING: sun.misc.Unsafe::objectFieldOffset has been called by com.oracle.truffle.runtime.hotspot.HotSpotTruffleRuntime (file:/home/ekmett/ai/thc-sequence-current-main-01a0cdeb/.gradle-user-home/caches/modules-2/files-2.1/org.graalvm.truffle/truffle-runtime/25.3.4.1/5f9818cd0413f63bdf1fe52ba4f2fc2786f4cbb7/truffle-runtime-25.3.4.1.jar)
WARNING: Please consider reporting this to the maintainers of class com.oracle.truffle.runtime.hotspot.HotSpotTruffleRuntime
WARNING: sun.misc.Unsafe::objectFieldOffset will be removed in a future release

> Task :test
Picked up JAVA_TOOL_OPTIONS: -Dthc.handoffSlabs=false
WARNING: Using incubator modules: jdk.incubator.vector

BytecodeBackendTest > unsupportedCodeRejectsAtLoadOrTrapsOnlyWhenTheDiagnosticBranchIsEntered() PASSED

BytecodeBackendTest > backendSelectionAndMutableProgramStateAreIsolatedWithinASharedEngine() PASSED

BytecodeBackendTest > allExportedFixturesMatchNativeGhcBeforeAndAfterCompilation() PASSED

BytecodeBackendTest > managedLiteralAddressesPreserveUnsignedBytesNulsAndBoundsAfterCompilation() PASSED

BytecodeBackendTest > coldRaiseKeepsItsBottomPayloadLazyAndMemoizesTheGuestFailure() PASSED

BytecodeBackendTest > unusedBottomStaysLazyAndFailedThunksAreNotReentered() PASSED

BytecodeBackendTest > strictConstructorWorkersForceOnlyAtFullSaturationIncludingColdCompiledPaths() PASSED

BytecodeBackendTest > sharingPartialAndOverapplicationPreserveTheirSemantics() PASSED

BytecodeBackendTest > aSelfTailCallThroughAPapRestoresBothItsPrefixAndNewArguments() PASSED

BytecodeBackendTest > compiledBaseCasesCanGrowIntoLongSelfMutualAndCapturedLoops() PASSED

BytecodeBackendTest > wideArgumentsCapturesAndConstructorFieldsPreserveEveryOperand() PASSED

RuntimeTest > cadenzaTailLoopsAndProductiveCafUseBoundedHostStack() PASSED

RuntimeTest > hostKernelAbiRejectsNonIntegralArgumentsAndWrongArity() PASSED

RuntimeTest > constructorCasesDistinguishEqualArityAlternativesBeforeAndAfterCompilation() PASSED

RuntimeTest > selfTailCallsRefreshChangingPrimitiveCapturesAndReplayOriginalCaf() PASSED

RuntimeTest > transportRejectsAmbiguityAndRoundTripsControlCharacters() PASSED

RuntimeTest > recursiveAliasStaysLazyUntilDemanded() PASSED

RuntimeTest > sharingPapAndOverapplicationHaveObservableRuntimeCoverage() PASSED

RuntimeTest > repeatedHostEntryKeepsGuestAndInteropCompilable() PASSED

RuntimeTest > boundedDispatchCacheSurvivesMoreThanThreeTargets() PASSED

RuntimeTest > constructorLayoutsRejectCrossConstructorReadsAndShareNullaryValues() PASSED

RuntimeTest > papPrefixesSurviveRepeatedUnderapplicationAndMegamorphicOverapplication() PASSED

RuntimeTest > recursiveCapturedCellsAndEscapedThunksKeepTheirOwnLexicalValues() PASSED

RuntimeTest > unusedBottomRemainsLazyAndDemandedBottomBlackholes() PASSED

RuntimeTest > constructorLayoutsPreservePrimitiveWidthObjectIdentityAndVoidSlots() PASSED

RuntimeTest > exportedHaskellMatchesNativeGhcBeforeAndAfterGuestCompilation() PASSED

Explicit64PrimopsTest > malformedAritiesAndWord64LiteralsRejectAtLoadIncludingCaseAlternatives() PASSED

Explicit64PrimopsTest > sharedLongCarrierDoesNotPermitReplacingInt64ProofWithWord64() PASSED

Explicit64PrimopsTest > exactNativeScalarEntriesAgreeWithIndependentModelAndInstalledCode() PASSED

HandoffTest > nestedNonTailCallsKeepDistinctResultsAcrossCompilationAndReuse() PASSED

HandoffTest > interiorCReentryThenOutwardBReentryRemainInActiveRoots() PASSED

HandoffTest > interiorTailCyclesForwardDestinationAndReuseIncomingLoan() PASSED

HandoffTest > forcedResidualCallsSupportMultipleAncestorCyclesAndPhysicalRepAliases() PASSED

HandoffTest > lazyReferencePrefixesAndCapturedEnvironmentsRemainOwnedAcrossResidualCalls() PASSED

HandoffTest > lexicalForksKeepOuterFormalsAcrossResidualCallsAndCarrierReuse() PASSED

HandoffTest > retainedMaterializedFramesAndExceptionalCleanupSurviveReuse() PASSED

HandoffTest > internedRepVectorsGenerateMutableDenseFieldsAndSeparateLifetimes() PASSED

HostEntryCompilationTest > bytecodeHostCompilationFollowsTheActiveSplit() PASSED

HostEntryCompilationTest > astHostCompilationFollowsTheActiveSplit() PASSED

TupleInputNativeTest > nativeZeroWidthFailurePrecedesInputPublication() PASSED

TupleInputNativeTest > nativeTypedInputsResidual() PASSED

TupleInputNativeTest > nativeTypedInputsInline() PASSED

TupleInputNativeTest > independentTypedInputLanesInlineAndResidual() PASSED

TypedInputScalarSourceTest > unknownScalarBesideTupleSurvivesLongFloatDoubleLocalGeneralization() PASSED

BUILD SUCCESSFUL in 23s
10 actionable tasks: 3 executed, 7 from cache
Consider enabling configuration cache to speed up this build: https://docs.gradle.org/9.7.1/userguide/configuration_cache_enabling.html
