WARNING: A terminally deprecated method in sun.misc.Unsafe has been called
WARNING: sun.misc.Unsafe::objectFieldOffset has been called by com.oracle.truffle.runtime.hotspot.HotSpotTruffleRuntime (file:/home/ekmett/thc-benchmarks/2026-09-23-083914/sources/release-main-5af98789/lib/truffle-runtime-25.3.4.1.jar)
WARNING: Please consider reporting this to the maintainers of class com.oracle.truffle.runtime.hotspot.HotSpotTruffleRuntime
WARNING: sun.misc.Unsafe::objectFieldOffset will be removed in a future release
[To redirect Truffle log output to a file use one of the following options:
* '--log.file=<path>' if the option is passed using a guest language launcher.
* '-Dpolyglot.log.file=<path>' if the option is passed using the host Java launcher.
* Configure logging using the polyglot embedding API.]
[engine] opt done   engine=1  id=21    lambda sc, x, ds1                                  |Tier 2|Time   492( 292+200 )ms|AST    2|Inlined  17Y  47N|IR   4407/ 11530|CodeSize   62722|Addr 0x7d3c8a37c580|CompId 3039   |UTC 2026-09-23T10:45:21.067|Src /Users/ekmett/thc/vendor/containers-0.8/src/Data/Map/Strict/Internal.hs:497 0x4966423c
[engine] opt done   engine=1  id=21    lambda sc, x, ds1                                  |Tier 2|Time   466( 266+200 )ms|AST    2|Inlined  17Y  47N|IR   4407/ 11530|CodeSize   62882|Addr 0x7d3c8a3a9f80|CompId 3147   |UTC 2026-09-23T10:45:21.557|Src /Users/ekmett/thc/vendor/containers-0.8/src/Data/Map/Strict/Internal.hs:497 0x4966423c
[engine] opt done   engine=1  id=21    lambda sc, x, ds1                                  |Tier 2|Time   457( 259+198 )ms|AST    2|Inlined  17Y  47N|IR   4407/ 11530|CodeSize   62368|Addr 0x7d3c8a3ba880|CompId 3185   |UTC 2026-09-23T10:45:22.016|Src /Users/ekmett/thc/vendor/containers-0.8/src/Data/Map/Strict/Internal.hs:497 0x4966423c
[engine] opt inval. engine=1  id=21    lambda sc, x, ds1                                                                                                                                                                 |UTC 2026-09-23T10:45:22.018|Src /Users/ekmett/thc/vendor/containers-0.8/src/Data/Map/Strict/Internal.hs:497 0x4966423c|Reason validRootAssumption local tags updated
[engine] opt inval. engine=1  id=21    lambda sc, x, ds1                                                                                                                                                                 |UTC 2026-09-23T10:45:22.019|Src /Users/ekmett/thc/vendor/containers-0.8/src/Data/Map/Strict/Internal.hs:497 0x4966423c|Reason validRootAssumption local tags updated
[engine] opt inval. engine=1  id=21    lambda sc, x, ds1                                                                                                                                                                 |UTC 2026-09-23T10:45:22.020|Src /Users/ekmett/thc/vendor/containers-0.8/src/Data/Map/Strict/Internal.hs:497 0x4966423c|Reason validRootAssumption local tags updated
[engine] opt deopt  engine=1  id=21    lambda sc, x, ds1                                  |Invalidated  true|                                                                                                            |UTC 2026-09-23T10:45:22.020|Src /Users/ekmett/thc/vendor/containers-0.8/src/Data/Map/Strict/Internal.hs:497 0x4966423c|Reason uncommon trap
[engine] opt deopt  engine=1  id=21    lambda sc, x, ds1                                  |Invalidated  true|                                                                                                            |UTC 2026-09-23T10:45:22.021|Src /Users/ekmett/thc/vendor/containers-0.8/src/Data/Map/Strict/Internal.hs:497 0x4966423c|Reason uncommon trap
[engine] opt deopt  engine=1  id=21    lambda sc, x, ds1                                  |Invalidated  true|                                                                                                            |UTC 2026-09-23T10:45:22.021|Src /Users/ekmett/thc/vendor/containers-0.8/src/Data/Map/Strict/Internal.hs:497 0x4966423c|Reason uncommon trap
[engine] opt deopt  engine=1  id=21    lambda sc, x, ds1                                  |Invalidated  true|                                                                                                            |UTC 2026-09-23T10:45:22.021|Src /Users/ekmett/thc/vendor/containers-0.8/src/Data/Map/Strict/Internal.hs:497 0x4966423c|Reason uncommon trap
[engine] opt deopt  engine=1  id=21    lambda sc, x, ds1                                  |Invalidated  true|                                                                                                            |UTC 2026-09-23T10:45:22.021|Src /Users/ekmett/thc/vendor/containers-0.8/src/Data/Map/Strict/Internal.hs:497 0x4966423c|Reason uncommon trap
[engine] opt deopt  engine=1  id=21    lambda sc, x, ds1                                  |Invalidated  true|                                                                                                            |UTC 2026-09-23T10:45:22.021|Src /Users/ekmett/thc/vendor/containers-0.8/src/Data/Map/Strict/Internal.hs:497 0x4966423c|Reason uncommon trap
[engine] opt done   engine=1  id=21    lambda sc, x, ds1                                  |Tier 2|Time   451( 260+191 )ms|AST    2|Inlined  15Y  42N|IR   4250/ 12138|CodeSize   66897|Addr 0x7d3c8a3cce80|CompId 3215   |UTC 2026-09-23T10:45:22.474|Src /Users/ekmett/thc/vendor/containers-0.8/src/Data/Map/Strict/Internal.hs:497 0x4966423c
[engine] opt done   engine=1  id=22    lambda ww, ds2                                     |Tier 2|Time    91(  76+16  )ms|AST    2|Inlined   6Y   8N|IR    912/  2357|CodeSize   12915|Addr 0x7d3c8a3f6380|CompId 3257   |UTC 2026-09-23T10:45:22.619|Src /Users/ekmett/thc/vendor/containers-0.8/src/Data/Map/Strict/Internal.hs:649 0x4966423c
[engine] opt done   engine=1  id=17    lambda def, ww, ds1                                |Tier 2|Time    33(  29+4   )ms|AST    2|Inlined   1Y   0N|IR    203/   349|CodeSize    1851|Addr 0x7d3c8a408480|CompId 3307   |UTC 2026-09-23T10:45:22.759|Src /Users/ekmett/thc/vendor/containers-0.8/src/Data/Map/Internal.hs:649 0xfda568ac
[engine] opt done   engine=1  id=18    lambda ww, ds                                      |Tier 2|Time    21(  13+8   )ms|AST    2|Inlined   2Y   1N|IR    307/   603|CodeSize    2912|Addr 0x7d3c8a412f00|CompId 3330   |UTC 2026-09-23T10:45:22.841|Src /Users/ekmett/thc/vendor/containers-0.8/src/Data/Map/Internal.hs:3426 0xfda568ac
[engine] opt done   engine=1  id=23    lambda ww                                          |Tier 2|Time   508( 255+253 )ms|AST    2|Inlined  20Y  53N|IR   5028/ 16506|CodeSize   98508|Addr 0x7d3c8a41bd80|CompId 3338   |UTC 2026-09-23T10:45:23.400|Src n/a
[engine] opt done   engine=1  id=10    lambda k, x, l, r                                  |Tier 2|Time    13(  10+4   )ms|AST    2|Inlined   0Y   0N|IR    516/   545|CodeSize    2203|Addr 0x7d3c8a437f80|CompId 3354   |UTC 2026-09-23T10:45:23.488|Src /Users/ekmett/thc/vendor/containers-0.8/src/Data/Map/Internal.hs:4272 0xfda568ac
[engine] opt done   engine=1  id=20    argument thunk                                     |Tier 2|Time   433( 250+183 )ms|AST    2|Inlined  17Y  42N|IR   4158/ 11557|CodeSize   62083|Addr 0x7d3c8a449f00|CompId 3376   |UTC 2026-09-23T10:45:23.945|Src /Users/ekmett/thc/vendor/containers-0.8/src/Data/Map/Strict/Internal.hs:501 0x4966423c
[engine] opt done   engine=1  id=15    lambda k, x, l, r                                  |Tier 2|Time   480( 226+254 )ms|AST    2|Inlined  16Y  37N|IR   4205/ 11067|CodeSize   60458|Addr 0x7d3c8a45af00|CompId 3386   |UTC 2026-09-23T10:45:24.433|Src /Users/ekmett/thc/vendor/containers-0.8/src/Data/Map/Internal.hs:4302 0xfda568ac
[engine] opt done   engine=1  id=26    lambda n                                           |Tier 2|Time   683( 239+445 )ms|AST    2|Inlined  22Y  53N|IR   5108/ 16931|CodeSize  102933|Addr 0x7d3c8a46ba80|CompId 3441   |UTC 2026-09-23T10:45:25.414|Src examples/THC/MapWorkload.hs:30 0xd633756a
PHASE WARM BEGIN
[engine] opt done   engine=1  id=92    org.graalvm.polyglot.Value<EntryValue>.execute     |Tier 2|Time   790( 265+525 )ms|AST   10|Inlined  23Y  48N|IR   5101/ 14122|CodeSize   81551|Addr 0x7d3c8a48e600|CompId 3532   |UTC 2026-09-23T10:45:41.865|Src n/a
PHASE WARM END calls=30208 elapsedNs=48833796371 checksum=1703154837024
PHASE MEASURE 1 BEGIN
PHASE MEASURE 1 END
PHASE MEASURE 2 BEGIN
PHASE MEASURE 2 END
PHASE MEASURE 3 BEGIN
PHASE MEASURE 3 END
PHASE MEASURE 4 BEGIN
PHASE MEASURE 4 END
PHASE MEASURE 5 BEGIN
PHASE MEASURE 5 END
PHASE VERIFY BEGIN
PHASE VERIFY END guestLastTierInstalled=true
diagnostics={"backend":"bytecode","bytecodeRootCount":58,"sourceNotesEnabled":true,"sourceSpanCount":8656,"sourceRootCount":15,"localJoinCount":10,"localJoinTransfers":0,"instrumented":false,"thunkEvaluationsByLabel":{},"compiledEntries":0,"leadingCaseReturns":0,"thunkEvaluations":0,"thunkHits":0,"blackholes":0,"directCacheMisses":0,"indirectCalls":0,"tailBounces":0,"selfTailReentries":0,"trampolineIterations":0,"papAllocations":0,"unsupportedPolicy":"diagnostic-traps","deferredUnsupported":["Unsupported constructor representation unboxed-tuple: ghc-internal:GHC.Internal.Types.(#,#)","Unresolved external binding ghc-internal:GHC.Internal.Stack.withFrozenCallStack1","Unresolved external binding ghc-internal:GHC.Internal.Exception.Backtrace.collectExceptionAnnotationMechanismRef","Unsupported primitive readMutVar#"],"unsupportedTraps":0,"frames":"Bytecode DSL primitive locals; selective StaticShape captures","stackPolicy":"tail-safe; non-tail calls and nested thunk forcing use host stack","threadPolicy":"single guest thread"}
