WARNING: A terminally deprecated method in sun.misc.Unsafe has been called
WARNING: sun.misc.Unsafe::objectFieldOffset has been called by com.oracle.truffle.runtime.hotspot.HotSpotTruffleRuntime (file:/Users/ekmett/thc/work/typed-tail-v1/lib/truffle-runtime-25.3.4.1.jar)
WARNING: Please consider reporting this to the maintainers of class com.oracle.truffle.runtime.hotspot.HotSpotTruffleRuntime
WARNING: sun.misc.Unsafe::objectFieldOffset will be removed in a future release
[To redirect Truffle log output to a file use one of the following options:
* '--log.file=<path>' if the option is passed using a guest language launcher.
* '-Dpolyglot.log.file=<path>' if the option is passed using the host Java launcher.
* Configure logging using the polyglot embedding API.]
[engine] opt done   engine=1  id=21    lambda sc, x, ds1                                  |Tier 2|Time   480( 288+192 )ms|AST    2|Inlined   8Y  41N|IR   6261/ 13556|CodeSize   66040|Addr 0x00011a008200|CompId 2567   |UTC 2026-09-23T02:26:24.977|Src n/a
[engine] opt inval. engine=1  id=21    lambda sc, x, ds1                                                                                                                                                                 |UTC 2026-09-23T02:26:25.010|Src n/a|Reason validRootAssumption local tags updated
[engine] opt deopt  engine=1  id=21    lambda sc, x, ds1                                  |Invalidated  true|                                                                                                            |UTC 2026-09-23T02:26:25.011|Src n/a|Reason uncommon trap
[engine] opt deopt  engine=1  id=21    lambda sc, x, ds1                                  |Invalidated  true|                                                                                                            |UTC 2026-09-23T02:26:25.011|Src n/a|Reason uncommon trap
[engine] opt deopt  engine=1  id=21    lambda sc, x, ds1                                  |Invalidated  true|                                                                                                            |UTC 2026-09-23T02:26:25.012|Src n/a|Reason uncommon trap
[engine] opt deopt  engine=1  id=21    lambda sc, x, ds1                                  |Invalidated  true|                                                                                                            |UTC 2026-09-23T02:26:25.012|Src n/a|Reason uncommon trap
[engine] opt deopt  engine=1  id=21    lambda sc, x, ds1                                  |Invalidated  true|                                                                                                            |UTC 2026-09-23T02:26:25.012|Src n/a|Reason uncommon trap
[engine] opt deopt  engine=1  id=21    lambda sc, x, ds1                                  |Invalidated  true|                                                                                                            |UTC 2026-09-23T02:26:25.012|Src n/a|Reason uncommon trap
[engine] opt done   engine=1  id=21    lambda sc, x, ds1                                  |Tier 2|Time   479( 279+201 )ms|AST    2|Inlined   7Y  35N|IR   6293/ 13871|CodeSize   69716|Addr 0x00011a02d700|CompId 2686   |UTC 2026-09-23T02:26:25.493|Src n/a
[engine] opt done   engine=1  id=22    lambda ww, ds2                                     |Tier 2|Time   297( 120+177 )ms|AST    2|Inlined  14Y  16N|IR   5610/ 12746|CodeSize   54160|Addr 0x00011a05adc0|CompId 2766   |UTC 2026-09-23T02:26:25.861|Src n/a
[engine] opt done   engine=1  id=17    lambda def, ww, ds1                                |Tier 2|Time    13(   6+7   )ms|AST    2|Inlined   1Y   0N|IR    407/   764|CodeSize    3192|Addr 0x00011a073680|CompId 2832   |UTC 2026-09-23T02:26:25.968|Src n/a
[engine] opt done   engine=1  id=35    argument thunk                                     |Tier 2|Time   461( 245+216 )ms|AST    2|Inlined   8Y  35N|IR   6354/ 15355|CodeSize   70816|Addr 0x00011a097200|CompId 2852   |UTC 2026-09-23T02:26:26.486|Src n/a
[engine] opt done   engine=1  id=18    lambda ww, ds                                      |Tier 2|Time   520( 186+335 )ms|AST    2|Inlined  19Y  18N|IR   6333/ 14320|CodeSize   65328|Addr 0x00011a0b62c0|CompId 2870   |UTC 2026-09-23T02:26:27.028|Src n/a
[engine] opt done   engine=1  id=36    lambda x, v                                        |Tier 2|Time   397( 339+57  )ms|AST    2|Inlined   7Y  26N|IR   4162/     5|CodeSize     176|Addr 0x00011a0c70c0|CompId 2873   |UTC 2026-09-23T02:26:27.429|Src n/a
[engine] opt done   engine=1  id=26    lambda x, ww                                       |Tier 2|Time    58(  23+35  )ms|AST    2|Inlined   7Y   0N|IR   1239/  3100|CodeSize    9816|Addr 0x00011a0c7300|CompId 2887   |UTC 2026-09-23T02:26:27.524|Src n/a
[engine] opt done   engine=1  id=36    lambda x, v                                        |Tier 2|Time   552( 353+199 )ms|AST    2|Inlined   7Y  26N|IR   4162/ 11397|CodeSize   55184|Addr 0x00011a0d6d80|CompId 2893   |UTC 2026-09-23T02:26:28.077|Src n/a
[engine] opt done   engine=1  id=10    lambda k, x, l, r                                  |Tier 2|Time    19(   9+10  )ms|AST    2|Inlined   0Y   0N|IR    868/  1063|CodeSize    4064|Addr 0x00011a0e5240|CompId 2905   |UTC 2026-09-23T02:26:28.113|Src n/a
[engine] opt done   engine=1  id=31    lambda x, v                                        |Tier 2|Time   418( 287+131 )ms|AST    2|Inlined  26Y  27N|IR   7942/     5|CodeSize     176|Addr 0x00011a0e68c0|CompId 2911   |UTC 2026-09-23T02:26:28.537|Src n/a
[engine] opt done   engine=1  id=30    argument thunk                                     |Tier 2|Time   297(  85+212 )ms|AST    2|Inlined  15Y  16N|IR   5712/ 12975|CodeSize   54724|Addr 0x00011a0e70c0|CompId 2925   |UTC 2026-09-23T02:26:28.835|Src n/a
[engine] opt done   engine=1  id=31    lambda x, v                                        |Tier 2|Time   727( 303+424 )ms|AST    2|Inlined  26Y  27N|IR   7942/ 18715|CodeSize   82852|Addr 0x00011a0f5480|CompId 2936   |UTC 2026-09-23T02:26:29.567|Src n/a
[engine] opt done   engine=1  id=15    lambda k, x, l, r                                  |Tier 2|Time   525( 225+300 )ms|AST    2|Inlined   8Y  29N|IR   6794/ 15933|CodeSize   69284|Addr 0x00011a10a680|CompId 2942   |UTC 2026-09-23T02:26:30.115|Src n/a
[engine] opt done   engine=1  id=40    lambda n                                           |Tier 2|Time   338( 335+4   )ms|AST    2|Inlined   2Y   1N|IR    200/   782|CodeSize    3112|Addr 0x00011a11db40|CompId 2976   |UTC 2026-09-23T02:26:30.962|Src n/a
PHASE WARM BEGIN
[engine] opt done   engine=1  id=106   org.graalvm.polyglot.Value<EntryValue>.execute     |Tier 2|Time   428( 417+12  )ms|AST   10|Inlined   4Y   1N|IR    478/  1435|CodeSize    6796|Addr 0x00011a129900|CompId 3063   |UTC 2026-09-23T02:26:54.713|Src n/a
PHASE WARM END calls=12032 elapsedNs=28974429458 checksum=678375231696
PHASE MEASURE 1 BEGIN
PHASE MEASURE 1 END
PHASE MEASURE 2 BEGIN
PHASE MEASURE 2 END
PHASE MEASURE 3 BEGIN
PHASE MEASURE 3 END
PHASE MEASURE 4 BEGIN
PHASE MEASURE 4 END
PHASE MEASURE 5 BEGIN
PHASE MEASURE 5 END
PHASE VERIFY BEGIN
PHASE VERIFY END guestLastTierInstalled=true
diagnostics={"backend":"bytecode","bytecodeRootCount":72,"instrumented":false,"thunkEvaluationsByLabel":{},"compiledEntries":0,"thunkEvaluations":0,"thunkHits":0,"blackholes":0,"directCacheMisses":0,"indirectCalls":0,"tailBounces":0,"selfTailReentries":0,"trampolineIterations":0,"papAllocations":0,"unsupportedPolicy":"diagnostic-traps","deferredUnsupported":["Unsupported constructor representation unboxed-tuple: ghc-internal:GHC.Internal.Types.(#,#)","Unresolved external binding ghc-internal:GHC.Internal.Stack.withFrozenCallStack1","Unresolved external binding ghc-internal:GHC.Internal.Exception.Backtrace.collectExceptionAnnotationMechanismRef","Unsupported primitive readMutVar#"],"unsupportedTraps":0,"frames":"Bytecode DSL primitive locals; selective StaticShape captures","stackPolicy":"tail-safe; non-tail calls and nested thunk forcing use host stack","threadPolicy":"single guest thread"}
