WARNING: A terminally deprecated method in sun.misc.Unsafe has been called
WARNING: sun.misc.Unsafe::objectFieldOffset has been called by com.oracle.truffle.runtime.hotspot.HotSpotTruffleRuntime (file:/Users/ekmett/thc/work/source-notes-v2/lib/truffle-runtime-25.3.4.1.jar)
WARNING: Please consider reporting this to the maintainers of class com.oracle.truffle.runtime.hotspot.HotSpotTruffleRuntime
WARNING: sun.misc.Unsafe::objectFieldOffset will be removed in a future release
[To redirect Truffle log output to a file use one of the following options:
* '--log.file=<path>' if the option is passed using a guest language launcher.
* '-Dpolyglot.log.file=<path>' if the option is passed using the host Java launcher.
* Configure logging using the polyglot embedding API.]
[engine] opt done   engine=1  id=21    lambda sc, x, ds1                                  |Tier 2|Time   380( 205+175 )ms|AST  807|Inlined   9Y  21N|IR   5198/ 10725|CodeSize   46712|Addr 0x00011c018c40|CompId 2596   |UTC 2026-09-23T05:06:02.654|Src /Users/ekmett/thc/vendor/containers-0.8/src/Data/Map/Strict/Internal.hs:497 0x4966423c
[engine] opt deopt  engine=1  id=21    lambda sc, x, ds1                                  |Invalidated  true|                                                                                                            |UTC 2026-09-23T05:06:02.665|Src /Users/ekmett/thc/vendor/containers-0.8/src/Data/Map/Strict/Internal.hs:497 0x4966423c|Reason uncommon trap
[engine] opt deopt  engine=1  id=21    lambda sc, x, ds1                                  |Invalidated  true|                                                                                                            |UTC 2026-09-23T05:06:02.665|Src /Users/ekmett/thc/vendor/containers-0.8/src/Data/Map/Strict/Internal.hs:497 0x4966423c|Reason uncommon trap
[engine] opt done   engine=1  id=21    lambda sc, x, ds1                                  |Tier 2|Time   390( 187+203 )ms|AST  807|Inlined   9Y  21N|IR   5804/ 12289|CodeSize   56680|Addr 0x00011c032f40|CompId 2729   |UTC 2026-09-23T05:06:03.057|Src /Users/ekmett/thc/vendor/containers-0.8/src/Data/Map/Strict/Internal.hs:497 0x4966423c
[engine] opt done   engine=1  id=22    lambda ww, ds2                                     |Tier 2|Time   110(  45+65  )ms|AST  340|Inlined   6Y   8N|IR   2566/  6046|CodeSize   24908|Addr 0x00011c049d80|CompId 2782   |UTC 2026-09-23T05:06:03.185|Src /Users/ekmett/thc/vendor/containers-0.8/src/Data/Map/Strict/Internal.hs:649 0x4966423c
[engine] opt done   engine=1  id=17    lambda def, ww, ds1                                |Tier 2|Time    18(   5+13  )ms|AST  178|Inlined   1Y   0N|IR    506/  1009|CodeSize    4948|Addr 0x00011c056f40|CompId 2850   |UTC 2026-09-23T05:06:03.229|Src /Users/ekmett/thc/vendor/containers-0.8/src/Data/Map/Internal.hs:649 0xfda568ac
[engine] opt done   engine=1  id=23    argument thunk                                     |Tier 2|Time   287( 170+117 )ms|AST  106|Inlined   8Y  14N|IR   4400/  9109|CodeSize   38344|Addr 0x00011c06a240|CompId 2863   |UTC 2026-09-23T05:06:03.525|Src /Users/ekmett/thc/vendor/containers-0.8/src/Data/Map/Strict/Internal.hs:494 0x4966423c
[engine] opt done   engine=1  id=18    lambda ww, ds                                      |Tier 2|Time   550(  98+452 )ms|AST  192|Inlined  19Y  18N|IR   6476/ 14114|CodeSize   65528|Addr 0x00011c07cb00|CompId 2896   |UTC 2026-09-23T05:06:04.091|Src /Users/ekmett/thc/vendor/containers-0.8/src/Data/Map/Internal.hs:3426 0xfda568ac
[engine] opt done   engine=1  id=27    lambda ww                                          |Tier 2|Time  1230( 266+964 )ms|AST  959|Inlined  23Y  30N|IR  10897/ 23503|CodeSize  115140|Addr 0x00011c08fa00|CompId 2901   |UTC 2026-09-23T05:06:05.327|Src n/a
[engine] opt done   engine=1  id=10    lambda k, x, l, r                                  |Tier 2|Time    19(   7+12  )ms|AST 2590|Inlined   0Y   0N|IR    737/  1046|CodeSize    4004|Addr 0x00011c0ad700|CompId 2917   |UTC 2026-09-23T05:06:05.364|Src /Users/ekmett/thc/vendor/containers-0.8/src/Data/Map/Internal.hs:4272 0xfda568ac
[engine] opt done   engine=1  id=15    lambda k, x, l, r                                  |Tier 2|Time   546( 159+388 )ms|AST 2592|Inlined  11Y  21N|IR   7268/ 15151|CodeSize   70088|Addr 0x00011c0aef80|CompId 2918   |UTC 2026-09-23T05:06:05.979|Src /Users/ekmett/thc/vendor/containers-0.8/src/Data/Map/Internal.hs:4302 0xfda568ac
[engine] opt done   engine=1  id=30    lambda n                                           |Tier 2|Time   294( 292+2   )ms|AST   44|Inlined   1Y   1N|IR    112/   296|CodeSize    1140|Addr 0x00011c0c4f40|CompId 2959   |UTC 2026-09-23T05:06:06.840|Src examples/THC/MapWorkload.hs:30 0xd633756a
PHASE WARM BEGIN
[engine] opt done   engine=1  id=95    org.graalvm.polyglot.Value<EntryValue>.execute     |Tier 2|Time   284( 275+9   )ms|AST   10|Inlined   3Y   1N|IR    416/   979|CodeSize    4932|Addr 0x00011c0ce400|CompId 3043   |UTC 2026-09-23T05:06:31.643|Src n/a
PHASE WARM END calls=12032 elapsedNs=30388743916 checksum=678375231696
PHASE MEASURE 1 BEGIN
PHASE MEASURE 1 END
PHASE MEASURE 2 BEGIN
PHASE MEASURE 2 END
PHASE MEASURE 3 BEGIN
PHASE MEASURE 3 END
PHASE MEASURE 4 BEGIN
PHASE MEASURE 4 END
PHASE MEASURE 5 BEGIN
PHASE MEASURE 5 END
PHASE VERIFY BEGIN
PHASE VERIFY END guestLastTierInstalled=true
diagnostics={"backend":"ast","sourceNotesEnabled":true,"sourceSpanCount":8656,"sourceRootCount":19,"instrumented":false,"thunkEvaluationsByLabel":{},"compiledEntries":0,"thunkEvaluations":0,"thunkHits":0,"blackholes":0,"directCacheMisses":0,"indirectCalls":0,"tailBounces":0,"papAllocations":0,"localJoinTransfers":0,"selfTailReentries":0,"trampolineIterations":0,"unsupportedPolicy":"diagnostic-traps","deferredUnsupported":["Unsupported constructor representation unboxed-tuple: ghc-internal:GHC.Internal.Types.(#,#)","Unresolved external binding ghc-internal:GHC.Internal.Stack.withFrozenCallStack1","Unresolved external binding ghc-internal:GHC.Internal.Exception.Backtrace.collectExceptionAnnotationMechanismRef","Unsupported primitive readMutVar#"],"unsupportedTraps":0,"frames":"indexed primitive slots; selective StaticShape captures","stackPolicy":"tail-safe; non-tail calls and nested thunk forcing use host stack","threadPolicy":"single guest thread"}
