WARNING: A terminally deprecated method in sun.misc.Unsafe has been called
WARNING: sun.misc.Unsafe::objectFieldOffset has been called by com.oracle.truffle.runtime.hotspot.HotSpotTruffleRuntime (file:/Users/ekmett/thc/work/entry-contracts-v1/lib/truffle-runtime-25.3.4.1.jar)
WARNING: Please consider reporting this to the maintainers of class com.oracle.truffle.runtime.hotspot.HotSpotTruffleRuntime
WARNING: sun.misc.Unsafe::objectFieldOffset will be removed in a future release
[To redirect Truffle log output to a file use one of the following options:
* '--log.file=<path>' if the option is passed using a guest language launcher.
* '-Dpolyglot.log.file=<path>' if the option is passed using the host Java launcher.
* Configure logging using the polyglot embedding API.]
[engine] opt done   engine=1  id=21    lambda sc, x, ds1                                  |Tier 2|Time   508( 271+237 )ms|AST  879|Inlined  21Y  31N|IR   6455/ 12850|CodeSize   65528|Addr 0x00011901ee00|CompId 2586   |UTC 2026-09-23T05:06:52.067|Src /Users/ekmett/thc/vendor/containers-0.8/src/Data/Map/Strict/Internal.hs:497 0x4966423c
[engine] opt done   engine=1  id=21    lambda sc, x, ds1                                  |Tier 2|Time   477( 243+234 )ms|AST  879|Inlined  21Y  31N|IR   6455/ 12850|CodeSize   65104|Addr 0x00011903f0c0|CompId 2708   |UTC 2026-09-23T05:06:52.554|Src /Users/ekmett/thc/vendor/containers-0.8/src/Data/Map/Strict/Internal.hs:497 0x4966423c
[engine] opt done   engine=1  id=21    lambda sc, x, ds1                                  |Tier 2|Time   472( 239+232 )ms|AST  879|Inlined  21Y  31N|IR   6455/ 12850|CodeSize   65108|Addr 0x000119050200|CompId 2732   |UTC 2026-09-23T05:06:53.028|Src /Users/ekmett/thc/vendor/containers-0.8/src/Data/Map/Strict/Internal.hs:497 0x4966423c
[engine] opt done   engine=1  id=21    lambda sc, x, ds1                                  |Tier 2|Time   501( 270+231 )ms|AST  879|Inlined  21Y  37N|IR   7146/ 15850|CodeSize   87684|Addr 0x000119060f00|CompId 2745   |UTC 2026-09-23T05:06:53.531|Src /Users/ekmett/thc/vendor/containers-0.8/src/Data/Map/Strict/Internal.hs:497 0x4966423c
[engine] opt done   engine=1  id=22    lambda ww, ds2                                     |Tier 2|Time    51(  33+17  )ms|AST  376|Inlined   6Y   8N|IR   1420/  2671|CodeSize   12300|Addr 0x00011907dbc0|CompId 2790   |UTC 2026-09-23T05:06:53.597|Src /Users/ekmett/thc/vendor/containers-0.8/src/Data/Map/Strict/Internal.hs:649 0x4966423c
[engine] opt done   engine=1  id=17    lambda def, ww, ds1                                |Tier 2|Time    14(   5+9   )ms|AST  214|Inlined   1Y   0N|IR    324/   367|CodeSize    2416|Addr 0x000119088b80|CompId 2855   |UTC 2026-09-23T05:06:53.636|Src /Users/ekmett/thc/vendor/containers-0.8/src/Data/Map/Internal.hs:649 0xfda568ac
[engine] opt done   engine=1  id=18    lambda ww, ds                                      |Tier 2|Time    27(  10+17  )ms|AST  226|Inlined   2Y   1N|IR    640/   802|CodeSize    4136|Addr 0x000119090d40|CompId 2879   |UTC 2026-09-23T05:06:53.687|Src /Users/ekmett/thc/vendor/containers-0.8/src/Data/Map/Internal.hs:3426 0xfda568ac
[engine] opt done   engine=1  id=23    lambda ww                                          |Tier 2|Time   902( 385+517 )ms|AST 1571|Inlined  35Y  46N|IR   9942/ 22274|CodeSize  112432|Addr 0x000119098280|CompId 2881   |UTC 2026-09-23T05:06:54.596|Src n/a
[engine] opt done   engine=1  id=15    lambda k, x, l, r                                  |Tier 2|Time   585( 265+321 )ms|AST 2592|Inlined  22Y  26N|IR   7175/ 14243|CodeSize   72540|Addr 0x0001190bd1c0|CompId 2903   |UTC 2026-09-23T05:06:55.231|Src /Users/ekmett/thc/vendor/containers-0.8/src/Data/Map/Internal.hs:4302 0xfda568ac
[engine] opt done   engine=1  id=10    lambda k, x, l, r                                  |Tier 2|Time    12(   7+5   )ms|AST 2590|Inlined   0Y   0N|IR    478/   664|CodeSize    2656|Addr 0x0001190d0080|CompId 2908   |UTC 2026-09-23T05:06:55.308|Src /Users/ekmett/thc/vendor/containers-0.8/src/Data/Map/Internal.hs:4272 0xfda568ac
[engine] opt done   engine=1  id=20    argument thunk                                     |Tier 2|Time   485( 230+255 )ms|AST   81|Inlined  18Y  29N|IR   5916/ 12880|CodeSize   62048|Addr 0x0001190d1800|CompId 2926   |UTC 2026-09-23T05:06:55.995|Src /Users/ekmett/thc/vendor/containers-0.8/src/Data/Map/Strict/Internal.hs:501 0x4966423c
[engine] opt done   engine=1  id=26    lambda n                                           |Tier 2|Time   341( 339+2   )ms|AST   45|Inlined   1Y   1N|IR    112/   296|CodeSize    1140|Addr 0x0001190e4800|CompId 2948   |UTC 2026-09-23T05:06:56.634|Src examples/THC/MapWorkload.hs:30 0xd633756a
PHASE WARM BEGIN
[engine] opt done   engine=1  id=91    org.graalvm.polyglot.Value<EntryValue>.execute     |Tier 2|Time   468( 458+9   )ms|AST   10|Inlined   3Y   1N|IR    416/   979|CodeSize    4948|Addr 0x0001190ee600|CompId 3034   |UTC 2026-09-23T05:07:21.352|Src n/a
PHASE WARM END calls=12032 elapsedNs=30427191667 checksum=678375231696
PHASE MEASURE 1 BEGIN
PHASE MEASURE 1 END
PHASE MEASURE 2 BEGIN
PHASE MEASURE 2 END
PHASE MEASURE 3 BEGIN
PHASE MEASURE 3 END
PHASE MEASURE 4 BEGIN
PHASE MEASURE 4 END
PHASE MEASURE 5 BEGIN
PHASE MEASURE 5 END
PHASE VERIFY BEGIN
PHASE VERIFY END guestLastTierInstalled=true
diagnostics={"backend":"ast","sourceNotesEnabled":true,"sourceSpanCount":8656,"sourceRootCount":15,"instrumented":false,"thunkEvaluationsByLabel":{},"compiledEntries":0,"thunkEvaluations":0,"thunkHits":0,"blackholes":0,"directCacheMisses":0,"indirectCalls":0,"tailBounces":0,"papAllocations":0,"localJoinTransfers":0,"selfTailReentries":0,"trampolineIterations":0,"unsupportedPolicy":"diagnostic-traps","deferredUnsupported":["Unsupported constructor representation unboxed-tuple: ghc-internal:GHC.Internal.Types.(#,#)","Unresolved external binding ghc-internal:GHC.Internal.Stack.withFrozenCallStack1","Unresolved external binding ghc-internal:GHC.Internal.Exception.Backtrace.collectExceptionAnnotationMechanismRef","Unsupported primitive readMutVar#"],"unsupportedTraps":0,"frames":"indexed primitive slots; selective StaticShape captures","stackPolicy":"tail-safe; non-tail calls and nested thunk forcing use host stack","threadPolicy":"single guest thread"}
