WARNING: A terminally deprecated method in sun.misc.Unsafe has been called
WARNING: sun.misc.Unsafe::objectFieldOffset has been called by com.oracle.truffle.runtime.hotspot.HotSpotTruffleRuntime (file:/Users/ekmett/thc/build/install/thc/lib/truffle-runtime-25.3.4.1.jar)
WARNING: Please consider reporting this to the maintainers of class com.oracle.truffle.runtime.hotspot.HotSpotTruffleRuntime
WARNING: sun.misc.Unsafe::objectFieldOffset will be removed in a future release
[To redirect Truffle log output to a file use one of the following options:
* '--log.file=<path>' if the option is passed using a guest language launcher.
* '-Dpolyglot.log.file=<path>' if the option is passed using the host Java launcher.
* Configure logging using the polyglot embedding API.]
[engine] opt done   engine=1  id=6     FunctionRoot@472c5ab4                              |Tier 2|Time    38(  34+4   )ms|AST   56|Inlined   0Y   0N|IR    150/   630|CodeSize    3032|Addr 0x00011dfb4d80|CompId 1975   |UTC 2026-09-22T13:45:16.855|Src n/a
[engine] opt done   engine=1  id=4     FunctionRoot@4ff9897e                              |Tier 2|Time     7(   6+2   )ms|AST   23|Inlined   0Y   0N|IR     29/   186|CodeSize     948|Addr 0x00011dfbc680|CompId 2072   |UTC 2026-09-22T13:45:16.865|Src n/a
[engine] opt done   engine=1  id=3     FunctionRoot@124f360a                              |Tier 2|Time   300(  37+263 )ms|AST  183|Inlined  10Y   0N|IR   4451/ 19994|CodeSize   91332|Addr 0x00011dfc1500|CompId 2077   |UTC 2026-09-22T13:45:17.165|Src n/a
[engine] opt done   engine=1  id=8     FunctionRoot@60522850                              |Tier 2|Time   359(  33+326 )ms|AST   60|Inlined  11Y   0N|IR   4549/ 20303|CodeSize   87408|Addr 0x00011dfde000|CompId 2102   |UTC 2026-09-22T13:45:17.536|Src n/a
PHASE WARM BEGIN
[engine] opt done   engine=1  id=40    org.graalvm.polyglot.Value<EntryValue>.execute     |Tier 2|Time   456(  49+407 )ms|AST    9|Inlined  13Y   0N|IR   4899/ 20773|CodeSize   88004|Addr 0x00011e010a00|CompId 2205   |UTC 2026-09-22T13:45:18.073|Src n/a
PHASE WARM END calls=2073088 elapsedNs=10000493083 checksum=12112016640
PHASE MEASURE 1 BEGIN
PHASE MEASURE 1 END
PHASE MEASURE 2 BEGIN
PHASE MEASURE 2 END
PHASE MEASURE 3 BEGIN
PHASE MEASURE 3 END
PHASE MEASURE 4 BEGIN
PHASE MEASURE 4 END
PHASE MEASURE 5 BEGIN
PHASE MEASURE 5 END
PHASE VERIFY BEGIN
PHASE VERIFY END guestLastTierInstalled=true
diagnostics={"instrumented":false,"thunkEvaluationsByLabel":{},"compiledEntries":0,"thunkEvaluations":0,"thunkHits":0,"blackholes":0,"directCacheMisses":0,"indirectCalls":0,"tailBounces":0,"papAllocations":0,"stackPolicy":"tail-safe; non-tail calls and nested thunk forcing use host stack","threadPolicy":"single guest thread"}
