WARNING: A terminally deprecated method in sun.misc.Unsafe has been called
WARNING: sun.misc.Unsafe::objectFieldOffset has been called by com.oracle.truffle.runtime.hotspot.HotSpotTruffleRuntime (file:/Users/ekmett/thc/build/install/thc/lib/truffle-runtime-25.3.4.1.jar)
WARNING: Please consider reporting this to the maintainers of class com.oracle.truffle.runtime.hotspot.HotSpotTruffleRuntime
WARNING: sun.misc.Unsafe::objectFieldOffset will be removed in a future release
[To redirect Truffle log output to a file use one of the following options:
* '--log.file=<path>' if the option is passed using a guest language launcher.
* '-Dpolyglot.log.file=<path>' if the option is passed using the host Java launcher.
* Configure logging using the polyglot embedding API.]
[engine] opt done   engine=1  id=3     FunctionRoot@2dbcc6a1                              |Tier 2|Time    92(  54+38  )ms|AST  210|Inlined   6Y   8N|IR   1487/  2308|CodeSize   10296|Addr 0x000119fb2540|CompId 1900   |UTC 2026-09-22T13:42:38.762|Src n/a
PHASE WARM BEGIN
[engine] opt done   engine=1  id=35    org.graalvm.polyglot.Value<EntryValue>.execute     |Tier 2|Time    51(  37+14  )ms|AST    9|Inlined   2Y   2N|IR    643/  1271|CodeSize    6500|Addr 0x000119fd6880|CompId 2120   |UTC 2026-09-22T13:42:41.927|Src n/a
PHASE WARM END calls=33024 elapsedNs=10006371875 checksum=1060887744
PHASE MEASURE 1 BEGIN
PHASE MEASURE 1 END
PHASE MEASURE 2 BEGIN
PHASE MEASURE 2 END
PHASE MEASURE 3 BEGIN
PHASE MEASURE 3 END
PHASE MEASURE 4 BEGIN
PHASE MEASURE 4 END
PHASE MEASURE 5 BEGIN
PHASE MEASURE 5 END
PHASE VERIFY BEGIN
PHASE VERIFY END guestLastTierInstalled=true
diagnostics={"instrumented":false,"thunkEvaluationsByLabel":{},"compiledEntries":0,"thunkEvaluations":0,"thunkHits":0,"blackholes":0,"directCacheMisses":0,"indirectCalls":0,"tailBounces":0,"papAllocations":0,"stackPolicy":"tail-safe; non-tail calls and nested thunk forcing use host stack","threadPolicy":"single guest thread"}
