WARNING: A terminally deprecated method in sun.misc.Unsafe has been called
WARNING: sun.misc.Unsafe::objectFieldOffset has been called by com.oracle.truffle.runtime.hotspot.HotSpotTruffleRuntime (file:/Users/ekmett/thc/build/install/thc/lib/truffle-runtime-25.3.4.1.jar)
WARNING: Please consider reporting this to the maintainers of class com.oracle.truffle.runtime.hotspot.HotSpotTruffleRuntime
WARNING: sun.misc.Unsafe::objectFieldOffset will be removed in a future release
[To redirect Truffle log output to a file use one of the following options:
* '--log.file=<path>' if the option is passed using a guest language launcher.
* '-Dpolyglot.log.file=<path>' if the option is passed using the host Java launcher.
* Configure logging using the polyglot embedding API.]
[engine] opt done   engine=1  id=3     FunctionRoot@604bbddf                              |Tier 2|Time    54(  40+14  )ms|AST  155|Inlined   0Y   0N|IR    464/  1935|CodeSize    7980|Addr 0x00011d7b5640|CompId 1900   |UTC 2026-09-22T13:41:35.547|Src n/a
[engine] opt done   engine=1  id=4     FunctionRoot@54c028c7                              |Tier 2|Time    35(  14+21  )ms|AST   59|Inlined   1Y   0N|IR    518/  2104|CodeSize    8120|Addr 0x00011d7c1000|CompId 2067   |UTC 2026-09-22T13:41:35.612|Src n/a
PHASE WARM BEGIN
[engine] opt done   engine=1  id=36    org.graalvm.polyglot.Value<EntryValue>.execute     |Tier 2|Time    62(  22+41  )ms|AST    9|Inlined   3Y   0N|IR    892/  3097|CodeSize   12440|Addr 0x00011d7d1480|CompId 2155   |UTC 2026-09-22T13:41:36.213|Src n/a
PHASE WARM END calls=227584 elapsedNs=10009673916 checksum=11397416392320
PHASE MEASURE 1 BEGIN
PHASE MEASURE 1 END
PHASE MEASURE 2 BEGIN
PHASE MEASURE 2 END
PHASE MEASURE 3 BEGIN
PHASE MEASURE 3 END
PHASE MEASURE 4 BEGIN
PHASE MEASURE 4 END
PHASE MEASURE 5 BEGIN
PHASE MEASURE 5 END
PHASE VERIFY BEGIN
PHASE VERIFY END guestLastTierInstalled=true
diagnostics={"instrumented":false,"thunkEvaluationsByLabel":{},"compiledEntries":0,"thunkEvaluations":0,"thunkHits":0,"blackholes":0,"directCacheMisses":0,"indirectCalls":0,"tailBounces":0,"papAllocations":0,"stackPolicy":"tail-safe; non-tail calls and nested thunk forcing use host stack","threadPolicy":"single guest thread"}
