WARNING: A terminally deprecated method in sun.misc.Unsafe has been called
WARNING: sun.misc.Unsafe::objectFieldOffset has been called by com.oracle.truffle.runtime.hotspot.HotSpotTruffleRuntime (file:/Users/ekmett/thc/build/install/thc/lib/truffle-runtime-25.3.4.1.jar)
WARNING: Please consider reporting this to the maintainers of class com.oracle.truffle.runtime.hotspot.HotSpotTruffleRuntime
WARNING: sun.misc.Unsafe::objectFieldOffset will be removed in a future release
[To redirect Truffle log output to a file use one of the following options:
* '--log.file=<path>' if the option is passed using a guest language launcher.
* '-Dpolyglot.log.file=<path>' if the option is passed using the host Java launcher.
* Configure logging using the polyglot embedding API.]
[engine] opt done   engine=1  id=8     FunctionRoot@472c5ab4                              |Tier 2|Time   237(  50+187 )ms|AST   52|Inlined   5Y   2N|IR   2789/ 13511|CodeSize   53960|Addr 0x00011afb3840|CompId 1919   |UTC 2026-09-22T13:44:45.490|Src n/a
PHASE WARM BEGIN
[engine] opt done   engine=1  id=40    org.graalvm.polyglot.Value<EntryValue>.execute     |Tier 2|Time   230(  43+187 )ms|AST    9|Inlined   6Y   1N|IR   2464/ 10554|CodeSize   41272|Addr 0x00011afdb700|CompId 2097   |UTC 2026-09-22T13:44:45.746|Src n/a
[engine] opt done   engine=1  id=7     FunctionRoot@590abc2b                              |Tier 2|Time    45(   7+39  )ms|AST   31|Inlined   0Y   0N|IR    676/  4457|CodeSize   17932|Addr 0x00011afeaf00|CompId 2126   |UTC 2026-09-22T13:44:45.795|Src n/a
PHASE WARM END calls=171410688 elapsedNs=10000067208 checksum=19626523776
PHASE MEASURE 1 BEGIN
PHASE MEASURE 1 END
PHASE MEASURE 2 BEGIN
PHASE MEASURE 2 END
PHASE MEASURE 3 BEGIN
PHASE MEASURE 3 END
PHASE MEASURE 4 BEGIN
PHASE MEASURE 4 END
PHASE MEASURE 5 BEGIN
PHASE MEASURE 5 END
PHASE VERIFY BEGIN
PHASE VERIFY END guestLastTierInstalled=true
diagnostics={"instrumented":false,"thunkEvaluationsByLabel":{},"compiledEntries":0,"thunkEvaluations":0,"thunkHits":0,"blackholes":0,"directCacheMisses":0,"indirectCalls":0,"tailBounces":0,"papAllocations":0,"stackPolicy":"tail-safe; non-tail calls and nested thunk forcing use host stack","threadPolicy":"single guest thread"}
