WARNING: A terminally deprecated method in sun.misc.Unsafe has been called
WARNING: sun.misc.Unsafe::objectFieldOffset has been called by com.oracle.truffle.runtime.hotspot.HotSpotTruffleRuntime (file:/Users/ekmett/thc/build/install/thc/lib/truffle-runtime-25.3.4.1.jar)
WARNING: Please consider reporting this to the maintainers of class com.oracle.truffle.runtime.hotspot.HotSpotTruffleRuntime
WARNING: sun.misc.Unsafe::objectFieldOffset will be removed in a future release
[To redirect Truffle log output to a file use one of the following options:
* '--log.file=<path>' if the option is passed using a guest language launcher.
* '-Dpolyglot.log.file=<path>' if the option is passed using the host Java launcher.
* Configure logging using the polyglot embedding API.]
[engine] opt done   engine=1  id=8     FunctionRoot@472c5ab4                              |Tier 2|Time   235(  51+185 )ms|AST   52|Inlined   5Y   2N|IR   2789/ 13511|CodeSize   53960|Addr 0x00011afb31c0|CompId 1905   |UTC 2026-09-22T13:43:42.399|Src n/a
PHASE WARM BEGIN
[engine] opt done   engine=1  id=40    org.graalvm.polyglot.Value<EntryValue>.execute     |Tier 2|Time   211(  40+171 )ms|AST    9|Inlined   6Y   1N|IR   2464/ 10554|CodeSize   41272|Addr 0x00011afda080|CompId 2084   |UTC 2026-09-22T13:43:42.635|Src n/a
[engine] opt done   engine=1  id=7     FunctionRoot@590abc2b                              |Tier 2|Time    46(   7+39  )ms|AST   31|Inlined   0Y   0N|IR    676/  4457|CodeSize   17932|Addr 0x00011afe9840|CompId 2106   |UTC 2026-09-22T13:43:42.684|Src n/a
PHASE WARM END calls=169720320 elapsedNs=10000072167 checksum=19432976640
PHASE MEASURE 1 BEGIN
PHASE MEASURE 1 END
PHASE MEASURE 2 BEGIN
PHASE MEASURE 2 END
PHASE MEASURE 3 BEGIN
PHASE MEASURE 3 END
PHASE MEASURE 4 BEGIN
PHASE MEASURE 4 END
PHASE MEASURE 5 BEGIN
PHASE MEASURE 5 END
PHASE VERIFY BEGIN
PHASE VERIFY END guestLastTierInstalled=true
diagnostics={"instrumented":false,"thunkEvaluationsByLabel":{},"compiledEntries":0,"thunkEvaluations":0,"thunkHits":0,"blackholes":0,"directCacheMisses":0,"indirectCalls":0,"tailBounces":0,"papAllocations":0,"stackPolicy":"tail-safe; non-tail calls and nested thunk forcing use host stack","threadPolicy":"single guest thread"}
