WARNING: A terminally deprecated method in sun.misc.Unsafe has been called
WARNING: sun.misc.Unsafe::objectFieldOffset has been called by com.oracle.truffle.runtime.hotspot.HotSpotTruffleRuntime (file:/Users/ekmett/thc/work/profiled-self-loop/lib/truffle-runtime-25.3.4.1.jar)
WARNING: Please consider reporting this to the maintainers of class com.oracle.truffle.runtime.hotspot.HotSpotTruffleRuntime
WARNING: sun.misc.Unsafe::objectFieldOffset will be removed in a future release
[To redirect Truffle log output to a file use one of the following options:
* '--log.file=<path>' if the option is passed using a guest language launcher.
* '-Dpolyglot.log.file=<path>' if the option is passed using the host Java launcher.
* Configure logging using the polyglot embedding API.]
Dumping IGV graphs in /Users/ekmett/thc/work/graphs/map-profiled-self-loop
[engine] opt done   engine=1  id=21    lambda sc, x, ds1                                  |Tier 2|Time  3405( 474+2931)ms|AST  772|Inlined   9Y  21N|IR   5612/ 11018|CodeSize   52296|Addr 0x00011cff1840|CompId 2230   |UTC 2026-09-22T18:57:04.683|Src n/a
[engine] opt deopt  engine=1  id=21    lambda sc, x, ds1                                  |Invalidated  true|                                                                                                            |UTC 2026-09-22T18:57:04.710|Src n/a|Reason uncommon trap
[engine] opt deopt  engine=1  id=21    lambda sc, x, ds1                                  |Invalidated  true|                                                                                                            |UTC 2026-09-22T18:57:04.711|Src n/a|Reason uncommon trap
Dumping IGV graphs in /Users/ekmett/thc/work/graphs/map-profiled-self-loop
[engine] opt done   engine=1  id=21    lambda sc, x, ds1                                  |Tier 2|Time  3351( 419+2932)ms|AST  772|Inlined   9Y  21N|IR   6131/ 13020|CodeSize   60748|Addr 0x00011d038d40|CompId 2556   |UTC 2026-09-22T18:57:08.063|Src n/a
Dumping IGV graphs in /Users/ekmett/thc/work/graphs/map-profiled-self-loop
[engine] opt done   engine=1  id=22    lambda ww, ds2                                     |Tier 2|Time   382( 106+277 )ms|AST  327|Inlined   6Y   8N|IR   2722/  7244|CodeSize   31164|Addr 0x00011d057f00|CompId 2679   |UTC 2026-09-22T18:57:08.483|Src n/a
[engine] opt done   engine=1  id=17    lambda def, ww, ds1                                |Tier 2|Time    31(  11+20  )ms|AST  167|Inlined   1Y   0N|IR    473/   784|CodeSize    4320|Addr 0x00011d0639c0|CompId 2738   |UTC 2026-09-22T18:57:08.545|Src n/a
[engine] opt done   engine=1  id=35    argument thunk                                     |Tier 2|Time  2299( 370+1930)ms|AST  104|Inlined   8Y  14N|IR   4781/  9847|CodeSize   43236|Addr 0x00011d079b00|CompId 2742   |UTC 2026-09-22T18:57:10.859|Src n/a
[engine] opt done   engine=1  id=18    lambda ww, ds                                      |Tier 2|Time  1356( 276+1080)ms|AST  181|Inlined  17Y  16N|IR   6080/ 13865|CodeSize   66896|Addr 0x00011d08c900|CompId 2763   |UTC 2026-09-22T18:57:12.231|Src n/a
[engine] opt done   engine=1  id=36    lambda x, v                                        |Tier 2|Time  1630( 501+1129)ms|AST  139|Inlined   8Y  18N|IR   4228/ 10491|CodeSize   46196|Addr 0x00011d0a1d00|CompId 2775   |UTC 2026-09-22T18:57:13.870|Src n/a
[engine] opt done   engine=1  id=26    lambda x, ww                                       |Tier 2|Time   137(  48+90  )ms|AST  266|Inlined   7Y   0N|IR   1463/  3223|CodeSize   11444|Addr 0x00011d0b0c40|CompId 2788   |UTC 2026-09-22T18:57:14.032|Src n/a
[engine] opt done   engine=1  id=31    lambda x, v                                        |Tier 2|Time  2840( 444+2396)ms|AST  141|Inlined  20Y  20N|IR   7048/ 14819|CodeSize   65272|Addr 0x00011d0b5540|CompId 2792   |UTC 2026-09-22T18:57:16.899|Src n/a
[engine] opt done   engine=1  id=10    lambda k, x, l, r                                  |Tier 2|Time   145(  15+129 )ms|AST 2557|Inlined   0Y   0N|IR    788/  1589|CodeSize    6740|Addr 0x00011d0c7a00|CompId 2804   |UTC 2026-09-22T18:57:17.067|Src n/a
[engine] opt done   engine=1  id=15    lambda k, x, l, r                                  |Tier 2|Time  4426( 427+3999)ms|AST 2559|Inlined  11Y  21N|IR   7602/ 16307|CodeSize   70784|Addr 0x00011d0c9cc0|CompId 2809   |UTC 2026-09-22T18:57:21.544|Src n/a
[engine] opt done   engine=1  id=40    lambda n                                           |Tier 2|Time   468( 451+16  )ms|AST   42|Inlined   2Y   1N|IR    178/   767|CodeSize    3216|Addr 0x00011d0dd6c0|CompId 2840   |UTC 2026-09-22T18:57:22.609|Src n/a
PHASE WARM BEGIN
PHASE WARM END calls=3328 elapsedNs=10093128750 checksum=187635702384
PHASE MEASURE 1 BEGIN
PHASE MEASURE 1 END
PHASE VERIFY BEGIN
PHASE VERIFY END guestLastTierInstalled=true
diagnostics={"instrumented":false,"thunkEvaluationsByLabel":{},"compiledEntries":0,"thunkEvaluations":0,"thunkHits":0,"blackholes":0,"directCacheMisses":0,"indirectCalls":0,"tailBounces":0,"papAllocations":0,"unsupportedPolicy":"diagnostic-traps","deferredUnsupported":["Unsupported constructor representation unboxed-tuple: ghc-internal:GHC.Internal.Types.(#,#)","Unresolved external binding ghc-internal:GHC.Internal.Stack.withFrozenCallStack1","Unresolved external binding ghc-internal:GHC.Internal.Exception.Backtrace.collectExceptionAnnotationMechanismRef"],"unsupportedTraps":0,"frames":"indexed primitive slots; selective StaticShape captures","stackPolicy":"tail-safe; non-tail calls and nested thunk forcing use host stack","threadPolicy":"single guest thread"}
