WARNING: A terminally deprecated method in sun.misc.Unsafe has been called
WARNING: sun.misc.Unsafe::objectFieldOffset has been called by com.oracle.truffle.runtime.hotspot.HotSpotTruffleRuntime (file:/Users/ekmett/thc/work/candidates/map-thunk-packets/runtime/lib/truffle-runtime-25.3.4.1.jar)
WARNING: Please consider reporting this to the maintainers of class com.oracle.truffle.runtime.hotspot.HotSpotTruffleRuntime
WARNING: sun.misc.Unsafe::objectFieldOffset will be removed in a future release
[To redirect Truffle log output to a file use one of the following options:
* '--log.file=<path>' if the option is passed using a guest language launcher.
* '-Dpolyglot.log.file=<path>' if the option is passed using the host Java launcher.
* Configure logging using the polyglot embedding API.]
[engine] opt done   engine=1  id=21    lambda sc, x, ds1                                  |Tier 2|Time   437( 240+197 )ms|AST  772|Inlined   9Y  21N|IR   5612/ 10799|CodeSize   48432|Addr 0x000137b96040|CompId 2300   |UTC 2026-09-22T18:51:31.631|Src n/a
[engine] opt deopt  engine=1  id=21    lambda sc, x, ds1                                  |Invalidated  true|                                                                                                            |UTC 2026-09-22T18:51:31.653|Src n/a|Reason uncommon trap
[engine] opt deopt  engine=1  id=21    lambda sc, x, ds1                                  |Invalidated  true|                                                                                                            |UTC 2026-09-22T18:51:31.653|Src n/a|Reason uncommon trap
[engine] opt done   engine=1  id=21    lambda sc, x, ds1                                  |Tier 2|Time   477( 221+255 )ms|AST  772|Inlined   9Y  21N|IR   6131/ 12755|CodeSize   56564|Addr 0x000137bb3f40|CompId 2433   |UTC 2026-09-22T18:51:32.132|Src n/a
[engine] opt done   engine=1  id=22    lambda ww, ds2                                     |Tier 2|Time   145(  51+95  )ms|AST  327|Inlined   6Y   8N|IR   2722/  7094|CodeSize   29336|Addr 0x000137bd3240|CompId 2500   |UTC 2026-09-22T18:51:32.299|Src n/a
[engine] opt done   engine=1  id=17    lambda def, ww, ds1                                |Tier 2|Time    22(   9+13  )ms|AST  167|Inlined   2Y   0N|IR    754/  1274|CodeSize    5988|Addr 0x000137be0840|CompId 2537   |UTC 2026-09-22T18:51:32.350|Src n/a
[engine] opt done   engine=1  id=35    argument thunk                                     |Tier 2|Time   349( 219+130 )ms|AST  104|Inlined   8Y  14N|IR   4781/  9644|CodeSize   39788|Addr 0x000137be9b00|CompId 2544   |UTC 2026-09-22T18:51:32.715|Src n/a
[engine] opt done   engine=1  id=18    lambda ww, ds                                      |Tier 2|Time   468( 115+353 )ms|AST  181|Inlined  15Y  17N|IR   5977/ 13351|CodeSize   59516|Addr 0x000137bf8000|CompId 2566   |UTC 2026-09-22T18:51:33.204|Src n/a
[engine] opt done   engine=1  id=36    lambda x, v                                        |Tier 2|Time   355( 226+129 )ms|AST  139|Inlined  10Y  14N|IR   3891/  9562|CodeSize   43064|Addr 0x000137c07680|CompId 2571   |UTC 2026-09-22T18:51:33.568|Src n/a
[engine] opt done   engine=1  id=26    lambda x, ww                                       |Tier 2|Time   147(  57+90  )ms|AST  266|Inlined  18Y   0N|IR   3878/  6166|CodeSize   29056|Addr 0x000137c13b40|CompId 2590   |UTC 2026-09-22T18:51:33.730|Src n/a
[engine] opt done   engine=1  id=10    lambda k, x, l, r                                  |Tier 2|Time    22(   8+14  )ms|AST 2557|Inlined   0Y   0N|IR    788/  1552|CodeSize    6300|Addr 0x000137c1d1c0|CompId 2594   |UTC 2026-09-22T18:51:33.764|Src n/a
[engine] opt done   engine=1  id=30    argument thunk                                     |Tier 2|Time   157(  47+110 )ms|AST  103|Inlined   7Y   8N|IR   2855/  7433|CodeSize   30056|Addr 0x000137c1f040|CompId 2595   |UTC 2026-09-22T18:51:33.923|Src n/a
[engine] opt done   engine=1  id=31    lambda x, v                                        |Tier 2|Time   658( 218+440 )ms|AST  141|Inlined  24Y  30N|IR   8754/ 21335|CodeSize   94740|Addr 0x000137c26dc0|CompId 2611   |UTC 2026-09-22T18:51:34.588|Src n/a
[engine] opt done   engine=1  id=15    lambda k, x, l, r                                  |Tier 2|Time   560( 178+382 )ms|AST 2559|Inlined  11Y  21N|IR   7602/ 15952|CodeSize   66372|Addr 0x000137c3f900|CompId 2620   |UTC 2026-09-22T18:51:35.197|Src n/a
[engine] opt done   engine=1  id=40    lambda n                                           |Tier 2|Time   246( 242+4   )ms|AST   42|Inlined   2Y   1N|IR    178/   763|CodeSize    3084|Addr 0x000137c51b00|CompId 2657   |UTC 2026-09-22T18:51:36.069|Src n/a
PHASE WARM BEGIN
PHASE WARM END calls=5120 elapsedNs=15509141125 checksum=288670311360
PHASE MEASURE 1 BEGIN
PHASE MEASURE 1 END
PHASE MEASURE 2 BEGIN
PHASE MEASURE 2 END
PHASE MEASURE 3 BEGIN
PHASE MEASURE 3 END
PHASE MEASURE 4 BEGIN
PHASE MEASURE 4 END
PHASE MEASURE 5 BEGIN
PHASE MEASURE 5 END
PHASE VERIFY BEGIN
PHASE VERIFY END guestLastTierInstalled=true
diagnostics={"instrumented":false,"thunkEvaluationsByLabel":{},"compiledEntries":0,"thunkEvaluations":0,"thunkHits":0,"blackholes":0,"directCacheMisses":0,"indirectCalls":0,"tailBounces":0,"papAllocations":0,"unsupportedPolicy":"diagnostic-traps","deferredUnsupported":["Unsupported constructor representation unboxed-tuple: ghc-internal:GHC.Internal.Types.(#,#)","Unresolved external binding ghc-internal:GHC.Internal.Stack.withFrozenCallStack1","Unresolved external binding ghc-internal:GHC.Internal.Exception.Backtrace.collectExceptionAnnotationMechanismRef"],"unsupportedTraps":0,"frames":"indexed primitive slots; selective StaticShape captures","stackPolicy":"tail-safe; non-tail calls and nested thunk forcing use host stack","threadPolicy":"single guest thread"}
