WARNING: A terminally deprecated method in sun.misc.Unsafe has been called
WARNING: sun.misc.Unsafe::objectFieldOffset has been called by com.oracle.truffle.runtime.hotspot.HotSpotTruffleRuntime (file:/Users/ekmett/thc/work/candidates/map-thunk-packets/runtime/lib/truffle-runtime-25.3.4.1.jar)
WARNING: Please consider reporting this to the maintainers of class com.oracle.truffle.runtime.hotspot.HotSpotTruffleRuntime
WARNING: sun.misc.Unsafe::objectFieldOffset will be removed in a future release
[To redirect Truffle log output to a file use one of the following options:
* '--log.file=<path>' if the option is passed using a guest language launcher.
* '-Dpolyglot.log.file=<path>' if the option is passed using the host Java launcher.
* Configure logging using the polyglot embedding API.]
[engine] opt done   engine=1  id=21    lambda sc, x, ds1                                  |Tier 2|Time   394( 219+175 )ms|AST  772|Inlined   9Y  21N|IR   5612/ 10799|CodeSize   48432|Addr 0x00011afd08c0|CompId 2241   |UTC 2026-09-22T18:49:29.364|Src n/a
[engine] opt deopt  engine=1  id=21    lambda sc, x, ds1                                  |Invalidated  true|                                                                                                            |UTC 2026-09-22T18:49:29.383|Src n/a|Reason uncommon trap
[engine] opt deopt  engine=1  id=21    lambda sc, x, ds1                                  |Invalidated  true|                                                                                                            |UTC 2026-09-22T18:49:29.384|Src n/a|Reason uncommon trap
[engine] opt done   engine=1  id=21    lambda sc, x, ds1                                  |Tier 2|Time   412( 194+219 )ms|AST  772|Inlined   9Y  21N|IR   6131/ 12755|CodeSize   56564|Addr 0x00011afefc40|CompId 2381   |UTC 2026-09-22T18:49:29.798|Src n/a
[engine] opt done   engine=1  id=22    lambda ww, ds2                                     |Tier 2|Time   129(  47+82  )ms|AST  327|Inlined   6Y   8N|IR   2722/  7094|CodeSize   29336|Addr 0x00011b00c740|CompId 2447   |UTC 2026-09-22T18:49:29.945|Src n/a
[engine] opt done   engine=1  id=17    lambda def, ww, ds1                                |Tier 2|Time    19(   8+11  )ms|AST  167|Inlined   2Y   0N|IR    754/  1274|CodeSize    5988|Addr 0x00011b01a080|CompId 2485   |UTC 2026-09-22T18:49:29.989|Src n/a
[engine] opt done   engine=1  id=35    argument thunk                                     |Tier 2|Time   314( 192+122 )ms|AST  104|Inlined   8Y  14N|IR   4781/  9644|CodeSize   39788|Addr 0x00011b025280|CompId 2494   |UTC 2026-09-22T18:49:30.312|Src n/a
[engine] opt done   engine=1  id=18    lambda ww, ds                                      |Tier 2|Time   429( 109+320 )ms|AST  181|Inlined  15Y  17N|IR   5977/ 13351|CodeSize   59516|Addr 0x00011b034480|CompId 2513   |UTC 2026-09-22T18:49:30.758|Src n/a
[engine] opt done   engine=1  id=36    lambda x, v                                        |Tier 2|Time   329( 208+121 )ms|AST  139|Inlined  10Y  14N|IR   3891/  9562|CodeSize   43064|Addr 0x00011b043b00|CompId 2518   |UTC 2026-09-22T18:49:31.094|Src n/a
[engine] opt done   engine=1  id=26    lambda x, ww                                       |Tier 2|Time   132(  48+84  )ms|AST  266|Inlined  18Y   0N|IR   3878/  6166|CodeSize   29056|Addr 0x00011b04ed40|CompId 2534   |UTC 2026-09-22T18:49:31.236|Src n/a
[engine] opt done   engine=1  id=10    lambda k, x, l, r                                  |Tier 2|Time    22(   7+14  )ms|AST 2557|Inlined   0Y   0N|IR    788/  1552|CodeSize    6300|Addr 0x00011b056900|CompId 2537   |UTC 2026-09-22T18:49:31.270|Src n/a
[engine] opt done   engine=1  id=30    argument thunk                                     |Tier 2|Time   149(  47+102 )ms|AST  103|Inlined   7Y   8N|IR   2855/  7433|CodeSize   30056|Addr 0x00011b058780|CompId 2538   |UTC 2026-09-22T18:49:31.421|Src n/a
[engine] opt done   engine=1  id=31    lambda x, v                                        |Tier 2|Time   658( 190+467 )ms|AST  141|Inlined  24Y  30N|IR   8754/ 21335|CodeSize   94740|Addr 0x00011b060500|CompId 2552   |UTC 2026-09-22T18:49:32.085|Src n/a
[engine] opt done   engine=1  id=15    lambda k, x, l, r                                  |Tier 2|Time   527( 175+352 )ms|AST 2559|Inlined  11Y  21N|IR   7602/ 15952|CodeSize   66372|Addr 0x00011b078bc0|CompId 2559   |UTC 2026-09-22T18:49:32.668|Src n/a
[engine] opt done   engine=1  id=40    lambda n                                           |Tier 2|Time   233( 230+4   )ms|AST   42|Inlined   2Y   1N|IR    178/   763|CodeSize    3084|Addr 0x00011b08a8c0|CompId 2593   |UTC 2026-09-22T18:49:33.485|Src n/a
PHASE WARM BEGIN
PHASE WARM END calls=5120 elapsedNs=15020736875 checksum=288670311360
PHASE MEASURE 1 BEGIN
PHASE MEASURE 1 END
PHASE MEASURE 2 BEGIN
PHASE MEASURE 2 END
PHASE MEASURE 3 BEGIN
PHASE MEASURE 3 END
PHASE MEASURE 4 BEGIN
PHASE MEASURE 4 END
PHASE MEASURE 5 BEGIN
PHASE MEASURE 5 END
PHASE VERIFY BEGIN
PHASE VERIFY END guestLastTierInstalled=true
diagnostics={"instrumented":false,"thunkEvaluationsByLabel":{},"compiledEntries":0,"thunkEvaluations":0,"thunkHits":0,"blackholes":0,"directCacheMisses":0,"indirectCalls":0,"tailBounces":0,"papAllocations":0,"unsupportedPolicy":"diagnostic-traps","deferredUnsupported":["Unsupported constructor representation unboxed-tuple: ghc-internal:GHC.Internal.Types.(#,#)","Unresolved external binding ghc-internal:GHC.Internal.Stack.withFrozenCallStack1","Unresolved external binding ghc-internal:GHC.Internal.Exception.Backtrace.collectExceptionAnnotationMechanismRef"],"unsupportedTraps":0,"frames":"indexed primitive slots; selective StaticShape captures","stackPolicy":"tail-safe; non-tail calls and nested thunk forcing use host stack","threadPolicy":"single guest thread"}
