WARNING: A terminally deprecated method in sun.misc.Unsafe has been called
WARNING: sun.misc.Unsafe::objectFieldOffset has been called by com.oracle.truffle.runtime.hotspot.HotSpotTruffleRuntime (file:/Users/ekmett/thc/work/single-loop/lib/truffle-runtime-25.3.4.1.jar)
WARNING: Please consider reporting this to the maintainers of class com.oracle.truffle.runtime.hotspot.HotSpotTruffleRuntime
WARNING: sun.misc.Unsafe::objectFieldOffset will be removed in a future release
[To redirect Truffle log output to a file use one of the following options:
* '--log.file=<path>' if the option is passed using a guest language launcher.
* '-Dpolyglot.log.file=<path>' if the option is passed using the host Java launcher.
* Configure logging using the polyglot embedding API.]
[engine] opt done   engine=1  id=21    lambda sc, x, ds1                                  |Tier 2|Time   434( 240+195 )ms|AST  772|Inlined   9Y  21N|IR   6052/ 11227|CodeSize   51556|Addr 0x0001197e4ec0|CompId 2253   |UTC 2026-09-22T18:50:00.708|Src n/a
[engine] opt deopt  engine=1  id=21    lambda sc, x, ds1                                  |Invalidated  true|                                                                                                            |UTC 2026-09-22T18:50:00.717|Src n/a|Reason uncommon trap
[engine] opt deopt  engine=1  id=21    lambda sc, x, ds1                                  |Invalidated  true|                                                                                                            |UTC 2026-09-22T18:50:00.718|Src n/a|Reason uncommon trap
[engine] opt done   engine=1  id=21    lambda sc, x, ds1                                  |Tier 2|Time   475( 210+265 )ms|AST  772|Inlined   9Y  21N|IR   6600/ 13204|CodeSize   60356|Addr 0x000119801700|CompId 2375   |UTC 2026-09-22T18:50:01.194|Src n/a
[engine] opt done   engine=1  id=22    lambda ww, ds2                                     |Tier 2|Time   144(  51+93  )ms|AST  327|Inlined   6Y   8N|IR   2737/  7139|CodeSize   29436|Addr 0x00011981b800|CompId 2440   |UTC 2026-09-22T18:50:01.357|Src n/a
[engine] opt done   engine=1  id=17    lambda def, ww, ds1                                |Tier 2|Time    17(  10+8   )ms|AST  167|Inlined   1Y   0N|IR    473/   775|CodeSize    4084|Addr 0x000119829340|CompId 2471   |UTC 2026-09-22T18:50:01.398|Src n/a
[engine] opt done   engine=1  id=35    argument thunk                                     |Tier 2|Time   405( 207+198 )ms|AST  104|Inlined   8Y  14N|IR   5266/  9916|CodeSize   53068|Addr 0x000119836840|CompId 2477   |UTC 2026-09-22T18:50:01.813|Src n/a
[engine] opt done   engine=1  id=18    lambda ww, ds                                      |Tier 2|Time   516( 100+416 )ms|AST  181|Inlined  17Y  16N|IR   6113/ 13571|CodeSize   63164|Addr 0x000119849480|CompId 2496   |UTC 2026-09-22T18:50:02.354|Src n/a
[engine] opt done   engine=1  id=36    lambda x, v                                        |Tier 2|Time   407( 276+130 )ms|AST  139|Inlined   7Y  12N|IR   3457/  8014|CodeSize   37560|Addr 0x0001198595c0|CompId 2508   |UTC 2026-09-22T18:50:02.777|Src n/a
[engine] opt done   engine=1  id=26    lambda x, ww                                       |Tier 2|Time    59(  19+41  )ms|AST  266|Inlined   7Y   0N|IR   1492/  3308|CodeSize   12012|Addr 0x000119863600|CompId 2523   |UTC 2026-09-22T18:50:02.856|Src n/a
[engine] opt done   engine=1  id=31    lambda x, v                                        |Tier 2|Time   751( 240+510 )ms|AST  141|Inlined  21Y  21N|IR   7363/ 19648|CodeSize   91528|Addr 0x000119867040|CompId 2526   |UTC 2026-09-22T18:50:03.619|Src n/a
[engine] opt done   engine=1  id=10    lambda k, x, l, r                                  |Tier 2|Time    27(   9+18  )ms|AST 2557|Inlined   0Y   0N|IR    900/  1386|CodeSize    7000|Addr 0x00011987eac0|CompId 2536   |UTC 2026-09-22T18:50:03.661|Src n/a
[engine] opt done   engine=1  id=15    lambda k, x, l, r                                  |Tier 2|Time   581( 204+377 )ms|AST 2559|Inlined   8Y  15N|IR   6527/ 12477|CodeSize   66780|Addr 0x0001198809c0|CompId 2543   |UTC 2026-09-22T18:50:04.299|Src n/a
[engine] opt done   engine=1  id=40    lambda n                                           |Tier 2|Time   246( 243+4   )ms|AST   42|Inlined   2Y   1N|IR    187/   772|CodeSize    3084|Addr 0x000119893340|CompId 2579   |UTC 2026-09-22T18:50:05.186|Src n/a
PHASE WARM BEGIN
PHASE WARM END calls=4864 elapsedNs=15746337750 checksum=274236795792
PHASE MEASURE 1 BEGIN
PHASE MEASURE 1 END
PHASE MEASURE 2 BEGIN
PHASE MEASURE 2 END
PHASE MEASURE 3 BEGIN
PHASE MEASURE 3 END
PHASE MEASURE 4 BEGIN
PHASE MEASURE 4 END
PHASE MEASURE 5 BEGIN
PHASE MEASURE 5 END
PHASE VERIFY BEGIN
PHASE VERIFY END guestLastTierInstalled=true
diagnostics={"instrumented":false,"thunkEvaluationsByLabel":{},"compiledEntries":0,"thunkEvaluations":0,"thunkHits":0,"blackholes":0,"directCacheMisses":0,"indirectCalls":0,"tailBounces":0,"papAllocations":0,"unsupportedPolicy":"diagnostic-traps","deferredUnsupported":["Unsupported constructor representation unboxed-tuple: ghc-internal:GHC.Internal.Types.(#,#)","Unresolved external binding ghc-internal:GHC.Internal.Stack.withFrozenCallStack1","Unresolved external binding ghc-internal:GHC.Internal.Exception.Backtrace.collectExceptionAnnotationMechanismRef"],"unsupportedTraps":0,"frames":"indexed primitive slots; selective StaticShape captures","stackPolicy":"tail-safe; non-tail calls and nested thunk forcing use host stack","threadPolicy":"single guest thread"}
