WARNING: A terminally deprecated method in sun.misc.Unsafe has been called
WARNING: sun.misc.Unsafe::objectFieldOffset has been called by com.oracle.truffle.runtime.hotspot.HotSpotTruffleRuntime (file:/Users/ekmett/thc/work/constructor-class-v6/lib/truffle-runtime-25.3.4.1.jar)
WARNING: Please consider reporting this to the maintainers of class com.oracle.truffle.runtime.hotspot.HotSpotTruffleRuntime
WARNING: sun.misc.Unsafe::objectFieldOffset will be removed in a future release
[To redirect Truffle log output to a file use one of the following options:
* '--log.file=<path>' if the option is passed using a guest language launcher.
* '-Dpolyglot.log.file=<path>' if the option is passed using the host Java launcher.
* Configure logging using the polyglot embedding API.]
[engine] opt done   engine=1  id=21    lambda sc, x, ds1                                  |Tier 2|Time  1614(1053+561 )ms|AST  853|Inlined  36Y  46N|IR   5442/ 16478|CodeSize   83528|Addr 0x000130bfd600|CompId 2553   |UTC 2026-09-23T06:32:10.234|Src /Users/ekmett/thc/vendor/containers-0.8/src/Data/Map/Strict/Internal.hs:497 0x4966423c
[engine] opt done   engine=1  id=21    lambda sc, x, ds1                                  |Tier 2|Time  1223( 713+510 )ms|AST  853|Inlined  36Y  46N|IR   5442/ 16478|CodeSize   84104|Addr 0x000130c1e800|CompId 2664   |UTC 2026-09-23T06:32:11.475|Src /Users/ekmett/thc/vendor/containers-0.8/src/Data/Map/Strict/Internal.hs:497 0x4966423c
[engine] opt done   engine=1  id=21    lambda sc, x, ds1                                  |Tier 2|Time  1165( 631+534 )ms|AST  853|Inlined  36Y  46N|IR   5442/ 16478|CodeSize   83460|Addr 0x000130c348c0|CompId 2689   |UTC 2026-09-23T06:32:12.646|Src /Users/ekmett/thc/vendor/containers-0.8/src/Data/Map/Strict/Internal.hs:497 0x4966423c
[engine] opt done   engine=1  id=21    lambda sc, x, ds1                                  |Tier 2|Time  1200( 652+549 )ms|AST  853|Inlined  35Y  47N|IR   5753/ 19109|CodeSize  100696|Addr 0x000130c4a180|CompId 2710   |UTC 2026-09-23T06:32:13.853|Src /Users/ekmett/thc/vendor/containers-0.8/src/Data/Map/Strict/Internal.hs:497 0x4966423c
[engine] opt done   engine=1  id=22    lambda ww, ds2                                     |Tier 2|Time   100(  64+36  )ms|AST  362|Inlined   6Y   8N|IR   1037/  2565|CodeSize   11500|Addr 0x000130c6c9c0|CompId 2746   |UTC 2026-09-23T06:32:13.983|Src /Users/ekmett/thc/vendor/containers-0.8/src/Data/Map/Strict/Internal.hs:649 0x4966423c
[engine] opt done   engine=1  id=17    lambda def, ww, ds1                                |Tier 2|Time    21(  13+8   )ms|AST  186|Inlined   1Y   0N|IR    220/   353|CodeSize    2372|Addr 0x000130c75800|CompId 2803   |UTC 2026-09-23T06:32:14.047|Src /Users/ekmett/thc/vendor/containers-0.8/src/Data/Map/Internal.hs:649 0xfda568ac
[engine] opt done   engine=1  id=18    lambda ww, ds                                      |Tier 2|Time    48(  23+25  )ms|AST  204|Inlined   2Y   1N|IR    441/   756|CodeSize    3940|Addr 0x000130c7cc00|CompId 2828   |UTC 2026-09-23T06:32:14.165|Src /Users/ekmett/thc/vendor/containers-0.8/src/Data/Map/Internal.hs:3426 0xfda568ac
[engine] opt done   engine=1  id=23    lambda ww                                          |Tier 2|Time  2159(1108+1051)ms|AST 1506|Inlined  40Y  58N|IR   7466/ 23868|CodeSize  123792|Addr 0x000130c883c0|CompId 2833   |UTC 2026-09-23T06:32:16.338|Src n/a
[engine] opt done   engine=1  id=15    lambda k, x, l, r                                  |Tier 2|Time  1200( 649+552 )ms|AST 2592|Inlined  34Y  50N|IR   4518/ 14971|CodeSize   77112|Addr 0x000130cae380|CompId 2852   |UTC 2026-09-23T06:32:17.632|Src /Users/ekmett/thc/vendor/containers-0.8/src/Data/Map/Internal.hs:4302 0xfda568ac
[engine] opt done   engine=1  id=26    lambda n                                           |Tier 2|Time   668( 666+3   )ms|AST   48|Inlined   1Y   1N|IR    104/   232|CodeSize     828|Addr 0x000130cc4f80|CompId 2884   |UTC 2026-09-23T06:32:19.099|Src examples/THC/MapWorkload.hs:30 0xd633756a
PHASE WARM BEGIN
[engine] opt done   engine=1  id=10    lambda k, x, l, r                                  |Tier 2|Time    19(  13+6   )ms|AST 2590|Inlined   0Y   0N|IR    272/   473|CodeSize    1932|Addr 0x000130cc6b00|CompId 2916   |UTC 2026-09-23T06:32:19.666|Src /Users/ekmett/thc/vendor/containers-0.8/src/Data/Map/Internal.hs:4272 0xfda568ac
[engine] opt done   engine=1  id=91    org.graalvm.polyglot.Value<EntryValue>.execute     |Tier 2|Time  1297(1281+16  )ms|AST   10|Inlined   3Y   1N|IR    415/   949|CodeSize    4772|Addr 0x000130ccff00|CompId 2979   |UTC 2026-09-23T06:33:03.702|Src n/a
PHASE WARM END calls=12032 elapsedNs=55234345542 checksum=678375231696
PHASE MEASURE 1 BEGIN
PHASE MEASURE 1 END
PHASE MEASURE 2 BEGIN
PHASE MEASURE 2 END
PHASE MEASURE 3 BEGIN
PHASE MEASURE 3 END
PHASE VERIFY BEGIN
PHASE VERIFY END guestLastTierInstalled=true
diagnostics={"backend":"ast","sourceNotesEnabled":true,"sourceSpanCount":8656,"sourceRootCount":15,"instrumented":false,"thunkEvaluationsByLabel":{},"compiledEntries":0,"thunkEvaluations":0,"thunkHits":0,"blackholes":0,"directCacheMisses":0,"indirectCalls":0,"tailBounces":0,"papAllocations":0,"localJoinTransfers":0,"selfTailReentries":0,"trampolineIterations":0,"unsupportedPolicy":"diagnostic-traps","deferredUnsupported":["Unsupported constructor representation unboxed-tuple: ghc-internal:GHC.Internal.Types.(#,#)","Unresolved external binding ghc-internal:GHC.Internal.Stack.withFrozenCallStack1","Unresolved external binding ghc-internal:GHC.Internal.Exception.Backtrace.collectExceptionAnnotationMechanismRef","Unsupported primitive readMutVar#"],"unsupportedTraps":0,"frames":"indexed primitive slots; selective StaticShape captures","stackPolicy":"tail-safe; non-tail calls and nested thunk forcing use host stack","threadPolicy":"single guest thread"}
