WARNING: A terminally deprecated method in sun.misc.Unsafe has been called
WARNING: sun.misc.Unsafe::objectFieldOffset has been called by com.oracle.truffle.runtime.hotspot.HotSpotTruffleRuntime (file:/Users/ekmett/thc/build/install/thc/lib/truffle-runtime-25.3.4.1.jar)
WARNING: Please consider reporting this to the maintainers of class com.oracle.truffle.runtime.hotspot.HotSpotTruffleRuntime
WARNING: sun.misc.Unsafe::objectFieldOffset will be removed in a future release
[To redirect Truffle log output to a file use one of the following options:
* '--log.file=<path>' if the option is passed using a guest language launcher.
* '-Dpolyglot.log.file=<path>' if the option is passed using the host Java launcher.
* Configure logging using the polyglot embedding API.]
[engine] opt done   engine=1  id=21    lambda sc, x, ds1                                  |Tier 2|Time   417( 222+195 )ms|AST  772|Inlined   9Y  21N|IR   5760/ 11438|CodeSize   51476|Addr 0x0001197ce740|CompId 2317   |UTC 2026-09-22T17:36:04.210|Src n/a
[engine] opt deopt  engine=1  id=21    lambda sc, x, ds1                                  |Invalidated  true|                                                                                                            |UTC 2026-09-22T17:36:04.223|Src n/a|Reason uncommon trap
[engine] opt deopt  engine=1  id=21    lambda sc, x, ds1                                  |Invalidated  true|                                                                                                            |UTC 2026-09-22T17:36:04.224|Src n/a|Reason uncommon trap
[engine] opt done   engine=1  id=21    lambda sc, x, ds1                                  |Tier 2|Time   428( 199+230 )ms|AST  772|Inlined   9Y  21N|IR   6279/ 13394|CodeSize   59232|Addr 0x0001197ee340|CompId 2448   |UTC 2026-09-22T17:36:04.654|Src n/a
[engine] opt done   engine=1  id=22    lambda ww, ds2                                     |Tier 2|Time   145(  44+101 )ms|AST  327|Inlined   6Y   8N|IR   2722/  7094|CodeSize   29336|Addr 0x00011980ec40|CompId 2518   |UTC 2026-09-22T17:36:04.819|Src n/a
[engine] opt done   engine=1  id=17    lambda def, ww, ds1                                |Tier 2|Time    32(   8+24  )ms|AST  167|Inlined   2Y   0N|IR    806/  1532|CodeSize    7180|Addr 0x00011981cac0|CompId 2557   |UTC 2026-09-22T17:36:04.879|Src n/a
[engine] opt done   engine=1  id=35    argument thunk                                     |Tier 2|Time   320( 194+126 )ms|AST  104|Inlined   8Y  14N|IR   4857/  9949|CodeSize   40896|Addr 0x0001198292c0|CompId 2564   |UTC 2026-09-22T17:36:05.208|Src n/a
[engine] opt done   engine=1  id=18    lambda ww, ds                                      |Tier 2|Time   416( 110+306 )ms|AST  181|Inlined  14Y  16N|IR   5670/ 12707|CodeSize   58572|Addr 0x000119839740|CompId 2585   |UTC 2026-09-22T17:36:05.643|Src n/a
[engine] opt done   engine=1  id=36    lambda x, v                                        |Tier 2|Time   352( 216+136 )ms|AST  139|Inlined  10Y  14N|IR   4038/ 10196|CodeSize   46252|Addr 0x000119848a40|CompId 2592   |UTC 2026-09-22T17:36:06.003|Src n/a
[engine] opt done   engine=1  id=26    lambda x, ww                                       |Tier 2|Time   153(  51+102 )ms|AST  266|Inlined  18Y   0N|IR   4086/  7349|CodeSize   32992|Addr 0x000119854b00|CompId 2606   |UTC 2026-09-22T17:36:06.166|Src n/a
[engine] opt done   engine=1  id=10    lambda k, x, l, r                                  |Tier 2|Time    21(   8+14  )ms|AST 2557|Inlined   0Y   0N|IR    788/  1552|CodeSize    6304|Addr 0x00011985d400|CompId 2609   |UTC 2026-09-22T17:36:06.199|Src n/a
[engine] opt done   engine=1  id=30    argument thunk                                     |Tier 2|Time   157(  36+120 )ms|AST  103|Inlined   7Y   8N|IR   2855/  7433|CodeSize   30052|Addr 0x00011985f280|CompId 2610   |UTC 2026-09-22T17:36:06.357|Src n/a
[engine] opt done   engine=1  id=31    lambda x, v                                        |Tier 2|Time   667( 182+485 )ms|AST  141|Inlined  25Y  31N|IR   9324/ 22956|CodeSize  103216|Addr 0x000119867000|CompId 2622   |UTC 2026-09-22T17:36:07.030|Src n/a
[engine] opt done   engine=1  id=15    lambda k, x, l, r                                  |Tier 2|Time   355( 159+196 )ms|AST 2559|Inlined   7Y  16N|IR   5678/ 12333|CodeSize   49332|Addr 0x000119881800|CompId 2633   |UTC 2026-09-22T17:36:07.437|Src n/a
[engine] opt done   engine=1  id=40    lambda n                                           |Tier 2|Time   220( 216+4   )ms|AST   42|Inlined   2Y   1N|IR    178/   763|CodeSize    3136|Addr 0x00011988ee80|CompId 2669   |UTC 2026-09-22T17:36:08.248|Src n/a
PHASE WARM BEGIN
PHASE WARM END calls=4864 elapsedNs=15108370375 checksum=274236795792
PHASE MEASURE 1 BEGIN
PHASE MEASURE 1 END
PHASE MEASURE 2 BEGIN
PHASE MEASURE 2 END
PHASE MEASURE 3 BEGIN
PHASE MEASURE 3 END
PHASE MEASURE 4 BEGIN
PHASE MEASURE 4 END
PHASE MEASURE 5 BEGIN
PHASE MEASURE 5 END
PHASE VERIFY BEGIN
PHASE VERIFY END guestLastTierInstalled=true
diagnostics={"instrumented":false,"thunkEvaluationsByLabel":{},"compiledEntries":0,"thunkEvaluations":0,"thunkHits":0,"blackholes":0,"directCacheMisses":0,"indirectCalls":0,"tailBounces":0,"papAllocations":0,"unsupportedPolicy":"diagnostic-traps","deferredUnsupported":["Unsupported constructor representation unboxed-tuple: ghc-internal:GHC.Internal.Types.(#,#)","Unresolved external binding ghc-internal:GHC.Internal.Stack.withFrozenCallStack1","Unresolved external binding ghc-internal:GHC.Internal.Exception.Backtrace.collectExceptionAnnotationMechanismRef"],"unsupportedTraps":0,"frames":"indexed primitive slots; selective StaticShape captures","stackPolicy":"tail-safe; non-tail calls and nested thunk forcing use host stack","threadPolicy":"single guest thread"}
