WARNING: A terminally deprecated method in sun.misc.Unsafe has been called
WARNING: sun.misc.Unsafe::objectFieldOffset has been called by com.oracle.truffle.runtime.hotspot.HotSpotTruffleRuntime (file:/Users/ekmett/thc/build/install/thc/lib/truffle-runtime-25.3.4.1.jar)
WARNING: Please consider reporting this to the maintainers of class com.oracle.truffle.runtime.hotspot.HotSpotTruffleRuntime
WARNING: sun.misc.Unsafe::objectFieldOffset will be removed in a future release
[To redirect Truffle log output to a file use one of the following options:
* '--log.file=<path>' if the option is passed using a guest language launcher.
* '-Dpolyglot.log.file=<path>' if the option is passed using the host Java launcher.
* Configure logging using the polyglot embedding API.]
[engine] opt done   engine=1  id=21    lambda sc, x, ds1                                  |Tier 2|Time   396( 210+187 )ms|AST  772|Inlined   9Y  21N|IR   5760/ 11438|CodeSize   51476|Addr 0x00011b7e87c0|CompId 2242   |UTC 2026-09-22T17:37:31.412|Src n/a
[engine] opt deopt  engine=1  id=21    lambda sc, x, ds1                                  |Invalidated  true|                                                                                                            |UTC 2026-09-22T17:37:31.421|Src n/a|Reason uncommon trap
[engine] opt deopt  engine=1  id=21    lambda sc, x, ds1                                  |Invalidated  true|                                                                                                            |UTC 2026-09-22T17:37:31.422|Src n/a|Reason uncommon trap
[engine] opt done   engine=1  id=21    lambda sc, x, ds1                                  |Tier 2|Time   422( 189+233 )ms|AST  772|Inlined   9Y  21N|IR   6279/ 13394|CodeSize   59232|Addr 0x00011b804ac0|CompId 2379   |UTC 2026-09-22T17:37:31.846|Src n/a
[engine] opt done   engine=1  id=22    lambda ww, ds2                                     |Tier 2|Time   124(  43+81  )ms|AST  327|Inlined   6Y   8N|IR   2722/  7094|CodeSize   29336|Addr 0x00011b823200|CompId 2455   |UTC 2026-09-22T17:37:31.989|Src n/a
[engine] opt done   engine=1  id=17    lambda def, ww, ds1                                |Tier 2|Time    31(   8+23  )ms|AST  167|Inlined   2Y   0N|IR    806/  1532|CodeSize    7180|Addr 0x00011b833c40|CompId 2494   |UTC 2026-09-22T17:37:32.044|Src n/a
[engine] opt done   engine=1  id=35    argument thunk                                     |Tier 2|Time   332( 196+136 )ms|AST  104|Inlined   8Y  14N|IR   4857/  9949|CodeSize   40896|Addr 0x00011b83b780|CompId 2501   |UTC 2026-09-22T17:37:32.385|Src n/a
[engine] opt done   engine=1  id=18    lambda ww, ds                                      |Tier 2|Time   436( 120+317 )ms|AST  181|Inlined  14Y  16N|IR   5670/ 12707|CodeSize   58572|Addr 0x00011b84cf40|CompId 2529   |UTC 2026-09-22T17:37:32.839|Src n/a
[engine] opt done   engine=1  id=36    lambda x, v                                        |Tier 2|Time   354( 220+134 )ms|AST  139|Inlined  10Y  14N|IR   4038/ 10196|CodeSize   46252|Addr 0x00011b85c200|CompId 2535   |UTC 2026-09-22T17:37:33.201|Src n/a
[engine] opt done   engine=1  id=26    lambda x, ww                                       |Tier 2|Time   153(  51+102 )ms|AST  266|Inlined  18Y   0N|IR   4086/  7349|CodeSize   32992|Addr 0x00011b8695c0|CompId 2552   |UTC 2026-09-22T17:37:33.365|Src n/a
[engine] opt done   engine=1  id=10    lambda k, x, l, r                                  |Tier 2|Time    22(   8+14  )ms|AST 2557|Inlined   0Y   0N|IR    788/  1552|CodeSize    6304|Addr 0x00011b871ec0|CompId 2556   |UTC 2026-09-22T17:37:33.399|Src n/a
[engine] opt done   engine=1  id=30    argument thunk                                     |Tier 2|Time   150(  34+116 )ms|AST  103|Inlined   7Y   8N|IR   2855/  7433|CodeSize   30052|Addr 0x00011b873d40|CompId 2557   |UTC 2026-09-22T17:37:33.550|Src n/a
[engine] opt done   engine=1  id=31    lambda x, v                                        |Tier 2|Time   813( 189+624 )ms|AST  141|Inlined  25Y  31N|IR   9324/ 22956|CodeSize  103216|Addr 0x00011b87bac0|CompId 2569   |UTC 2026-09-22T17:37:34.372|Src n/a
[engine] opt done   engine=1  id=15    lambda k, x, l, r                                  |Tier 2|Time   426( 199+227 )ms|AST 2559|Inlined   7Y  16N|IR   5678/ 12333|CodeSize   49332|Addr 0x00011b8964c0|CompId 2579   |UTC 2026-09-22T17:37:34.870|Src n/a
[engine] opt done   engine=1  id=40    lambda n                                           |Tier 2|Time   288( 285+4   )ms|AST   42|Inlined   2Y   1N|IR    178/   763|CodeSize    3136|Addr 0x00011b8a3d40|CompId 2616   |UTC 2026-09-22T17:37:35.816|Src n/a
PHASE WARM BEGIN
PHASE WARM END calls=5120 elapsedNs=15770927291 checksum=288670311360
PHASE MEASURE 1 BEGIN
PHASE MEASURE 1 END
PHASE MEASURE 2 BEGIN
PHASE MEASURE 2 END
PHASE MEASURE 3 BEGIN
PHASE MEASURE 3 END
PHASE MEASURE 4 BEGIN
PHASE MEASURE 4 END
PHASE MEASURE 5 BEGIN
PHASE MEASURE 5 END
PHASE VERIFY BEGIN
PHASE VERIFY END guestLastTierInstalled=true
diagnostics={"instrumented":false,"thunkEvaluationsByLabel":{},"compiledEntries":0,"thunkEvaluations":0,"thunkHits":0,"blackholes":0,"directCacheMisses":0,"indirectCalls":0,"tailBounces":0,"papAllocations":0,"unsupportedPolicy":"diagnostic-traps","deferredUnsupported":["Unsupported constructor representation unboxed-tuple: ghc-internal:GHC.Internal.Types.(#,#)","Unresolved external binding ghc-internal:GHC.Internal.Stack.withFrozenCallStack1","Unresolved external binding ghc-internal:GHC.Internal.Exception.Backtrace.collectExceptionAnnotationMechanismRef"],"unsupportedTraps":0,"frames":"indexed primitive slots; selective StaticShape captures","stackPolicy":"tail-safe; non-tail calls and nested thunk forcing use host stack","threadPolicy":"single guest thread"}
