WARNING: Using incubator modules: jdk.incubator.vector
WARNING: A terminally deprecated method in sun.misc.Unsafe has been called
WARNING: sun.misc.Unsafe::objectFieldOffset has been called by com.oracle.truffle.runtime.hotspot.HotSpotTruffleRuntime (file:/home/ekmett/ai/agents/worktrees/thc/performance-regressions-01a0cdeb/build/performance-regressions/fast-state/lib/truffle-runtime-25.3.4.1.jar)
WARNING: Please consider reporting this to the maintainers of class com.oracle.truffle.runtime.hotspot.HotSpotTruffleRuntime
WARNING: sun.misc.Unsafe::objectFieldOffset will be removed in a future release
[To redirect Truffle log output to a file use one of the following options:
* '--log.file=<path>' if the option is passed using a guest language launcher.
* '-Dpolyglot.log.file=<path>' if the option is passed using the host Java launcher.
* Configure logging using the polyglot embedding API.]
[engine] opt done   engine=1  id=22    lambda sc, x, ds1                                  |Tier 2|Time  1174(1023+151 )ms|AST    2|Inlined   5Y  19N|IR   5487/ 10223|CodeSize   55639|Addr 0x72649a380300|CompId 3742   |UTC 2026-09-26T16:14:42.305|Src /home/ekmett/ai/agents/worktrees/thc/performance-regressions-01a0cdeb/vendor/containers-0.8/src/Data/Map/Strict/Internal.hs:497 0xec54d003
[engine] opt inval. engine=1  id=22    lambda sc, x, ds1                                                                                                                                                                 |UTC 2026-09-26T16:14:42.349|Src /home/ekmett/ai/agents/worktrees/thc/performance-regressions-01a0cdeb/vendor/containers-0.8/src/Data/Map/Strict/Internal.hs:497 0xec54d003|Reason validRootAssumption local tags updated
[engine] opt deopt  engine=1  id=22    lambda sc, x, ds1                                  |Invalidated  true|                                                                                                            |UTC 2026-09-26T16:14:42.351|Src /home/ekmett/ai/agents/worktrees/thc/performance-regressions-01a0cdeb/vendor/containers-0.8/src/Data/Map/Strict/Internal.hs:497 0xec54d003|Reason uncommon trap
[engine] opt deopt  engine=1  id=22    lambda sc, x, ds1                                  |Invalidated  true|                                                                                                            |UTC 2026-09-26T16:14:42.351|Src /home/ekmett/ai/agents/worktrees/thc/performance-regressions-01a0cdeb/vendor/containers-0.8/src/Data/Map/Strict/Internal.hs:497 0xec54d003|Reason uncommon trap
[engine] opt deopt  engine=1  id=22    lambda sc, x, ds1                                  |Invalidated  true|                                                                                                            |UTC 2026-09-26T16:14:42.351|Src /home/ekmett/ai/agents/worktrees/thc/performance-regressions-01a0cdeb/vendor/containers-0.8/src/Data/Map/Strict/Internal.hs:497 0xec54d003|Reason uncommon trap
[engine] opt deopt  engine=1  id=22    lambda sc, x, ds1                                  |Invalidated  true|                                                                                                            |UTC 2026-09-26T16:14:42.352|Src /home/ekmett/ai/agents/worktrees/thc/performance-regressions-01a0cdeb/vendor/containers-0.8/src/Data/Map/Strict/Internal.hs:497 0xec54d003|Reason uncommon trap
[engine] opt deopt  engine=1  id=22    lambda sc, x, ds1                                  |Invalidated  true|                                                                                                            |UTC 2026-09-26T16:14:42.352|Src /home/ekmett/ai/agents/worktrees/thc/performance-regressions-01a0cdeb/vendor/containers-0.8/src/Data/Map/Strict/Internal.hs:497 0xec54d003|Reason uncommon trap
[engine] opt deopt  engine=1  id=22    lambda sc, x, ds1                                  |Invalidated  true|                                                                                                            |UTC 2026-09-26T16:14:42.352|Src /home/ekmett/ai/agents/worktrees/thc/performance-regressions-01a0cdeb/vendor/containers-0.8/src/Data/Map/Strict/Internal.hs:497 0xec54d003|Reason uncommon trap
[engine] opt done   engine=1  id=22    lambda sc, x, ds1                                  |Tier 2|Time  1126( 970+156 )ms|AST    2|Inlined   5Y  19N|IR   5659/ 11149|CodeSize   61961|Addr 0x72649a3ac280|CompId 3923   |UTC 2026-09-26T16:14:43.478|Src /home/ekmett/ai/agents/worktrees/thc/performance-regressions-01a0cdeb/vendor/containers-0.8/src/Data/Map/Strict/Internal.hs:497 0xec54d003
[engine] opt done   engine=1  id=11    lambda k, x, l, r                                  |Tier 2|Time    62(  52+10  )ms|AST    2|Inlined   0Y   0N|IR    847/   798|CodeSize    4424|Addr 0x72649a3c8380|CompId 3947   |UTC 2026-09-26T16:14:43.565|Src /home/ekmett/ai/agents/worktrees/thc/performance-regressions-01a0cdeb/vendor/containers-0.8/src/Data/Map/Internal.hs:4272 0x116dbcc5
[engine] opt done   engine=1  id=23    lambda ww, ds2                                     |Tier 2|Time   620( 324+295 )ms|AST    2|Inlined  13Y  15N|IR   7018/ 13431|CodeSize   69308|Addr 0x72649a3fdf00|CompId 3999   |UTC 2026-09-26T16:14:44.234|Src /home/ekmett/ai/agents/worktrees/thc/performance-regressions-01a0cdeb/vendor/containers-0.8/src/Data/Map/Strict/Internal.hs:649 0xec54d003
[engine] opt done   engine=1  id=19    lambda ww, ds                                      |Tier 2|Time   288( 121+167 )ms|AST    2|Inlined   5Y   1N|IR   2854/  4693|CodeSize   22728|Addr 0x72649a423880|CompId 4027   |UTC 2026-09-26T16:14:44.548|Src /home/ekmett/ai/agents/worktrees/thc/performance-regressions-01a0cdeb/vendor/containers-0.8/src/Data/Map/Internal.hs:3426 0x116dbcc5
[engine] opt done   engine=1  id=18    lambda def, ww, ds1                                |Tier 2|Time    60(  28+32  )ms|AST    2|Inlined   1Y   0N|IR   1540/  2863|CodeSize   14319|Addr 0x72649a429bc0|CompId 4036   |UTC 2026-09-26T16:14:44.631|Src /home/ekmett/ai/agents/worktrees/thc/performance-regressions-01a0cdeb/vendor/containers-0.8/src/Data/Map/Internal.hs:649 0x116dbcc5
[engine] opt done   engine=1  id=16    lambda k, x, l, r                                  |Tier 2|Time   938( 661+277 )ms|AST    2|Inlined   5Y  15N|IR   5753/ 11881|CodeSize   63363|Addr 0x72649a451b60|CompId 4063   |UTC 2026-09-26T16:14:45.622|Src /home/ekmett/ai/agents/worktrees/thc/performance-regressions-01a0cdeb/vendor/containers-0.8/src/Data/Map/Internal.hs:4302 0x116dbcc5
[engine] opt done   engine=1  id=139   lambda ww<OSR@180388651218>                        |Tier 2|Time    89(  72+16  )ms|AST    2|Inlined   0Y   2N|IR    782/  1798|CodeSize    8584|Addr 0x72649a471d80|CompId 4103   |UTC 2026-09-26T16:14:45.768|Src n/a
[engine] opt deopt  engine=1  id=139   lambda ww<OSR@180388651218>                        |Invalidated false|                                                                                                            |UTC 2026-09-26T16:14:45.769|Src n/a|Reason Unknown
[engine] opt done   engine=1  id=24    lambda ww                                          |Tier 2|Time  1075( 643+433 )ms|AST    2|Inlined   9Y  23N|IR   9057/ 20659|CodeSize  110996|Addr 0x72649a474d40|CompId 4116   |UTC 2026-09-26T16:14:46.845|Src n/a
[engine] opt done   engine=1  id=27    lambda n                                           |Tier 2|Time   877( 869+8   )ms|AST    2|Inlined   1Y   1N|IR    492/   823|CodeSize    3577|Addr 0x72649a498600|CompId 4207   |UTC 2026-09-26T16:14:48.394|Src examples/THC/MapWorkload.hs:33 0x4102bea6
[engine] opt done   engine=1  id=60    EntryRoot@7cea882f                                 |Tier 2|Time   880( 871+10  )ms|AST   21|Inlined   2Y   1N|IR    514/   874|CodeSize    3507|Addr 0x72649a49a300|CompId 4212   |UTC 2026-09-26T16:14:49.276|Src n/a
PHASE WARM BEGIN
[engine] opt done   engine=1  id=91    org.graalvm.polyglot.Value<EntryValue>.execute     |Tier 2|Time    52(  21+31  )ms|AST    9|Inlined   0Y   0N|IR    834/  3923|CodeSize   16154|Addr 0x72649a4c8840|CompId 4374   |UTC 2026-09-26T16:15:17.312|Src n/a
PHASE WARM END calls=12032 elapsedNs=34506730306 checksum=678375231696
PHASE MEASURE 1 BEGIN
PHASE MEASURE 1 END
PHASE MEASURE 2 BEGIN
PHASE MEASURE 2 END
PHASE MEASURE 3 BEGIN
PHASE MEASURE 3 END
PHASE MEASURE 4 BEGIN
PHASE MEASURE 4 END
PHASE MEASURE 5 BEGIN
PHASE MEASURE 5 END
PHASE VERIFY BEGIN
PHASE VERIFY END guestLastTierInstalled=true
diagnostics={"backend":"bytecode","bytecodeRootCount":57,"sourceNotesEnabled":true,"sourceSpanCount":8656,"sourceRootCount":15,"localJoinCount":10,"localJoinTransfers":0,"instrumented":false,"thunkEvaluationsByLabel":{},"compiledEntries":0,"leadingCaseReturns":0,"thunkEvaluations":0,"thunkHits":0,"blackholes":0,"directCacheMisses":0,"indirectCalls":0,"tailBounces":0,"selfTailReentries":0,"trampolineIterations":0,"papAllocations":0,"unsupportedPolicy":"diagnostic-traps","deferredUnsupported":["Unresolved external binding ghc-internal:GHC.Internal.Stack.withFrozenCallStack1","Unresolved external binding ghc-internal:GHC.Internal.Exception.$fExceptionErrorCall_$ctoException","Unresolved external binding ghc-internal:GHC.Internal.Exception.Backtrace.collectExceptionAnnotationMechanismRef"],"unsupportedTraps":0,"frames":"Bytecode DSL primitive locals; selective StaticShape captures","stackPolicy":"tail-safe; non-tail calls and nested thunk forcing use host stack","threadPolicy":"context-owned Java threads; resumable asynchronous delivery"}
