WARNING: Using incubator modules: jdk.incubator.vector
WARNING: A terminally deprecated method in sun.misc.Unsafe has been called
WARNING: sun.misc.Unsafe::objectFieldOffset has been called by com.oracle.truffle.runtime.hotspot.HotSpotTruffleRuntime (file:/home/ekmett/ai/agents/worktrees/thc/performance-regressions-01a0cdeb/build/performance-regressions/fast-state/lib/truffle-runtime-25.3.4.1.jar)
WARNING: Please consider reporting this to the maintainers of class com.oracle.truffle.runtime.hotspot.HotSpotTruffleRuntime
WARNING: sun.misc.Unsafe::objectFieldOffset will be removed in a future release
[To redirect Truffle log output to a file use one of the following options:
* '--log.file=<path>' if the option is passed using a guest language launcher.
* '-Dpolyglot.log.file=<path>' if the option is passed using the host Java launcher.
* Configure logging using the polyglot embedding API.]
[engine] opt done   engine=1  id=22    lambda sc, x, ds1                                  |Tier 2|Time  1161(1013+148 )ms|AST    2|Inlined   5Y  19N|IR   5487/ 10223|CodeSize   55639|Addr 0x72e206395e00|CompId 3730   |UTC 2026-09-26T16:15:49.145|Src /home/ekmett/ai/agents/worktrees/thc/performance-regressions-01a0cdeb/vendor/containers-0.8/src/Data/Map/Strict/Internal.hs:497 0xec54d003
[engine] opt inval. engine=1  id=22    lambda sc, x, ds1                                                                                                                                                                 |UTC 2026-09-26T16:15:49.175|Src /home/ekmett/ai/agents/worktrees/thc/performance-regressions-01a0cdeb/vendor/containers-0.8/src/Data/Map/Strict/Internal.hs:497 0xec54d003|Reason validRootAssumption local tags updated
[engine] opt deopt  engine=1  id=22    lambda sc, x, ds1                                  |Invalidated  true|                                                                                                            |UTC 2026-09-26T16:15:49.176|Src /home/ekmett/ai/agents/worktrees/thc/performance-regressions-01a0cdeb/vendor/containers-0.8/src/Data/Map/Strict/Internal.hs:497 0xec54d003|Reason uncommon trap
[engine] opt deopt  engine=1  id=22    lambda sc, x, ds1                                  |Invalidated  true|                                                                                                            |UTC 2026-09-26T16:15:49.177|Src /home/ekmett/ai/agents/worktrees/thc/performance-regressions-01a0cdeb/vendor/containers-0.8/src/Data/Map/Strict/Internal.hs:497 0xec54d003|Reason uncommon trap
[engine] opt deopt  engine=1  id=22    lambda sc, x, ds1                                  |Invalidated  true|                                                                                                            |UTC 2026-09-26T16:15:49.177|Src /home/ekmett/ai/agents/worktrees/thc/performance-regressions-01a0cdeb/vendor/containers-0.8/src/Data/Map/Strict/Internal.hs:497 0xec54d003|Reason uncommon trap
[engine] opt deopt  engine=1  id=22    lambda sc, x, ds1                                  |Invalidated  true|                                                                                                            |UTC 2026-09-26T16:15:49.177|Src /home/ekmett/ai/agents/worktrees/thc/performance-regressions-01a0cdeb/vendor/containers-0.8/src/Data/Map/Strict/Internal.hs:497 0xec54d003|Reason uncommon trap
[engine] opt deopt  engine=1  id=22    lambda sc, x, ds1                                  |Invalidated  true|                                                                                                            |UTC 2026-09-26T16:15:49.177|Src /home/ekmett/ai/agents/worktrees/thc/performance-regressions-01a0cdeb/vendor/containers-0.8/src/Data/Map/Strict/Internal.hs:497 0xec54d003|Reason uncommon trap
[engine] opt deopt  engine=1  id=22    lambda sc, x, ds1                                  |Invalidated  true|                                                                                                            |UTC 2026-09-26T16:15:49.177|Src /home/ekmett/ai/agents/worktrees/thc/performance-regressions-01a0cdeb/vendor/containers-0.8/src/Data/Map/Strict/Internal.hs:497 0xec54d003|Reason uncommon trap
[engine] opt done   engine=1  id=22    lambda sc, x, ds1                                  |Tier 2|Time  1129( 972+156 )ms|AST    2|Inlined   5Y  19N|IR   5659/ 11149|CodeSize   61961|Addr 0x72e2063b9400|CompId 3888   |UTC 2026-09-26T16:15:50.306|Src /home/ekmett/ai/agents/worktrees/thc/performance-regressions-01a0cdeb/vendor/containers-0.8/src/Data/Map/Strict/Internal.hs:497 0xec54d003
[engine] opt done   engine=1  id=11    lambda k, x, l, r                                  |Tier 2|Time    62(  52+10  )ms|AST    2|Inlined   0Y   0N|IR    847/   798|CodeSize    4424|Addr 0x72e2063d4200|CompId 3912   |UTC 2026-09-26T16:15:50.396|Src /home/ekmett/ai/agents/worktrees/thc/performance-regressions-01a0cdeb/vendor/containers-0.8/src/Data/Map/Internal.hs:4272 0x116dbcc5
[engine] opt done   engine=1  id=23    lambda ww, ds2                                     |Tier 2|Time   622( 328+294 )ms|AST    2|Inlined  13Y  15N|IR   7018/ 13431|CodeSize   69308|Addr 0x72e206409980|CompId 3960   |UTC 2026-09-26T16:15:51.065|Src /home/ekmett/ai/agents/worktrees/thc/performance-regressions-01a0cdeb/vendor/containers-0.8/src/Data/Map/Strict/Internal.hs:649 0xec54d003
[engine] opt done   engine=1  id=19    lambda ww, ds                                      |Tier 2|Time   278( 120+158 )ms|AST    2|Inlined   5Y   1N|IR   2854/  4693|CodeSize   22728|Addr 0x72e20642f000|CompId 3988   |UTC 2026-09-26T16:15:51.369|Src /home/ekmett/ai/agents/worktrees/thc/performance-regressions-01a0cdeb/vendor/containers-0.8/src/Data/Map/Internal.hs:3426 0x116dbcc5
[engine] opt done   engine=1  id=18    lambda def, ww, ds1                                |Tier 2|Time    59(  28+31  )ms|AST    2|Inlined   1Y   0N|IR   1540/  2863|CodeSize   14319|Addr 0x72e206436840|CompId 3999   |UTC 2026-09-26T16:15:51.451|Src /home/ekmett/ai/agents/worktrees/thc/performance-regressions-01a0cdeb/vendor/containers-0.8/src/Data/Map/Internal.hs:649 0x116dbcc5
[engine] opt done   engine=1  id=16    lambda k, x, l, r                                  |Tier 2|Time   946( 665+281 )ms|AST    2|Inlined   5Y  15N|IR   5753/ 11881|CodeSize   63363|Addr 0x72e206460160|CompId 4050   |UTC 2026-09-26T16:15:52.450|Src /home/ekmett/ai/agents/worktrees/thc/performance-regressions-01a0cdeb/vendor/containers-0.8/src/Data/Map/Internal.hs:4302 0x116dbcc5
[engine] opt done   engine=1  id=139   lambda ww<OSR@180388651218>                        |Tier 2|Time    88(  71+17  )ms|AST    2|Inlined   0Y   2N|IR    782/  1798|CodeSize    8584|Addr 0x72e206480300|CompId 4089   |UTC 2026-09-26T16:15:52.594|Src n/a
[engine] opt deopt  engine=1  id=139   lambda ww<OSR@180388651218>                        |Invalidated false|                                                                                                            |UTC 2026-09-26T16:15:52.595|Src n/a|Reason Unknown
[engine] opt done   engine=1  id=24    lambda ww                                          |Tier 2|Time  1082( 649+433 )ms|AST    2|Inlined   9Y  23N|IR   9057/ 20659|CodeSize  110996|Addr 0x72e2064835c0|CompId 4103   |UTC 2026-09-26T16:15:53.678|Src n/a
[engine] opt done   engine=1  id=27    lambda n                                           |Tier 2|Time   883( 875+8   )ms|AST    2|Inlined   1Y   1N|IR    492/   823|CodeSize    3577|Addr 0x72e206250800|CompId 4195   |UTC 2026-09-26T16:15:55.321|Src examples/THC/MapWorkload.hs:33 0x4102bea6
[engine] opt done   engine=1  id=60    EntryRoot@513ad236                                 |Tier 2|Time   866( 857+9   )ms|AST   21|Inlined   2Y   1N|IR    514/   874|CodeSize    3507|Addr 0x72e20625c580|CompId 4200   |UTC 2026-09-26T16:15:56.189|Src n/a
PHASE WARM BEGIN
[engine] opt done   engine=1  id=91    org.graalvm.polyglot.Value<EntryValue>.execute     |Tier 2|Time    64(  32+32  )ms|AST    9|Inlined   0Y   0N|IR    834/  3923|CodeSize   16154|Addr 0x72e2063af6c0|CompId 4402   |UTC 2026-09-26T16:16:24.656|Src n/a
PHASE WARM END calls=12032 elapsedNs=34865831000 checksum=678375231696
[engine] opt reprof engine=1  id=27    lambda n                                           |                                                                                                                              |UTC 2026-09-26T16:16:31.076|Src examples/THC/MapWorkload.hs:33 0x4102bea6
Exception in thread "main" org.graalvm.polyglot.PolyglotException: java.lang.IllegalStateException: Guest code was not installed
	at thc.EntryValue.invokeMember(Language.kt:727)
	at thc.EntryValueGen$InteropLibraryExports$Cached.invokeMember(EntryValueGen.java:180)
	at com.oracle.truffle.polyglot.PolyglotValueDispatch$InteropValue$SharedInvokeNode.doDefault(PolyglotValueDispatch.java:4857)
	at com.oracle.truffle.polyglot.PolyglotValueDispatchFactory$InteropValueFactory$SharedInvokeNodeGen$Inlined.executeShared(PolyglotValueDispatchFactory.java:9378)
	at com.oracle.truffle.polyglot.PolyglotValueDispatch$InteropValue$InvokeNoArgsNode.doDefault(PolyglotValueDispatch.java:4922)
	at com.oracle.truffle.polyglot.PolyglotValueDispatchFactory$InteropValueFactory$InvokeNoArgsNodeGen.executeImpl(PolyglotValueDispatchFactory.java:9648)
	at com.oracle.truffle.polyglot.HostToGuestRootNode.execute(HostToGuestRootNode.java:126)
	at com.oracle.truffle.runtime.OptimizedCallTarget.executeRootNode(OptimizedCallTarget.java:808)
	at com.oracle.truffle.runtime.OptimizedCallTarget.profiledPERoot(OptimizedCallTarget.java:722)
	at com.oracle.truffle.runtime.OptimizedCallTarget.callBoundary(OptimizedCallTarget.java:641)
	at com.oracle.truffle.runtime.OptimizedCallTarget.doInvoke(OptimizedCallTarget.java:625)
	at com.oracle.truffle.runtime.OptimizedRuntimeSupport.callProfiled(OptimizedRuntimeSupport.java:310)
	at com.oracle.truffle.polyglot.PolyglotValueDispatch$InteropValue.invoke(PolyglotValueDispatch.java:2721)
	at org.graalvm.polyglot.Value.invokeMember(Value.java:1206)
	at thc.ProbeKt.main(Probe.kt:47)
	Suppressed: Attached Guest Language Frames (1)
Internal GraalVM error, please report at https://github.com/oracle/graal/issues/.
