WARNING: A terminally deprecated method in sun.misc.Unsafe has been called
WARNING: sun.misc.Unsafe::objectFieldOffset has been called by com.oracle.truffle.runtime.hotspot.HotSpotTruffleRuntime (file:/home/ekmett/thc-benchmarks/2026-09-23-083914/sources/release-main-5af98789/lib/truffle-runtime-25.3.4.1.jar)
WARNING: Please consider reporting this to the maintainers of class com.oracle.truffle.runtime.hotspot.HotSpotTruffleRuntime
WARNING: sun.misc.Unsafe::objectFieldOffset will be removed in a future release
[To redirect Truffle log output to a file use one of the following options:
* '--log.file=<path>' if the option is passed using a guest language launcher.
* '-Dpolyglot.log.file=<path>' if the option is passed using the host Java launcher.
* Configure logging using the polyglot embedding API.]
[engine] opt done   engine=1  id=21    lambda sc, x, ds1                                  |Tier 2|Time  1019( 364+656 )ms|AST  853|Inlined  32Y  53N|IR   6258/ 18092|CodeSize  137215|Addr 0x7c8616349f80|CompId 2769   |UTC 2026-09-23T10:40:52.901|Src /Users/ekmett/thc/vendor/containers-0.8/src/Data/Map/Strict/Internal.hs:497 0x4966423c
[engine] opt done   engine=1  id=17    lambda def, ww, ds1                                |Tier 2|Time    34(  24+10  )ms|AST  186|Inlined   1Y   0N|IR    456/   639|CodeSize    5410|Addr 0x7c8616381580|CompId 2893   |UTC 2026-09-23T10:40:52.955|Src /Users/ekmett/thc/vendor/containers-0.8/src/Data/Map/Internal.hs:649 0xfda568ac
[engine] opt done   engine=1  id=22    lambda ww, ds2                                     |Tier 2|Time    93(  61+32  )ms|AST  362|Inlined   6Y   8N|IR   1036/  2446|CodeSize   12142|Addr 0x7c8616389580|CompId 2908   |UTC 2026-09-23T10:40:53.057|Src /Users/ekmett/thc/vendor/containers-0.8/src/Data/Map/Strict/Internal.hs:649 0x4966423c
[engine] opt done   engine=1  id=18    lambda ww, ds                                      |Tier 2|Time    50(  30+20  )ms|AST  204|Inlined   2Y   1N|IR    455/   679|CodeSize    4105|Addr 0x7c8616391100|CompId 2925   |UTC 2026-09-23T10:40:53.114|Src /Users/ekmett/thc/vendor/containers-0.8/src/Data/Map/Internal.hs:3426 0xfda568ac
[engine] opt done   engine=1  id=23    lambda ww                                          |Tier 2|Time  1365( 313+1052)ms|AST 1506|Inlined  28Y  60N|IR   7680/ 20193|CodeSize  148017|Addr 0x7c8616392900|CompId 2928   |UTC 2026-09-23T10:40:54.483|Src n/a
[engine] opt deopt  engine=1  id=21    lambda sc, x, ds1                                  |Invalidated  true|                                                                                                            |UTC 2026-09-23T10:40:54.488|Src /Users/ekmett/thc/vendor/containers-0.8/src/Data/Map/Strict/Internal.hs:497 0x4966423c|Reason uncommon trap
[engine] opt deopt  engine=1  id=21    lambda sc, x, ds1                                  |Invalidated  true|                                                                                                            |UTC 2026-09-23T10:40:54.488|Src /Users/ekmett/thc/vendor/containers-0.8/src/Data/Map/Strict/Internal.hs:497 0x4966423c|Reason uncommon trap
[engine] opt deopt  engine=1  id=21    lambda sc, x, ds1                                  |Invalidated  true|                                                                                                            |UTC 2026-09-23T10:40:54.489|Src /Users/ekmett/thc/vendor/containers-0.8/src/Data/Map/Strict/Internal.hs:497 0x4966423c|Reason uncommon trap
[engine] opt done   engine=1  id=21    lambda sc, x, ds1                                  |Tier 2|Time  1006( 336+670 )ms|AST  853|Inlined  31Y  53N|IR   6368/ 19622|CodeSize  154851|Addr 0x7c86163b9b80|CompId 2963   |UTC 2026-09-23T10:40:55.496|Src /Users/ekmett/thc/vendor/containers-0.8/src/Data/Map/Strict/Internal.hs:497 0x4966423c
[engine] opt deopt  engine=1  id=21    lambda sc, x, ds1                                  |Invalidated false|                                                                                                            |UTC 2026-09-23T10:40:55.499|Src /Users/ekmett/thc/vendor/containers-0.8/src/Data/Map/Strict/Internal.hs:497 0x4966423c|Reason Unknown
[engine] opt deopt  engine=1  id=21    lambda sc, x, ds1                                  |Invalidated false|                                                                                                            |UTC 2026-09-23T10:40:55.499|Src /Users/ekmett/thc/vendor/containers-0.8/src/Data/Map/Strict/Internal.hs:497 0x4966423c|Reason Unknown
[engine] opt deopt  engine=1  id=21    lambda sc, x, ds1                                  |Invalidated false|                                                                                                            |UTC 2026-09-23T10:40:55.499|Src /Users/ekmett/thc/vendor/containers-0.8/src/Data/Map/Strict/Internal.hs:497 0x4966423c|Reason Unknown
[engine] opt deopt  engine=1  id=23    lambda ww                                          |Invalidated  true|                                                                                                            |UTC 2026-09-23T10:40:55.507|Src n/a|Reason uncommon trap
[engine] opt done   engine=1  id=23    lambda ww                                          |Tier 2|Time  1412( 336+1076)ms|AST 1506|Inlined  27Y  61N|IR   7904/ 23060|CodeSize  177874|Addr 0x7c86163e3300|CompId 2994   |UTC 2026-09-23T10:40:56.920|Src n/a
[engine] opt done   engine=1  id=26    lambda n                                           |Tier 2|Time  1880( 287+1593)ms|AST   48|Inlined  28Y  62N|IR   7925/ 23293|CodeSize  176921|Addr 0x7c8616415880|CompId 3013   |UTC 2026-09-23T10:40:58.863|Src examples/THC/MapWorkload.hs:30 0xd633756a
